143/206: min_ell_lower=1 min_ell_upper=1 w+=6/22 biel=[([63, 143, 206], 2, 2), ([63, 143, 349], 4, 4), ([63, 206, 349], 4, 4), ([143, 206, 349], 4, 4)]
96/211: min_ell_lower=1 min_ell_upper=1 w+=0/22 biel=[([96, 115, 211], 2, 2), ([96, 115, 307], 3, 3), ([96, 211, 307], 2, 2), ([115, 211, 307], 3, 3)]
61/217: min_ell_lower=1 min_ell_upper=1 w+=3/22 biel=[([61, 156, 217], 2, 4), ([61, 156, 278], 3, 3), ([61, 217, 278], 2, 2), ([156, 217, 278], 3, 3)]
19/221: min_ell_lower=1 min_ell_upper=1 w+=5/22 biel=[([19, 202, 221], 2, 2), ([19, 202, 240], 3, 3), ([19, 221, 240], 2, 2), ([202, 221, 240], 3, 3)]
211/230: min_ell_lower=1 min_ell_upper=1 w+=0/22 biel=[([19, 211, 230], 2, 2), ([19, 211, 441], 4, 4), ([19, 230, 441], 4, 4), ([211, 230, 441], 2, 2)]
204/247: min_ell_lower=1 min_ell_upper=1 w+=6/22 biel=[([43, 204, 247], 4, 4), ([43, 204, 451], 4, 4), ([43, 247, 451], 3, 3), ([204, 247, 451], 4, 4)]
231/250: min_ell_lower=1 min_ell_upper=1 w+=9/22 biel=[([19, 231, 250], 4, 4), ([19, 231, 481], 3, 3), ([19, 250, 481], 3, 3), ([231, 250, 481], 2, 2)]
65/261: min_ell_lower=1 min_ell_upper=1 w+=1/22 biel=[([65, 196, 261], 2, 2), ([65, 196, 326], 3, 3), ([65, 261, 326], 2, 2), ([196, 261, 326], 3, 3)]
43/278: min_ell_lower=1 min_ell_upper=1 w+=0/22 biel=[([43, 235, 278], 2, 2), ([43, 235, 321], 3, 3), ([43, 278, 321], 2, 2), ([235, 278, 321], 3, 3)]
265/298: min_ell_lower=1 min_ell_upper=1 w+=2/22 biel=[([33, 265, 298], 2, 2), ([33, 265, 563], 4, 4), ([33, 298, 563], 2, 2), ([265, 298, 563], 2, 2)]
108/301: min_ell_lower=1 min_ell_upper=1 w+=8/22 biel=[([108, 193, 301], 2, 2), ([108, 193, 409], 3, 3), ([108, 301, 409], 2, 2), ([193, 301, 409], 2, 2)]
251/308: min_ell_lower=1 min_ell_upper=1 w+=6/22 biel=[([57, 251, 308], 2, 2), ([57, 251, 559], 3, 3), ([57, 308, 559], 2, 2), ([251, 308, 559], 2, 2)]
237/317: min_ell_lower=1 min_ell_upper=1 w+=0/22 biel=[([80, 237, 317], 2, 2), ([80, 237, 554], 3, 3), ([80, 317, 554], 1, 3), ([237, 317, 554], 2, 4)]
140/319: min_ell_lower=1 min_ell_upper=1 w+=9/22 biel=[([140, 179, 319], 2, 2), ([140, 179, 459], 3, 3), ([140, 319, 459], 4, 4), ([179, 319, 459], 4, 4)]
197/325: min_ell_lower=1 min_ell_upper=1 w+=6/22 biel=[([128, 197, 325], 2, 2), ([128, 197, 522], 2, 2), ([128, 325, 522], 2, 2), ([197, 325, 522], 2, 2)]
93/331: min_ell_lower=1 min_ell_upper=1 w+=6/22 biel=[([93, 238, 331], 4, 4), ([93, 238, 424], 3, 3), ([93, 331, 424], 3, 3), ([238, 331, 424], 1, 3)]
177/331: min_ell_lower=1 min_ell_upper=1 w+=9/22 biel=[([154, 177, 331], 4, 4), ([154, 177, 508], 2, 2), ([154, 331, 508], 2, 2), ([177, 331, 508], 2, 2)]
95/349: min_ell_lower=0 min_ell_upper=1 w+=6/22 biel=[([95, 254, 349], 4, 4), ([95, 254, 444], 3, 3), ([95, 349, 444], 2, 2), ([254, 349, 444], 3, 3)]
73/362: min_ell_lower=1 min_ell_upper=1 w+=7/22 biel=[([73, 289, 362], 2, 2), ([73, 289, 435], 3, 3), ([73, 362, 435], 2, 4), ([289, 362, 435], 1, 3)]
327/374: min_ell_lower=1 min_ell_upper=1 w+=3/22 biel=[([47, 327, 374], 2, 4), ([47, 327, 701], 4, 4), ([47, 374, 701], 4, 4), ([327, 374, 701], 2, 2)]
53/383: min_ell_lower=1 min_ell_upper=1 w+=0/22 biel=[([53, 330, 383], 4, 4), ([53, 330, 436], 2, 2), ([53, 383, 436], 2, 2), ([330, 383, 436], 2, 2)]
38/385: min_ell_lower=1 min_ell_upper=1 w+=14/22 biel=[([38, 347, 385], 2, 2), ([38, 347, 423], 2, 2), ([38, 385, 423], 2, 2), ([347, 385, 423], 4, 4)]
189/386: min_ell_lower=1 min_ell_upper=1 w+=7/22 biel=[([189, 197, 386], 2, 2), ([189, 197, 575], 3, 3), ([189, 386, 575], 2, 2), ([197, 386, 575], 3, 3)]
325/394: min_ell_lower=1 min_ell_upper=1 w+=4/22 biel=[([69, 325, 394], 2, 2), ([69, 325, 719], 2, 2), ([69, 394, 719], 4, 4), ([325, 394, 719], 2, 2)]
238/397: min_ell_lower=1 min_ell_upper=1 w+=7/22 biel=[([159, 238, 397], 2, 2), ([159, 238, 635], 3, 3), ([159, 397, 635], 3, 3), ([238, 397, 635], 2, 2)]
96/407: min_ell_lower=0 min_ell_upper=0 w+=5/22 biel=[([96, 311, 407], 2, 2), ([96, 311, 503], 2, 2), ([96, 407, 503], 2, 4), ([311, 407, 503], 4, 4)]
62/413: min_ell_lower=1 min_ell_upper=1 w+=3/22 biel=[([62, 351, 413], 2, 2), ([62, 351, 475], 3, 3), ([62, 413, 475], 2, 2), ([351, 413, 475], 3, 3)]
2/425: min_ell_lower=1 min_ell_upper=1 w+=1/22 biel=[([2, 423, 425], 2, 4), ([2, 423, 427], 3, 3), ([2, 425, 427], 2, 2), ([423, 425, 427], 3, 3)]
390/427: min_ell_lower=1 min_ell_upper=1 w+=14/22 biel=[([37, 390, 427], 2, 2), ([37, 390, 817], 3, 3), ([37, 427, 817], 3, 3), ([390, 427, 817], 2, 2)]
251/433: min_ell_lower=1 min_ell_upper=1 w+=10/22 biel=[([182, 251, 433], 2, 2), ([182, 251, 684], 2, 2), ([182, 433, 684], 2, 2), ([251, 433, 684], 2, 2)]
225/437: min_ell_lower=1 min_ell_upper=1 w+=5/22 biel=[([212, 225, 437], 2, 2), ([212, 225, 662], 3, 3), ([212, 437, 662], 3, 3), ([225, 437, 662], 2, 4)]
165/439: min_ell_lower=1 min_ell_upper=1 w+=9/22 biel=[([165, 274, 439], 2, 2), ([165, 274, 604], 5, 5), ([165, 439, 604], 2, 2), ([274, 439, 604], 3, 3)]
422/441: min_ell_lower=1 min_ell_upper=1 w+=2/22 biel=[([19, 422, 441], 2, 2), ([19, 422, 863], 4, 6), ([19, 441, 863], 2, 2), ([422, 441, 863], 2, 2)]
425/441: min_ell_lower=1 min_ell_upper=1 w+=0/22 biel=[([16, 425, 441], 2, 2), ([16, 425, 866], 2, 4), ([16, 441, 866], 2, 2), ([425, 441, 866], 2, 2)]
333/442: min_ell_lower=1 min_ell_upper=1 w+=10/22 biel=[([109, 333, 442], 4, 4), ([109, 333, 775], 3, 3), ([109, 442, 775], 3, 3), ([333, 442, 775], 4, 4)]
111/445: min_ell_lower=1 min_ell_upper=1 w+=4/22 biel=[([111, 334, 445], 2, 2), ([111, 334, 556], 3, 3), ([111, 445, 556], 2, 2), ([334, 445, 556], 5, 5)]
329/449: min_ell_lower=1 min_ell_upper=1 w+=5/22 biel=[([120, 329, 449], 3, 3), ([120, 329, 778], 2, 4), ([120, 449, 778], 4, 6), ([329, 449, 778], 4, 4)]
438/449: min_ell_lower=1 min_ell_upper=1 w+=2/22 biel=[([11, 438, 449], 2, 2), ([11, 438, 887], 6, 6), ([11, 449, 887], 4, 4), ([438, 449, 887], 2, 2)]
126/451: min_ell_lower=1 min_ell_upper=1 w+=4/22 biel=[([126, 325, 451], 4, 4), ([126, 325, 577], 5, 5), ([126, 451, 577], 2, 2), ([325, 451, 577], 3, 3)]
172/451: min_ell_lower=1 min_ell_upper=1 w+=2/22 biel=[([172, 279, 451], 2, 2), ([172, 279, 623], 4, 4), ([172, 451, 623], 2, 2), ([279, 451, 623], 3, 3)]
295/452: min_ell_lower=1 min_ell_upper=1 w+=4/22 biel=[([157, 295, 452], 4, 4), ([157, 295, 747], 2, 2), ([157, 452, 747], 3, 3), ([295, 452, 747], 2, 2)]
305/461: min_ell_lower=1 min_ell_upper=1 w+=2/22 biel=[([156, 305, 461], 2, 2), ([156, 305, 766], 1, 3), ([156, 461, 766], 3, 3), ([305, 461, 766], 2, 2)]
236/475: min_ell_lower=1 min_ell_upper=1 w+=10/22 biel=[([236, 239, 475], 4, 6), ([236, 239, 711], 3, 3), ([236, 475, 711], 2, 2), ([239, 475, 711], 2, 2)]
165/493: min_ell_lower=1 min_ell_upper=1 w+=9/22 biel=[([165, 328, 493], 3, 3), ([165, 328, 658], 3, 3), ([165, 493, 658], 2, 2), ([328, 493, 658], 3, 3)]
52/499: min_ell_lower=1 min_ell_upper=1 w+=5/22 biel=[([52, 447, 499], 2, 2), ([52, 447, 551], 2, 2), ([52, 499, 551], 2, 2), ([447, 499, 551], 3, 3)]
129/499: min_ell_lower=1 min_ell_upper=1 w+=0/22 biel=[([129, 370, 499], 2, 2), ([129, 370, 628], 2, 2), ([129, 499, 628], 2, 2), ([370, 499, 628], 2, 2)]
все четыре шестиклеточные с rank J>=3 (доказано снизу): ['204/247', '333/442']
есть шестиклеточная с нижней границей <=1 (не определено): ['237/317', '93/331', '73/362', '305/461']
есть шестиклеточная с верхней границей ровно 2 (QC-кандидат): 42 ['143/206', '96/211', '61/217', '19/221', '211/230', '231/250', '65/261', '43/278', '265/298', '108/301', '251/308', '237/317', '140/319', '197/325', '177/331', '95/349', '73/362', '327/374', '53/383', '38/385', '189/386', '325/394', '238/397', '96/407', '62/413', '2/425', '390/427', '251/433', '225/437', '165/439', '422/441', '425/441', '111/445', '438/449', '126/451', '172/451', '295/452', '305/461', '236/475', '165/493', '52/499', '129/499']
все 22 знака -1: ['96/211', '211/230', '43/278', '237/317', '53/383', '425/441', '129/499']
