E-:c=a+b 7 сечений; поля констант: ['-1', '3']
   x = -a^2 - 3*a*b - b^2   над Q(√ -1 )
   x = -a^2 + a*b + b^2   над Q(√ -1 )
   x = a^2 - a*b + b^2   над Q(√ 3 )
   x = a^2 + a*b - b^2   над Q(√ -1 )
   x = a^2 + a*b + b^2   над Q(√ -1 )
   x = a^2 + 3*a*b + 3*b^2   над Q(√ 3 )
   x = 3*a^2 + 3*a*b + b^2   над Q(√ 3 )
E-:(r,s-r,s+r) 4 сечений; поля констант: ['-1']
   x = -3*a^2 + b^2   над Q(√ -1 )
   x = a^2 - 2*a*b - b^2   над Q(√ -1 )
   x = a^2 + b^2   над Q(√ -1 )
   x = a^2 + 2*a*b - b^2   над Q(√ -1 )
E-:(s-r,s,s+r) 4 сечений; поля констант: ['-1']
   x = -a^2 - 2*a*b + b^2   над Q(√ -1 )
   x = -a^2 + 2*a*b + b^2   над Q(√ -1 )
   x = a^2 - 3*b^2   над Q(√ -1 )
   x = a^2 + b^2   над Q(√ -1 )
E-:(r,s-r,s) 7 сечений; поля констант: ['-1', '3']
   x = -a^2 - a*b + b^2   над Q(√ -1 )
   x = -a^2 + 3*a*b - b^2   над Q(√ -1 )
   x = a^2 - 3*a*b + 3*b^2   над Q(√ 3 )
   x = a^2 - a*b - b^2   над Q(√ -1 )
   x = a^2 - a*b + b^2   над Q(√ -1 )
   x = a^2 + a*b + b^2   над Q(√ 3 )
   x = 3*a^2 - 3*a*b + b^2   над Q(√ 3 )
E+:c=a+b 0 сечений; поля констант: []
E+:(r,s-r,s+r) 0 сечений; поля констант: []
E+:(s-r,s,s+r) 0 сечений; поля констант: []
