zres_mass.py, запуск 2026-09-26 20:29:02
простые p=3 mod 4, 7<=p<=400: 39 шт., [7, 11, 19, 23, 31, 43] ... [367, 379, 383]
наклонов 0<r<s<=300 взаимно простых: 27397; с нетривиальными списками: 2760
нетривиальных пар (d_T,d_L) всего: 2872
из них: |D_-|>1 у 934, |D_+|>1 у 1882, оба у 56
p=7, все 27397 наклонов: образ != {(0,0)} или нетривиальная клетка -- у 0 наклонов
  прогресс: 250/2760 наклонов, выживших нетривиальных пар пока: 0, 4.1 c
  прогресс: 500/2760 наклонов, выживших нетривиальных пар пока: 0, 7.0 c
  прогресс: 750/2760 наклонов, выживших нетривиальных пар пока: 0, 10.0 c
  прогресс: 1000/2760 наклонов, выживших нетривиальных пар пока: 0, 12.9 c
  прогресс: 1250/2760 наклонов, выживших нетривиальных пар пока: 0, 15.9 c
  прогресс: 1500/2760 наклонов, выживших нетривиальных пар пока: 0, 18.8 c
  прогресс: 1750/2760 наклонов, выживших нетривиальных пар пока: 0, 21.8 c
  прогресс: 2000/2760 наклонов, выживших нетривиальных пар пока: 0, 24.7 c
  прогресс: 2250/2760 наклонов, выживших нетривиальных пар пока: 0, 27.7 c
  прогресс: 2500/2760 наклонов, выживших нетривиальных пар пока: 0, 30.7 c
  прогресс: 2750/2760 наклонов, выживших нетривиальных пар пока: 0, 33.6 c
  прогресс: 2760/2760 наклонов, выживших нетривиальных пар пока: 0, 33.7 c

ИТОГ
  наклонов с нетривиальными списками: 2760, нетривиальных пар: 2872
  наклонов, где после ВСЕХ p остаётся нетривиальная пара: 0
  наклонов, где одного p=7 недостаточно: 504
  P0 = наибольший из 'первых исключающих' простых по парам наклона; гистограмма P0:
    P0=7: 2256
    P0=11: 504
  совместный и маргинальный фильтр дают разные множества выживших у 0 наклонов
  образы с классом нечётной оценки (не должно быть по §2): 0
  гистограмма размеров образа по (наклон,p): {1: 40979, 2: 39283, 3: 21124, 4: 6254}
  узлов дерева всего 20607634, из них делений 24366, максимальная глубина 4
  число исключающих простых у пары (из 39) -> число пар: {7: 1, 8: 9, 9: 11, 10: 36, 11: 66, 12: 141, 13: 254, 14: 311, 15: 390, 16: 456, 17: 421, 18: 345, 19: 214, 20: 116, 21: 47, 22: 22, 23: 8, 24: 9, 25: 4, 26: 5, 27: 2, 28: 3, 30: 1}
  126/451: списки тривиальны (в 2760 не входит)
  73/362: списки тривиальны (в 2760 не входит)
  265/298: списки тривиальны (в 2760 не входит)
  время 33.7 c
