Unable to compute the rank with certainty (lower bound=0).
This could be because Sha(E/Q)[2] is nontrivial.
Try calling something like two_descent(second_limit=13) on the
curve then trying this command again.  You could also try rank
with only_use_mwrank=False.
Unable to compute the rank with certainty (lower bound=0).
This could be because Sha(E/Q)[2] is nontrivial.
Try calling something like two_descent(second_limit=13) on the
curve then trying this command again.  You could also try rank
with only_use_mwrank=False.
Unable to compute the rank with certainty (lower bound=0).
This could be because Sha(E/Q)[2] is nontrivial.
Try calling something like two_descent(second_limit=13) on the
curve then trying this command again.  You could also try rank
with only_use_mwrank=False.
rank1: [5, 6, 7, 13, 14, 15, 21, 22, 23, 29, 30, 31, 37, 38, 39, 46, 47, 53, 55, 61, 62, 69] rank>=2: [34, 41, 65, 137, 138, 145, 154, 161]
5 g1 Bsq True v2B2 4 prim True miss [] 2prim [1] AP [] mech 660 bad 0 t=5s
5 g1+T1 Bsq True v2B2 4 prim True miss [] 2prim [1] AP [] mech 660 bad 0 t=5s
5 g1+T2 Bsq True v2B2 4 prim True miss [] 2prim [] AP [] mech 660 bad 0 t=5s
5 g1+T3 Bsq True v2B2 4 prim True miss [] 2prim [1] AP [] mech 660 bad 0 t=5s
6 g1 Bsq True v2B2 2 prim True miss [] 2prim [1] AP [] mech 660 bad 0 t=5s
6 g1+T1 Bsq True v2B2 2 prim True miss [] 2prim [1] AP [] mech 660 bad 0 t=5s
6 g1+T2 Bsq True v2B2 2 prim True miss [] 2prim [1] AP [] mech 660 bad 0 t=5s
6 g1+T3 Bsq True v2B2 2 prim True miss [] 2prim [1] AP [] mech 660 bad 0 t=5s
7 g1 Bsq True v2B2 6 prim True miss [] 2prim [1] AP [] mech 660 bad 0 t=5s
7 g1+T1 Bsq True v2B2 6 prim True miss [] 2prim [] AP [] mech 660 bad 0 t=5s
7 g1+T2 Bsq True v2B2 6 prim True miss [] 2prim [1] AP [] mech 660 bad 0 t=5s
7 g1+T3 Bsq True v2B2 6 prim True miss [] 2prim [1] AP [] mech 660 bad 0 t=5s
13 g1 Bsq True v2B2 4 prim True miss [] 2prim [1] AP [] mech 660 bad 0 t=5s
13 g1+T1 Bsq True v2B2 4 prim True miss [] 2prim [1] AP [] mech 660 bad 0 t=5s
13 g1+T2 Bsq True v2B2 4 prim True miss [] 2prim [] AP [] mech 660 bad 0 t=5s
13 g1+T3 Bsq True v2B2 4 prim True miss [] 2prim [1] AP [] mech 660 bad 0 t=5s
14 g1 Bsq True v2B2 4 prim True miss [] 2prim [1] AP [] mech 660 bad 0 t=5s
14 g1+T1 Bsq True v2B2 4 prim True miss [] 2prim [] AP [] mech 660 bad 0 t=5s
14 g1+T2 Bsq True v2B2 4 prim True miss [] 2prim [1] AP [] mech 660 bad 0 t=5s
14 g1+T3 Bsq True v2B2 4 prim True miss [] 2prim [1] AP [] mech 660 bad 0 t=5s
15 g1 Bsq True v2B2 4 prim True miss [] 2prim [1] AP [] mech 660 bad 0 t=5s
15 g1+T1 Bsq True v2B2 4 prim True miss [] 2prim [1] AP [] mech 660 bad 0 t=5s
15 g1+T2 Bsq True v2B2 4 prim True miss [] 2prim [1] AP [] mech 660 bad 0 t=5s
15 g1+T3 Bsq True v2B2 4 prim True miss [1] 2prim [] AP [] mech 660 bad 0 t=5s
21 g1 Bsq True v2B2 4 prim True miss [] 2prim [1] AP [] mech 660 bad 0 t=5s
21 g1+T1 Bsq True v2B2 4 prim True miss [] 2prim [1] AP [] mech 660 bad 0 t=5s
21 g1+T2 Bsq True v2B2 4 prim True miss [] 2prim [1] AP [] mech 660 bad 0 t=5s
21 g1+T3 Bsq True v2B2 4 prim True miss [1] 2prim [] AP [] mech 660 bad 0 t=5s
22 g1 Bsq True v2B2 2 prim True miss [] 2prim [1] AP [] mech 660 bad 0 t=5s
22 g1+T1 Bsq True v2B2 2 prim True miss [] 2prim [1] AP [] mech 660 bad 0 t=5s
22 g1+T2 Bsq True v2B2 2 prim True miss [] 2prim [1] AP [] mech 660 bad 0 t=5s
22 g1+T3 Bsq True v2B2 2 prim True miss [] 2prim [1] AP [] mech 660 bad 0 t=5s
23 g1 Bsq True v2B2 6 prim True miss [] 2prim [1] AP [] mech 660 bad 0 t=6s
23 g1+T1 Bsq True v2B2 6 prim True miss [] 2prim [1] AP [] mech 660 bad 0 t=6s
23 g1+T2 Bsq True v2B2 6 prim True miss [] 2prim [] AP [] mech 660 bad 0 t=6s
23 g1+T3 Bsq True v2B2 6 prim True miss [] 2prim [1] AP [] mech 660 bad 0 t=6s
29 g1 Bsq True v2B2 4 prim True miss [] 2prim [1] AP [] mech 660 bad 0 t=6s
29 g1+T1 Bsq True v2B2 4 prim True miss [] 2prim [1] AP [] mech 660 bad 0 t=6s
29 g1+T2 Bsq True v2B2 4 prim True miss [] 2prim [] AP [] mech 660 bad 0 t=6s
29 g1+T3 Bsq True v2B2 4 prim True miss [] 2prim [1] AP [] mech 660 bad 0 t=6s
30 g1 Bsq True v2B2 2 prim True miss [] 2prim [1] AP [] mech 660 bad 0 t=6s
30 g1+T1 Bsq True v2B2 2 prim True miss [] 2prim [1] AP [] mech 660 bad 0 t=6s
30 g1+T2 Bsq True v2B2 2 prim True miss [] 2prim [1] AP [] mech 660 bad 0 t=6s
30 g1+T3 Bsq True v2B2 2 prim True miss [] 2prim [1] AP [] mech 660 bad 0 t=6s
31 g1 Bsq True v2B2 8 prim True miss [] 2prim [1] AP [] mech 660 bad 0 t=6s
31 g1+T1 Bsq True v2B2 8 prim True miss [] 2prim [] AP [] mech 660 bad 0 t=6s
31 g1+T2 Bsq True v2B2 8 prim True miss [] 2prim [1] AP [] mech 660 bad 0 t=6s
31 g1+T3 Bsq True v2B2 8 prim True miss [] 2prim [1] AP [] mech 660 bad 0 t=6s
37 g1 Bsq True v2B2 4 prim True miss [] 2prim [1] AP [] mech 660 bad 0 t=6s
37 g1+T1 Bsq True v2B2 4 prim True miss [] 2prim [1] AP [] mech 660 bad 0 t=6s
37 g1+T2 Bsq True v2B2 4 prim True miss [] 2prim [] AP [] mech 660 bad 0 t=6s
37 g1+T3 Bsq True v2B2 4 prim True miss [] 2prim [1] AP [] mech 660 bad 0 t=6s
38 g1 Bsq True v2B2 2 prim True miss [] 2prim [1] AP [] mech 660 bad 0 t=7s
38 g1+T1 Bsq True v2B2 2 prim True miss [] 2prim [1] AP [] mech 660 bad 0 t=7s
38 g1+T2 Bsq True v2B2 2 prim True miss [] 2prim [1] AP [] mech 660 bad 0 t=7s
38 g1+T3 Bsq True v2B2 2 prim True miss [] 2prim [1] AP [] mech 660 bad 0 t=7s
39 g1 Bsq True v2B2 4 prim True miss [] 2prim [1] AP [] mech 660 bad 0 t=7s
39 g1+T1 Bsq True v2B2 4 prim True miss [] 2prim [1] AP [] mech 660 bad 0 t=7s
39 g1+T2 Bsq True v2B2 4 prim True miss [] 2prim [] AP [] mech 660 bad 0 t=7s
39 g1+T3 Bsq True v2B2 4 prim True miss [] 2prim [1] AP [] mech 660 bad 0 t=7s
46 g1 Bsq True v2B2 4 prim True miss [] 2prim [1] AP [] mech 660 bad 0 t=7s
46 g1+T1 Bsq True v2B2 4 prim True miss [] 2prim [] AP [] mech 660 bad 0 t=7s
46 g1+T2 Bsq True v2B2 4 prim True miss [] 2prim [1] AP [] mech 660 bad 0 t=7s
46 g1+T3 Bsq True v2B2 4 prim True miss [] 2prim [1] AP [] mech 660 bad 0 t=7s
47 g1 Bsq True v2B2 8 prim True miss [] 2prim [1] AP [] mech 660 bad 0 t=7s
47 g1+T1 Bsq True v2B2 8 prim True miss [] 2prim [1] AP [] mech 660 bad 0 t=7s
47 g1+T2 Bsq True v2B2 8 prim True miss [] 2prim [] AP [] mech 660 bad 0 t=7s
47 g1+T3 Bsq True v2B2 8 prim True miss [] 2prim [1] AP [] mech 660 bad 0 t=7s
53 g1 Bsq True v2B2 4 prim True miss [] 2prim [1] AP [] mech 660 bad 0 t=7s
53 g1+T1 Bsq True v2B2 4 prim True miss [] 2prim [1] AP [] mech 660 bad 0 t=8s
53 g1+T2 Bsq True v2B2 4 prim True miss [] 2prim [] AP [] mech 660 bad 0 t=8s
53 g1+T3 Bsq True v2B2 4 prim True miss [] 2prim [1] AP [] mech 660 bad 0 t=8s
55 g1 Bsq True v2B2 4 prim True miss [] 2prim [] AP [] mech 660 bad 0 t=8s
55 g1+T1 Bsq True v2B2 4 prim True miss [] 2prim [1] AP [] mech 660 bad 0 t=8s
55 g1+T2 Bsq True v2B2 4 prim True miss [] 2prim [1] AP [] mech 660 bad 0 t=8s
55 g1+T3 Bsq True v2B2 4 prim True miss [] 2prim [1] AP [] mech 660 bad 0 t=8s
61 g1 Bsq True v2B2 4 prim True miss [] 2prim [1] AP [] mech 660 bad 0 t=8s
61 g1+T1 Bsq True v2B2 4 prim True miss [] 2prim [1] AP [] mech 660 bad 0 t=8s
61 g1+T2 Bsq True v2B2 4 prim True miss [] 2prim [] AP [] mech 660 bad 0 t=8s
61 g1+T3 Bsq True v2B2 4 prim True miss [] 2prim [1] AP [] mech 660 bad 0 t=8s
62 g1 Bsq True v2B2 6 prim True miss [] 2prim [1] AP [] mech 660 bad 0 t=8s
62 g1+T1 Bsq True v2B2 6 prim True miss [] 2prim [] AP [] mech 660 bad 0 t=8s
62 g1+T2 Bsq True v2B2 6 prim True miss [] 2prim [1] AP [] mech 660 bad 0 t=9s
62 g1+T3 Bsq True v2B2 6 prim True miss [] 2prim [1] AP [] mech 660 bad 0 t=9s
69 g1 Bsq True v2B2 8 prim True miss [] 2prim [1] AP [] mech 660 bad 0 t=9s
69 g1+T1 Bsq True v2B2 8 prim True miss [] 2prim [] AP [] mech 660 bad 0 t=9s
69 g1+T2 Bsq True v2B2 8 prim True miss [] 2prim [1] AP [] mech 660 bad 0 t=9s
69 g1+T3 Bsq True v2B2 8 prim True miss [] 2prim [1] AP [] mech 660 bad 0 t=9s
34 1*g1+0*g2 Bsq True v2B2 4 prim True miss [] 2prim [1] AP [] mech 660 bad 0 t=9s
34 0*g1+1*g2 Bsq True v2B2 4 prim True miss [] 2prim [1] AP [] mech 660 bad 0 t=9s
34 1*g1+1*g2 Bsq True v2B2 8 prim True miss [] 2prim [1] AP [] mech 660 bad 0 t=9s
34 1*g1-1*g2 Bsq True v2B2 6 prim True miss [] 2prim [1] AP [] mech 660 bad 0 t=9s
34 2*g1+1*g2 Bsq True v2B2 4 prim True miss [] 2prim [1] AP [] mech 660 bad 0 t=9s
34 1*g1+2*g2 Bsq True v2B2 4 prim True miss [] 2prim [1] AP [] mech 660 bad 0 t=9s
34 3*g1-1*g2 Bsq True v2B2 14 prim True miss [] 2prim [1] AP [] mech 660 bad 0 t=9s
34 2*g1-3*g2 Bsq True v2B2 4 prim True miss [] 2prim [1] AP [] mech 660 bad 0 t=9s
34 g1+g2+T Bsq True v2B2 8 prim True miss [] 2prim [1] AP [] mech 660 bad 0 t=9s
41 1*g1+0*g2 Bsq True v2B2 6 prim True miss [] 2prim [1] AP [] mech 660 bad 0 t=10s
41 0*g1+1*g2 Bsq True v2B2 6 prim True miss [] 2prim [1] AP [] mech 660 bad 0 t=10s
41 1*g1+1*g2 Bsq True v2B2 10 prim True miss [] 2prim [1] AP [] mech 660 bad 0 t=10s
41 1*g1-1*g2 Bsq True v2B2 8 prim True miss [] 2prim [1] AP [] mech 660 bad 0 t=10s
41 2*g1+1*g2 Bsq True v2B2 6 prim True miss [] 2prim [1] AP [] mech 660 bad 0 t=10s
41 1*g1+2*g2 Bsq True v2B2 6 prim True miss [] 2prim [1] AP [] mech 660 bad 0 t=10s
41 3*g1-1*g2 Bsq True v2B2 12 prim True miss [] 2prim [1] AP [] mech 660 bad 0 t=10s
41 2*g1-3*g2 Bsq True v2B2 6 prim True miss [] 2prim [1] AP [] mech 660 bad 0 t=11s
41 g1+g2+T Bsq True v2B2 10 prim True miss [] 2prim [1] AP [] mech 660 bad 0 t=11s
65 1*g1+0*g2 Bsq True v2B2 4 prim True miss [] 2prim [1] AP [] mech 660 bad 0 t=11s
65 0*g1+1*g2 Bsq True v2B2 6 prim True miss [] 2prim [1] AP [] mech 660 bad 0 t=11s
65 1*g1+1*g2 Bsq True v2B2 4 prim True miss [] 2prim [1] AP [] mech 660 bad 0 t=11s
65 1*g1-1*g2 Bsq True v2B2 4 prim True miss [] 2prim [1] AP [] mech 660 bad 0 t=11s
65 2*g1+1*g2 Bsq True v2B2 10 prim True miss [] 2prim [1] AP [] mech 660 bad 0 t=11s
65 1*g1+2*g2 Bsq True v2B2 4 prim True miss [] 2prim [1] AP [] mech 660 bad 0 t=11s
65 3*g1-1*g2 Bsq True v2B2 4 prim True miss [] 2prim [1] AP [] mech 660 bad 0 t=11s
65 2*g1-3*g2 Bsq True v2B2 16 prim True miss [] 2prim [1] AP [] mech 660 bad 0 t=12s
65 g1+g2+T Bsq True v2B2 4 prim True miss [] 2prim [1] AP [] mech 660 bad 0 t=12s
137 1*g1+0*g2 Bsq True v2B2 8 prim True miss [] 2prim [1] AP [] mech 660 bad 0 t=12s
137 0*g1+1*g2 Bsq True v2B2 6 prim True miss [] 2prim [] AP [] mech 660 bad 0 t=12s
137 1*g1+1*g2 Bsq True v2B2 6 prim True miss [] 2prim [1] AP [] mech 660 bad 0 t=12s
137 1*g1-1*g2 Bsq True v2B2 6 prim True miss [] 2prim [1] AP [] mech 660 bad 0 t=12s
137 2*g1+1*g2 Bsq True v2B2 6 prim True miss [] 2prim [] AP [] mech 660 bad 0 t=12s
137 1*g1+2*g2 Bsq True v2B2 10 prim True miss [] 2prim [1] AP [] mech 660 bad 0 t=12s
137 3*g1-1*g2 Bsq True v2B2 6 prim True miss [] 2prim [1] AP [] mech 660 bad 0 t=14s
137 2*g1-3*g2 Bsq True v2B2 6 prim True miss [] 2prim [] AP [] mech 660 bad 0 t=18s
137 g1+g2+T Bsq True v2B2 6 prim True miss [] 2prim [1] AP [] mech 660 bad 0 t=18s
138 1*g1+0*g2 Bsq True v2B2 4 prim True miss [] 2prim [1] AP [] mech 660 bad 0 t=18s
138 0*g1+1*g2 Bsq True v2B2 2 prim True miss [] 2prim [1] AP [] mech 660 bad 0 t=18s
138 1*g1+1*g2 Bsq True v2B2 2 prim True miss [] 2prim [1] AP [] mech 660 bad 0 t=18s
138 1*g1-1*g2 Bsq True v2B2 2 prim True miss [] 2prim [1] AP [] mech 660 bad 0 t=18s
138 2*g1+1*g2 Bsq True v2B2 2 prim True miss [] 2prim [1] AP [] mech 660 bad 0 t=18s
138 1*g1+2*g2 Bsq True v2B2 10 prim True miss [] 2prim [1] AP [] mech 660 bad 0 t=18s
138 3*g1-1*g2 Bsq True v2B2 2 prim True miss [] 2prim [1] AP [] mech 660 bad 0 t=18s
138 2*g1-3*g2 Bsq True v2B2 2 prim True miss [] 2prim [1] AP [] mech 660 bad 0 t=19s
138 g1+g2+T Bsq True v2B2 2 prim True miss [] 2prim [1] AP [] mech 660 bad 0 t=19s
145 1*g1+0*g2 Bsq True v2B2 6 prim True miss [] 2prim [1] AP [] mech 660 bad 0 t=19s
145 0*g1+1*g2 Bsq True v2B2 4 prim True miss [] 2prim [1] AP [] mech 660 bad 0 t=19s
145 1*g1+1*g2 Bsq True v2B2 4 prim True miss [] 2prim [] AP [] mech 660 bad 0 t=19s
145 1*g1-1*g2 Bsq True v2B2 4 prim True miss [] 2prim [] AP [] mech 660 bad 0 t=19s
145 2*g1+1*g2 Bsq True v2B2 4 prim True miss [] 2prim [1] AP [] mech 660 bad 0 t=19s
145 1*g1+2*g2 Bsq True v2B2 14 prim True miss [] 2prim [1] AP [] mech 660 bad 0 t=19s
145 3*g1-1*g2 Bsq True v2B2 4 prim True miss [] 2prim [] AP [] mech 660 bad 0 t=19s
145 2*g1-3*g2 Bsq True v2B2 4 prim True miss [] 2prim [1] AP [] mech 660 bad 0 t=20s
145 g1+g2+T Bsq True v2B2 4 prim True miss [] 2prim [1] AP [] mech 660 bad 0 t=20s
154 1*g1+0*g2 Bsq True v2B2 2 prim True miss [] 2prim [1] AP [] mech 660 bad 0 t=20s
154 0*g1+1*g2 Bsq True v2B2 2 prim True miss [] 2prim [1] AP [] mech 660 bad 0 t=20s
154 1*g1+1*g2 Bsq True v2B2 4 prim True miss [] 2prim [] AP [] mech 660 bad 0 t=20s
154 1*g1-1*g2 Bsq True v2B2 6 prim True miss [] 2prim [] AP [] mech 660 bad 0 t=20s
154 2*g1+1*g2 Bsq True v2B2 2 prim True miss [] 2prim [1] AP [] mech 660 bad 0 t=20s
154 1*g1+2*g2 Bsq True v2B2 2 prim True miss [] 2prim [1] AP [] mech 660 bad 0 t=20s
154 3*g1-1*g2 Bsq True v2B2 4 prim True miss [] 2prim [] AP [] mech 660 bad 0 t=20s
154 2*g1-3*g2 Bsq True v2B2 2 prim True miss [] 2prim [1] AP [] mech 660 bad 0 t=20s
154 g1+g2+T Bsq True v2B2 4 prim True miss [] 2prim [1] AP [] mech 660 bad 0 t=20s
161 1*g1+0*g2 Bsq True v2B2 6 prim True miss [] 2prim [1] AP [] mech 660 bad 0 t=21s
161 0*g1+1*g2 Bsq True v2B2 8 prim True miss [] 2prim [1] AP [] mech 660 bad 0 t=21s
161 1*g1+1*g2 Bsq True v2B2 6 prim True miss [] 2prim [] AP [] mech 660 bad 0 t=21s
161 1*g1-1*g2 Bsq True v2B2 6 prim True miss [] 2prim [] AP [] mech 660 bad 0 t=21s
161 2*g1+1*g2 Bsq True v2B2 10 prim True miss [] 2prim [1] AP [] mech 660 bad 0 t=21s
161 1*g1+2*g2 Bsq True v2B2 6 prim True miss [] 2prim [1] AP [] mech 660 bad 0 t=21s
161 3*g1-1*g2 Bsq True v2B2 6 prim True miss [] 2prim [] AP [] mech 660 bad 0 t=21s
161 2*g1-3*g2 Bsq True v2B2 10 prim True miss [] 2prim [1] AP [] mech 660 bad 0 t=22s
161 g1+g2+T Bsq True v2B2 6 prim True miss [] 2prim [1] AP [] mech 660 bad 0 t=22s
{
 "curves": 30,
 "lines": 160,
 "all_B_square": true,
 "v2_B2_ge2": true,
 "v2_x2m_neg": true,
 "prim_all": true,
 "two_primitive_any_m_ge2": false,
 "AP_any": false,
 "mech_checked": 105600,
 "mech_mid": 35200,
 "mech_bad": 0,
 "torsion_4": true,
 "lift_independent": true
}
