Unable to compute the rank with certainty (lower bound=0).
This could be because Sha(E/Q)[2] is nontrivial.
Try calling something like two_descent(second_limit=13) on the
curve then trying this command again.  You could also try rank
with only_use_mwrank=False.
Unable to compute the rank with certainty (lower bound=0).
This could be because Sha(E/Q)[2] is nontrivial.
Try calling something like two_descent(second_limit=13) on the
curve then trying this command again.  You could also try rank
with only_use_mwrank=False.
Unable to compute the rank with certainty (lower bound=0).
This could be because Sha(E/Q)[2] is nontrivial.
Try calling something like two_descent(second_limit=13) on the
curve then trying this command again.  You could also try rank
with only_use_mwrank=False.
rank1: [5, 6, 7, 13, 14, 15, 21, 22, 23, 29, 30, 31, 37, 38, 39, 46, 47, 53, 55, 61, 62, 69] rank>=2: [34, 41, 65, 137, 138, 145, 154, 161]
5 g1 Bsq True v2B2 4 prim True miss [] 2prim [1] AP [] mech 3420 bad 0 t=5s
5 g1+T1 Bsq True v2B2 4 prim True miss [] 2prim [1] AP [] mech 3420 bad 0 t=5s
5 g1+T2 Bsq True v2B2 4 prim True miss [] 2prim [] AP [] mech 3420 bad 0 t=5s
5 g1+T3 Bsq True v2B2 4 prim True miss [] 2prim [1] AP [] mech 3420 bad 0 t=5s
6 g1 Bsq True v2B2 2 prim True miss [] 2prim [1] AP [] mech 3420 bad 0 t=5s
6 g1+T1 Bsq True v2B2 2 prim True miss [] 2prim [1] AP [] mech 3420 bad 0 t=5s
6 g1+T2 Bsq True v2B2 2 prim True miss [] 2prim [1] AP [] mech 3420 bad 0 t=5s
6 g1+T3 Bsq True v2B2 2 prim True miss [] 2prim [1] AP [] mech 3420 bad 0 t=5s
7 g1 Bsq True v2B2 6 prim True miss [] 2prim [1] AP [] mech 3420 bad 0 t=5s
7 g1+T1 Bsq True v2B2 6 prim True miss [] 2prim [] AP [] mech 3420 bad 0 t=5s
7 g1+T2 Bsq True v2B2 6 prim True miss [] 2prim [1] AP [] mech 3420 bad 0 t=6s
7 g1+T3 Bsq True v2B2 6 prim True miss [] 2prim [1] AP [] mech 3420 bad 0 t=6s
13 g1 Bsq True v2B2 4 prim True miss [] 2prim [1] AP [] mech 3420 bad 0 t=6s
13 g1+T1 Bsq True v2B2 4 prim True miss [] 2prim [1] AP [] mech 3420 bad 0 t=6s
13 g1+T2 Bsq True v2B2 4 prim True miss [] 2prim [] AP [] mech 3420 bad 0 t=7s
13 g1+T3 Bsq True v2B2 4 prim True miss [] 2prim [1] AP [] mech 3420 bad 0 t=7s
14 g1 Bsq True v2B2 4 prim True miss [] 2prim [1] AP [] mech 3420 bad 0 t=7s
14 g1+T1 Bsq True v2B2 4 prim True miss [] 2prim [] AP [] mech 3420 bad 0 t=7s
14 g1+T2 Bsq True v2B2 4 prim True miss [] 2prim [1] AP [] mech 3420 bad 0 t=8s
14 g1+T3 Bsq True v2B2 4 prim True miss [] 2prim [1] AP [] mech 3420 bad 0 t=8s
15 g1 Bsq True v2B2 4 prim True miss [] 2prim [1] AP [] mech 3420 bad 0 t=8s
15 g1+T1 Bsq True v2B2 4 prim True miss [] 2prim [1] AP [] mech 3420 bad 0 t=8s
15 g1+T2 Bsq True v2B2 4 prim True miss [] 2prim [1] AP [] mech 3420 bad 0 t=8s
15 g1+T3 Bsq True v2B2 4 prim True miss [1] 2prim [] AP [] mech 3420 bad 0 t=8s
21 g1 Bsq True v2B2 4 prim True miss [] 2prim [1] AP [] mech 3420 bad 0 t=8s
21 g1+T1 Bsq True v2B2 4 prim True miss [] 2prim [1] AP [] mech 3420 bad 0 t=8s
21 g1+T2 Bsq True v2B2 4 prim True miss [] 2prim [1] AP [] mech 3420 bad 0 t=8s
21 g1+T3 Bsq True v2B2 4 prim True miss [1] 2prim [] AP [] mech 3420 bad 0 t=8s
22 g1 Bsq True v2B2 2 prim True miss [] 2prim [1] AP [] mech 3420 bad 0 t=9s
22 g1+T1 Bsq True v2B2 2 prim True miss [] 2prim [1] AP [] mech 3420 bad 0 t=9s
22 g1+T2 Bsq True v2B2 2 prim True miss [] 2prim [1] AP [] mech 3420 bad 0 t=9s
22 g1+T3 Bsq True v2B2 2 prim True miss [] 2prim [1] AP [] mech 3420 bad 0 t=9s
23 g1 Bsq True v2B2 6 prim True miss [] 2prim [1] AP [] mech 3420 bad 0 t=10s
23 g1+T1 Bsq True v2B2 6 prim True miss [] 2prim [1] AP [] mech 3420 bad 0 t=11s
23 g1+T2 Bsq True v2B2 6 prim True miss [] 2prim [] AP [] mech 3420 bad 0 t=12s
23 g1+T3 Bsq True v2B2 6 prim True miss [] 2prim [1] AP [] mech 3420 bad 0 t=12s
29 g1 Bsq True v2B2 4 prim True miss [] 2prim [1] AP [] mech 3420 bad 0 t=13s
29 g1+T1 Bsq True v2B2 4 prim True miss [] 2prim [1] AP [] mech 3420 bad 0 t=14s
29 g1+T2 Bsq True v2B2 4 prim True miss [] 2prim [] AP [] mech 3420 bad 0 t=14s
29 g1+T3 Bsq True v2B2 4 prim True miss [] 2prim [1] AP [] mech 3420 bad 0 t=15s
30 g1 Bsq True v2B2 2 prim True miss [] 2prim [1] AP [] mech 3420 bad 0 t=15s
30 g1+T1 Bsq True v2B2 2 prim True miss [] 2prim [1] AP [] mech 3420 bad 0 t=15s
30 g1+T2 Bsq True v2B2 2 prim True miss [] 2prim [1] AP [] mech 3420 bad 0 t=15s
30 g1+T3 Bsq True v2B2 2 prim True miss [] 2prim [1] AP [] mech 3420 bad 0 t=15s
31 g1 Bsq True v2B2 8 prim True miss [] 2prim [1] AP [] mech 3420 bad 0 t=16s
31 g1+T1 Bsq True v2B2 8 prim True miss [] 2prim [] AP [] mech 3420 bad 0 t=16s
31 g1+T2 Bsq True v2B2 8 prim True miss [] 2prim [1] AP [] mech 3420 bad 0 t=17s
31 g1+T3 Bsq True v2B2 8 prim True miss [] 2prim [1] AP [] mech 3420 bad 0 t=17s
37 g1 Bsq True v2B2 4 prim True miss [] 2prim [1] AP [] mech 3420 bad 0 t=18s
37 g1+T1 Bsq True v2B2 4 prim True miss [] 2prim [1] AP [] mech 3420 bad 0 t=19s
37 g1+T2 Bsq True v2B2 4 prim True miss [] 2prim [] AP [] mech 3420 bad 0 t=20s
37 g1+T3 Bsq True v2B2 4 prim True miss [] 2prim [1] AP [] mech 3420 bad 0 t=21s
38 g1 Bsq True v2B2 2 prim True miss [] 2prim [1] AP [] mech 3420 bad 0 t=22s
38 g1+T1 Bsq True v2B2 2 prim True miss [] 2prim [1] AP [] mech 3420 bad 0 t=22s
38 g1+T2 Bsq True v2B2 2 prim True miss [] 2prim [1] AP [] mech 3420 bad 0 t=23s
38 g1+T3 Bsq True v2B2 2 prim True miss [] 2prim [1] AP [] mech 3420 bad 0 t=23s
39 g1 Bsq True v2B2 4 prim True miss [] 2prim [1] AP [] mech 3420 bad 0 t=23s
39 g1+T1 Bsq True v2B2 4 prim True miss [] 2prim [1] AP [] mech 3420 bad 0 t=24s
39 g1+T2 Bsq True v2B2 4 prim True miss [] 2prim [] AP [] mech 3420 bad 0 t=24s
39 g1+T3 Bsq True v2B2 4 prim True miss [] 2prim [1] AP [] mech 3420 bad 0 t=24s
46 g1 Bsq True v2B2 4 prim True miss [] 2prim [1] AP [] mech 3420 bad 0 t=24s
46 g1+T1 Bsq True v2B2 4 prim True miss [] 2prim [] AP [] mech 3420 bad 0 t=24s
46 g1+T2 Bsq True v2B2 4 prim True miss [] 2prim [1] AP [] mech 3420 bad 0 t=25s
46 g1+T3 Bsq True v2B2 4 prim True miss [] 2prim [1] AP [] mech 3420 bad 0 t=25s
47 g1 Bsq True v2B2 8 prim True miss [] 2prim [1] AP [] mech 3420 bad 0 t=26s
47 g1+T1 Bsq True v2B2 8 prim True miss [] 2prim [1] AP [] mech 3420 bad 0 t=28s
47 g1+T2 Bsq True v2B2 8 prim True miss [] 2prim [] AP [] mech 3420 bad 0 t=29s
47 g1+T3 Bsq True v2B2 8 prim True miss [] 2prim [1] AP [] mech 3420 bad 0 t=31s
53 g1 Bsq True v2B2 4 prim True miss [] 2prim [1] AP [] mech 3420 bad 0 t=33s
53 g1+T1 Bsq True v2B2 4 prim True miss [] 2prim [1] AP [] mech 3420 bad 0 t=35s
53 g1+T2 Bsq True v2B2 4 prim True miss [] 2prim [] AP [] mech 3420 bad 0 t=37s
53 g1+T3 Bsq True v2B2 4 prim True miss [] 2prim [1] AP [] mech 3420 bad 0 t=39s
55 g1 Bsq True v2B2 4 prim True miss [] 2prim [] AP [] mech 3420 bad 0 t=40s
55 g1+T1 Bsq True v2B2 4 prim True miss [] 2prim [1] AP [] mech 3420 bad 0 t=40s
55 g1+T2 Bsq True v2B2 4 prim True miss [] 2prim [1] AP [] mech 3420 bad 0 t=40s
55 g1+T3 Bsq True v2B2 4 prim True miss [] 2prim [1] AP [] mech 3420 bad 0 t=40s
61 g1 Bsq True v2B2 4 prim True miss [] 2prim [1] AP [] mech 3420 bad 0 t=42s
61 g1+T1 Bsq True v2B2 4 prim True miss [] 2prim [1] AP [] mech 3420 bad 0 t=43s
61 g1+T2 Bsq True v2B2 4 prim True miss [] 2prim [] AP [] mech 3420 bad 0 t=45s
61 g1+T3 Bsq True v2B2 4 prim True miss [] 2prim [1] AP [] mech 3420 bad 0 t=46s
62 g1 Bsq True v2B2 6 prim True miss [] 2prim [1] AP [] mech 3420 bad 0 t=47s
62 g1+T1 Bsq True v2B2 6 prim True miss [] 2prim [] AP [] mech 3420 bad 0 t=48s
62 g1+T2 Bsq True v2B2 6 prim True miss [] 2prim [1] AP [] mech 3420 bad 0 t=49s
62 g1+T3 Bsq True v2B2 6 prim True miss [] 2prim [1] AP [] mech 3420 bad 0 t=49s
69 g1 Bsq True v2B2 8 prim True miss [] 2prim [1] AP [] mech 3420 bad 0 t=50s
69 g1+T1 Bsq True v2B2 8 prim True miss [] 2prim [] AP [] mech 3420 bad 0 t=50s
69 g1+T2 Bsq True v2B2 8 prim True miss [] 2prim [1] AP [] mech 3420 bad 0 t=50s
69 g1+T3 Bsq True v2B2 8 prim True miss [] 2prim [1] AP [] mech 3420 bad 0 t=51s
34 1*g1+0*g2 Bsq True v2B2 4 prim True miss [] 2prim [1] AP [] mech 3420 bad 0 t=51s
34 0*g1+1*g2 Bsq True v2B2 4 prim True miss [] 2prim [1] AP [] mech 3420 bad 0 t=51s
34 1*g1+1*g2 Bsq True v2B2 8 prim True miss [] 2prim [1] AP [] mech 3420 bad 0 t=52s
34 1*g1-1*g2 Bsq True v2B2 6 prim True miss [] 2prim [1] AP [] mech 3420 bad 0 t=52s
34 2*g1+1*g2 Bsq True v2B2 4 prim True miss [] 2prim [1] AP [] mech 3420 bad 0 t=53s
34 1*g1+2*g2 Bsq True v2B2 4 prim True miss [] 2prim [1] AP [] mech 3420 bad 0 t=55s
34 3*g1-1*g2 Bsq True v2B2 14 prim True miss [] 2prim [1] AP [] mech 3420 bad 0 t=57s
34 2*g1-3*g2 Bsq True v2B2 4 prim True miss [] 2prim [1] AP [] mech 3420 bad 0 t=60s
34 g1+g2+T Bsq True v2B2 8 prim True miss [] 2prim [1] AP [] mech 3420 bad 0 t=61s
41 1*g1+0*g2 Bsq True v2B2 6 prim True miss [] 2prim [1] AP [] mech 3420 bad 0 t=61s
41 0*g1+1*g2 Bsq True v2B2 6 prim True miss [] 2prim [1] AP [] mech 3420 bad 0 t=61s
41 1*g1+1*g2 Bsq True v2B2 10 prim True miss [] 2prim [1] AP [] mech 3420 bad 0 t=63s
41 1*g1-1*g2 Bsq True v2B2 8 prim True miss [] 2prim [1] AP [] mech 3420 bad 0 t=63s
41 2*g1+1*g2 Bsq True v2B2 6 prim True miss [] 2prim [1] AP [] mech 3420 bad 0 t=66s
41 1*g1+2*g2 Bsq True v2B2 6 prim True miss [] 2prim [1] AP [] mech 3420 bad 0 t=70s
41 3*g1-1*g2 Bsq True v2B2 12 prim True miss [] 2prim [1] AP [] mech 3420 bad 0 t=74s
41 2*g1-3*g2 Bsq True v2B2 6 prim True miss [] 2prim [1] AP [] mech 3420 bad 0 t=82s
41 g1+g2+T Bsq True v2B2 10 prim True miss [] 2prim [1] AP [] mech 3420 bad 0 t=83s
65 1*g1+0*g2 Bsq True v2B2 4 prim True miss [] 2prim [1] AP [] mech 3420 bad 0 t=83s
65 0*g1+1*g2 Bsq True v2B2 6 prim True miss [] 2prim [1] AP [] mech 3420 bad 0 t=84s
65 1*g1+1*g2 Bsq True v2B2 4 prim True miss [] 2prim [1] AP [] mech 3420 bad 0 t=84s
65 1*g1-1*g2 Bsq True v2B2 4 prim True miss [] 2prim [1] AP [] mech 3420 bad 0 t=85s
65 2*g1+1*g2 Bsq True v2B2 10 prim True miss [] 2prim [1] AP [] mech 3420 bad 0 t=85s
65 1*g1+2*g2 Bsq True v2B2 4 prim True miss [] 2prim [1] AP [] mech 3420 bad 0 t=87s
65 3*g1-1*g2 Bsq True v2B2 4 prim True miss [] 2prim [1] AP [] mech 3420 bad 0 t=90s
65 2*g1-3*g2 Bsq True v2B2 16 prim True miss [] 2prim [1] AP [] mech 3420 bad 0 t=100s
65 g1+g2+T Bsq True v2B2 4 prim True miss [] 2prim [1] AP [] mech 3420 bad 0 t=100s
137 1*g1+0*g2 Bsq True v2B2 8 prim True miss [] 2prim [1] AP [] mech 3420 bad 0 t=101s
137 0*g1+1*g2 Bsq True v2B2 6 prim True miss [] 2prim [] AP [] mech 3420 bad 0 t=102s
137 1*g1+1*g2 Bsq True v2B2 6 prim True miss [] 2prim [1] AP [] mech 3420 bad 0 t=103s
137 1*g1-1*g2 Bsq True v2B2 6 prim True miss [] 2prim [1] AP [] mech 3420 bad 0 t=107s
137 2*g1+1*g2 Bsq True v2B2 6 prim True miss [] 2prim [] AP [] mech 3420 bad 0 t=110s
137 1*g1+2*g2 Bsq True v2B2 10 prim True miss [] 2prim [1] AP [] mech 3420 bad 0 t=116s
137 3*g1-1*g2 Bsq True v2B2 6 prim True miss [] 2prim [1] AP [] mech 3420 bad 0 t=145s
137 2*g1-3*g2 Bsq True v2B2 6 prim True miss [] 2prim [] AP [] mech 3420 bad 0 t=212s
137 g1+g2+T Bsq True v2B2 6 prim True miss [] 2prim [1] AP [] mech 3420 bad 0 t=213s
138 1*g1+0*g2 Bsq True v2B2 4 prim True miss [] 2prim [1] AP [] mech 3420 bad 0 t=213s
138 0*g1+1*g2 Bsq True v2B2 2 prim True miss [] 2prim [1] AP [] mech 3420 bad 0 t=213s
138 1*g1+1*g2 Bsq True v2B2 2 prim True miss [] 2prim [1] AP [] mech 3420 bad 0 t=214s
138 1*g1-1*g2 Bsq True v2B2 2 prim True miss [] 2prim [1] AP [] mech 3420 bad 0 t=214s
138 2*g1+1*g2 Bsq True v2B2 2 prim True miss [] 2prim [1] AP [] mech 3420 bad 0 t=215s
138 1*g1+2*g2 Bsq True v2B2 10 prim True miss [] 2prim [1] AP [] mech 3420 bad 0 t=216s
138 3*g1-1*g2 Bsq True v2B2 2 prim True miss [] 2prim [1] AP [] mech 3420 bad 0 t=221s
138 2*g1-3*g2 Bsq True v2B2 2 prim True miss [] 2prim [1] AP [] mech 3420 bad 0 t=229s
138 g1+g2+T Bsq True v2B2 2 prim True miss [] 2prim [1] AP [] mech 3420 bad 0 t=229s
145 1*g1+0*g2 Bsq True v2B2 6 prim True miss [] 2prim [1] AP [] mech 3420 bad 0 t=230s
145 0*g1+1*g2 Bsq True v2B2 4 prim True miss [] 2prim [1] AP [] mech 3420 bad 0 t=230s
145 1*g1+1*g2 Bsq True v2B2 4 prim True miss [] 2prim [] AP [] mech 3420 bad 0 t=231s
145 1*g1-1*g2 Bsq True v2B2 4 prim True miss [] 2prim [] AP [] mech 3420 bad 0 t=231s
145 2*g1+1*g2 Bsq True v2B2 4 prim True miss [] 2prim [1] AP [] mech 3420 bad 0 t=235s
145 1*g1+2*g2 Bsq True v2B2 14 prim True miss [] 2prim [1] AP [] mech 3420 bad 0 t=237s
145 3*g1-1*g2 Bsq True v2B2 4 prim True miss [] 2prim [] AP [] mech 3420 bad 0 t=244s
145 2*g1-3*g2 Bsq True v2B2 4 prim True miss [] 2prim [1] AP [] mech 3420 bad 0 t=249s
145 g1+g2+T Bsq True v2B2 4 prim True miss [] 2prim [1] AP [] mech 3420 bad 0 t=250s
154 1*g1+0*g2 Bsq True v2B2 2 prim True miss [] 2prim [1] AP [] mech 3420 bad 0 t=251s
154 0*g1+1*g2 Bsq True v2B2 2 prim True miss [] 2prim [1] AP [] mech 3420 bad 0 t=251s
154 1*g1+1*g2 Bsq True v2B2 4 prim True miss [] 2prim [] AP [] mech 3420 bad 0 t=251s
154 1*g1-1*g2 Bsq True v2B2 6 prim True miss [] 2prim [] AP [] mech 3420 bad 0 t=251s
154 2*g1+1*g2 Bsq True v2B2 2 prim True miss [] 2prim [1] AP [] mech 3420 bad 0 t=252s
154 1*g1+2*g2 Bsq True v2B2 2 prim True miss [] 2prim [1] AP [] mech 3420 bad 0 t=253s
154 3*g1-1*g2 Bsq True v2B2 4 prim True miss [] 2prim [] AP [] mech 3420 bad 0 t=256s
154 2*g1-3*g2 Bsq True v2B2 2 prim True miss [] 2prim [1] AP [] mech 3420 bad 0 t=261s
154 g1+g2+T Bsq True v2B2 4 prim True miss [] 2prim [1] AP [] mech 3420 bad 0 t=262s
161 1*g1+0*g2 Bsq True v2B2 6 prim True miss [] 2prim [1] AP [] mech 3420 bad 0 t=262s
161 0*g1+1*g2 Bsq True v2B2 8 prim True miss [] 2prim [1] AP [] mech 3420 bad 0 t=262s
161 1*g1+1*g2 Bsq True v2B2 6 prim True miss [] 2prim [] AP [] mech 3420 bad 0 t=263s
161 1*g1-1*g2 Bsq True v2B2 6 prim True miss [] 2prim [] AP [] mech 3420 bad 0 t=263s
161 2*g1+1*g2 Bsq True v2B2 10 prim True miss [] 2prim [1] AP [] mech 3420 bad 0 t=264s
161 1*g1+2*g2 Bsq True v2B2 6 prim True miss [] 2prim [1] AP [] mech 3420 bad 0 t=266s
161 3*g1-1*g2 Bsq True v2B2 6 prim True miss [] 2prim [] AP [] mech 3420 bad 0 t=271s
161 2*g1-3*g2 Bsq True v2B2 10 prim True miss [] 2prim [1] AP [] mech 3420 bad 0 t=285s
161 g1+g2+T Bsq True v2B2 6 prim True miss [] 2prim [1] AP [] mech 3420 bad 0 t=286s
{
 "curves": 30,
 "lines": 160,
 "all_B_square": true,
 "v2_B2_ge2": true,
 "v2_x2m_neg": true,
 "prim_all": true,
 "two_primitive_any_m_ge2": false,
 "AP_any": false,
 "mech_checked": 547200,
 "mech_mid": 182400,
 "mech_bad": 0,
 "torsion_4": true,
 "lift_independent": true
}
