[   0.5s]   -73/362 p=2 tests=173796 passed=49656 T_odd=0 L_odd=0 viol=0 e=[3, 4, 5, 6] H_mismatch=False
[   1.3s]   -73/362 p=3 tests=277326 passed=118854 T_odd=0 L_odd=0 viol=0 e=[1, 2, 3, 4, 5, 6] H_mismatch=False
[   2.2s]   -73/362 p=5 tests=264264 passed=142324 T_odd=29068 L_odd=0 viol=0 e=[-7, -5, -3, -1, 1, 2] H_mismatch=False
[   3.2s]   -73/362 p=7 tests=304878 passed=130662 T_odd=0 L_odd=0 viol=0 e=[1, 2, 3, 4, 5, 6] H_mismatch=False
[   4.1s]   -73/362 p=11 tests=281862 passed=120798 T_odd=0 L_odd=0 viol=0 e=[1, 2, 3, 4, 5, 6] H_mismatch=False
[   4.2s]   -73/362 p=13 tests=44940 passed=23949 T_odd=0 L_odd=0 viol=0 e=[-6, -4, -2, 1, 2, 3] H_mismatch=False
[   4.6s]   -73/362 p=17 tests=98866 passed=57261 T_odd=0 L_odd=7062 viol=0 e=[-6, -4, -2, -1, 1, 2] H_mismatch=False
[   5.1s]   -73/362 p=19 tests=138810 passed=59490 T_odd=0 L_odd=0 viol=0 e=[1, 2, 3, 4, 5, 6] H_mismatch=False
[   6.0s]   -73/362 p=23 tests=246750 passed=105750 T_odd=0 L_odd=0 viol=0 e=[1, 2, 3, 4, 5, 6] H_mismatch=False
[   6.0s]   -73/362 p=29 tests=18816 passed=10366 T_odd=2215 L_odd=0 viol=0 e=[-7, -5, -3, -1, 0, 1] H_mismatch=False
[   6.1s]   -73/362 p=31 tests=21882 passed=9393 T_odd=0 L_odd=0 viol=0 e=[0, 1, 2, 3, 4, 5] H_mismatch=False
[   6.2s]   -73/362 p=37 tests=30324 passed=12996 T_odd=0 L_odd=0 viol=0 e=[1, 2, 3, 4, 5, 6] H_mismatch=False
[   6.4s]   -73/362 p=41 tests=36792 passed=15768 T_odd=0 L_odd=0 viol=0 e=[1, 2, 3, 4, 5, 6] H_mismatch=False
[   6.5s]   -73/362 p=43 tests=40278 passed=17262 T_odd=0 L_odd=0 viol=0 e=[1, 2, 3, 4, 5, 6] H_mismatch=False
[   7.1s] -73/362 real: {'tested': 40000, 'eight_positive': 403, 'negative_cell': 0}
[   7.6s]   7/18 p=2 tests=173796 passed=49656 T_odd=0 L_odd=0 viol=0 e=[3, 4, 5, 6] H_mismatch=False
[   8.4s]   7/18 p=3 tests=277326 passed=118854 T_odd=0 L_odd=0 viol=0 e=[1, 2, 3, 4, 5, 6] H_mismatch=False
[   9.2s]   7/18 p=5 tests=264260 passed=132954 T_odd=0 L_odd=0 viol=0 e=[-6, -4, -2, 1, 2, 3] H_mismatch=False
[  10.2s]   7/18 p=7 tests=304288 passed=130410 T_odd=0 L_odd=0 viol=0 e=[1, 2, 3, 4, 5, 6] H_mismatch=False
[  11.2s]   7/18 p=11 tests=281272 passed=120720 T_odd=0 L_odd=0 viol=0 e=[0, 1, 2, 3, 4, 5] H_mismatch=False
[  11.3s]   7/18 p=13 tests=44940 passed=23949 T_odd=0 L_odd=0 viol=0 e=[-6, -4, -2, 1, 2, 3] H_mismatch=False
[  11.7s]   7/18 p=17 tests=99456 passed=42624 T_odd=0 L_odd=0 viol=0 e=[1, 2, 3, 4, 5, 6] H_mismatch=False
[  12.1s]   7/18 p=19 tests=138810 passed=59490 T_odd=0 L_odd=0 viol=0 e=[1, 2, 3, 4, 5, 6] H_mismatch=False
[  13.0s]   7/18 p=23 tests=246750 passed=105795 T_odd=0 L_odd=0 viol=0 e=[0, 1, 2, 3, 4, 5] H_mismatch=False
[  13.1s]   7/18 p=29 tests=19404 passed=8316 T_odd=0 L_odd=0 viol=0 e=[1, 2, 3, 4, 5, 6] H_mismatch=False
[  13.2s]   7/18 p=31 tests=21882 passed=9378 T_odd=0 L_odd=0 viol=0 e=[1, 2, 3, 4, 5, 6] H_mismatch=False
[  13.3s]   7/18 p=37 tests=30324 passed=12996 T_odd=0 L_odd=0 viol=0 e=[1, 2, 3, 4, 5, 6] H_mismatch=False
[  13.4s]   7/18 p=41 tests=36792 passed=15768 T_odd=0 L_odd=0 viol=0 e=[1, 2, 3, 4, 5, 6] H_mismatch=False
[  13.6s]   7/18 p=43 tests=40278 passed=17262 T_odd=0 L_odd=0 viol=0 e=[1, 2, 3, 4, 5, 6] H_mismatch=False
[  14.2s] 7/18 real: {'tested': 40000, 'eight_positive': 1468, 'negative_cell': 0}
[  14.7s]   8/9 p=2 tests=173756 passed=49656 T_odd=0 L_odd=0 viol=0 e=[3, 4, 5, 6] H_mismatch=False
[  15.5s]   8/9 p=3 tests=277278 passed=118854 T_odd=0 L_odd=0 viol=0 e=[1, 2, 3, 4, 5, 6] H_mismatch=False
[  16.3s]   8/9 p=5 tests=264834 passed=113508 T_odd=0 L_odd=0 viol=0 e=[1, 2, 3, 4, 5, 6] H_mismatch=False
[  17.2s]   8/9 p=7 tests=304862 passed=130662 T_odd=0 L_odd=0 viol=0 e=[1, 2, 3, 4, 5, 6] H_mismatch=False
[  18.1s]   8/9 p=11 tests=281846 passed=120798 T_odd=0 L_odd=0 viol=0 e=[1, 2, 3, 4, 5, 6] H_mismatch=False
[  18.2s]   8/9 p=13 tests=44924 passed=19260 T_odd=0 L_odd=0 viol=0 e=[1, 2, 3, 4, 5, 6] H_mismatch=False
[  18.6s]   8/9 p=17 tests=98836 passed=54057 T_odd=0 L_odd=11685 viol=0 e=[-7, -5, -3, -1, 1, 2] H_mismatch=False
[  19.0s]   8/9 p=19 tests=138794 passed=59490 T_odd=0 L_odd=0 viol=0 e=[1, 2, 3, 4, 5, 6] H_mismatch=False
[  19.9s]   8/9 p=23 tests=246734 passed=105795 T_odd=0 L_odd=0 viol=0 e=[0, 1, 2, 3, 4, 5] H_mismatch=False
[  20.0s]   8/9 p=29 tests=19388 passed=8316 T_odd=0 L_odd=0 viol=0 e=[1, 2, 3, 4, 5, 6] H_mismatch=False
[  20.0s]   8/9 p=31 tests=21866 passed=9378 T_odd=0 L_odd=0 viol=0 e=[1, 2, 3, 4, 5, 6] H_mismatch=False
[  20.2s]   8/9 p=37 tests=30308 passed=12996 T_odd=0 L_odd=0 viol=0 e=[1, 2, 3, 4, 5, 6] H_mismatch=False
[  20.3s]   8/9 p=41 tests=36776 passed=19584 T_odd=0 L_odd=0 viol=0 e=[-6, -4, -2, 1, 2, 3] H_mismatch=False
[  20.4s]   8/9 p=43 tests=40262 passed=17268 T_odd=0 L_odd=0 viol=0 e=[0, 1, 2, 3, 4, 5] H_mismatch=False
[  21.0s] 8/9 real: {'tested': 40000, 'eight_positive': 1399, 'negative_cell': 0}
[  21.5s]   19/30 p=2 tests=173796 passed=49656 T_odd=0 L_odd=0 viol=0 e=[3, 4, 5, 6] H_mismatch=False
[  22.3s]   19/30 p=3 tests=277326 passed=118854 T_odd=0 L_odd=0 viol=0 e=[1, 2, 3, 4, 5, 6] H_mismatch=False
[  23.1s]   19/30 p=5 tests=264264 passed=113256 T_odd=0 L_odd=0 viol=0 e=[1, 2, 3, 4, 5, 6] H_mismatch=False
[  24.0s]   19/30 p=7 tests=304288 passed=130410 T_odd=0 L_odd=0 viol=0 e=[1, 2, 3, 4, 5, 6] H_mismatch=False
[  24.9s]   19/30 p=11 tests=281272 passed=120721 T_odd=0 L_odd=0 viol=0 e=[0, 1, 2, 3, 4, 5] H_mismatch=False
[  25.1s]   19/30 p=13 tests=44940 passed=19260 T_odd=0 L_odd=0 viol=0 e=[1, 2, 3, 4, 5, 6] H_mismatch=False
[  25.4s]   19/30 p=17 tests=99456 passed=53154 T_odd=0 L_odd=0 viol=0 e=[-6, -4, -2, 1, 2, 3] H_mismatch=False
[  25.9s]   19/30 p=19 tests=138220 passed=61404 T_odd=0 L_odd=0 viol=0 e=[0, 1, 2, 3, 4, 5] H_mismatch=False
[  26.7s]   19/30 p=23 tests=246750 passed=105793 T_odd=0 L_odd=0 viol=0 e=[0, 1, 2, 3, 4, 5] H_mismatch=False
[  26.8s]   19/30 p=29 tests=19404 passed=8316 T_odd=0 L_odd=0 viol=0 e=[1, 2, 3, 4, 5, 6] H_mismatch=False
[  26.9s]   19/30 p=31 tests=21882 passed=9378 T_odd=0 L_odd=0 viol=0 e=[1, 2, 3, 4, 5, 6] H_mismatch=False
[  27.0s]   19/30 p=37 tests=30324 passed=12996 T_odd=0 L_odd=0 viol=0 e=[1, 2, 3, 4, 5, 6] H_mismatch=False
[  27.1s]   19/30 p=41 tests=36792 passed=19591 T_odd=0 L_odd=0 viol=0 e=[-6, -4, -2, 0, 1, 2] H_mismatch=False
[  27.3s]   19/30 p=43 tests=40278 passed=17262 T_odd=0 L_odd=0 viol=0 e=[1, 2, 3, 4, 5, 6] H_mismatch=False
[  27.8s] 19/30 real: {'tested': 40000, 'eight_positive': 1424, 'negative_cell': 0}
[  28.8s] Sage-сверка подвыборки: случаев 5611, расхождений 0
[  28.8s] ИТОГ части 3: {'tests': 7918618, 'passed': 3402374, 'viol': 0, 'T_odd': 31283, 'L_odd': 18747, 'H_mismatch': 0, 'real_bad': 0, 'sage_sub': 5611, 'sage_mismatch': 0, 'time_s': 28.8}
