126/451  [2.8s]
   кандидат (1,1): не найден локально при — (все места ок)
   кандидат (1,577): не найден локально при [(7, (0, 2)), (13, (0, 2)), (29, (0, 2)), (37, (0, 2)), (41, (0, 2)), (43, (0, 2)), (47, (0, 2))]
     образ при p=5: [(0, 0), (0, 2), (2, 2)]
     образ при p=7: [(0, 0)]
     образ при p=11: [(0, 0)]
     образ при p=13: [(0, 0), (1, 2), (2, 0), (3, 2)]
     образ при p=17: [(0, 0)]
     образ при p=19: [(0, 0)]
     образ при p=23: [(0, 0)]
     образ при p=29: [(0, 0)]
     образ при p=31: [(0, 0)]
     образ при p=37: [(0, 0)]
     образ при p=41: [(0, 0)]
     образ при p=43: [(0, 0)]
     образ при p=47: [(0, 0)]
     образ при p=53: [(0, 0), (2, 0), (2, 2)]
     образ при p=59: [(0, 0)]
     образ при p=577: [(0, 0), (0, 1), (0, 2), (0, 3)]
-126/451  [5.6s]
   кандидат (1,1): не найден локально при — (все места ок)
   кандидат (577,1): не найден локально при [(7, (2, 0)), (13, (2, 0)), (29, (2, 0)), (37, (2, 0)), (41, (2, 0)), (43, (2, 0)), (47, (2, 0))]
     образ при p=5: [(0, 0), (2, 0), (2, 2)]
     образ при p=7: [(0, 0)]
     образ при p=11: [(0, 0)]
     образ при p=13: [(0, 0), (0, 2), (2, 1), (2, 3)]
     образ при p=17: [(0, 0)]
     образ при p=19: [(0, 0)]
     образ при p=23: [(0, 0)]
     образ при p=29: [(0, 0)]
     образ при p=31: [(0, 0)]
     образ при p=37: [(0, 0)]
     образ при p=41: [(0, 0)]
     образ при p=43: [(0, 0)]
     образ при p=47: [(0, 0)]
     образ при p=53: [(0, 0), (0, 2), (2, 2)]
     образ при p=59: [(0, 0)]
     образ при p=577: [(0, 0), (1, 0), (2, 0), (3, 0)]
73/362  [8.6s]
   кандидат (1,1): не найден локально при — (все места ок)
   кандидат (1,145): не найден локально при [(5, (0, 1)), (7, (0, 2)), (11, (0, 2)), (13, (0, 2)), (19, (0, 2)), (23, (0, 2)), (29, (0, 1)), (41, (0, 2)), (53, (0, 2))]
     образ при p=5: [(0, 0), (2, 1), (2, 3)]
     образ при p=7: [(0, 0)]
     образ при p=11: [(0, 0)]
     образ при p=13: [(0, 0), (2, 0)]
     образ при p=17: [(0, 0), (1, 0), (2, 0), (3, 0)]
     образ при p=19: [(0, 0)]
     образ при p=23: [(0, 0)]
     образ при p=29: [(0, 0), (0, 2), (2, 1), (2, 3)]
     образ при p=31: [(0, 0), (0, 2)]
     образ при p=37: [(0, 0)]
     образ при p=41: [(0, 0)]
     образ при p=43: [(0, 0)]
     образ при p=47: [(0, 0), (0, 2)]
     образ при p=53: [(0, 0)]
     образ при p=59: [(0, 0)]
     образ при p=73: [(0, 0)]
     образ при p=181: [(0, 0)]
265/298  [11.9s]
   кандидат (1,1): не найден локально при — (все места ок)
     образ при p=5: [(0, 0)]
     образ при p=7: [(0, 0)]
     образ при p=11: [(0, 0), (2, 0)]
     образ при p=13: [(0, 0)]
     образ при p=17: [(0, 0)]
     образ при p=19: [(0, 0)]
     образ при p=23: [(0, 0)]
     образ при p=29: [(0, 0)]
     образ при p=31: [(0, 0)]
     образ при p=37: [(0, 0), (2, 0)]
     образ при p=41: [(0, 0), (2, 0)]
     образ при p=43: [(0, 0)]
     образ при p=47: [(0, 0), (2, 0)]
     образ при p=53: [(0, 0)]
     образ при p=59: [(0, 0)]
     образ при p=149: [(0, 0)]
     образ при p=563: [(0, 0), (0, 2)]
12/85  [14.8s]
   кандидат (1,1): не найден локально при — (все места ок)
   кандидат (1,97): не найден локально при [(5, (0, 2)), (7, (0, 2)), (13, (0, 2)), (17, (0, 2)), (19, (0, 2)), (23, (0, 2)), (29, (0, 2)), (41, (0, 2)), (59, (0, 2))]
   кандидат (73,1): не найден локально при [(5, (2, 0)), (7, (2, 0)), (11, (2, 0)), (13, (2, 0)), (17, (2, 0)), (29, (2, 0)), (31, (2, 0)), (43, (2, 0)), (47, (2, 0)), (59, (2, 0))]
   кандидат (73,97): не найден локально при [(5, (2, 2)), (7, (2, 2)), (11, (2, 0)), (13, (2, 2)), (17, (2, 2)), (19, (0, 2)), (23, (0, 2)), (29, (2, 2)), (31, (2, 0)), (41, (0, 2)), (43, (2, 0)), (47, (2, 0)), (59, (2, 2))]
     образ при p=5: [(0, 0)]
     образ при p=7: [(0, 0)]
     образ при p=11: [(0, 0)]
     образ при p=13: [(0, 0)]
     образ при p=17: [(0, 0)]
     образ при p=19: [(0, 0), (2, 2)]
     образ при p=23: [(0, 0)]
     образ при p=29: [(0, 0)]
     образ при p=31: [(0, 0)]
     образ при p=37: [(0, 0), (0, 2)]
     образ при p=41: [(0, 0), (2, 0)]
     образ при p=43: [(0, 0)]
     образ при p=47: [(0, 0)]
     образ при p=53: [(0, 0), (0, 2), (2, 0)]
     образ при p=59: [(0, 0)]
     образ при p=73: [(0, 0), (1, 0), (2, 0), (3, 0)]
     образ при p=97: [(0, 0), (0, 1), (0, 2), (0, 3)]
2/3  [16.8s]
   кандидат (1,1): не найден локально при — (все места ок)
     образ при p=5: [(0, 0), (2, 1), (2, 3)]
     образ при p=7: [(0, 0)]
     образ при p=11: [(0, 0)]
     образ при p=13: [(0, 0)]
     образ при p=17: [(0, 0)]
     образ при p=19: [(0, 0)]
     образ при p=23: [(0, 0)]
     образ при p=29: [(0, 0), (2, 2)]
     образ при p=31: [(0, 0)]
     образ при p=37: [(0, 0), (0, 2)]
     образ при p=41: [(0, 0)]
     образ при p=43: [(0, 0), (2, 2)]
     образ при p=47: [(0, 0), (0, 2)]
     образ при p=53: [(0, 0), (2, 0), (2, 2)]
     образ при p=59: [(0, 0), (0, 2)]
4/9  [18.9s]
   кандидат (1,1): не найден локально при — (все места ок)
     образ при p=5: [(0, 0), (1, 2), (3, 2)]
     образ при p=7: [(0, 0)]
     образ при p=11: [(0, 0)]
     образ при p=13: [(0, 0), (0, 2), (2, 1), (2, 3)]
     образ при p=17: [(0, 0), (2, 0)]
     образ при p=19: [(0, 0)]
     образ при p=23: [(0, 0)]
     образ при p=29: [(0, 0)]
     образ при p=31: [(0, 0)]
     образ при p=37: [(0, 0), (2, 2)]
     образ при p=41: [(0, 0), (0, 2)]
     образ при p=43: [(0, 0)]
     образ при p=47: [(0, 0)]
     образ при p=53: [(0, 0), (2, 0)]
     образ при p=59: [(0, 0), (2, 0)]
8/9  [21.0s]
   кандидат (1,1): не найден локально при — (все места ок)
     образ при p=5: [(0, 0)]
     образ при p=7: [(0, 0)]
     образ при p=11: [(0, 0)]
     образ при p=13: [(0, 0)]
     образ при p=17: [(0, 0), (0, 1), (0, 3)]
     образ при p=19: [(0, 0)]
     образ при p=23: [(0, 0), (0, 2)]
     образ при p=29: [(0, 0)]
     образ при p=31: [(0, 0)]
     образ при p=37: [(0, 0)]
     образ при p=41: [(0, 0), (0, 2)]
     образ при p=43: [(0, 0), (2, 2)]
     образ при p=47: [(0, 0)]
     образ при p=53: [(0, 0)]
     образ при p=59: [(0, 0)]
время 21.0
