/home/kep/magicKube/lift_classes/recompute/v3_a51edd4e/t3d_universal_and_consistency.py:2: SyntaxWarning: "\ " is an invalid escape sequence. Such sequences will not work in the future. Did you mean "\\ "? A raw string is also an option.
  """t3d: (A) универсальный образ I_p = объединение I_p(r0,s0) по всем (r0,s0) в F_p^2 \ {0}, p = 3 mod 4;
(D) F2: {'n_solutions': 4, 'weights': [0, 4, 6, 6], 'pattern_ok': True}
(A) p=7: объединение I_p по всем (r,s) mod p = [(1, 1)]
(A) p=11: объединение I_p по всем (r,s) mod p = [(-1, 1), (1, -1), (1, 1)]
(A) p=19: объединение I_p по всем (r,s) mod p = [(-1, -1), (-1, 1), (1, -1), (1, 1)]
(A) p=23: объединение I_p по всем (r,s) mod p = [(-1, 1), (1, -1), (1, 1)]
(A) p=31: объединение I_p по всем (r,s) mod p = [(-1, 1), (1, -1), (1, 1)]
(A) p=43: объединение I_p по всем (r,s) mod p = [(-1, -1), (-1, 1), (1, -1), (1, 1)]
(A) p=47: объединение I_p по всем (r,s) mod p = [(-1, -1), (-1, 1), (1, -1), (1, 1)]
(A) p=59: объединение I_p по всем (r,s) mod p = [(-1, -1), (-1, 1), (1, -1), (1, 1)]
(A) p=67: объединение I_p по всем (r,s) mod p = [(-1, -1), (-1, 1), (1, -1), (1, 1)]
(A) p=71: объединение I_p по всем (r,s) mod p = [(-1, -1), (-1, 1), (1, -1), (1, 1)]
(A) p=79: объединение I_p по всем (r,s) mod p = [(-1, -1), (-1, 1), (1, -1), (1, 1)]
(A) p=83: объединение I_p по всем (r,s) mod p = [(-1, -1), (-1, 1), (1, -1), (1, 1)]
(A) p=103: объединение I_p по всем (r,s) mod p = [(-1, -1), (-1, 1), (1, -1), (1, 1)]
(A) p=107: объединение I_p по всем (r,s) mod p = [(-1, -1), (-1, 1), (1, -1), (1, 1)]
(A) p=127: объединение I_p по всем (r,s) mod p = [(-1, -1), (-1, 1), (1, -1), (1, 1)]
(A) p=131: объединение I_p по всем (r,s) mod p = [(-1, -1), (-1, 1), (1, -1), (1, 1)]
(A) p=139: объединение I_p по всем (r,s) mod p = [(-1, -1), (-1, 1), (1, -1), (1, 1)]
(A) p=151: объединение I_p по всем (r,s) mod p = [(-1, -1), (-1, 1), (1, -1), (1, 1)]
(A) p=163: объединение I_p по всем (r,s) mod p = [(-1, -1), (-1, 1), (1, -1), (1, 1)]
(A) p=167: объединение I_p по всем (r,s) mod p = [(-1, -1), (-1, 1), (1, -1), (1, 1)]
(A) p=179: объединение I_p по всем (r,s) mod p = [(-1, -1), (-1, 1), (1, -1), (1, 1)]
(A) p=191: объединение I_p по всем (r,s) mod p = [(-1, -1), (-1, 1), (1, -1), (1, 1)]
(A) p=199: объединение I_p по всем (r,s) mod p = [(-1, -1), (-1, 1), (1, -1), (1, 1)]
(B) 126/451 p=19: выборка ['(1, 1)'], оценка [(-1, 1), (1, 1)], subset=True
(B) -126/451 p=19: выборка ['(1, 1)'], оценка [(1, -1), (1, 1)], subset=True
(B) пар (наклон,p): 110; выборка внутри оценки: 110; совпадение: 108
(C) e=-4: проверено 14406, прошло 0, нетривиальный [T] или [L]: 0  t=13.7s
(C) e=-3: проверено 28812, прошло 0, нетривиальный [T] или [L]: 0  t=14.0s
(C) e=-2: проверено 43218, прошло 0, нетривиальный [T] или [L]: 0  t=14.2s
(C) e=-1: проверено 57624, прошло 0, нетривиальный [T] или [L]: 0  t=14.5s
(C) e=0: проверено 72030, прошло 0, нетривиальный [T] или [L]: 0  t=14.8s
(C) e=1: проверено 86436, прошло 14406, нетривиальный [T] или [L]: 0  t=15.5s
(C) e=2: проверено 100842, прошло 28812, нетривиальный [T] или [L]: 0  t=16.2s
(C) e=3: проверено 115248, прошло 43218, нетривиальный [T] или [L]: 0  t=17.0s
(C) e=4: проверено 129654, прошло 57624, нетривиальный [T] или [L]: 0  t=17.7s
(C) e=5: проверено 144060, прошло 72030, нетривиальный [T] или [L]: 0  t=18.4s
(C) 577 -- квадрат в Q_7? False
время 18.4
