(A) 126/451: z построено 4, годны при всех 15 простых: 4, нечётная v(T) при [13], v(L) при [577], нарушений 0  t=12.1s
(A) -126/451: z построено 4, годны при всех 15 простых: 4, нечётная v(T) при [577], v(L) при [], нарушений 0  t=24.3s
(A) 73/362: z построено 4, годны при всех 14 простых: 4, нечётная v(T) при [17], v(L) при [5, 29], нарушений 0  t=36.1s
(A) -73/362: z построено 4, годны при всех 14 простых: 4, нечётная v(T) при [5, 29], v(L) при [17], нарушений 0  t=47.8s
(A) 265/298: z построено 4, годны при всех 15 простых: 4, нечётная v(T) при [], v(L) при [], нарушений 0  t=59.9s
(A) 12/85: z построено 4, годны при всех 16 простых: 4, нечётная v(T) при [73], v(L) при [97], нарушений 0  t=72.1s
(A) 2/3: z построено 4, годны при всех 14 простых: 4, нечётная v(T) при [], v(L) при [5], нарушений 0  t=83.5s
(A) 5/8: z построено 4, годны при всех 14 простых: 4, нечётная v(T) при [], v(L) при [13], нарушений 0  t=95.5s
(A) 3/10: z построено 4, годны при всех 14 простых: 4, нечётная v(T) при [], v(L) при [13], нарушений 0  t=107.1s
(A) 7/18: z построено 4, годны при всех 14 простых: 4, нечётная v(T) при [], v(L) при [], нарушений 0  t=118.7s
(A) 1/24: z построено 4, годны при всех 14 простых: 4, нечётная v(T) при [], v(L) при [], нарушений 0  t=130.2s
(A) 19/30: z построено 4, годны при всех 14 простых: 4, нечётная v(T) при [], v(L) при [], нарушений 0  t=141.8s
(A) 11/14: z построено 4, годны при всех 14 простых: 4, нечётная v(T) при [], v(L) при [], нарушений 0  t=153.3s
(A) 4/9: z построено 4, годны при всех 14 простых: 4, нечётная v(T) при [5], v(L) при [], нарушений 0  t=164.8s
(A) 362/363: z построено 4, годны при всех 14 простых: 4, нечётная v(T) при [], v(L) при [29], нарушений 0  t=176.4s
(A) 61/64: z построено 4, годны при всех 14 простых: 4, нечётная v(T) при [], v(L) при [5], нарушений 0  t=187.9s
(A) 1/97: z построено 4, годны при всех 14 простых: 4, нечётная v(T) при [], v(L) при [], нарушений 0  t=199.4s
(A) 24/49: z построено 4, годны при всех 15 простых: 4, нечётная v(T) при [], v(L) при [73], нарушений 0  t=211.2s
(A) ИТОГ: {'z_built': 72, 'z_ok': 72, 'checks': 1032, 'viol': 0, 'odd_T': 18, 'odd_L': 23}
(B) p=7, случайные рациональные z: проверено 36607, 8 произведений -- квадраты в Q_7: 20216, из них T или L или клетка не квадрат: 0  t=212.7s
(C) 35 столбцов: с тавтологией BC ранг 34 (ожидается 34), с посторонней формой a+b+2c ранг 35 (ожидается 35)
время 213.0 с
