кривых: 37
six 11/120 [109, 120, 131] - L(E,1)=25.8612893826 L/Omega(PARI)=128.00000000000000000000 Sage L_ratio=128 РАСХОЖДЕНИЕ
six 21/121 [21, 121, 142] + L(E,1)=8.19988001587 L/Omega(PARI)=4608.00000000000000000000 Sage L_ratio=4608 РАСХОЖДЕНИЕ
six 117/122 [117, 122, 239] + L(E,1)=4.68294720696 L/Omega(PARI)=9216.00000000000000000000 Sage L_ratio=9216 РАСХОЖДЕНИЕ
six 23/130 [107, 130, 153] - L(E,1)=17.0256167964 L/Omega(PARI)=256.00000000000000000000 Sage L_ratio=256 РАСХОЖДЕНИЕ
six 148/157 [9, 148, 305] - L(E,1)=2.81740496175 L/Omega(PARI)=64.00000000000000000000 Sage L_ratio=64 РАСХОЖДЕНИЕ
six 9/170 [161, 170, 179] - L(E,1)=9.04660884316 L/Omega(PARI)=32.00000000000000000000 Sage L_ratio=32 РАСХОЖДЕНИЕ
six 131/135 [4, 135, 266] - L(E,1)=9.75866102508 L/Omega(PARI)=384.00000000000000000000 Sage L_ratio=384 РАСХОЖДЕНИЕ
six 75/154 [75, 154, 229] + L(E,1)=15.9510887194 L/Omega(PARI)=27648.00000000000000000000 Sage L_ratio=27648 РАСХОЖДЕНИЕ
six 97/171 [74, 97, 268] - L(E,1)=9.51057010022 L/Omega(PARI)=128.00000000000000000000 Sage L_ratio=128 РАСХОЖДЕНИЕ
six 66/97 [66, 97, 163] - L(E,1)=22.999419169 L/Omega(PARI)=512.00000000000000000000 Sage L_ratio=512 РАСХОЖДЕНИЕ
six 151/174 [23, 151, 174] + L(E,1)=2.80476613435 L/Omega(PARI)=2304.00000000000000000000 Sage L_ratio=2304 РАСХОЖДЕНИЕ
six 145/149 [4, 145, 294] - L(E,1)=5.85905267196 L/Omega(PARI)=256.00000000000000000000 Sage L_ratio=256 РАСХОЖДЕНИЕ
six 33/173 [33, 140, 206] - L(E,1)=4.56286608612 L/Omega(PARI)=128.00000000000000000000 Sage L_ratio=128 РАСХОЖДЕНИЕ
six 120/173 [53, 120, 173] - L(E,1)=11.1739374262 L/Omega(PARI)=128.00000000000000000000 Sage L_ratio=128 РАСХОЖДЕНИЕ
six 101/148 [101, 148, 249] + L(E,1)=6.54900082526 L/Omega(PARI)=13824.00000000000000000000 Sage L_ratio=13824 РАСХОЖДЕНИЕ
six 107/171 [107, 171, 278] + L(E,1)=3.52369190399 L/Omega(PARI)=9216.00000000000000000000 Sage L_ratio=9216 РАСХОЖДЕНИЕ
six 97/177 [80, 97, 177] - L(E,1)=21.0354210323 L/Omega(PARI)=256.00000000000000000000 Sage L_ratio=256 совпало
six 57/170 [113, 170, 227] - L(E,1)=18.6091257273 L/Omega(PARI)=512.00000000000000000000 Sage L_ratio=512 РАСХОЖДЕНИЕ
six 142/191 [49, 191, 333] - L(E,1)=10.7086698999 L/Omega(PARI)=256.00000000000000000000 Sage L_ratio=256 РАСХОЖДЕНИЕ
six 107/167 [60, 107, 167] + L(E,1)=7.39124257352 L/Omega(PARI)=6912.00000000000000000000 Sage L_ratio=6912 РАСХОЖДЕНИЕ
six 79/155 [79, 155, 234] - L(E,1)=32.6365175991 L/Omega(PARI)=1024.00000000000000000000 Sage L_ratio=1024 РАСХОЖДЕНИЕ
six 49/191 [49, 191, 240] + L(E,1)=23.9646252124 L/Omega(PARI)=41472.00000000000000000000 Sage L_ratio=41472 РАСХОЖДЕНИЕ
six 89/194 [89, 105, 194] + L(E,1)=10.6838258142 L/Omega(PARI)=13824.00000000000000000000 Sage L_ratio=13824 РАСХОЖДЕНИЕ
six 101/195 [94, 101, 195] + L(E,1)=10.5550518649 L/Omega(PARI)=13824.00000000000000000000 Sage L_ratio=13824 РАСХОЖДЕНИЕ
six 43/174 [43, 131, 174] + L(E,1)=9.71763515745 L/Omega(PARI)=9216.00000000000000000000 Sage L_ratio=9216 РАСХОЖДЕНИЕ
six 158/195 [37, 195, 353] - L(E,1)=19.9796331011 L/Omega(PARI)=512.00000000000000000000 Sage L_ratio=512 РАСХОЖДЕНИЕ
six 195/197 [2, 195, 197] + L(E,1)=7.59783797987 L/Omega(PARI)=4608.00000000000000000000 Sage L_ratio=4608 РАСХОЖДЕНИЕ
six 149/191 [42, 149, 340] - L(E,1)=2.503045459 L/Omega(PARI)=128.00000000000000000000 Sage L_ratio=128 РАСХОЖДЕНИЕ
six 193/194 [193, 194, 387] + L(E,1)=1.78579141423 L/Omega(PARI)=9216.00000000000000000000 Sage L_ratio=9216 РАСХОЖДЕНИЕ
six 172/193 [21, 172, 193] + L(E,1)=14.3316448679 L/Omega(PARI)=13824.00000000000000000000 Sage L_ratio=13824 РАСХОЖДЕНИЕ
six 165/194 [165, 194, 359] + L(E,1)=6.23923159567 L/Omega(PARI)=27648.00000000000000000000 Sage L_ratio=27648 РАСХОЖДЕНИЕ
six 120/151 [120, 151, 271] + L(E,1)=10.9733284741 L/Omega(PARI)=27648.00000000000000000000 Sage L_ratio=27648 РАСХОЖДЕНИЕ
g1 144/173 [-317, -173, 144]  L(E,1)=14.491141889 L/Omega(PARI)=256.00000000000000000000 Sage L_ratio=256 РАСХОЖДЕНИЕ
g1 193/199 [-392, -199, -193]  L(E,1)=2.05177252498 L/Omega(PARI)=64.00000000000000000000 Sage L_ratio=64 РАСХОЖДЕНИЕ
g1 1/194 [-194, -193, -1]  L(E,1)=2.20485719022 L/Omega(PARI)=16.00000000000000000000 Sage L_ratio=16 совпало
g1 84/185 [-269, -84, 84, 269]  L(E,1)=12.2677708253 L/Omega(PARI)=512.00000000000000000000 Sage L_ratio=512 РАСХОЖДЕНИЕ
g1 46/193 [-239, -46, 193]  L(E,1)=1.86699554616 L/Omega(PARI)=64.00000000000000000000 Sage L_ratio=64 РАСХОЖДЕНИЕ
расхождений: 35
