в файле: закрытых 147 ellrank 142 иных 5
  1/147 81/110 [-191, -110, -81] T=8 L=64(0.1s) mw=0 pts=8/8 closed=True 0s
  2/147 9/61 [-70, -61, 9] T=8 L=32(0.1s) mw=0 pts=8/8 closed=True 0s
  3/147 52/115 [-167, -115, -52] T=8 L=8(0.0s) mw=0 pts=8/8 closed=True 0s
  4/147 12/119 [-131, -119, -12] T=8 L=4(0.1s) mw=0 pts=8/8 closed=True 0s
  5/147 47/101 [-148, -101, -47] T=8 L=16(0.1s) mw=2 pts=8/8 closed=True 0s
  6/147 94/105 [-199, -105, -94] T=8 L=64(0.2s) mw=0 pts=8/8 closed=True 0s
  7/147 47/54 [-101, -54, 47] T=8 L=16(0.1s) mw=2 pts=8/8 closed=True 0s
  8/147 29/110 [-139, -29, 110] T=8 L=32(0.3s) mw=0 pts=8/8 closed=True 0s
  9/147 41/89 [-130, -89, -41] T=8 L=32(0.1s) mw=0 pts=8/8 closed=True 0s
 10/147 13/119 [-132, -13, 119] T=8 L=16(0.1s) mw=0 pts=8/8 closed=True 0s
 11/147 52/107 [-159, -107, 52] T=8 L=16(0.1s) mw=2 pts=8/8 closed=True 0s
 12/147 11/109 [-120, -109, 11] T=8 L=64(0.0s) mw=0 pts=8/8 closed=True 0s
 13/147 20/123 [-143, -20, 123] T=8 L=128(0.2s) mw=0 pts=8/8 closed=True 0s
 14/147 113/120 [-233, -120, -113] T=8 L=64(0.1s) mw=0 pts=8/8 closed=True 0s
 15/147 35/114 [-114, -79, -35] T=8 L=32(0.1s) mw=0 pts=8/8 closed=True 0s
 16/147 79/126 [-205, -126, 79] T=8 L=32(0.3s) mw=0 pts=8/8 closed=True 0s
 17/147 89/120 [-120, -89, 31] T=8 L=64(0.1s) mw=0 pts=8/8 closed=True 0s
 18/147 26/129 [-155, -129, -26] T=8 L=128(0.2s) mw=2 pts=8/8 closed=True 0s
 19/147 69/130 [-199, -130, 69] T=8 L=128(0.5s) mw=2 pts=8/8 closed=True 1s
 20/147 86/131 [-217, -131, 86] T=8 L=32(0.8s) mw=0 pts=8/8 closed=True 1s
 21/147 55/126 [-181, -55, 126] T=8 L=64(0.4s) mw=0 pts=8/8 closed=True 0s
 22/147 4/131 [-135, -4, 131] T=8 L=48(0.0s) mw=0 pts=8/8 closed=True 0s
 23/147 33/124 [-157, -33, 124] T=8 L=8(0.1s) mw=2 pts=8/8 closed=True 0s
 24/147 49/131 [-131, -49, 82] T=8 L=72(0.1s) mw=0 pts=8/8 closed=True 0s
 25/147 119/134 [-253, -134, -119] T=8 L=64(0.3s) mw=0 pts=8/8 closed=True 0s
 26/147 34/111 [-111, -77, -34] T=8 L=32(0.1s) mw=0 pts=8/8 closed=True 0s
 27/147 93/134 [-227, -134, 93] T=8 L=64(0.2s) mw=2 pts=8/8 closed=True 0s
 28/147 103/110 [-110, -103, 7] T=8 L=32(0.1s) mw=0 pts=8/8 closed=True 0s
 29/147 106/119 [-225, -119, 13, 119] T=8 L=32(0.2s) mw=0 pts=8/8 closed=True 0s
 30/147 129/134 [-263, -134, -129] T=8 L=64(0.2s) mw=2 pts=8/8 closed=True 0s
 31/147 134/141 [-275, -141, -134] T=8 L=64(0.1s) mw=0 pts=8/8 closed=True 0s
 32/147 32/129 [-161, -32, 129] T=8 L=256(0.1s) mw=2 pts=8/8 closed=True 0s
 33/147 5/132 [-137, -5, 132] T=8 L=16(0.1s) mw=0 pts=8/8 closed=True 0s
 34/147 49/144 [-193, -144, -49] T=8 L=64(0.0s) mw=0 pts=8/8 closed=True 0s
 35/147 93/140 [-233, -140, -93] T=8 L=64(0.1s) mw=2 pts=8/8 closed=True 0s
 36/147 129/142 [-271, -142, -129] T=8 L=64(0.3s) mw=2 pts=8/8 closed=True 0s
 37/147 57/148 [-205, -148, 57] T=8 L=64(0.5s) mw=0 pts=8/8 closed=True 0s
 38/147 5/131 [-136, -5, 131] T=8 L=32(0.1s) mw=2 pts=8/8 closed=True 0s
 39/147 115/143 [-258, -115, 143] T=8 L=512(1.3s) mw=2 pts=8/8 closed=True 2s
 40/147 73/145 [-218, -145, -73] T=8 L=64(0.1s) mw=2 pts=8/8 closed=True 0s
 41/147 87/131 [-131, -87, -44] T=8 L=4(0.1s) mw=0 pts=8/8 closed=True 0s
 42/147 115/151 [-266, -151, -115] T=8 L=32(0.2s) mw=0 pts=8/8 closed=True 0s
 43/147 114/139 [-139, -114, -25] T=8 L=32(0.1s) mw=0 pts=8/8 closed=True 0s
 44/147 80/89 [-169, -80, -9, 80] T=8 L=96(0.2s) mw=2 pts=8/8 closed=True 0s
 45/147 96/149 [-245, -149, -96] T=8 L=96(0.1s) mw=0 pts=8/8 closed=True 0s
 46/147 5/137 [-137, -5, 132] T=8 L=16(0.1s) mw=0 pts=8/8 closed=True 0s
 47/147 59/147 [-206, -59, 147] T=8 L=32(0.5s) mw=0 pts=8/8 closed=True 0s
 48/147 5/123 [-123, -118, -5] T=8 L=32(0.1s) mw=2 pts=8/8 closed=True 0s
 49/147 119/151 [-270, -151, -119] T=8 L=64(0.1s) mw=2 pts=8/8 closed=True 0s
 50/147 9/80 [-80, -9, 71] T=8 L=32(0.0s) mw=0 pts=8/8 closed=True 0s
 51/147 76/155 [-231, -155, -76] T=8 L=16(0.1s) mw=0 pts=8/8 closed=True 0s
 52/147 139/158 [-297, -158, -139] T=8 L=72(0.1s) mw=0 pts=8/8 closed=True 0s
 53/147 28/143 [-171, -115, -28, 28] T=8 L=32(0.1s) mw=0 pts=8/8 closed=True 0s
 54/147 130/157 [-287, -157, -130] T=8 L=32(0.1s) mw=0 pts=8/8 closed=True 0s
 55/147 58/161 [-219, -161, 58] T=8 L=32(1.2s) mw=0 pts=8/8 closed=True 1s
 56/147 90/161 [-251, -161, -90] T=8 L=128(0.7s) mw=0 pts=8/8 closed=True 1s
 57/147 47/155 [-202, -47, 155] T=8 L=64(0.8s) mw=0 pts=8/8 closed=True 1s
 58/147 70/151 [-151, -70, 81] T=8 L=128(0.1s) mw=0 pts=8/8 closed=True 0s
 59/147 134/161 [-295, -161, -134] T=8 L=128(0.2s) mw=2 pts=8/8 closed=True 0s
 60/147 91/159 [-250, -159, 91] T=8 L=192(0.3s) mw=0 pts=8/8 closed=True 0s
 61/147 61/130 [-191, -61, 130] T=8 L=128(1.6s) mw=2 pts=8/8 closed=True 2s
 62/147 64/163 [-227, -163, 64] T=8 L=32(0.1s) mw=2 pts=8/8 closed=True 0s
 63/147 157/160 [-317, -157, 160] T=8 L=96(0.2s) mw=0 pts=8/8 closed=True 0s
 64/147 69/163 [-163, -94, -69] T=8 L=32(0.1s) mw=0 pts=8/8 closed=True 0s
 65/147 47/146 [-146, -47, 99] T=8 L=64(0.1s) mw=0 pts=8/8 closed=True 0s
 66/147 11/153 [-164, -153, 153, 164] T=8 L=32(0.2s) mw=0 pts=8/8 closed=True 0s
 67/147 47/168 [-215, -168, -47] T=8 L=128(0.0s) mw=0 pts=8/8 closed=True 0s
 68/147 26/165 [-191, -165, -26] T=8 L=64(0.4s) mw=0 pts=8/8 closed=True 0s
 69/147 37/157 [-194, -157, -37] T=8 L=32(0.2s) mw=0 pts=8/8 closed=True 0s
 70/147 44/171 [-215, -44, 171] T=8 L=128(0.3s) mw=0 pts=8/8 closed=True 0s
 71/147 2/151 [-151, -2, 149] T=8 L=32(0.1s) mw=2 pts=8/8 closed=True 0s
 72/147 123/161 [-284, -161, 38, 161] T=8 L=128(2.0s) mw=0 pts=8/8 closed=True 2s
 73/147 23/153 [-153, -23, 23, 153] T=8 L=32(0.0s) mw=0 pts=8/8 closed=True 0s
 74/147 63/172 [-235, -172, 63] T=8 L=128(0.4s) mw=0 pts=8/8 closed=True 0s
 75/147 82/171 [-253, -171, -82] T=8 L=64(0.3s) mw=0 pts=8/8 closed=True 0s
 76/147 78/173 [-251, -173, -78] T=8 L=32(0.6s) mw=0 pts=8/8 closed=True 1s
 77/147 35/174 [-209, -174, -35] T=8 L=128(0.4s) mw=0 pts=8/8 closed=True 0s
 78/147 102/169 [-271, -102, 169] T=8 L=128(0.2s) mw=0 pts=8/8 closed=True 0s
 79/147 57/172 [-229, -172, -57] T=8 L=32(0.1s) mw=2 pts=8/8 closed=True 0s
 80/147 29/165 [-194, -136, -29, 29] T=8 L=256(0.5s) mw=2 pts=8/8 closed=True 1s
 81/147 93/173 [-266, -173, -93] T=8 L=128(0.2s) mw=2 pts=8/8 closed=True 0s
 82/147 115/174 [-289, -174, 115] T=8 L=256(0.4s) mw=2 pts=8/8 closed=True 0s
 83/147 169/174 [-343, -174, -169] T=8 L=128(0.0s) mw=2 pts=8/8 closed=True 0s
 84/147 85/152 [-152, -67, 67, 152] T=8 L=64(0.3s) mw=0 pts=8/8 closed=True 1s
 85/147 77/171 [-171, -94, -77] T=8 L=32(0.1s) mw=0 pts=8/8 closed=True 0s
 86/147 35/166 [-201, -166, 131, 166] T=8 L=32(0.1s) mw=2 pts=8/8 closed=True 0s
 87/147 120/157 [-157, -120, -37] T=8 L=64(0.1s) mw=0 pts=8/8 closed=True 0s
 88/147 21/178 [-199, -178, -21] T=8 L=144(0.4s) mw=0 pts=8/8 closed=True 0s
 89/147 92/179 [-271, -179, -92] T=8 L=8(0.2s) mw=2 pts=8/8 closed=True 0s
 90/147 49/176 [-225, -49, 176] T=8 L=128(0.0s) mw=0 pts=8/8 closed=True 0s
 91/147 60/173 [-233, -173, -60] T=8 L=16(0.1s) mw=0 pts=8/8 closed=True 0s
 92/147 105/179 [-284, -179, -105] T=8 L=256(0.6s) mw=0 pts=8/8 closed=True 1s
 93/147 126/181 [-307, -181, -126] T=8 L=64(0.4s) mw=0 pts=8/8 closed=True 0s
 94/147 17/182 [-199, -182, -17] T=8 L=64(0.5s) mw=0 pts=8/8 closed=True 0s
 95/147 127/182 [-309, -182, -127] T=8 L=64(0.6s) mw=0 pts=8/8 closed=True 1s
 96/147 127/171 [-298, -171, 44, 171] T=8 L=512(1.2s) mw=2 pts=8/8 closed=True 2s
 97/147 121/179 [-179, -121, -58] T=8 L=16(0.1s) mw=0 pts=8/8 closed=True 0s
 98/147 131/182 [-313, -131, 182] T=8 L=64(1.1s) mw=0 pts=8/8 closed=True 1s
 99/147 23/176 [-153, -23, 23, 153] T=8 L=32(0.0s) mw=0 pts=8/8 closed=True 0s
100/147 89/187 [-276, -187, 98, 187] T=8 L=64(2.1s) mw=0 pts=8/8 closed=True 2s
101/147 158/187 [-345, -187, 29, 187] T=8 L=32(0.2s) mw=0 pts=8/8 closed=True 0s
102/147 43/189 [-232, -43, 189] T=8 L=192(0.1s) mw=2 pts=8/8 closed=True 0s
103/147 77/190 [-267, -190, -77] T=8 L=128(0.7s) mw=0 pts=8/8 closed=True 1s
104/147 43/175 [-218, -175, 175, 218] T=8 L=256(1.0s) mw=2 pts=8/8 closed=True 2s
105/147 82/189 [-271, -82, 189] T=8 L=384(0.3s) mw=2 pts=8/8 closed=True 0s
106/147 65/174 [-174, -109, 109, 174] T=8 L=128(1.5s) mw=2 pts=8/8 closed=True 2s
107/147 33/191 [-224, -191, 33] T=8 L=48(0.1s) mw=0 pts=8/8 closed=True 0s
108/147 60/191 [-251, -191, -60] T=8 L=16(0.2s) mw=0 pts=8/8 closed=True 0s
109/147 15/191 [-206, -15, 191] T=8 L=32(0.5s) mw=2 pts=8/8 closed=True 1s
110/147 31/162 [-162, -131, -31] T=8 L=32(0.0s) mw=2 pts=8/8 closed=True 0s
111/147 67/191 [-191, -67, 124] T=8 L=16(0.1s) mw=2 pts=8/8 closed=True 0s
112/147 150/191 [-191, -150, -41] T=8 L=128(0.2s) mw=2 pts=8/8 closed=True 0s
113/147 80/191 [-191, -80, 111] T=8 L=64(0.3s) mw=2 pts=8/8 closed=True 0s
114/147 165/191 [-191, -165, -26] T=8 L=64(0.4s) mw=0 pts=8/8 closed=True 0s
115/147 117/191 [-191, -74, 74, 191] T=8 L=128(0.6s) mw=0 pts=8/8 closed=True 1s
116/147 79/189 [-268, -189, 189, 268] T=8 L=32(1.2s) mw=2 pts=8/8 closed=True 2s
117/147 170/191 [-361, -170, 170, 361] T=8 L=256(0.5s) mw=2 pts=8/8 closed=True 1s
118/147 151/180 [-331, -180, 29, 180] T=8 L=128(0.4s) mw=0 pts=8/8 closed=True 1s
119/147 107/191 [-191, -107, -84] T=8 L=16(0.1s) mw=0 pts=8/8 closed=True 0s
120/147 108/193 [-193, -108, 85] T=8 L=16(0.2s) mw=0 pts=8/8 closed=True 0s
121/147 49/195 [-195, -49, 146] T=8 L=128(0.3s) mw=0 pts=8/8 closed=True 0s
122/147 14/195 [-195, -181, -14] T=8 L=64(0.3s) mw=2 pts=8/8 closed=True 0s
123/147 1/195 [-196, -1, 195] T=8 L=32(0.0s) mw=0 pts=8/8 closed=True 0s
124/147 181/195 [-376, -195, -181] T=8 L=256(0.2s) mw=2 pts=8/8 closed=True 0s
125/147 107/198 [-305, -198, 107] T=8 L=32(0.7s) mw=0 pts=8/8 closed=True 1s
126/147 21/197 [-218, -197, -21] T=8 L=64(0.2s) mw=2 pts=8/8 closed=True 0s
127/147 56/199 [-255, -199, 56] T=8 L=64(0.3s) mw=0 pts=8/8 closed=True 0s
128/147 12/197 [-197, -185, -12] T=8 L=16(0.1s) mw=2 pts=8/8 closed=True 0s
129/147 78/197 [-197, -119, -78] T=8 L=64(0.3s) mw=0 pts=8/8 closed=True 0s
130/147 127/198 [-325, -127, 198] T=8 L=256(0.6s) mw=0 pts=8/8 closed=True 1s
131/147 167/198 [-365, -198, 167] T=8 L=64(1.1s) mw=0 pts=8/8 closed=True 1s
132/147 133/199 [-332, -199, -133] T=8 L=32(0.6s) mw=0 pts=8/8 closed=True 1s
133/147 123/199 [-322, -199, 123] T=8 L=128(1.9s) mw=0 pts=8/8 closed=True 2s
134/147 112/199 [-311, -199, 112] T=8 L=64(0.2s) mw=0 pts=8/8 closed=True 0s
135/147 194/195 [-389, -194, 195] T=8 L=256(1.5s) mw=0 pts=8/8 closed=True 2s
136/147 144/173 [-317, -173, 144] T=8 L=256(0.2s) mw=2 pts=8/8 closed=True 0s
137/147 193/199 [-392, -199, -193] T=8 L=64(0.1s) mw=2 pts=8/8 closed=True 0s
138/147 180/199 [-199, -180, -19] T=8 L=16(0.2s) mw=0 pts=8/8 closed=True 0s
139/147 1/194 [-194, -193, -1] T=8 L=16(0.1s) mw=2 pts=8/8 closed=True 0s
140/147 58/199 [-257, -141, -58, 58] T=8 L=16(0.3s) mw=2 pts=8/8 closed=True 1s
141/147 174/199 [-373, -199, 25, 199] T=8 L=128(0.3s) mw=2 pts=8/8 closed=True 1s
142/147 119/179 [-179, -119, 119, 179] T=8 L=32(0.3s) mw=0 pts=8/8 closed=True 1s
143/147 156/197 [-353, -156, 156, 353] T=8 L=32(2.8s) mw=0 pts=8/8 closed=True 3s
144/147 120/191 [-311, -191, 71, 191] T=8 L=16(0.2s) mw=0 pts=8/8 closed=True 0s
145/147 146/193 [-339, -146, 146, 339] T=8 L=128(4.1s) mw=2 pts=8/8 closed=True 5s
146/147 84/185 [-269, -84, 84, 269] T=8 L=512(1.3s) mw=2 pts=8/8 closed=True 2s
147/147 46/193 [-239, -46, 193] T=8 L=64(0.1s) mw=2 pts=8/8 closed=True 0s
