в файле: закрытых 1240
   1/1240 109/138 [29, 109, 247]- N=14779667520 tors=(2, 2) L=128(2.4s) mw=2 z=['-1/29', '-1/109', '-1/247', '0', '1/247', '1/109', '1/29'] closed=True 3s
   2/1240 167/195 [28, 167, 362]- N=324824151600 tors=(2, 2) L=64(11.1s) mw=0 z=['-1/28', '-1/167', '-1/362', '0', '1/362', '1/167', '1/28'] closed=True 11s
   3/1240 68/111 [43, 68, 179]- N=258679395 tors=(2, 2) L=16(0.3s) mw=0 z=['-1/43', '-1/68', '-1/179', '0', '1/179', '1/68', '1/43'] closed=True 0s
   4/1240 85/173 [85, 88, 173]+ N=3630752730 tors=(2, 6) L=1728(1.2s) mw=0 z=['-1/85', '-1/88', '-1/173', '0', '1/173', '1/88', '1/85'] closed=True 1s
   5/1240 155/199 [44, 155, 199]+ N=13332257730 tors=(2, 6) L=3456(2.0s) mw=2 z=['-1/44', '-1/155', '-1/199', '0', '1/199', '1/155', '1/44'] closed=True 2s
   6/1240 119/145 [26, 119, 264]- N=1425885560400 tors=(2, 2) L=64(25.7s) mw=0 z=['-1/26', '-1/119', '-1/264', '0', '1/264', '1/119', '1/26'] closed=True 26s
   7/1240 94/145 [51, 94, 145]+ N=50006957070 tors=(2, 6) L=1728(4.0s) mw=0 z=['-1/51', '-1/94', '-1/145', '0', '1/145', '1/94', '1/51'] closed=True 4s
   8/1240 89/174 [85, 89, 174]+ N=89663088270 tors=(2, 6) L=7776(11.7s) mw=0 z=['-1/85', '-1/89', '-1/174', '0', '1/174', '1/89', '1/85'] closed=True 12s
   9/1240 40/43 [3, 40, 43]+ N=91116570 tors=(2, 6) L=576(0.2s) mw=2 z=['-1/3', '-1/40', '-1/43', '0', '1/43', '1/40', '1/3'] closed=True 0s
  10/1240 36/151 [36, 151, 187]+ N=56482753470 tors=(2, 6) L=3456(9.6s) mw=0 z=['-1/36', '-1/151', '-1/187', '0', '1/187', '1/151', '1/36'] closed=True 10s
  11/1240 89/171 [82, 171, 260]- N=787721397936 tors=(2, 2) L=32(20.4s) mw=0 z=['-1/82', '-1/171', '-1/260', '0', '1/260', '1/171', '1/82'] closed=True 20s
  12/1240 97/105 [8, 97, 105]+ N=20690970090 tors=(2, 6) L=3456(3.3s) mw=2 z=['-1/8', '-1/97', '-1/105', '0', '1/105', '1/97', '1/8'] closed=True 3s
  13/1240 146/195 [49, 146, 341]- N=1049017577400 tors=(2, 2) L=64(18.6s) mw=0 z=['-1/49', '-1/146', '-1/341', '0', '1/341', '1/146', '1/49'] closed=True 19s
  14/1240 87/109 [22, 87, 196]- N=304222985040 tors=(2, 2) L=64(11.5s) mw=2 z=['-1/22', '-1/87', '-1/196', '0', '1/196', '1/87', '1/22'] closed=True 12s
  15/1240 108/155 [47, 155, 263]- N=1884611520 tors=(2, 2) L=32(0.8s) mw=0 z=['-1/47', '-1/155', '-1/263', '0', '1/263', '1/155', '1/47'] closed=True 1s
  16/1240 67/123 [56, 67, 123]- N=10790641785 tors=(2, 2) L=16(1.8s) mw=0 z=['-1/56', '-1/67', '-1/123', '0', '1/123', '1/67', '1/56'] closed=True 2s
  17/1240 28/83 [28, 55, 83]+ N=489486690 tors=(2, 6) L=864(0.4s) mw=0 z=['-1/28', '-1/55', '-1/83', '0', '1/83', '1/55', '1/28'] closed=True 0s
  18/1240 43/83 [40, 43, 126]- N=184845648 tors=(2, 2) L=4(0.2s) mw=0 z=['-1/40', '-1/43', '-1/126', '0', '1/126', '1/43', '1/40'] closed=True 0s
  19/1240 121/151 [30, 121, 151]+ N=13952748810 tors=(2, 6) L=5184(2.1s) mw=0 z=['-1/30', '-1/121', '-1/151', '0', '1/151', '1/121', '1/30'] closed=True 2s
  20/1240 127/145 [18, 127, 272]- N=1858057294800 tors=(2, 2) L=576(25.5s) mw=0 z=['-1/18', '-1/127', '-1/272', '0', '1/272', '1/127', '1/18'] closed=True 26s
  21/1240 136/143 [7, 136, 143]- N=1020764745 tors=(2, 2) L=32(0.5s) mw=0 z=['-1/7', '-1/136', '-1/143', '0', '1/143', '1/136', '1/7'] closed=True 0s
  22/1240 39/94 [39, 55, 94]+ N=3995701710 tors=(2, 6) L=864(1.1s) mw=0 z=['-1/39', '-1/55', '-1/94', '0', '1/94', '1/55', '1/39'] closed=True 1s
  23/1240 3/157 [3, 154, 157]+ N=17031345870 tors=(2, 6) L=1296(2.1s) mw=0 z=['-1/3', '-1/154', '-1/157', '0', '1/157', '1/154', '1/3'] closed=True 2s
  24/1240 123/200 [77, 123, 200]- N=97448681715 tors=(2, 2) L=64(5.0s) mw=0 z=['-1/77', '-1/123', '-1/200', '0', '1/200', '1/123', '1/77'] closed=True 5s
  25/1240 37/80 [37, 80, 117]- N=9412212810 tors=(2, 2) L=256(1.6s) mw=2 z=['-1/37', '-1/80', '-1/117', '0', '1/117', '1/80', '1/37'] closed=True 2s
  26/1240 45/89 [44, 45, 134]- N=340286160 tors=(2, 2) L=32(0.3s) mw=0 z=['-1/44', '-1/45', '-1/134', '0', '1/134', '1/45', '1/44'] closed=True 0s
  27/1240 123/139 [16, 123, 139]+ N=74291081190 tors=(2, 6) L=1728(4.5s) mw=2 z=['-1/16', '-1/123', '-1/139', '0', '1/139', '1/123', '1/16'] closed=True 5s
  28/1240 98/141 [98, 141, 239]+ N=649481837970 tors=(2, 6) L=576(27.1s) mw=0 z=['-1/98', '-1/141', '-1/239', '0', '1/239', '1/141', '1/98'] closed=True 27s
  29/1240 22/93 [22, 71, 93]+ N=4794504330 tors=(2, 6) L=2304(1.1s) mw=2 z=['-1/22', '-1/71', '-1/93', '0', '1/93', '1/71', '1/22'] closed=True 1s
  30/1240 9/160 [9, 151, 160]+ N=1300350090 tors=(2, 6) L=4608(0.6s) mw=ERR: RR: division by zero z=['-1/9', '-1/151', '-1/160', '0', '1/160', '1/151', '1/9'] closed=True 1s
  31/1240 89/136 [47, 89, 136]+ N=2732795730 tors=(2, 6) L=2304(0.8s) mw=0 z=['-1/47', '-1/89', '-1/136', '0', '1/136', '1/89', '1/47'] closed=True 1s
  32/1240 51/164 [51, 113, 215]- N=22622010432 tors=(2, 2) L=32(2.3s) mw=0 z=['-1/51', '-1/113', '-1/215', '0', '1/215', '1/113', '1/51'] closed=True 2s
  33/1240 29/136 [29, 107, 136]- N=339452685 tors=(2, 2) L=16(0.3s) mw=0 z=['-1/29', '-1/107', '-1/136', '0', '1/136', '1/107', '1/29'] closed=True 0s
  34/1240 62/71 [9, 62, 71]+ N=465445470 tors=(2, 6) L=384(0.4s) mw=2 z=['-1/9', '-1/62', '-1/71', '0', '1/71', '1/62', '1/9'] closed=True 0s
  35/1240 71/169 [71, 169, 240]+ N=24654982170 tors=(2, 6) L=20736(5.0s) mw=0 z=['-1/71', '-1/169', '-1/240', '0', '1/240', '1/169', '1/71'] closed=True 5s
  36/1240 141/184 [43, 141, 184]+ N=28805979930 tors=(2, 6) L=3456(2.7s) mw=0 z=['-1/43', '-1/141', '-1/184', '0', '1/184', '1/141', '1/43'] closed=True 3s
  37/1240 123/143 [20, 143, 266]- N=2307688338384 tors=(2, 2) L=288(24.9s) mw=0 z=['-1/20', '-1/143', '-1/266', '0', '1/266', '1/143', '1/20'] closed=True 25s
  38/1240 60/167 [107, 167, 227]- N=64903147200 tors=(2, 2) L=32(4.1s) mw=0 z=['-1/107', '-1/167', '-1/227', '0', '1/227', '1/167', '1/107'] closed=True 4s
  39/1240 83/153 [70, 83, 153]- N=202724634840 tors=(2, 2) L=256(7.8s) mw=2 z=['-1/70', '-1/83', '-1/153', '0', '1/153', '1/83', '1/70'] closed=True 8s
  40/1240 6/185 [6, 179, 191]- N=27994133400 tors=(2, 2) L=64(3.2s) mw=0 z=['-1/6', '-1/179', '-1/191', '0', '1/191', '1/179', '1/6'] closed=True 3s
  41/1240 70/131 [61, 131, 201]- N=2557329600 tors=(2, 2) L=32(1.0s) mw=0 z=['-1/61', '-1/131', '-1/201', '0', '1/201', '1/131', '1/61'] closed=True 1s
  42/1240 95/159 [64, 95, 254]- N=415743011280 tors=(2, 2) L=288(12.5s) mw=0 z=['-1/64', '-1/95', '-1/254', '0', '1/254', '1/95', '1/64'] closed=True 12s
  43/1240 43/169 [43, 169, 212]+ N=40297756590 tors=(2, 6) L=10368(8.7s) mw=0 z=['-1/43', '-1/169', '-1/212', '0', '1/212', '1/169', '1/43'] closed=True 9s
  44/1240 51/182 [51, 182, 233]+ N=8347861329990 tors=(2, 6) L=1728(120.7s) mw=0 z=['-1/51', '-1/182', '-1/233', '0', '1/233', '1/182', '1/51'] closed=True 121s
  45/1240 176/191 [176, 191, 367]+ N=389381124330 tors=(2, 6) L=3456(23.2s) mw=0 z=['-1/176', '-1/191', '-1/367', '0', '1/367', '1/191', '1/176'] closed=True 23s
  46/1240 32/85 [32, 53, 85]+ N=169721370 tors=(2, 6) L=4608(0.3s) mw=2 z=['-1/32', '-1/53', '-1/85', '0', '1/85', '1/53', '1/32'] closed=True 0s
  47/1240 138/149 [11, 138, 287]- N=132292206840 tors=(2, 2) L=64(7.2s) mw=0 z=['-1/11', '-1/138', '-1/287', '0', '1/287', '1/138', '1/11'] closed=True 7s
  48/1240 38/199 [38, 161, 237]- N=40720916280 tors=(2, 2) L=16(3.5s) mw=0 z=['-1/38', '-1/161', '-1/237', '0', '1/237', '1/161', '1/38'] closed=True 4s
  49/1240 27/145 [27, 118, 145]- N=211298713080 tors=(2, 2) L=384(8.5s) mw=2 z=['-1/27', '-1/118', '-1/145', '0', '1/145', '1/118', '1/27'] closed=True 9s
  50/1240 10/161 [10, 151, 161]+ N=25400375910 tors=(2, 6) L=576(3.6s) mw=0 z=['-1/10', '-1/151', '-1/161', '0', '1/161', '1/151', '1/10'] closed=True 4s
  51/1240 79/130 [51, 79, 209]- N=448593600 tors=(2, 2) L=64(0.4s) mw=0 z=['-1/51', '-1/79', '-1/209', '0', '1/209', '1/79', '1/51'] closed=True 0s
  52/1240 128/137 [9, 128, 137]+ N=1892289210 tors=(2, 6) L=2304(0.8s) mw=2 z=['-1/9', '-1/128', '-1/137', '0', '1/137', '1/128', '1/9'] closed=True 1s
  53/1240 78/127 [49, 127, 205]- N=11287134144 tors=(2, 2) L=32(2.0s) mw=0 z=['-1/49', '-1/127', '-1/205', '0', '1/205', '1/127', '1/49'] closed=True 2s
  54/1240 159/172 [159, 172, 331]+ N=1035864503310 tors=(2, 6) L=62208(42.1s) mw=2 z=['-1/159', '-1/172', '-1/331', '0', '1/331', '1/172', '1/159'] closed=True 42s
  55/1240 74/157 [74, 83, 157]+ N=3341278710 tors=(2, 6) L=384(1.0s) mw=2 z=['-1/74', '-1/83', '-1/157', '0', '1/157', '1/83', '1/74'] closed=True 1s
  56/1240 24/97 [24, 73, 97]+ N=278070870 tors=(2, 6) L=2304(0.3s) mw=0 z=['-1/24', '-1/73', '-1/97', '0', '1/97', '1/73', '1/24'] closed=True 0s
  57/1240 27/134 [27, 107, 134]+ N=8344931070 tors=(2, 6) L=3600(1.6s) mw=0 z=['-1/27', '-1/107', '-1/134', '0', '1/134', '1/107', '1/27'] closed=True 2s
  58/1240 122/123 [1, 122, 123]+ N=179096610 tors=(2, 6) L=384(0.3s) mw=2 z=['-1', '-1/122', '-1/123', '0', '1/123', '1/122', '1'] closed=True 0s
  59/1240 87/173 [86, 87, 173]+ N=21790988310 tors=(2, 6) L=2592(2.6s) mw=0 z=['-1/86', '-1/87', '-1/173', '0', '1/173', '1/87', '1/86'] closed=True 3s
  60/1240 79/81 [79, 81, 160]+ N=136509630 tors=(2, 6) L=2304(0.2s) mw=2 z=['-1/79', '-1/81', '-1/160', '0', '1/160', '1/81', '1/79'] closed=True 0s
  61/1240 91/136 [45, 136, 227]- N=1681722042 tors=(2, 2) L=64(0.7s) mw=0 z=['-1/45', '-1/136', '-1/227', '0', '1/227', '1/136', '1/45'] closed=True 1s
  62/1240 154/157 [3, 154, 157]+ N=17031345870 tors=(2, 6) L=1296(2.4s) mw=0 z=['-1/3', '-1/154', '-1/157', '0', '1/157', '1/154', '1/3'] closed=True 2s
  63/1240 73/133 [60, 73, 133]+ N=75272032290 tors=(2, 6) L=10368(4.9s) mw=0 z=['-1/60', '-1/73', '-1/133', '0', '1/133', '1/73', '1/60'] closed=True 5s
  64/1240 1/158 [1, 157, 158]+ N=5383770210 tors=(2, 6) L=288(1.3s) mw=0 z=['-1', '-1/157', '-1/158', '0', '1/158', '1/157', '1'] closed=True 1s
  65/1240 99/130 [31, 99, 130]+ N=83354541270 tors=(2, 6) L=3456(5.2s) mw=0 z=['-1/31', '-1/99', '-1/130', '0', '1/130', '1/99', '1/31'] closed=True 5s
  66/1240 114/199 [85, 114, 313]- N=223612907448 tors=(2, 2) L=64(10.0s) mw=2 z=['-1/85', '-1/114', '-1/313', '0', '1/313', '1/114', '1/85'] closed=True 10s
  67/1240 162/179 [17, 179, 341]- N=5212480 tors=(2, 2) L=4(0.0s) mw=0 z=['-1/17', '-1/179', '-1/341', '0', '1/341', '1/179', '1/17'] closed=True 0s
  68/1240 111/133 [22, 111, 133]+ N=273305795070 tors=(2, 6) L=1728(24.9s) mw=0 z=['-1/22', '-1/111', '-1/133', '0', '1/133', '1/111', '1/22'] closed=True 25s
  69/1240 103/129 [26, 103, 232]- N=707411572560 tors=(2, 2) L=64(16.6s) mw=0 z=['-1/26', '-1/103', '-1/232', '0', '1/232', '1/103', '1/26'] closed=True 17s
  70/1240 71/94 [23, 71, 94]+ N=987785370 tors=(2, 6) L=384(0.6s) mw=2 z=['-1/23', '-1/71', '-1/94', '0', '1/94', '1/71', '1/23'] closed=True 1s
  71/1240 151/199 [48, 151, 350]- N=4937169453648 tors=(2, 2) L=32(79.8s) mw=0 z=['-1/48', '-1/151', '-1/350', '0', '1/350', '1/151', '1/48'] closed=True 80s
  72/1240 11/196 [11, 185, 196]+ N=21720234690 tors=(2, 6) L=3456(6.8s) mw=0 z=['-1/11', '-1/185', '-1/196', '0', '1/196', '1/185', '1/11'] closed=True 7s
  73/1240 30/191 [30, 161, 221]- N=143943811320 tors=(2, 2) L=32(17.3s) mw=0 z=['-1/30', '-1/161', '-1/221', '0', '1/221', '1/161', '1/30'] closed=True 17s
  74/1240 161/194 [33, 161, 194]+ N=83060732370 tors=(2, 6) L=864(26.8s) mw=0 z=['-1/33', '-1/161', '-1/194', '0', '1/194', '1/161', '1/33'] closed=True 27s
  75/1240 97/101 [4, 97, 198]- N=434349603120 tors=(2, 2) L=16(29.9s) mw=0 z=['-1/4', '-1/97', '-1/198', '0', '1/198', '1/97', '1/4'] closed=True 30s
  76/1240 127/172 [45, 172, 299]- N=70885358229 tors=(2, 2) L=32(12.1s) mw=2 z=['-1/45', '-1/172', '-1/299', '0', '1/299', '1/172', '1/45'] closed=True 12s
  77/1240 13/186 [13, 173, 186]+ N=149423852370 tors=(2, 6) L=144(36.2s) mw=0 z=['-1/13', '-1/173', '-1/186', '0', '1/186', '1/173', '1/13'] closed=True 36s
  78/1240 158/191 [33, 158, 349]- N=4495918440 tors=(2, 2) L=288(3.0s) mw=2 z=['-1/33', '-1/158', '-1/349', '0', '1/349', '1/158', '1/33'] closed=True 3s
  79/1240 86/121 [35, 86, 207]- N=5140392 tors=(2, 2) L=8(0.1s) mw=2 z=['-1/35', '-1/86', '-1/207', '0', '1/207', '1/86', '1/35'] closed=True 0s
  80/1240 93/194 [93, 101, 194]+ N=154280118930 tors=(2, 6) L=10368(36.9s) mw=2 z=['-1/93', '-1/101', '-1/194', '0', '1/194', '1/101', '1/93'] closed=True 37s
  81/1240 60/133 [60, 73, 133]+ N=75272032290 tors=(2, 6) L=10368(0.0s) mw=0 z=['-1/60', '-1/73', '-1/133', '0', '1/133', '1/73', '1/60'] closed=True 0s
  82/1240 87/139 [52, 139, 226]- N=1173544385040 tors=(2, 2) L=32(50.8s) mw=0 z=['-1/52', '-1/139', '-1/226', '0', '1/226', '1/139', '1/52'] closed=True 51s
  83/1240 41/80 [39, 41, 121]- N=196800 tors=(2, 2) L=16(0.0s) mw=0 z=['-1/39', '-1/41', '-1/121', '0', '1/121', '1/41', '1/39'] closed=True 0s
  84/1240 66/199 [66, 133, 265]- N=231853083528 tors=(2, 2) L=32(21.8s) mw=0 z=['-1/66', '-1/133', '-1/265', '0', '1/265', '1/133', '1/66'] closed=True 22s
  85/1240 47/193 [146, 193, 240]- N=1001291667504 tors=(2, 2) L=32(27.8s) mw=0 z=['-1/146', '-1/193', '-1/240', '0', '1/240', '1/193', '1/146'] closed=True 28s
  86/1240 89/186 [89, 97, 186]+ N=24993311970 tors=(2, 6) L=576(2.9s) mw=2 z=['-1/89', '-1/97', '-1/186', '0', '1/186', '1/97', '1/89'] closed=True 3s
  87/1240 36/65 [29, 65, 101]- N=16228160 tors=(2, 2) L=16(0.1s) mw=2 z=['-1/29', '-1/65', '-1/101', '0', '1/101', '1/65', '1/29'] closed=True 0s
  88/1240 123/197 [74, 123, 320]- N=236842323312 tors=(2, 2) L=32(9.9s) mw=0 z=['-1/74', '-1/123', '-1/320', '0', '1/320', '1/123', '1/74'] closed=True 10s
  89/1240 22/191 [22, 169, 191]+ N=1221710490 tors=(2, 6) L=384(0.9s) mw=0 z=['-1/22', '-1/169', '-1/191', '0', '1/191', '1/169', '1/22'] closed=True 1s
  90/1240 145/151 [145, 151, 296]+ N=15209099010 tors=(2, 6) L=3456(4.4s) mw=0 z=['-1/145', '-1/151', '-1/296', '0', '1/296', '1/151', '1/145'] closed=True 4s
  91/1240 161/198 [161, 198, 359]+ N=5110160445390 tors=(2, 6) L=3456(93.0s) mw=0 z=['-1/161', '-1/198', '-1/359', '0', '1/359', '1/198', '1/161'] closed=True 93s
  92/1240 56/67 [11, 56, 123]- N=168741510 tors=(2, 2) L=16(0.2s) mw=0 z=['-1/11', '-1/56', '-1/123', '0', '1/123', '1/56', '1/11'] closed=True 0s
  93/1240 89/110 [21, 89, 199]- N=878750400 tors=(2, 2) L=64(0.5s) mw=0 z=['-1/21', '-1/89', '-1/199', '0', '1/199', '1/89', '1/21'] closed=True 0s
  94/1240 119/141 [22, 141, 260]- N=2088165879408 tors=(2, 2) L=32(29.5s) mw=0 z=['-1/22', '-1/141', '-1/260', '0', '1/260', '1/141', '1/22'] closed=True 30s
  95/1240 45/197 [45, 152, 197]- N=23062850085 tors=(2, 2) L=64(2.6s) mw=0 z=['-1/45', '-1/152', '-1/197', '0', '1/197', '1/152', '1/45'] closed=True 3s
  96/1240 133/170 [133, 170, 303]- N=52274819861880 tors=(2, 2) L=512(165.5s) mw=2 z=['-1/133', '-1/170', '-1/303', '0', '1/303', '1/170', '1/133'] closed=True 166s
  97/1240 85/149 [64, 85, 149]+ N=1472914170 tors=(2, 6) L=5760(0.7s) mw=2 z=['-1/64', '-1/85', '-1/149', '0', '1/149', '1/85', '1/64'] closed=True 1s
  98/1240 168/199 [168, 199, 367]+ N=14396944897230 tors=(2, 6) L=62208(153.3s) mw=0 z=['-1/168', '-1/199', '-1/367', '0', '1/367', '1/199', '1/168'] closed=True 153s
  99/1240 131/196 [65, 131, 196]+ N=37305458190 tors=(2, 6) L=3456(7.7s) mw=0 z=['-1/65', '-1/131', '-1/196', '0', '1/196', '1/131', '1/65'] closed=True 8s
 100/1240 36/145 [36, 145, 181]+ N=607115979330 tors=(2, 6) L=6912(31.4s) mw=0 z=['-1/36', '-1/145', '-1/181', '0', '1/181', '1/145', '1/36'] closed=True 31s
 101/1240 128/195 [67, 128, 195]- N=67443960090 tors=(2, 2) L=512(4.6s) mw=2 z=['-1/67', '-1/128', '-1/195', '0', '1/195', '1/128', '1/67'] closed=True 5s
 102/1240 109/178 [69, 109, 178]+ N=474508990410 tors=(2, 6) L=5184(26.5s) mw=0 z=['-1/69', '-1/109', '-1/178', '0', '1/178', '1/109', '1/69'] closed=True 26s
 103/1240 61/75 [61, 75, 136]+ N=9052045590 tors=(2, 6) L=6912(1.9s) mw=2 z=['-1/61', '-1/75', '-1/136', '0', '1/136', '1/75', '1/61'] closed=True 2s
 104/1240 43/111 [43, 111, 154]+ N=652338749370 tors=(2, 6) L=1728(31.8s) mw=0 z=['-1/43', '-1/111', '-1/154', '0', '1/154', '1/111', '1/43'] closed=True 32s
 105/1240 193/197 [4, 193, 197]+ N=20863263330 tors=(2, 6) L=864(2.8s) mw=0 z=['-1/4', '-1/193', '-1/197', '0', '1/197', '1/193', '1/4'] closed=True 3s
 106/1240 9/127 [9, 127, 136]- N=14573023305 tors=(2, 2) L=16(2.8s) mw=0 z=['-1/9', '-1/127', '-1/136', '0', '1/136', '1/127', '1/9'] closed=True 3s
 107/1240 140/193 [53, 140, 193]+ N=283502770110 tors=(2, 6) L=6912(20.0s) mw=2 z=['-1/53', '-1/140', '-1/193', '0', '1/193', '1/140', '1/53'] closed=True 20s
 108/1240 32/195 [32, 163, 195]+ N=338378215110 tors=(2, 6) L=6912(21.5s) mw=2 z=['-1/32', '-1/163', '-1/195', '0', '1/195', '1/163', '1/32'] closed=True 22s
 109/1240 152/155 [3, 152, 155]+ N=63854025990 tors=(2, 6) L=3456(5.2s) mw=2 z=['-1/3', '-1/152', '-1/155', '0', '1/155', '1/152', '1/3'] closed=True 5s
 110/1240 41/83 [41, 42, 83]+ N=22153530 tors=(2, 6) L=288(0.1s) mw=0 z=['-1/41', '-1/42', '-1/83', '0', '1/83', '1/42', '1/41'] closed=True 0s
 111/1240 159/190 [31, 159, 190]- N=72232079790 tors=(2, 2) L=128(4.7s) mw=2 z=['-1/31', '-1/159', '-1/190', '0', '1/190', '1/159', '1/31'] closed=True 5s
 112/1240 91/166 [75, 91, 257]- N=3490573632 tors=(2, 2) L=16(1.0s) mw=0 z=['-1/75', '-1/91', '-1/257', '0', '1/257', '1/91', '1/75'] closed=True 1s
 113/1240 185/193 [8, 185, 193]+ N=17783874990 tors=(2, 6) L=2304(3.4s) mw=2 z=['-1/8', '-1/185', '-1/193', '0', '1/193', '1/185', '1/8'] closed=True 4s
 114/1240 11/185 [11, 174, 185]+ N=145041991710 tors=(2, 6) L=1728(14.7s) mw=0 z=['-1/11', '-1/174', '-1/185', '0', '1/185', '1/174', '1/11'] closed=True 15s
 115/1240 19/105 [19, 86, 105]+ N=68063019990 tors=(2, 6) L=864(4.9s) mw=0 z=['-1/19', '-1/86', '-1/105', '0', '1/105', '1/86', '1/19'] closed=True 5s
 116/1240 36/127 [36, 91, 127]+ N=67759962270 tors=(2, 6) L=1728(4.6s) mw=0 z=['-1/36', '-1/91', '-1/127', '0', '1/127', '1/91', '1/36'] closed=True 5s
 117/1240 101/165 [64, 101, 165]+ N=37559876970 tors=(2, 6) L=17280(3.5s) mw=2 z=['-1/64', '-1/101', '-1/165', '0', '1/165', '1/101', '1/64'] closed=True 4s
 118/1240 112/159 [47, 112, 271]- N=8811186930 tors=(2, 2) L=64(1.8s) mw=0 z=['-1/47', '-1/112', '-1/271', '0', '1/271', '1/112', '1/47'] closed=True 2s
 119/1240 129/140 [11, 129, 140]+ N=238046430930 tors=(2, 6) L=2592(19.2s) mw=0 z=['-1/11', '-1/129', '-1/140', '0', '1/140', '1/129', '1/11'] closed=True 19s
 120/1240 47/93 [46, 93, 140]- N=106455809904 tors=(2, 2) L=72(11.9s) mw=0 z=['-1/46', '-1/93', '-1/140', '0', '1/140', '1/93', '1/46'] closed=True 12s
 121/1240 11/115 [11, 104, 115]+ N=4689094410 tors=(2, 6) L=3456(3.1s) mw=0 z=['-1/11', '-1/104', '-1/115', '0', '1/115', '1/104', '1/11'] closed=True 3s
 122/1240 12/185 [12, 173, 197]- N=3454911075 tors=(2, 2) L=32(2.6s) mw=0 z=['-1/12', '-1/173', '-1/197', '0', '1/197', '1/173', '1/12'] closed=True 3s
 123/1240 109/183 [109, 183, 292]+ N=4104876972930 tors=(2, 6) L=3456(110.3s) mw=2 z=['-1/109', '-1/183', '-1/292', '0', '1/292', '1/183', '1/109'] closed=True 110s
 124/1240 151/187 [36, 151, 187]+ N=56482753470 tors=(2, 6) L=3456(8.7s) mw=0 z=['-1/36', '-1/151', '-1/187', '0', '1/187', '1/151', '1/36'] closed=True 9s
 125/1240 26/153 [26, 127, 153]+ N=106558891530 tors=(2, 6) L=2304(6.0s) mw=2 z=['-1/26', '-1/127', '-1/153', '0', '1/153', '1/127', '1/26'] closed=True 6s
 126/1240 11/114 [11, 114, 125]+ N=2623926030 tors=(2, 6) L=432(0.9s) mw=0 z=['-1/11', '-1/114', '-1/125', '0', '1/125', '1/114', '1/11'] closed=True 1s
 127/1240 90/149 [59, 149, 239]- N=300622400 tors=(2, 2) L=32(0.4s) mw=2 z=['-1/59', '-1/149', '-1/239', '0', '1/239', '1/149', '1/59'] closed=True 1s
 128/1240 117/170 [117, 170, 287]- N=18619536248040 tors=(2, 2) L=512(85.3s) mw=2 z=['-1/117', '-1/170', '-1/287', '0', '1/287', '1/170', '1/117'] closed=True 85s
 129/1240 57/191 [57, 134, 191]+ N=226349112990 tors=(2, 6) L=5184(17.9s) mw=0 z=['-1/57', '-1/134', '-1/191', '0', '1/191', '1/134', '1/57'] closed=True 18s
 130/1240 101/131 [30, 101, 131]+ N=131581898070 tors=(2, 6) L=288(6.5s) mw=0 z=['-1/30', '-1/101', '-1/131', '0', '1/131', '1/101', '1/30'] closed=True 6s
 131/1240 91/131 [40, 131, 222]- N=349239714096 tors=(2, 2) L=64(11.0s) mw=0 z=['-1/40', '-1/131', '-1/222', '0', '1/222', '1/131', '1/40'] closed=True 11s
 132/1240 38/151 [38, 113, 151]+ N=2246685210 tors=(2, 6) L=96(0.9s) mw=0 z=['-1/38', '-1/113', '-1/151', '0', '1/151', '1/113', '1/38'] closed=True 1s
 133/1240 79/97 [18, 79, 176]- N=184995241680 tors=(2, 2) L=64(9.4s) mw=0 z=['-1/18', '-1/79', '-1/176', '0', '1/176', '1/79', '1/18'] closed=True 10s
 134/1240 89/150 [61, 150, 239]- N=78017731080 tors=(2, 2) L=576(4.9s) mw=0 z=['-1/61', '-1/150', '-1/239', '0', '1/239', '1/150', '1/61'] closed=True 5s
 135/1240 61/120 [59, 61, 120]- N=1749060015 tors=(2, 2) L=16(0.7s) mw=0 z=['-1/59', '-1/61', '-1/120', '0', '1/120', '1/61', '1/59'] closed=True 1s
 136/1240 90/179 [89, 90, 179]- N=34454929560 tors=(2, 2) L=64(4.1s) mw=0 z=['-1/89', '-1/90', '-1/179', '0', '1/179', '1/90', '1/89'] closed=True 4s
 137/1240 38/139 [38, 101, 139]+ N=9914762970 tors=(2, 6) L=2400(1.8s) mw=0 z=['-1/38', '-1/101', '-1/139', '0', '1/139', '1/101', '1/38'] closed=True 2s
 138/1240 90/191 [90, 101, 191]- N=522345493560 tors=(2, 2) L=128(13.5s) mw=0 z=['-1/90', '-1/101', '-1/191', '0', '1/191', '1/101', '1/90'] closed=True 14s
 139/1240 59/145 [86, 145, 204]- N=651072594480 tors=(2, 2) L=32(14.9s) mw=0 z=['-1/86', '-1/145', '-1/204', '0', '1/204', '1/145', '1/86'] closed=True 15s
 140/1240 158/199 [41, 158, 357]- N=502684005720 tors=(2, 2) L=128(19.6s) mw=2 z=['-1/41', '-1/158', '-1/357', '0', '1/357', '1/158', '1/41'] closed=True 20s
 141/1240 39/191 [39, 191, 230]+ N=3686496170370 tors=(2, 6) L=864(106.7s) mw=0 z=['-1/39', '-1/191', '-1/230', '0', '1/230', '1/191', '1/39'] closed=True 107s
 142/1240 160/189 [29, 160, 189]+ N=30348729390 tors=(2, 6) L=20736(3.1s) mw=2 z=['-1/29', '-1/160', '-1/189', '0', '1/189', '1/160', '1/29'] closed=True 3s
 143/1240 134/175 [41, 134, 175]+ N=5525837730 tors=(2, 6) L=5184(1.3s) mw=0 z=['-1/41', '-1/134', '-1/175', '0', '1/175', '1/134', '1/41'] closed=True 1s
 144/1240 131/136 [5, 131, 267]- N=5062808352 tors=(2, 2) L=16(1.2s) mw=0 z=['-1/5', '-1/131', '-1/267', '0', '1/267', '1/131', '1/5'] closed=True 1s
 145/1240 57/199 [57, 142, 199]+ N=46686313410 tors=(2, 6) L=2592(7.4s) mw=0 z=['-1/57', '-1/142', '-1/199', '0', '1/199', '1/142', '1/57'] closed=True 8s
 146/1240 24/103 [24, 103, 127]- N=53834920905 tors=(2, 2) L=32(3.8s) mw=2 z=['-1/24', '-1/103', '-1/127', '0', '1/127', '1/103', '1/24'] closed=True 4s
 147/1240 7/113 [7, 106, 120]- N=5993666448 tors=(2, 2) L=64(1.2s) mw=0 z=['-1/7', '-1/106', '-1/120', '0', '1/120', '1/106', '1/7'] closed=True 1s
 148/1240 81/170 [81, 170, 251]- N=1592407021080 tors=(2, 2) L=256(20.8s) mw=2 z=['-1/81', '-1/170', '-1/251', '0', '1/251', '1/170', '1/81'] closed=True 21s
 149/1240 123/163 [40, 123, 286]- N=1775013675024 tors=(2, 2) L=32(21.7s) mw=2 z=['-1/40', '-1/123', '-1/286', '0', '1/286', '1/123', '1/40'] closed=True 22s
 150/1240 76/199 [76, 123, 275]- N=1379184027 tors=(2, 2) L=12(0.6s) mw=0 z=['-1/76', '-1/123', '-1/275', '0', '1/275', '1/123', '1/76'] closed=True 1s
 151/1240 101/185 [84, 185, 286]- N=3825671237040 tors=(2, 2) L=64(32.2s) mw=2 z=['-1/84', '-1/185', '-1/286', '0', '1/286', '1/185', '1/84'] closed=True 32s
 152/1240 15/124 [109, 124, 139]- N=427421025 tors=(2, 2) L=32(0.3s) mw=2 z=['-1/109', '-1/124', '-1/139', '0', '1/139', '1/124', '1/109'] closed=True 0s
 153/1240 69/137 [69, 137, 206]+ N=12745196310 tors=(2, 6) L=864(1.8s) mw=0 z=['-1/69', '-1/137', '-1/206', '0', '1/206', '1/137', '1/69'] closed=True 2s
 154/1240 60/121 [60, 61, 181]- N=3615 tors=(2, 2) L=2(0.0s) mw=0 z=['-1/60', '-1/61', '-1/181', '0', '1/181', '1/61', '1/60'] closed=True 0s
 155/1240 69/166 [69, 97, 166]- N=1922695700520 tors=(2, 2) L=128(22.6s) mw=2 z=['-1/69', '-1/97', '-1/166', '0', '1/166', '1/97', '1/69'] closed=True 23s
 156/1240 29/195 [29, 166, 195]+ N=17104599330 tors=(2, 6) L=1728(2.1s) mw=0 z=['-1/29', '-1/166', '-1/195', '0', '1/195', '1/166', '1/29'] closed=True 2s
 157/1240 143/186 [43, 143, 186]+ N=430842782370 tors=(2, 6) L=6912(21.8s) mw=2 z=['-1/43', '-1/143', '-1/186', '0', '1/186', '1/143', '1/43'] closed=True 22s
 158/1240 65/94 [29, 65, 94]+ N=3465304830 tors=(2, 6) L=288(1.0s) mw=0 z=['-1/29', '-1/65', '-1/94', '0', '1/94', '1/65', '1/29'] closed=True 1s
 159/1240 133/193 [60, 133, 326]- N=295106841456 tors=(2, 2) L=192(8.6s) mw=0 z=['-1/60', '-1/133', '-1/326', '0', '1/326', '1/133', '1/60'] closed=True 9s
 160/1240 21/41 [20, 21, 41]+ N=16281510 tors=(2, 6) L=864(0.1s) mw=0 z=['-1/20', '-1/21', '-1/41', '0', '1/41', '1/21', '1/20'] closed=True 0s
 161/1240 63/101 [38, 63, 101]+ N=2296640010 tors=(2, 6) L=288(0.8s) mw=0 z=['-1/38', '-1/63', '-1/101', '0', '1/101', '1/63', '1/38'] closed=True 1s
 162/1240 107/137 [30, 137, 244]- N=1596796426416 tors=(2, 2) L=8(20.5s) mw=0 z=['-1/30', '-1/137', '-1/244', '0', '1/244', '1/137', '1/30'] closed=True 20s
 163/1240 5/169 [5, 164, 174]- N=2276880 tors=(2, 2) L=18(0.0s) mw=0 z=['-1/5', '-1/164', '-1/174', '0', '1/174', '1/164', '1/5'] closed=True 0s
 164/1240 69/170 [69, 170, 239]+ N=8917257751710 tors=(2, 6) L=6912(104.5s) mw=2 z=['-1/69', '-1/170', '-1/239', '0', '1/239', '1/170', '1/69'] closed=True 105s
 165/1240 34/141 [34, 107, 141]+ N=40628838390 tors=(2, 6) L=2592(3.3s) mw=0 z=['-1/34', '-1/107', '-1/141', '0', '1/141', '1/107', '1/34'] closed=True 3s
 166/1240 139/174 [35, 139, 313]- N=98913387456 tors=(2, 2) L=32(4.9s) mw=0 z=['-1/35', '-1/139', '-1/313', '0', '1/313', '1/139', '1/35'] closed=True 5s
 167/1240 58/179 [58, 179, 237]+ N=103797626790 tors=(2, 6) L=2592(10.6s) mw=0 z=['-1/58', '-1/179', '-1/237', '0', '1/237', '1/179', '1/58'] closed=True 11s
 168/1240 43/103 [43, 60, 103]- N=107509368840 tors=(2, 2) L=64(5.3s) mw=0 z=['-1/43', '-1/60', '-1/103', '0', '1/103', '1/60', '1/43'] closed=True 5s
 169/1240 94/191 [97, 191, 285]- N=9640005312 tors=(2, 2) L=128(1.5s) mw=2 z=['-1/97', '-1/191', '-1/285', '0', '1/285', '1/191', '1/97'] closed=True 2s
 170/1240 193/195 [2, 193, 195]+ N=274721876130 tors=(2, 6) L=5184(17.3s) mw=2 z=['-1/2', '-1/193', '-1/195', '0', '1/195', '1/193', '1/2'] closed=True 18s
 171/1240 141/167 [26, 167, 308]- N=973992456720 tors=(2, 2) L=32(15.9s) mw=0 z=['-1/26', '-1/167', '-1/308', '0', '1/308', '1/167', '1/26'] closed=True 16s
 172/1240 32/105 [32, 73, 105]+ N=7663666290 tors=(2, 6) L=6912(1.5s) mw=2 z=['-1/32', '-1/73', '-1/105', '0', '1/105', '1/73', '1/32'] closed=True 2s
 173/1240 15/109 [15, 94, 124]- N=31311662640 tors=(2, 2) L=32(2.8s) mw=0 z=['-1/15', '-1/94', '-1/124', '0', '1/124', '1/94', '1/15'] closed=True 3s
 174/1240 1/84 [1, 84, 85]+ N=165637290 tors=(2, 6) L=864(0.2s) mw=0 z=['-1', '-1/84', '-1/85', '0', '1/85', '1/84', '1'] closed=True 0s
 175/1240 60/71 [11, 60, 131]- N=101097255 tors=(2, 2) L=16(0.2s) mw=0 z=['-1/11', '-1/60', '-1/131', '0', '1/131', '1/60', '1/11'] closed=True 0s
 176/1240 181/196 [15, 181, 196]+ N=250957262010 tors=(2, 6) L=6912(16.6s) mw=2 z=['-1/15', '-1/181', '-1/196', '0', '1/196', '1/181', '1/15'] closed=True 17s
 177/1240 60/149 [60, 89, 149]+ N=286938467970 tors=(2, 6) L=6912(17.6s) mw=0 z=['-1/60', '-1/89', '-1/149', '0', '1/149', '1/89', '1/60'] closed=True 18s
 178/1240 101/170 [69, 101, 271]- N=4343323200 tors=(2, 2) L=32(1.0s) mw=0 z=['-1/69', '-1/101', '-1/271', '0', '1/271', '1/101', '1/69'] closed=True 1s
 179/1240 102/191 [89, 102, 293]- N=76430613480 tors=(2, 2) L=64(4.3s) mw=2 z=['-1/89', '-1/102', '-1/293', '0', '1/293', '1/102', '1/89'] closed=True 4s
 180/1240 11/175 [11, 164, 175]+ N=16920225630 tors=(2, 6) L=3456(2.1s) mw=0 z=['-1/11', '-1/164', '-1/175', '0', '1/175', '1/164', '1/11'] closed=True 2s
 181/1240 129/175 [46, 129, 175]+ N=72383495730 tors=(2, 6) L=3456(8.7s) mw=0 z=['-1/46', '-1/129', '-1/175', '0', '1/175', '1/129', '1/46'] closed=True 9s
