всего закрытий 1240 уже проверено 36 к проверке 1204
20 / 1204 7/58 [7, 51, 65] - closed= True L= 16 mw= 0
40 / 1204 56/67 [11, 56, 123] - closed= True L= 16 mw= 0
60 / 1204 11/71 [11, 60, 82] - closed= True L= 32 mw= 0
80 / 1204 69/80 [11, 69, 80] + closed= True L= 2592 mw= 0
100 / 1204 60/77 [17, 60, 77] - closed= True L= 128 mw= 2
120 / 1204 51/91 [40, 51, 91] - closed= True L= 16 mw= 0
140 / 1204 61/94 [33, 61, 94] + closed= True L= 2592 mw= 0
160 / 1204 84/89 [84, 89, 173] + closed= True L= 1728 mw= 0
180 / 1204 47/105 [47, 58, 105] + closed= True L= 864 mw= 0
200 / 1204 77/95 [18, 95, 172] - closed= True L= 64 mw= 0
220 / 1204 69/109 [40, 69, 178] - closed= True L= 144 mw= 0
240 / 1204 85/118 [33, 85, 203] - closed= True L= 32 mw= 0
260 / 1204 41/120 [41, 79, 120] - closed= True L= 16 mw= 0
280 / 1204 90/121 [31, 121, 211] - closed= True L= 16 mw= 0
300 / 1204 42/121 [42, 121, 163] + closed= True L= 576 mw= 0
320 / 1204 41/127 [41, 86, 127] + closed= True L= 864 mw= 0
340 / 1204 77/111 [77, 111, 188] + closed= True L= 10368 mw= 0
360 / 1204 103/130 [27, 130, 233] - closed= True L= 32 mw= 0
380 / 1204 127/132 [5, 132, 259] - closed= True L= 72 mw= 0
400 / 1204 7/134 [7, 127, 141] - closed= True L= 64 mw= 2
420 / 1204 52/139 [52, 87, 191] - closed= True L= 20 mw= 0
440 / 1204 87/139 [52, 139, 226] - closed= True L= 32 mw= 0
460 / 1204 36/143 [36, 107, 143] + closed= True L= 3456 mw= 2
480 / 1204 42/143 [42, 101, 143] + closed= True L= 1728 mw= 0
500 / 1204 142/147 [5, 142, 147] + closed= True L= 288 mw= 0
520 / 1204 122/149 [27, 122, 149] + closed= True L= 576 mw= 2
540 / 1204 71/150 [79, 150, 221] - closed= True L= 128 mw= 2
560 / 1204 103/152 [49, 103, 255] - closed= True L= 12 mw= 0
580 / 1204 58/155 [58, 97, 155] + closed= True L= 576 mw= 0
600 / 1204 139/157 [18, 139, 296] - closed= True L= 32 mw= 0
620 / 1204 47/159 [47, 112, 206] - closed= True L= 64 mw= 0
640 / 1204 151/160 [9, 151, 160] + closed= True L= 4608 mw= ERR: RR: division by zero
660 / 1204 26/159 [26, 133, 159] + closed= True L= 1728 mw= 0
680 / 1204 11/164 [11, 164, 175] + closed= True L= 3456 mw= 0
700 / 1204 163/166 [3, 163, 166] + closed= True L= 864 mw= 0
720 / 1204 17/168 [17, 151, 168] + closed= True L= 3456 mw= 0
740 / 1204 23/170 [23, 147, 170] + closed= True L= 6912 mw= 2
760 / 1204 161/171 [10, 161, 171] + closed= True L= 1728 mw= 0
780 / 1204 139/174 [35, 139, 313] - closed= True L= 32 mw= 0
800 / 1204 172/175 [3, 172, 347] - closed= True L= 16 mw= 0
820 / 1204 61/179 [61, 118, 179] + closed= True L= 864 mw= 0
840 / 1204 19/180 [19, 161, 199] - closed= True L= 8 mw= 0
860 / 1204 76/181 [76, 105, 181] + closed= True L= 5184 mw= 0
880 / 1204 71/180 [71, 180, 251] + closed= True L= 62208 mw= 0
900 / 1204 101/181 [101, 181, 282] + closed= True L= 144 mw= 0
920 / 1204 21/185 [21, 164, 185] + closed= True L= 20736 mw= 2
940 / 1204 42/185 [42, 185, 227] + closed= True L= 1728 mw= 0
960 / 1204 149/188 [39, 188, 337] - closed= True L= 8 mw= 0
980 / 1204 85/189 [85, 189, 274] - closed= True L= 192 mw= 2
1000 / 1204 66/191 [66, 125, 191] - closed= True L= 192 mw= 0
1020 / 1204 21/191 [21, 191, 212] + closed= True L= 1728 mw= 0
1040 / 1204 4/193 [4, 189, 193] + closed= True L= 1728 mw= 2
1060 / 1204 56/193 [56, 137, 249] - closed= True L= 128 mw= 0
1080 / 1204 153/191 [153, 191, 344] + closed= True L= 6912 mw= 0
1100 / 1204 128/195 [67, 128, 195] - closed= True L= 512 mw= 2
1120 / 1204 191/195 [4, 191, 195] - closed= True L= 128 mw= 2
1140 / 1204 110/197 [110, 197, 307] - closed= True L= 128 mw= 0
1160 / 1204 66/199 [66, 133, 265] - closed= True L= 32 mw= 0
1180 / 1204 130/199 [69, 130, 329] - closed= True L= 192 mw= 2
1200 / 1204 195/199 [4, 195, 394] - closed= True L= 1152 mw= 2
готово
