======================================================================
(m,n) = (19,16)   s = 617/2   b = 28510336
e1,e2,e3           = [-28510336, -80408057/2, -20217856]
4e (integral model)= [-114041344, -160816114, -80871424]
E      = Elliptic Curve defined by y^2 = x^3 + 355728882*x^2 + 40567799802897408*x + 1483156504532277300035584 over Rational Field
Emin   = Elliptic Curve defined by y^2 = x^3 - 1613212693425900*x + 7222574158576522830000 over Rational Field
disc   = 2^26 * 3^6 * 5^6 * 7^6 * 19^4 * 617^8
cond   = 2^6 * 3^2 * 5^2 * 7^2 * 19 * 617^2
torsion= (2, 2)
REQUIRED class delta = (1,s,s) = (1, 1234, 1234)
======================================================================

>>> building the 2-isogeny tree (pullback maps to E kept exactly)
curves in the explored 2-isogeny class:
   E          (0, 355728882, 0, 40567799802897408, 1483156504532277300035584)   min=(0, 0, 0, -1613212693425900, 7222574158576522830000)
   iso0       (0, 0, 0, -1269386570673900, 17388781634016192078000)   min=(0, 0, 0, -1269386570673900, 17388781634016192078000)
   iso1       (0, 0, 0, 6144364201166100, 56474886831958509390000)   min=(0, 0, 0, 6144364201166100, 56474886831958509390000)
   iso2       (0, 0, 0, -14872007552049900, -692667016942944295602000)   min=(0, 0, 0, -14872007552049900, -692667016942944295602000)

>>> mwrank two_descent on every curve of the tree (minimal models)
   lim= 8  E          rank=0  #gens=0  (1.4s)
   lim= 8  iso0       rank=0  #gens=0  (1.8s)
   lim= 8  iso1       rank=0  #gens=0  (1.4s)
   lim= 8  iso2       rank=0  #gens=0  (3.8s)
   lim=10  E          rank=0  #gens=0  (2.2s)
   lim=10  iso0       rank=0  #gens=0  (2.2s)
   lim=10  iso1       rank=0  #gens=0  (2.2s)
   lim=10  iso2       rank=1  #gens=1  (4.8s)
      >>> nontorsion on iso2 (min model): (-137854570318311286286190554/1927907948549580001 : 192166609120426558810840421222203250944/2676883315438634074013911249 : 1)
      >>> pulled back to E: (868186890396953722266197279403532269515182080/240038881912932598367116603531132585921 : -4754733690333588880095805700152476315597522300028850545392912758945792/3718967582960599721378274986261486745744760063719433367969 : 1)

total search time 20.0 s

######################################################################
RAW POINT OF INFINITE ORDER ON E, obtained from curve iso2
######################################################################
P = (868186890396953722266197279403532269515182080/240038881912932598367116603531132585921 : -4754733690333588880095805700152476315597522300028850545392912758945792/3718967582960599721378274986261486745744760063719433367969 : 1)

>>> saturating on E
saturation index = 1   regulator = 94.0101700366037
G (saturated generator) = (868186890396953722266197279403532269515182080/240038881912932598367116603531132585921 : -4754733690333588880095805700152476315597522300028850545392912758945792/3718967582960599721378274986261486745744760063719433367969 : 1)

(a) EXACT verification of the Weierstrass equation (rational arithmetic)
    X = 868186890396953722266197279403532269515182080/240038881912932598367116603531132585921
    Y = -4754733690333588880095805700152476315597522300028850545392912758945792/3718967582960599721378274986261486745744760063719433367969
    Y^2 - prod(X - 4e_i) = 0
    ON CURVE (exact): True
    original model: Xo = X/4 = 217046722599238430566549319850883067378795520/240038881912932598367116603531132585921
    original model: V  = Y/8 = -594341711291698610011975712519059539449690287503606318174114094868224/3718967582960599721378274986261486745744760063719433367969
    V^2 - (Xo+b)(Xo+s m^4)(Xo+s n^4) = 0
    ON ORIGINAL CURVE (exact): True

(b) order and height
    order(G) = +Infinity
    canonical height h(G) = 94.0101700366037

(c) the eight delta classes of E(Q)/2E(Q)  (r=1 => 2^(1+2)=8)
    torsion points: [(0 : 1 : 0), (-160816114 : 0 : 1), (-114041344 : 0 : 1), (-80871424 : 0 : 1)]
     (0 : 1 : 0)                                    -> (1, 1, 1)
     (-160816114 : 0 : 1)                           -> (-129570, 617, -210)
     (-114041344 : 0 : 1)                           -> (-1, 129570, -129570)
     (-80871424 : 0 : 1)                            -> (129570, 210, 617)
     G+(0 : 1 : 0)                                  -> (1234, 1234, 1)
     G+(-160816114 : 0 : 1)                         -> (-105, 2, -210)
     G+(-114041344 : 0 : 1)                         -> (-1234, 105, -129570)
     G+(-80871424 : 0 : 1)                          -> (105, 64785, 617)
    number of DISTINCT classes = 8   (need 8)
    pairwise distinct: True
    the 8 classes: [(-129570, 617, -210), (-1234, 105, -129570), (-105, 2, -210), (-1, 129570, -129570), (1, 1, 1), (105, 64785, 617), (1234, 1234, 1), (129570, 210, 617)]
    closed under multiplication (is a subgroup): True

(d) REQUIRED class (1,s,s) = (1, 1234, 1234)
    PRESENT in the image of E(Q)/2E(Q): False

TOTAL time 20.1 s
