[0] D: y^2 = 44182609*x^6 + 37608911*x^4 + 47287151*x^2 + 4092529 ; gcd(f,f')=1 (род 2), тождество моста F0*F8*L подтверждено
[0] f = (a6/(529*289^2)) * (529x^2+49)(289x^2-322x+289)(289x^2+322x+289), все три неприводимы над Q
[0] => Jac(D)[2](Q) = (Z/2)^2 (три рациональных квадратичных множителя)
[0] простые деления disc(f)*a6: [2, 3, 5, 7, 13, 17, 23, 37, 1213, 9397]
[1a] phi1: (a6 y)^2 - RHS_E1(a6 x^2) = (1952102938046881)*(y^2 - f)  ->  True ; множитель = a6^2 ? True
[1b] phi2: x^6*[(a0 y/x^3)^2 - RHS_E2(a0/x^2)] = (16748793615841)*(y^2 - f)  ->  True ; множитель = a0^2 ? True
[1c] те же тождества в поле дробей Q(x): подтверждены (независимая форма)
[1d] phi1 инвариантна под sigma:(x,y)->(-x,y):  True   => E1 = D/sigma, deg phi1 = 2
[1d] phi2 инвариантна под tau:(x,y)->(-x,-y):   True   => E2 = D/tau,   deg phi2 = 2
[1e] phi1^*(dX/2Y) = x dx/y ,  phi2^*(dX/2Y) = -dx/y  -- базис H^0(D,Omega); независимы
[1f] числовые подстановки: [['2', 'y^2 only', True], ['3', 'y^2 only', True], ['1/2', 'y^2 only', True], ['-5/3', 'y^2 only', True], ['7', 'y^2 only', True], ['-11/7', 'y^2 only', True]]
[2] E2 raw  = (0, 47287151, 0, 153915558925919, 740005399550399109169)
[2] E2 min  = (0, -1, 0, -591442657639681, 6146344290377784993025)   (X_min = X_raw + 15762384)
[2] disc(E2min) = -1 * 2^20 * 3^2 * 5^2 * 7^6 * 13^2 * 17^8 * 23^2 * 37^2 * 1213^2 * 9397^2
[2] conductor   = 14405924506384320 = 2^6 * 3 * 5 * 7 * 13 * 17 * 23 * 37 * 1213 * 9397
[2] torsion E2(Q)_tors = (2,), генератор T2 = (-28420225 : 0 : 1)
[2] P2 = (-2479007 : 87162492480 : 1) ; hhat(P2) = 2.11883385954680
[2] eclib: rank=1 rank_bound=1 certain=True selmer_rank=2 gens=([-2479007, 87162492480, 1],)
[2] PARI ellrank: интервал [1,1], точки [[-2479007, 87162492480]]
[2] root_number(E2) = -1 (согласуется с нечётным рангом; НЕ используется как довод)
[2] eclib saturation: pts=[(-2479007 : 87162492480 : 1)] index=1 reg=2.11883385954680
[2]   eclib| P1 = [-2479007:87162492480:1]	  is generator number 1
[2]   eclib| saturating basis (reg=2.11883386)...Saturation index bound (for points of good reduction)  = 10
[2]   eclib| Tamagawa index primes are [ 2 3 ]
[2]   eclib| Saturation primes are now[ 2 3 5 7 ]
[2]   eclib| Checking saturation at [ 2 3 5 7 ]
[2]   eclib| Checking 2-saturation 
[2]   eclib| Points were proved 2-saturated (max q used = 29)
[2]   eclib| Checking 3-saturation 
[2]   eclib| Points were proved 3-saturated (max q used = 29)
[2]   eclib| Checking 5-saturation 
[2]   eclib| Points were proved 5-saturated (max q used = 11)
[2]   eclib| Checking 7-saturation 
[2]   eclib| Points were proved 7-saturated (max q used = 79)
[2]   eclib| done
[2] ЗАХВАЧЕНО из eclib: граница индекса = 10, проверенные простые = [2, 3, 5, 7]
[2] M2.gens(proof=True) = [(-2479007 : 87162492480 : 1)]
[3a] доказуемая нижняя граница min hhat на E2(Q)\tors = 0.00532597915916999
[3a] => если P2 = q*Q, то q^2 <= hhat(P2)/min = 397.829919386504, т.е. q <= 19
[3b] E2, q=2, P: сертификат неделимости {'p': 11, 'group': [10], 'discrete_log': [9], 'reason': 'image not in 2*E(F_11)'}
[3b] E2, q=2, P+T: сертификат неделимости {'p': 29, 'group': [2, 12], 'discrete_log': [5, 1], 'reason': 'image not in 2*E(F_29)'}
[3b] E2, q=3, P: сертификат неделимости {'p': 31, 'group': [24], 'discrete_log': [11], 'reason': 'image not in 3*E(F_31)'}
[3b] E2, q=5, P: сертификат неделимости {'p': 11, 'group': [10], 'discrete_log': [9], 'reason': 'image not in 5*E(F_11)'}
[3b] E2, q=7, P: сертификат неделимости {'p': 79, 'group': [70], 'discrete_log': [26], 'reason': 'image not in 7*E(F_79)'}
[3b] E2, q=11, P: сертификат неделимости {'p': 83, 'group': [88], 'discrete_log': [39], 'reason': 'image not in 11*E(F_83)'}
[3b] E2, q=13, P: сертификат неделимости {'p': 151, 'group': [156], 'discrete_log': [144], 'reason': 'image not in 13*E(F_151)'}
[3b] E2, q=17, P: сертификат неделимости {'p': 53, 'group': [2, 34], 'discrete_log': [5, 1], 'reason': 'image not in 17*E(F_53)'}
[3b] E2, q=19, P: сертификат неделимости {'p': 421, 'group': [2, 228], 'discrete_log': [174, 1], 'reason': 'image not in 19*E(F_421)'}
[3c] E2 division_points q=2 : {'P': [], 'P+T': []}
[3c] E2 division_points q=3 : {'P': [], 'P+T': []}
[3c] E2 division_points q=5 : {'P': [], 'P+T': []}
[3c] E2 division_points q=7 : {'P': [], 'P+T': []}
[4] E1 min = (0, -1, 0, 1617792974488319, -14262298467262390622975) ; tors (2,) ; T1 = (8443775 : 0 : 1) ; P1 = (34384993 : 286391046720 : 1) ; hhat = 1.94633297014005
[4] E1 eclib rank=1 certain=True ; saturation index=1, граница eclib=4 (простые [2, 3]) ; min hhat=0.0274785559220549, q<=8
[4] E1 сертификаты неделимости: {'2': {'P': 11, 'P+T': 29}, '3': {'P': 19}, '5': {'P': 31}, '7': {'P': 11}, '11': {'P': 83}, '13': {'P': 199}}
[5] Psi o Phi = [2] на E1 x E2: крест-члены phi2_* phi1^* и phi1_* phi2^* обнуляются
[5]     тождественно (прообраз состоит из точки и её отражения, их образы противоположны).
[5] второй довод: E1 не изогенна E2 над Q, сертификат {'p': 11, 'a_p(E1)': -2, 'a_p(E2)': 2} => Hom_Q(E2,E1)=0
[5] численно: phi2_*(phi1^*((34384993 : 286391046720 : 1))) = O ?  True
[5] численно: phi2_*(phi1^*((79052833 : -779524000320 : 1))) = O ?  True
[5] численно: phi2_*(phi1^*((2688984502492657/10804369 : -141183938960016137400000/35513960903 : 1))) = O ?  True
[5] численно: phi2_*(phi1^*((1608446359619377/100140049 : 126226678037784425400000/1002101470343 : 1))) = O ?  True
[6a] класс 2-кручения [W(289x^2-322x+289) - inf+ - inf-] in Jac(D)(Q)
[6a]   Psi этого класса = (T1, T2) = ((8443775 : 0 : 1), (-28420225 : 0 : 1))  -- ПРОВЕРЕНО над Q(i)
[6a] => Psi(Jac(D)(Q)) СОДЕРЖИТ 2*(E1(Q)xE2(Q)) + <(T1,T2)>, индекс делит 16/2 = 8
[6b] p=11  #D(F_p)=12   |E1xE2(F_p)|=140     |Psi(J(F_p))|=70      индекс=2  выжило классов=8
[6b]      накопленное пересечение: [(0, 0, 0, 0), (0, 0, 1, 1), (0, 1, 0, 1), (0, 1, 1, 0), (1, 0, 0, 1), (1, 0, 1, 0), (1, 1, 0, 0), (1, 1, 1, 1)]
[6b] p=19  #D(F_p)=12   |E1xE2(F_p)|=240     |Psi(J(F_p))|=120     индекс=2  выжило классов=16
[6b]      накопленное пересечение: [(0, 0, 0, 0), (0, 0, 1, 1), (0, 1, 0, 1), (0, 1, 1, 0), (1, 0, 0, 1), (1, 0, 1, 0), (1, 1, 0, 0), (1, 1, 1, 1)]
[6b] p=29  #D(F_p)=26   |E1xE2(F_p)|=768     |Psi(J(F_p))|=192     индекс=4  выжило классов=4
[6b]      накопленное пересечение: [(0, 0, 0, 0), (0, 1, 0, 1)]
[6b] p=31  #D(F_p)=32   |E1xE2(F_p)|=960     |Psi(J(F_p))|=480     индекс=2  выжило классов=8
[6b]      накопленное пересечение: [(0, 0, 0, 0), (0, 1, 0, 1)]
[6b] p=41  #D(F_p)=38   |E1xE2(F_p)|=1536    |Psi(J(F_p))|=384     индекс=4  выжило классов=4
[6b]      накопленное пересечение: [(0, 0, 0, 0), (0, 1, 0, 1)]
[6b] p=43  #D(F_p)=52   |E1xE2(F_p)|=2300    |Psi(J(F_p))|=1150    индекс=2  выжило классов=8
[6b]      накопленное пересечение: [(0, 0, 0, 0), (0, 1, 0, 1)]
[6b] p=47  #D(F_p)=64   |E1xE2(F_p)|=3132    |Psi(J(F_p))|=1566    индекс=2  выжило классов=8
[6b]      накопленное пересечение: [(0, 0, 0, 0), (0, 1, 0, 1)]
[6b] p=53  #D(F_p)=66   |E1xE2(F_p)|=3536    |Psi(J(F_p))|=884     индекс=4  выжило классов=4
[6b]      накопленное пересечение: [(0, 0, 0, 0), (0, 1, 0, 1)]
[6b] p=59  #D(F_p)=60   |E1xE2(F_p)|=3596    |Psi(J(F_p))|=1798    индекс=2  выжило классов=8
[6b]      накопленное пересечение: [(0, 0, 0, 0), (0, 1, 0, 1)]
[6b] p=61  #D(F_p)=82   |E1xE2(F_p)|=5184    |Psi(J(F_p))|=1296    индекс=4  выжило классов=4
[6b]      накопленное пересечение: [(0, 0, 0, 0), (0, 1, 0, 1)]
[6b] p=67  #D(F_p)=60   |E1xE2(F_p)|=4032    |Psi(J(F_p))|=2016    индекс=2  выжило классов=16
[6b]      накопленное пересечение: [(0, 0, 0, 0), (0, 1, 0, 1)]
[6b] p=71  #D(F_p)=80   |E1xE2(F_p)|=5772    |Psi(J(F_p))|=2886    индекс=2  выжило классов=8
[6b]      накопленное пересечение: [(0, 0, 0, 0), (0, 1, 0, 1)]
[6b] p=73  #D(F_p)=78   |E1xE2(F_p)|=5760    |Psi(J(F_p))|=1440    индекс=4  выжило классов=4
[6b]      накопленное пересечение: [(0, 0, 0, 0), (0, 1, 0, 1)]
[6b] p=79  #D(F_p)=72   |E1xE2(F_p)|=5740    |Psi(J(F_p))|=2870    индекс=2  выжило классов=8
[6b]      накопленное пересечение: [(0, 0, 0, 0), (0, 1, 0, 1)]
[6b] p=83  #D(F_p)=92   |E1xE2(F_p)|=7744    |Psi(J(F_p))|=3872    индекс=2  выжило классов=8
[6b]      накопленное пересечение: [(0, 0, 0, 0), (0, 1, 0, 1)]
[6b] p=89  #D(F_p)=94   |E1xE2(F_p)|=8400    |Psi(J(F_p))|=2100    индекс=4  выжило классов=8
[6b]      накопленное пересечение: [(0, 0, 0, 0), (0, 1, 0, 1)]
[6b] p=97  #D(F_p)=102  |E1xE2(F_p)|=10000   |Psi(J(F_p))|=2500    индекс=4  выжило классов=4
[6b]      накопленное пересечение: [(0, 0, 0, 0), (0, 1, 0, 1)]
[6c'] p=11  локальный индекс вычислен=2, предсказан теорией=2  OK
[6c'] p=19  локальный индекс вычислен=2, предсказан теорией=2  OK
[6c'] p=29  локальный индекс вычислен=4, предсказан теорией=4  OK
[6c'] p=31  локальный индекс вычислен=2, предсказан теорией=2  OK
[6c'] p=41  локальный индекс вычислен=4, предсказан теорией=4  OK
[6c'] p=43  локальный индекс вычислен=2, предсказан теорией=2  OK
[6c'] p=47  локальный индекс вычислен=2, предсказан теорией=2  OK
[6c'] p=53  локальный индекс вычислен=4, предсказан теорией=4  OK
[6c'] p=59  локальный индекс вычислен=2, предсказан теорией=2  OK
[6c'] p=61  локальный индекс вычислен=4, предсказан теорией=4  OK
[6c'] p=67  локальный индекс вычислен=2, предсказан теорией=2  OK
[6c'] p=71  локальный индекс вычислен=2, предсказан теорией=2  OK
[6c'] p=73  локальный индекс вычислен=4, предсказан теорией=4  OK
[6c'] p=79  локальный индекс вычислен=2, предсказан теорией=2  OK
[6c'] p=83  локальный индекс вычислен=2, предсказан теорией=2  OK
[6c'] p=89  локальный индекс вычислен=4, предсказан теорией=4  OK
[6c'] p=97  локальный индекс вычислен=4, предсказан теорией=4  OK
[6c'] независимое теоретическое предсказание локальных индексов совпало на всех 17 простых: True
[6c] ИТОГ: классы (i*P1+j*T1, k*P2+l*T2) mod 2(E1(Q)xE2(Q)), совместимые со ВСЕМИ p: [(0, 0, 0, 0), (0, 1, 0, 1)]
[6c] нижнее и верхнее включения совпали => образ определён ТОЧНО:
[6c]   Psi(Jac(D)(Q)) = 2*(E1(Q) x E2(Q)) + <(T1,T2)> ,  индекс = 8
[6c]   т.е. (m1 P1 + e1 T1, m2 P2 + e2 T2) лежит в образе  <=>  m1 = m2 = 0 mod 2 и e1 = e2
[7] phi1((0,2023)) = (12536304 : 89381418007 : 1) ; это -2*P1 ? True
[7] phi2(inf+)     = (15762384 : 27203040263 : 1) ; это -2*P2 ? True
[7] z=(0,2023): phi1 = -2*P1 + 0*T1 ; [z-inf+] -> phi2-часть = 2*P2 + 0*T2 ; условие решета: True
[7] z=(0,-2023): phi1 = 2*P1 + 0*T1 ; [z-inf+] -> phi2-часть = 2*P2 + 0*T2 ; условие решета: True
[7] z=inf_+: phi2 = -2*P2 + 0*T2 ; [z-inf+] -> phi2-часть = 0*P2 + 0*T2 ; условие решета: True
[7] z=inf_-: phi2 = 2*P2 + 0*T2 ; [z-inf+] -> phi2-часть = 4*P2 + 0*T2 ; условие решета: True
[7] КОНТРОЛЬ: все четыре известные точки проходят условие решета: True
[8] Для z=(x,y) in D(Q), x != 0, x != oo:  X1*X2 = a6 x^2 * a0/x^2 = a0*a6 = 180818608628161 = 7^2 * 17^8 * 23^2
[8]   в минимальных координатах: (X1min - 12536304)*(X2min - 15762384) = 180818608628161
[8]   и Y1/Y2 = a6 x^3 / a0, откуда x = a0*Y1/(X1raw*Y2)
[8] Это тождество НЕ требует знания индекса образа -- оно верно поточечно.
[8] Вырождения: x=0 <=> phi2(z)=O (и X1raw=0); x=oo <=> phi1(z)=O (и X2raw=0).
