[0] D : y^2 = 44182609*x^6 + 37608911*x^4 + 47287151*x^2 + 4092529
[0] тождество моста и гладкость (род 2) подтверждены точной арифметикой  [proved]
[1] E1 (сырая модель) = (0, 37608911, 0, 2089269703356959, 7989037884942063852049) ; совпала с elliptic_factors[0].raw_ainvs  [proved]
[1] phi1=(a6 x^2, a6 y): (a6 y)^2 - RHS_E1(a6 x^2) = (1952102938046881)*(y^2-f)  [proved]
[1] инволюция sigma(x,y)=(-x,y), E1 = D/sigma; phi1^*(dX/2Y) = x dx/y  [proved]
[1] E1 (минимальная) = (0, -1, 0, 1617792974488319, -14262298467262390622975) ; совпала с elliptic_factors[0].minimal_ainvs  [proved]
[1] изоморфизм raw->min: Elliptic-curve morphism:
  From: Elliptic Curve defined by y^2 = x^3 + 37608911*x^2 + 2089269703356959*x + 7989037884942063852049 over Rational Field
  To:   Elliptic Curve defined by y^2 = x^3 - x^2 + 1617792974488319*x - 14262298467262390622975 over Rational Field
  Via:  (u,r,s,t) = (1, -12536304, 0, 0)
[1] P = (34384993 : 286391046720 : 1) на минимальной модели: подстановка даёт невязку 0  [proved]
[1] образ P на сырой модели: (21848689 : 286391046720 : 1) ; невязка 0  [proved]
[1] обратно iso(Praw) == P : True  [proved]
[2] кондуктор  N = 14405924506384320 = 2^6 * 3 * 5 * 7 * 13 * 17 * 23 * 37 * 1213 * 9397
[2] дискриминант  = -1 * 2^20 * 3^2 * 5^2 * 7^2 * 13^2 * 17^8 * 23^6 * 37^2 * 1213^2 * 9397^2
[2] j(E1) = 1786292708427217164370409528810214849856009919/1368948735016263604709866476070818440112900
[2] E1(Q)_tors = (2,), порождающая T = (8443775 : 0 : 1) (порядок 2), невязка подстановки 0  [proved_software+proved]
[2] 2-кручение: x^3 - x^2 + ... имеет ровно один рациональный корень 8443775 ; проверка: (x - 8443775) * (x^2 + 8443774*x + 1689090302295169)
[2] p = 11: хорошая редукция = True (11 не делит дискриминант)  [proved]
[3] eclib two_descent: rank=1 rank_bound=1 certain=True selmer_rank=2 gens=([34384993, 286391046720, 1],)
[3] dim_F2 Sel_2(E1/Q) = 2 (pari) = 2 (mwrank)
[3] dim Sel_2 = rank + dim E(Q)[2] + dim Sha[2]  =>  rank + dim Sha[2] = 2 - 1 = 1
[3] точка P бесконечного порядка даёт rank >= 1  =>  rank = 1 и Sha(E1/Q)[2] = 0  [proved_software]
[3] PARI ellrank: интервал [1, 1], точки [[34384993, 286391046720]]
[3] Sage rank(proof=True) = 1 ; gens(proof=True) = [(34384993 : 286391046720 : 1)]
[3] знак функционального уравнения = -1 (согласуется с нечётным рангом; НЕ доказательство)
[4] hhat(P): Sage = 1.94633297014005 ; PARI = 1.94633297014005 ; разность = 0.000000000000000
[4] регулятор E1(Q) = hhat(P) = 1.94633297014005  [numerical, точность >= 1e-20]
[5] mu(tol=0.100000000000000, n_max=5) = 0.0254723345334631  =>  индекс n <= sqrt(hhat(P)/mu) = 8.74126315551970  (0.2 c)
[5] mu(tol=0.0100000000000000, n_max=8) = 0.0274785559220549  =>  индекс n <= sqrt(hhat(P)/mu) = 8.41611414357810  (0.1 c)
[5] mu(tol=0.00100000000000000, n_max=10) = 0.0275344134486803  =>  индекс n <= sqrt(hhat(P)/mu) = 8.40757315938462  (0.1 c)
[5] mu(tol=0.000100000000000000, n_max=12) = 0.0275437340693585  =>  индекс n <= sqrt(hhat(P)/mu) = 8.40615050495044  (0.2 c)
[5] лучшая нижняя граница mu = 0.0275437340693585  =>  ИНДЕКС n <= 8  [proved_software]
[5] значит достаточно исключить делимость на простые q из [2, 3, 5, 7]
[6] division_points(q=2) для P -> []  (0.00 c)  [proved_software: точная арифметика]
[6] division_points(q=2) для P+T -> []  (0.00 c)  [proved_software: точная арифметика]
[6] division_points(q=3) для P -> []  (0.00 c)  [proved_software: точная арифметика]
[6] division_points(q=3) для P+T -> []  (0.00 c)  [proved_software: точная арифметика]
[6] division_points(q=5) для P -> []  (0.00 c)  [proved_software: точная арифметика]
[6] division_points(q=5) для P+T -> []  (0.00 c)  [proved_software: точная арифметика]
[6] division_points(q=7) для P -> []  (0.00 c)  [proved_software: точная арифметика]
[6] division_points(q=7) для P+T -> []  (0.00 c)  [proved_software: точная арифметика]
[6] независимый сертификат неделимости q=2, P : {'p': 11, 'group_invariants': [14], 'discrete_log': [3], 'reason': 'образ P не лежит в 2*E(F_11)'}  [proved]
[6] независимый сертификат неделимости q=2, P+T : {'p': 29, 'group_invariants': [2, 16], 'discrete_log': [6, 1], 'reason': 'образ P+T не лежит в 2*E(F_29)'}  [proved]
[6] независимый сертификат неделимости q=3, P : {'p': 19, 'group_invariants': [12], 'discrete_log': [8], 'reason': 'образ P не лежит в 3*E(F_19)'}  [proved]
[6] независимый сертификат неделимости q=3, P+T : {'p': 19, 'group_invariants': [12], 'discrete_log': [2], 'reason': 'образ P+T не лежит в 3*E(F_19)'}  [proved]
[6] независимый сертификат неделимости q=5, P : {'p': 31, 'group_invariants': [40], 'discrete_log': [33], 'reason': 'образ P не лежит в 5*E(F_31)'}  [proved]
[6] независимый сертификат неделимости q=5, P+T : {'p': 31, 'group_invariants': [40], 'discrete_log': [13], 'reason': 'образ P+T не лежит в 5*E(F_31)'}  [proved]
[6] независимый сертификат неделимости q=7, P : {'p': 11, 'group_invariants': [14], 'discrete_log': [3], 'reason': 'образ P не лежит в 7*E(F_11)'}  [proved]
[6] независимый сертификат неделимости q=7, P+T : {'p': 11, 'group_invariants': [14], 'discrete_log': [10], 'reason': 'образ P+T не лежит в 7*E(F_11)'}  [proved]
[7] eclib saturation(max_prime=-1): index = 1, reg = 1.94633297014005, точки [(34384993 : 286391046720 : 1)]
[7] eclib saturation(max_prime=11): index = 1
[7] eclib saturation(max_prime=100): index = 1
[7] PARI ellsaturation(B=20): [[34384993, 286391046720]]

[7] ВЫВОД. rank E1(Q) = 1 (2-спуск, dim Sel_2 = 2, Sha[2] = 0);
[7]        E1(Q)_tors = Z/2 = <T>, T = (8443775 : 0 : 1);
[7]        индекс <P> + <T> в E1(Q) делит n <= 8, и ни одно простое q <= 8 не делит n;
[7]        => E1(Q) = <P> (+) <T> ~ Z (+) Z/2, P = (34384993 : 286391046720 : 1).  НАСЫЩЕННОСТЬ ДОКАЗАНА [proved_software]

[8] phi1(0, 2023) = (0, 89381418007) на E1raw -> (12536304 : 89381418007 : 1) на E1min ; в базисе: (-2, 'O')  [proved]
[8] phi1(0, -2023) = (0, -89381418007) на E1raw -> (12536304 : -89381418007 : 1) на E1min ; в базисе: (2, 'O')  [proved]
[8] точка на бесконечности D (y/x^3 -> 1*6647): phi1 -> O (полюс x^2 второго порядка)  [proved]
[8] точка на бесконечности D (y/x^3 -> -1*6647): phi1 -> O (полюс x^2 второго порядка)  [proved]
[8] ВНИМАНИЕ ДЛЯ РЕШЕТА: образ известной точки D равен -2*P, а НЕ +-P.
[8] Если бы за образующую взяли phi1-образ известной точки, индекс был бы 2,
[8] и решето убивало бы кандидатов НЕПРАВОМЕРНО. Контроль пройден: P -- образующая. [proved]
[9] экспортированы локальные данные для 39 простых хорошей редукции (включая p = 11): {'order': 14, 'invariants': [14], 'dlog_P': [3], 'dlog_T': [7], 'a_p': -2}
[9] сдвиг моделей: X_min = X_raw + 12536304, то есть X_raw = X_min - 12536304 (проверено на точках)  [proved]
[9] безусловное условие на образ: X_raw(phi1(z)) = a6 * x_D^2, то есть (X_min - 12536304)/a6 -- квадрат в Q
[9]     (статус proved; при переносе по модулю p требуется отдельный учёт полюсов и плохих мест)
