[1] невязка P (min) = 0 ; T (min) = 0 ; P (raw) = 0  [proved]
[1] 2P = (12536304, -89381418007) ; P+T = (79052833, -779524000320)  [proved]
[2] phi1(0, 2023) = (12536304, 89381418007) на min-модели; в базисе <P>+<T> это (-2, 'O')  [proved]
[2] КОНТРОЛЬ ЛОВУШКИ: образ известной точки D равен -2P, то есть лежит в 2*E1(Q).
[2] Если бы его взяли за образующую, индекс был бы 2 и решето убивало бы кандидатов НЕПРАВОМЕРНО. Образующая -- P.  [proved]
[1] Delta(min) = -358861697192103406393063237503108629164956057600 ; совпал с факторизацией лога: True  [proved]
[3] #E1(F_p) = {11: 14, 19: 12, 29: 32, 31: 40, 41: 48, 43: 50, 47: 54, 53: 52, 59: 62, 61: 72, 67: 56, 71: 74, 73: 80}
[3] gcd = 2 => |E1(Q)_tors| делит 2; T имеет порядок 2 => E1(Q)_tors = Z/2  [proved]
[3] P != O, P != T (y(P) != 0) => P неторсионна => rank E1(Q) >= 1  [proved]
[4] q=2, P : {'p': 11, 'order_E_Fp': 14, 'image': [5, 9], 'size_qE': 7, 'reason': 'образ P не лежит в 2*E(F_11)'}  [proved]
[4] q=2, P+T : {'p': 29, 'order_E_Fp': 32, 'image': [22, 27], 'size_qE': 8, 'reason': 'образ P+T не лежит в 2*E(F_29)'}  [proved]
[4] q=3, P : {'p': 19, 'order_E_Fp': 12, 'image': [9, 5], 'size_qE': 4, 'reason': 'образ P не лежит в 3*E(F_19)'}  [proved]
[4] q=3, P+T : {'p': 19, 'order_E_Fp': 12, 'image': [8, 15], 'size_qE': 4, 'reason': 'образ P+T не лежит в 3*E(F_19)'}  [proved]
[4] q=5, P : {'p': 31, 'order_E_Fp': 40, 'image': [10, 29], 'size_qE': 8, 'reason': 'образ P не лежит в 5*E(F_31)'}  [proved]
[4] q=5, P+T : {'p': 31, 'order_E_Fp': 40, 'image': [12, 25], 'size_qE': 8, 'reason': 'образ P+T не лежит в 5*E(F_31)'}  [proved]
[4] q=7, P : {'p': 11, 'order_E_Fp': 14, 'image': [5, 9], 'size_qE': 2, 'reason': 'образ P не лежит в 7*E(F_11)'}  [proved]
[4] q=7, P+T : {'p': 11, 'order_E_Fp': 14, 'image': [2, 1], 'size_qE': 2, 'reason': 'образ P+T не лежит в 7*E(F_11)'}  [proved]
[4] => ни одно простое q из {2,3,5,7} не делит индекс <P>+<T> в E1(Q)  [proved]
[5] h(x(2^k P))/4^k, k=0..8 : [17.353130777, 4.086034828, 2.196293954, 1.997583196, 1.960262715, 1.949215264, 1.947298135, 1.946518767, 1.946392009]
[5] предел ~ 1.946392009 ; Sage и PARI дают 1.94633297014005  [numerical]
[6] точки с x = u/v^2, |u| <= 4000, v <= 59 : []  [наблюдение, НЕ доказательство]

ИТОГ НЕЗАВИСИМОГО АУДИТА:
  подтверждено без Sage: P, T на кривой; кручение = Z/2; P неторсионна;
  phi1(известная точка D) = -2P; неделимость P и P+T на 2,3,5,7.
  НЕ подтверждено независимо: ранг = 1 (2-спуск) и конечность списка простых
  (граница индекса). Для границы есть две независимые реализации:
  Sage Cremona-Siksek (n <= 8) и eclib CPS (простые {2,3}) -- см. basis_E1_eclib_bound.log.
