{
  "mode": "mixed_15_8",
  "polynomial": "44182609*x^6 + 37608911*x^4 + 47287151*x^2 + 4092529",
  "p": 11,
  "precision": 20,
  "sage_version": "10.9",
  "vendor_url": "https://github.com/bianchifrancesca/QC_bielliptic",
  "vendor_sha256": "f68c9786cba37fed080c6f4accadb8ee59722de5c96c916b0ef6f4b01c923565",
  "profile": "full_five_square_lift_only",
  "status": "running"
}
Calling quadratic_chabauty_bielliptic
QC disc coverage: {"finite_field_points": 12, "all_orbit_representatives": ["(1 : 3 : 0)", "(0 : 1 : 1)", "(3 : 2 : 1)", "(5 : 1 : 1)"], "selected_orbit_representatives": ["(1 : 3 : 0)", "(0 : 1 : 1)"], "canonical_coverage_verified": true}
QC orbit 1 of 2 (1 : 3 : 0)
QC orbit constants ready
QC analytic function ready; precision bound 19
QC orbit complete; certified constant-dominance skips 0 of 12
QC orbit 2 of 2 (0 : 1 : 1)
QC orbit constants ready
QC analytic function ready; precision bound 16
QC orbit complete; certified constant-dominance skips 0 of 12
{
  "mode": "mixed_15_8",
  "polynomial": "44182609*x^6 + 37608911*x^4 + 47287151*x^2 + 4092529",
  "p": 11,
  "precision": 20,
  "sage_version": "10.9",
  "vendor_url": "https://github.com/bianchifrancesca/QC_bielliptic",
  "vendor_sha256": "f68c9786cba37fed080c6f4accadb8ee59722de5c96c916b0ef6f4b01c923565",
  "profile": "full_five_square_lift_only",
  "status": "completed; full certificate still requires audit",
  "ellrank_intervals": [
    "[1, 1, 0, [[21848689, 286391046720]]]",
    "[1, 1, 0, [[-18241391, 87162492480]]]"
  ],
  "omega_theoretical_upper_bound": 12,
  "disc_coverage": {
    "finite_field_points": 12,
    "all_orbit_representatives": [
      "(1 : 3 : 0)",
      "(0 : 1 : 1)",
      "(3 : 2 : 1)",
      "(5 : 1 : 1)"
    ],
    "selected_orbit_representatives": [
      "(1 : 3 : 0)",
      "(0 : 1 : 1)"
    ],
    "canonical_coverage_verified": true
  },
  "rational_points_by_omega": [
    [],
    [
      "(0 : -2023 : 1)",
      "(0 : 2023 : 1)"
    ],
    [],
    [],
    [],
    [],
    [],
    [],
    [],
    [],
    [
      "(1 : -6647 : 0)",
      "(1 : 6647 : 0)"
    ],
    []
  ],
  "extra_points_by_omega": [
    [
      "(6*11^-1 + 6 + 9*11 + 7*11^2 + 10*11^3 + 4*11^4 + 9*11^5 + 8*11^6 + 4*11^7 + 3*11^8 + 7*11^9 + 11^10 + 5*11^11 + 11^12 + 3*11^13 + 11^14 + O(11^15) : 11^-3 + 6*11^-2 + 4*11^-1 + 7 + 3*11 + 10*11^2 + 6*11^3 + 3*11^4 + 9*11^6 + 11^7 + 3*11^8 + 6*11^9 + 7*11^10 + 5*11^12 + O(11^13) : 1 + O(11^20))",
      "(6*11^-1 + 6 + 9*11 + 7*11^2 + 10*11^3 + 4*11^4 + 9*11^5 + 8*11^6 + 4*11^7 + 3*11^8 + 7*11^9 + 11^10 + 5*11^11 + 11^12 + 3*11^13 + 11^14 + O(11^15) : 10*11^-3 + 4*11^-2 + 6*11^-1 + 3 + 7*11 + 4*11^3 + 7*11^4 + 10*11^5 + 11^6 + 9*11^7 + 7*11^8 + 4*11^9 + 3*11^10 + 10*11^11 + 5*11^12 + O(11^13) : 1 + O(11^20))",
      "(5*11^-1 + 4 + 11 + 3*11^2 + 6*11^4 + 11^5 + 2*11^6 + 6*11^7 + 7*11^8 + 3*11^9 + 9*11^10 + 5*11^11 + 9*11^12 + 7*11^13 + 9*11^14 + O(11^15) : 11^-3 + 6*11^-2 + 4*11^-1 + 7 + 3*11 + 10*11^2 + 6*11^3 + 3*11^4 + 9*11^6 + 11^7 + 3*11^8 + 6*11^9 + 7*11^10 + 5*11^12 + O(11^13) : 1 + O(11^20))",
      "(5*11^-1 + 4 + 11 + 3*11^2 + 6*11^4 + 11^5 + 2*11^6 + 6*11^7 + 7*11^8 + 3*11^9 + 9*11^10 + 5*11^11 + 9*11^12 + 7*11^13 + 9*11^14 + O(11^15) : 10*11^-3 + 4*11^-2 + 6*11^-1 + 3 + 7*11 + 4*11^3 + 7*11^4 + 10*11^5 + 11^6 + 9*11^7 + 7*11^8 + 4*11^9 + 3*11^10 + 10*11^11 + 5*11^12 + O(11^13) : 1 + O(11^20))"
    ],
    [],
    [
      "(11 + 4*11^2 + 10*11^3 + 10*11^4 + 4*11^5 + 6*11^6 + 3*11^7 + 10*11^9 + 6*11^10 + 5*11^11 + 2*11^12 + 10*11^13 + O(11^15) : 1 + 3*11 + 10*11^2 + 11^4 + 7*11^5 + 11^6 + 4*11^7 + 6*11^9 + 7*11^11 + 3*11^12 + 9*11^13 + 4*11^14 + 3*11^15 + O(11^16) : 1 + O(11^20))",
      "(11 + 4*11^2 + 10*11^3 + 10*11^4 + 4*11^5 + 6*11^6 + 3*11^7 + 10*11^9 + 6*11^10 + 5*11^11 + 2*11^12 + 10*11^13 + O(11^15) : 10 + 7*11 + 10*11^3 + 9*11^4 + 3*11^5 + 9*11^6 + 6*11^7 + 10*11^8 + 4*11^9 + 10*11^10 + 3*11^11 + 7*11^12 + 11^13 + 6*11^14 + 7*11^15 + O(11^16) : 1 + O(11^20))",
      "(10*11 + 6*11^2 + 6*11^5 + 4*11^6 + 7*11^7 + 10*11^8 + 4*11^10 + 5*11^11 + 8*11^12 + 10*11^14 + O(11^15) : 1 + 3*11 + 10*11^2 + 11^4 + 7*11^5 + 11^6 + 4*11^7 + 6*11^9 + 7*11^11 + 3*11^12 + 9*11^13 + 4*11^14 + 3*11^15 + O(11^16) : 1 + O(11^20))",
      "(10*11 + 6*11^2 + 6*11^5 + 4*11^6 + 7*11^7 + 10*11^8 + 4*11^10 + 5*11^11 + 8*11^12 + 10*11^14 + O(11^15) : 10 + 7*11 + 10*11^3 + 9*11^4 + 3*11^5 + 9*11^6 + 6*11^7 + 10*11^8 + 4*11^9 + 10*11^10 + 3*11^11 + 7*11^12 + 11^13 + 6*11^14 + 7*11^15 + O(11^16) : 1 + O(11^20))"
    ],
    [
      "(6*11^-1 + 5 + 6*11 + 8*11^2 + 3*11^3 + 6*11^4 + 4*11^5 + 5*11^6 + 8*11^7 + 3*11^8 + 8*11^9 + 6*11^10 + 2*11^11 + 5*11^12 + 3*11^13 + 5*11^14 + O(11^15) : 11^-3 + 7*11^-1 + 3 + 11 + 8*11^2 + 4*11^3 + 7*11^4 + 9*11^5 + 4*11^6 + 9*11^7 + 8*11^8 + 5*11^9 + 10*11^10 + 4*11^11 + O(11^13) : 1 + O(11^20))",
      "(6*11^-1 + 5 + 6*11 + 8*11^2 + 3*11^3 + 6*11^4 + 4*11^5 + 5*11^6 + 8*11^7 + 3*11^8 + 8*11^9 + 6*11^10 + 2*11^11 + 5*11^12 + 3*11^13 + 5*11^14 + O(11^15) : 10*11^-3 + 10*11^-2 + 3*11^-1 + 7 + 9*11 + 2*11^2 + 6*11^3 + 3*11^4 + 11^5 + 6*11^6 + 11^7 + 2*11^8 + 5*11^9 + 6*11^11 + 10*11^12 + O(11^13) : 1 + O(11^20))",
      "(5*11^-1 + 5 + 4*11 + 2*11^2 + 7*11^3 + 4*11^4 + 6*11^5 + 5*11^6 + 2*11^7 + 7*11^8 + 2*11^9 + 4*11^10 + 8*11^11 + 5*11^12 + 7*11^13 + 5*11^14 + O(11^15) : 11^-3 + 7*11^-1 + 3 + 11 + 8*11^2 + 4*11^3 + 7*11^4 + 9*11^5 + 4*11^6 + 9*11^7 + 8*11^8 + 5*11^9 + 10*11^10 + 4*11^11 + O(11^13) : 1 + O(11^20))",
      "(5*11^-1 + 5 + 4*11 + 2*11^2 + 7*11^3 + 4*11^4 + 6*11^5 + 5*11^6 + 2*11^7 + 7*11^8 + 2*11^9 + 4*11^10 + 8*11^11 + 5*11^12 + 7*11^13 + 5*11^14 + O(11^15) : 10*11^-3 + 10*11^-2 + 3*11^-1 + 7 + 9*11 + 2*11^2 + 6*11^3 + 3*11^4 + 11^5 + 6*11^6 + 11^7 + 2*11^8 + 5*11^9 + 6*11^11 + 10*11^12 + O(11^13) : 1 + O(11^20))"
    ],
    [],
    [
      "(11 + 3*11^2 + 2*11^3 + 10*11^4 + 10*11^5 + 5*11^6 + 7*11^7 + 7*11^8 + 2*11^9 + 6*11^10 + 11^11 + 2*11^12 + 5*11^13 + 3*11^14 + O(11^15) : 10 + 7*11 + 9*11^3 + 5*11^4 + 5*11^5 + 8*11^8 + 8*11^9 + 9*11^10 + 10*11^11 + 4*11^13 + 2*11^14 + O(11^16) : 1 + O(11^20))",
      "(11 + 3*11^2 + 2*11^3 + 10*11^4 + 10*11^5 + 5*11^6 + 7*11^7 + 7*11^8 + 2*11^9 + 6*11^10 + 11^11 + 2*11^12 + 5*11^13 + 3*11^14 + O(11^15) : 1 + 3*11 + 10*11^2 + 11^3 + 5*11^4 + 5*11^5 + 10*11^6 + 10*11^7 + 2*11^8 + 2*11^9 + 11^10 + 10*11^12 + 6*11^13 + 8*11^14 + 10*11^15 + O(11^16) : 1 + O(11^20))",
      "(10*11 + 7*11^2 + 8*11^3 + 5*11^6 + 3*11^7 + 3*11^8 + 8*11^9 + 4*11^10 + 9*11^11 + 8*11^12 + 5*11^13 + 7*11^14 + O(11^15) : 10 + 7*11 + 9*11^3 + 5*11^4 + 5*11^5 + 8*11^8 + 8*11^9 + 9*11^10 + 10*11^11 + 4*11^13 + 2*11^14 + O(11^16) : 1 + O(11^20))",
      "(10*11 + 7*11^2 + 8*11^3 + 5*11^6 + 3*11^7 + 3*11^8 + 8*11^9 + 4*11^10 + 9*11^11 + 8*11^12 + 5*11^13 + 7*11^14 + O(11^15) : 1 + 3*11 + 10*11^2 + 11^3 + 5*11^4 + 5*11^5 + 10*11^6 + 10*11^7 + 2*11^8 + 2*11^9 + 11^10 + 10*11^12 + 6*11^13 + 8*11^14 + 10*11^15 + O(11^16) : 1 + O(11^20))"
    ],
    [
      "(11^2 + 10*11^3 + 5*11^4 + 6*11^5 + 2*11^6 + 2*11^7 + 9*11^8 + 4*11^9 + 9*11^10 + 5*11^11 + 6*11^13 + 11^14 + O(11^15) : 1 + 3*11 + 5*11^2 + 9*11^3 + 4*11^4 + 7*11^5 + 10*11^6 + 8*11^7 + 6*11^8 + 2*11^9 + 7*11^10 + 5*11^12 + 6*11^13 + 7*11^14 + 6*11^15 + 2*11^16 + O(11^17) : 1 + O(11^20))",
      "(11^2 + 10*11^3 + 5*11^4 + 6*11^5 + 2*11^6 + 2*11^7 + 9*11^8 + 4*11^9 + 9*11^10 + 5*11^11 + 6*11^13 + 11^14 + O(11^15) : 10 + 7*11 + 5*11^2 + 11^3 + 6*11^4 + 3*11^5 + 2*11^7 + 4*11^8 + 8*11^9 + 3*11^10 + 10*11^11 + 5*11^12 + 4*11^13 + 3*11^14 + 4*11^15 + 8*11^16 + O(11^17) : 1 + O(11^20))",
      "(10*11^2 + 5*11^4 + 4*11^5 + 8*11^6 + 8*11^7 + 11^8 + 6*11^9 + 11^10 + 5*11^11 + 10*11^12 + 4*11^13 + 9*11^14 + O(11^15) : 1 + 3*11 + 5*11^2 + 9*11^3 + 4*11^4 + 7*11^5 + 10*11^6 + 8*11^7 + 6*11^8 + 2*11^9 + 7*11^10 + 5*11^12 + 6*11^13 + 7*11^14 + 6*11^15 + 2*11^16 + O(11^17) : 1 + O(11^20))",
      "(10*11^2 + 5*11^4 + 4*11^5 + 8*11^6 + 8*11^7 + 11^8 + 6*11^9 + 11^10 + 5*11^11 + 10*11^12 + 4*11^13 + 9*11^14 + O(11^15) : 10 + 7*11 + 5*11^2 + 11^3 + 6*11^4 + 3*11^5 + 2*11^7 + 4*11^8 + 8*11^9 + 3*11^10 + 10*11^11 + 5*11^12 + 4*11^13 + 3*11^14 + 4*11^15 + 8*11^16 + O(11^17) : 1 + O(11^20))"
    ],
    [
      "(11^-1 + 8 + 3*11^2 + 4*11^3 + 10*11^4 + 9*11^5 + 3*11^6 + 4*11^7 + 9*11^8 + 8*11^9 + 9*11^10 + 9*11^11 + 4*11^12 + 2*11^14 + O(11^15) : 8*11^-3 + 5*11^-2 + 4*11^-1 + 4 + 10*11 + 5*11^2 + 6*11^3 + 11^4 + 8*11^5 + 9*11^6 + 7*11^7 + 11^8 + 10*11^9 + 2*11^10 + 4*11^12 + O(11^13) : 1 + O(11^20))",
      "(11^-1 + 8 + 3*11^2 + 4*11^3 + 10*11^4 + 9*11^5 + 3*11^6 + 4*11^7 + 9*11^8 + 8*11^9 + 9*11^10 + 9*11^11 + 4*11^12 + 2*11^14 + O(11^15) : 3*11^-3 + 5*11^-2 + 6*11^-1 + 6 + 5*11^2 + 4*11^3 + 9*11^4 + 2*11^5 + 11^6 + 3*11^7 + 9*11^8 + 8*11^10 + 10*11^11 + 6*11^12 + O(11^13) : 1 + O(11^20))",
      "(10*11^-1 + 2 + 10*11 + 7*11^2 + 6*11^3 + 11^5 + 7*11^6 + 6*11^7 + 11^8 + 2*11^9 + 11^10 + 11^11 + 6*11^12 + 10*11^13 + 8*11^14 + O(11^15) : 8*11^-3 + 5*11^-2 + 4*11^-1 + 4 + 10*11 + 5*11^2 + 6*11^3 + 11^4 + 8*11^5 + 9*11^6 + 7*11^7 + 11^8 + 10*11^9 + 2*11^10 + 4*11^12 + O(11^13) : 1 + O(11^20))",
      "(10*11^-1 + 2 + 10*11 + 7*11^2 + 6*11^3 + 11^5 + 7*11^6 + 6*11^7 + 11^8 + 2*11^9 + 11^10 + 11^11 + 6*11^12 + 10*11^13 + 8*11^14 + O(11^15) : 3*11^-3 + 5*11^-2 + 6*11^-1 + 6 + 5*11^2 + 4*11^3 + 9*11^4 + 2*11^5 + 11^6 + 3*11^7 + 9*11^8 + 8*11^10 + 10*11^11 + 6*11^12 + O(11^13) : 1 + O(11^20))",
      "(4*11 + 4*11^2 + 5*11^5 + 11^6 + 11^7 + 8*11^9 + 5*11^10 + 4*11^11 + 9*11^12 + 5*11^14 + O(11^15) : 1 + 3*11 + 8*11^2 + 8*11^3 + 2*11^4 + 4*11^5 + 5*11^6 + 9*11^7 + 11^8 + 5*11^9 + 10*11^10 + 2*11^11 + 11^12 + 6*11^13 + 6*11^14 + 3*11^15 + O(11^16) : 1 + O(11^20))",
      "(4*11 + 4*11^2 + 5*11^5 + 11^6 + 11^7 + 8*11^9 + 5*11^10 + 4*11^11 + 9*11^12 + 5*11^14 + O(11^15) : 10 + 7*11 + 2*11^2 + 2*11^3 + 8*11^4 + 6*11^5 + 5*11^6 + 11^7 + 9*11^8 + 5*11^9 + 8*11^11 + 9*11^12 + 4*11^13 + 4*11^14 + 7*11^15 + O(11^16) : 1 + O(11^20))",
      "(7*11 + 6*11^2 + 10*11^3 + 10*11^4 + 5*11^5 + 9*11^6 + 9*11^7 + 10*11^8 + 2*11^9 + 5*11^10 + 6*11^11 + 11^12 + 10*11^13 + 5*11^14 + O(11^15) : 1 + 3*11 + 8*11^2 + 8*11^3 + 2*11^4 + 4*11^5 + 5*11^6 + 9*11^7 + 11^8 + 5*11^9 + 10*11^10 + 2*11^11 + 11^12 + 6*11^13 + 6*11^14 + 3*11^15 + O(11^16) : 1 + O(11^20))",
      "(7*11 + 6*11^2 + 10*11^3 + 10*11^4 + 5*11^5 + 9*11^6 + 9*11^7 + 10*11^8 + 2*11^9 + 5*11^10 + 6*11^11 + 11^12 + 10*11^13 + 5*11^14 + O(11^15) : 10 + 7*11 + 2*11^2 + 2*11^3 + 8*11^4 + 6*11^5 + 5*11^6 + 11^7 + 9*11^8 + 5*11^9 + 8*11^11 + 9*11^12 + 4*11^13 + 4*11^14 + 7*11^15 + O(11^16) : 1 + O(11^20))"
    ],
    [
      "(6*11^-1 + 5 + 11 + 10*11^2 + 9*11^3 + 11^4 + 6*11^6 + 8*11^7 + 7*11^8 + 8*11^9 + 5*11^10 + 2*11^11 + 2*11^12 + 2*11^13 + O(11^15) : 10*11^-3 + 10*11^-2 + 9 + 9*11^2 + 4*11^3 + 6*11^4 + 5*11^5 + 9*11^6 + 10*11^7 + 7*11^8 + 6*11^9 + 6*11^10 + 7*11^11 + 2*11^12 + O(11^13) : 1 + O(11^20))",
      "(6*11^-1 + 5 + 11 + 10*11^2 + 9*11^3 + 11^4 + 6*11^6 + 8*11^7 + 7*11^8 + 8*11^9 + 5*11^10 + 2*11^11 + 2*11^12 + 2*11^13 + O(11^15) : 11^-3 + 10*11^-1 + 1 + 10*11 + 11^2 + 6*11^3 + 4*11^4 + 5*11^5 + 11^6 + 3*11^8 + 4*11^9 + 4*11^10 + 3*11^11 + 8*11^12 + O(11^13) : 1 + O(11^20))",
      "(5*11^-1 + 5 + 9*11 + 11^3 + 9*11^4 + 10*11^5 + 4*11^6 + 2*11^7 + 3*11^8 + 2*11^9 + 5*11^10 + 8*11^11 + 8*11^12 + 8*11^13 + 10*11^14 + O(11^15) : 10*11^-3 + 10*11^-2 + 9 + 9*11^2 + 4*11^3 + 6*11^4 + 5*11^5 + 9*11^6 + 10*11^7 + 7*11^8 + 6*11^9 + 6*11^10 + 7*11^11 + 2*11^12 + O(11^13) : 1 + O(11^20))",
      "(5*11^-1 + 5 + 9*11 + 11^3 + 9*11^4 + 10*11^5 + 4*11^6 + 2*11^7 + 3*11^8 + 2*11^9 + 5*11^10 + 8*11^11 + 8*11^12 + 8*11^13 + 10*11^14 + O(11^15) : 11^-3 + 10*11^-1 + 1 + 10*11 + 11^2 + 6*11^3 + 4*11^4 + 5*11^5 + 11^6 + 3*11^8 + 4*11^9 + 4*11^10 + 3*11^11 + 8*11^12 + O(11^13) : 1 + O(11^20))"
    ],
    [],
    [
      "(10*11 + 7*11^2 + 2*11^3 + 3*11^4 + 7*11^5 + 4*11^6 + 10*11^7 + 3*11^8 + 9*11^9 + 5*11^10 + 3*11^11 + 6*11^12 + 4*11^14 + O(11^15) : 1 + 3*11 + 10*11^2 + 11^3 + 10*11^4 + 11^5 + 8*11^6 + 3*11^7 + 10*11^9 + 11^10 + 9*11^11 + 4*11^13 + 4*11^15 + O(11^16) : 1 + O(11^20))",
      "(10*11 + 7*11^2 + 2*11^3 + 3*11^4 + 7*11^5 + 4*11^6 + 10*11^7 + 3*11^8 + 9*11^9 + 5*11^10 + 3*11^11 + 6*11^12 + 4*11^14 + O(11^15) : 10 + 7*11 + 9*11^3 + 9*11^5 + 2*11^6 + 7*11^7 + 10*11^8 + 9*11^10 + 11^11 + 10*11^12 + 6*11^13 + 10*11^14 + 6*11^15 + O(11^16) : 1 + O(11^20))",
      "(11 + 3*11^2 + 8*11^3 + 7*11^4 + 3*11^5 + 6*11^6 + 7*11^8 + 11^9 + 5*11^10 + 7*11^11 + 4*11^12 + 10*11^13 + 6*11^14 + O(11^15) : 1 + 3*11 + 10*11^2 + 11^3 + 10*11^4 + 11^5 + 8*11^6 + 3*11^7 + 10*11^9 + 11^10 + 9*11^11 + 4*11^13 + 4*11^15 + O(11^16) : 1 + O(11^20))",
      "(11 + 3*11^2 + 8*11^3 + 7*11^4 + 3*11^5 + 6*11^6 + 7*11^8 + 11^9 + 5*11^10 + 7*11^11 + 4*11^12 + 10*11^13 + 6*11^14 + O(11^15) : 10 + 7*11 + 9*11^3 + 9*11^5 + 2*11^6 + 7*11^7 + 10*11^8 + 9*11^10 + 11^11 + 10*11^12 + 6*11^13 + 10*11^14 + 6*11^15 + O(11^16) : 1 + O(11^20))"
    ],
    [
      "(5*11^-1 + 6 + 6*11 + 2*11^2 + 9*11^3 + 5*11^5 + 3*11^6 + 7*11^7 + 7*11^8 + 9*11^9 + 4*11^10 + 6*11^11 + 11^12 + 3*11^13 + O(11^15) : 10*11^-3 + 5*11^-2 + 4*11^-1 + 4 + 5*11 + 9*11^3 + 2*11^4 + 3*11^5 + 2*11^6 + 3*11^7 + 10*11^8 + 3*11^9 + 2*11^10 + 9*11^11 + 11^12 + O(11^13) : 1 + O(11^20))",
      "(5*11^-1 + 6 + 6*11 + 2*11^2 + 9*11^3 + 5*11^5 + 3*11^6 + 7*11^7 + 7*11^8 + 9*11^9 + 4*11^10 + 6*11^11 + 11^12 + 3*11^13 + O(11^15) : 11^-3 + 5*11^-2 + 6*11^-1 + 6 + 5*11 + 10*11^2 + 11^3 + 8*11^4 + 7*11^5 + 8*11^6 + 7*11^7 + 7*11^9 + 8*11^10 + 11^11 + 9*11^12 + O(11^13) : 1 + O(11^20))",
      "(6*11^-1 + 4 + 4*11 + 8*11^2 + 11^3 + 10*11^4 + 5*11^5 + 7*11^6 + 3*11^7 + 3*11^8 + 11^9 + 6*11^10 + 4*11^11 + 9*11^12 + 7*11^13 + 10*11^14 + O(11^15) : 10*11^-3 + 5*11^-2 + 4*11^-1 + 4 + 5*11 + 9*11^3 + 2*11^4 + 3*11^5 + 2*11^6 + 3*11^7 + 10*11^8 + 3*11^9 + 2*11^10 + 9*11^11 + 11^12 + O(11^13) : 1 + O(11^20))",
      "(6*11^-1 + 4 + 4*11 + 8*11^2 + 11^3 + 10*11^4 + 5*11^5 + 7*11^6 + 3*11^7 + 3*11^8 + 11^9 + 6*11^10 + 4*11^11 + 9*11^12 + 7*11^13 + 10*11^14 + O(11^15) : 11^-3 + 5*11^-2 + 6*11^-1 + 6 + 5*11 + 10*11^2 + 11^3 + 8*11^4 + 7*11^5 + 8*11^6 + 7*11^7 + 7*11^9 + 8*11^10 + 11^11 + 9*11^12 + O(11^13) : 1 + O(11^20))"
    ]
  ],
  "rational_affine_coordinates": [
    [
      "0",
      "-2023"
    ],
    [
      "0",
      "2023"
    ]
  ],
  "extra_counts": [
    4,
    0,
    4,
    4,
    0,
    4,
    4,
    8,
    4,
    0,
    4,
    4
  ],
  "elapsed_seconds": 1.7669234880013391
}
