[    0.0s] [A] семейство G1, (m,n)=(15,8); девять клеток; все восемь линий = 3*F4 : True
[    0.0s] [A] D: y^2 = f(x) = (1-x)^6 * F0*F8*L |_{t=(1+x)/(1-x)} = 44182609*x^6 + 37608911*x^4 + 47287151*x^2 + 4092529
[    0.0s] [A] (a0,a2,a4,a6) = (4092529,47287151,37608911,44182609) ; нечётные коэффициенты нулевые: True
[    0.0s] [A] gcd(f,f')=1, deg 6 => D гладкая рода 2 [доказано]
[    0.0s] [A] a0 = 2023^2 ? True ; a6 = 6647^2 ? True
[    0.0s] [A] совпадает с f из new_bridge_verified.json: True
[    0.0s] [A] общая формула f_mn(x) из записки даёт тот же многочлен: True
[    0.0s] [B] тождество phi1: RHS_E1(a6 x^2) - a6^2 f(x) = 0  (ноль ? True)
[    0.0s] [B] тождество phi2: RHS_E2(a0/x^2) - a0^2 f(x)/x^6 = 0  (ноль ? True)
[    0.0s] [B] => phi1(x,y)=(a6 x^2, a6 y) и phi2(x,y)=(a0/x^2, a0 y/x^3) -- МОРФИЗМЫ D -> E1, E2 [доказано]
[    0.0s] [B] sigma(x,y)=(-x,y) и tau(x,y)=(-x,-y) сохраняют f (f чётна): True
[    0.0s] [B] phi1 o sigma = phi1 ; phi2 o tau = phi2 => deg phi1 = deg phi2 = 2 [доказано]
[    0.0s] [B] phi1^*(dX/2V) = x dx/y ; phi2^*(dX/2V) = -dx/y -- проверено вручную по правилу дифференцирования
[    0.0s] [B]     {x dx/y, dx/y} -- базис H^0(D,Omega^1) => Psi=(phi1_*,phi2_*) изогения, Jac(D) ~ E1 x E2
[    0.0s] [B] числовые подстановки (y^2-уровень): [['2', True], ['-3', True], ['1/5', True], ['-7/4', True], ['11/3', True]]
[    0.1s] [B] все аффинные точки D(F_p) переходят в E1(F_p), E2(F_p) для 22 простых: True
[    0.3s] [B] #D(F_p) = p+1-a_p(E1)-a_p(E2) на 38 простых: True
[    0.3s] [C] E2 raw  = (0, 47287151, 0, 153915558925919, 740005399550399109169)
[    0.3s] [C] E2 min  = (0, -1, 0, -591442657639681, 6146344290377784993025) ; изоморфизм (u,r,s,t) = (1,-15762384,0,0)
[    0.3s] [C] чистый сдвиг X: X_min = X_raw + 15762384 ; disc одинаков: True
[    0.3s] [C] disc(E2) = -1 * 2^20 * 3^2 * 5^2 * 7^6 * 13^2 * 17^8 * 23^2 * 37^2 * 1213^2 * 9397^2
[    0.3s] [C] N(E2)    = 14405924506384320 = 2^6 * 3 * 5 * 7 * 13 * 17 * 23 * 37 * 1213 * 9397
[    0.3s] [C] кручение E2(Q)_tors = (2,) ; T2 = (-28420225 : 0 : 1) (образ (-a6,0)); порядок 2
[    0.3s] [C] точка из JSON P2 = (-2479007 : 87162492480 : 1) лежит на E2min: да; hhat(P2) = 2.11883385954680
[    4.2s] [C] eclib: rank=1 rank_bound=1 certain=True selmer=2
[    4.2s] [C] PARI ellrank: [1,1] точки [[-2479007, 87162492480]]
[    4.2s] [C] Sage gens(proof=True) = [(-2479007 : 87162492480 : 1)]
[    4.2s] [C] генератор Sage G2 = (-2479007 : 87162492480 : 1) выражается как 1*P2 + 0*T2
[    4.2s] [C] => P2 -- генератор свободной части (с точностью до знака и кручения) [доказано ПО]
[    4.2s] [C] (справочно) нижняя граница высоты из basis_E2.json = 0.00532597915916999
[    4.2s] [C] ТОЧНО: division_points(2) -> {'P': {'points': [], 'seconds': 0.0}, 'P+T': {'points': [], 'seconds': 0.0}}
[    4.2s] [C] ТОЧНО: division_points(3) -> {'P': {'points': [], 'seconds': 0.0}}
[    4.2s] [C] ТОЧНО: division_points(5) -> {'P': {'points': [], 'seconds': 0.0}}
[    4.2s] [C] ТОЧНО: division_points(7) -> {'P': {'points': [], 'seconds': 0.0}}
[    4.3s] [C] ТОЧНО: division_points(11) -> {'P': {'points': [], 'seconds': 0.1}}
[    4.4s] [C] ТОЧНО: division_points(13) -> {'P': {'points': [], 'seconds': 0.1}}
[    4.4s] [C] сертификат неделимости q=2 : {'P': 11, 'P+T': 29}
[    4.4s] [C] сертификат неделимости q=3 : {'P': 29}
[    4.4s] [C] сертификат неделимости q=5 : {'P': 11}
[    4.4s] [C] сертификат неделимости q=7 : {'P': 79}
[    4.4s] [C] сертификат неделимости q=11 : {'P': 83}
[    4.4s] [C] сертификат неделимости q=13 : {'P': 151}
[    4.4s] [C] сертификат неделимости q=17 : {'P': 53}
[    4.5s] [C] сертификат неделимости q=19 : {'P': 233}
[    4.7s] [D] E1 min = (0, -1, 0, 1617792974488319, -14262298467262390622975) ; сдвиг 12536304 ; T1 = (8443775 : 0 : 1) ; P1 = (34384993 : 286391046720 : 1) ; hhat = 1.94633297014005
[    4.8s] [D] E1: eclib rank=1 certain=True ; PARI [1, 1]
[    4.8s] [D] факторизация f над Q: ['x^2 - 322/289*x + 1', 'x^2 + 49/529', 'x^2 + 322/289*x + 1']
[    4.8s] [D] класс [W(x^2 - 322/289*x + 1) - Dinf] -> Psi = ((8443775 : 0 : 1), (-28420225 : 0 : 1))
[    4.8s] [D] класс [W(x^2 + 49/529) - Dinf] -> Psi = (O, O)
[    4.8s] [D] класс [W(x^2 + 322/289*x + 1) - Dinf] -> Psi = ((8443775 : 0 : 1), (-28420225 : 0 : 1))
[    4.8s] [D] среди рациональных 2-кручёных классов есть дающий ровно (T1,T2): True
[    4.8s] [D] => Psi(Jac(D)(Q)) СОДЕРЖИТ 2*(E1(Q)xE2(Q)) + <(T1,T2)>  => индекс ДЕЛИТ 8 [доказано]
[    4.8s] [D] T1 in 2*E1(Q)? division_points(2) = [] ; T2 in 2*E2(Q)? []
[    4.8s] [D] => (T1,T2) не в 2*(E1(Q)xE2(Q)); значит индекс <= 8 ТОЧЕН снизу: index | 8, index <= 8
[   17.2s] [D] p=101  #D=106   |E1xE2|=10560     |Psi(J)|=1320      ker_pred=4 порядок сошёлся=False выжило=8  накоплено=[(0, 0, 0, 0), (0, 0, 0, 1), (0, 1, 0, 0), (0, 1, 0, 1), (1, 0, 1, 0), (1, 0, 1, 1), (1, 1, 1, 0), (1, 1, 1, 1)]
Traceback (most recent call last):
  File "/usr/bin/sage", line 5, in <module>
    from sage.cli.__main__ import main
  File "/usr/lib/python3.14/site-packages/sage/cli/__main__.py", line 9, in <module>
    sys.exit(main())
             ~~~~^^
  File "/usr/lib/python3.14/site-packages/sage/cli/__init__.py", line 56, in main
    return RunFileCmd(options).run()
           ~~~~~~~~~~~~~~~~~~~~~~~^^
  File "/usr/lib/python3.14/site-packages/sage/cli/run_file_cmd.py", line 50, in run
    eval(compile(open(input_file, 'rb').read(), input_file, 'exec'), sage_globals())
    ~~~~^^^^^^^^^^^^^^^^^^^^^^^^^^^^^^^^^^^^^^^^^^^^^^^^^^^^^^^^^^^^^^^^^^^^^^^^^^^^
  File "/tmp/sage_k4rqonbq/basis_E2_recheck_claudel42aiy2v.sage.py", line 525, in <module>
    assert row['order_matches_theory'], "порядок Psi(J(F_p)) не совпал с теорией при p=%s" % p
           ~~~^^^^^^^^^^^^^^^^^^^^^^^^
AssertionError: порядок Psi(J(F_p)) не совпал с теорией при p=101
