задач 217
[1/217 1s] 108/301 T=[-409, -301, 193] closed_E1=True M0_E1=26 (Emin: 33) B_low=38.55 B_up=15.55 c1=16.98 cand=107
[2/217 1s] 108/301 T=[-409, -301, 301] closed_E1=True M0_E1=14 (Emin: 17) B_low=39.87 B_up=16.01 c1=17.43 cand=59
[3/217 1s] 108/301 T=[-409, -301, 108] closed_E1=True M0_E1=4 (Emin: 5) B_low=33.49 B_up=14.96 c1=16.40 cand=39
[4/217 2s] 108/301 T=[-409, -108, 409] closed_E1=True M0_E1=15 (Emin: 19) B_low=38.72 B_up=15.62 c1=16.71 cand=63
[5/217 3s] 108/301 T=[-301, -108, 193] closed_E1=True M0_E1=6 (Emin: 7) B_low=32.76 B_up=14.55 c1=15.65 cand=55
[6/217 3s] 108/301 T=[-409, -108, 301] closed_E1=True M0_E1=3 (Emin: 4) B_low=34.52 B_up=15.30 c1=16.40 cand=31
[7/217 3s] 108/301 T=[-301, -193, -108] closed_E1=True M0_E1=10 (Emin: 11) B_low=31.74 B_up=14.21 c1=15.65 cand=87
[8/217 3s] 140/319 T=[-459, -319, -179] closed_E1=True M0_E1=14 (Emin: 16) B_low=38.22 B_up=15.50 c1=17.08 cand=59
[9/217 4s] 140/319 T=[-459, -179, 319] closed_E1=True M0_E1=15 (Emin: 19) B_low=38.90 B_up=15.82 c1=17.08 cand=63
[10/217 4s] 140/319 T=[-459, -319, 179] closed_E1=True M0_E1=34 (Emin: 43) B_low=38.50 B_up=15.62 c1=17.08 cand=139
[11/217 5s] 140/319 T=[-459, 140, 179] closed_E1=True M0_E1=18 (Emin: 21) B_low=38.14 B_up=15.22 c1=16.26 cand=75
[12/217 5s] 140/319 T=[-459, -179, 459] closed_E1=True M0_E1=13 (Emin: 14) B_low=39.90 B_up=16.19 c1=17.45 cand=55
[13/217 6s] 140/319 T=[-459, -140, 319] closed_E1=True M0_E1=6 (Emin: 8) B_low=35.27 B_up=15.65 c1=16.84 cand=55
[14/217 6s] 140/319 T=[-319, -179, 179] closed_E1=True M0_E1=14 (Emin: 17) B_low=36.70 B_up=14.88 c1=16.14 cand=59
[15/217 6s] 140/319 T=[-319, -140, 140] closed_E1=True M0_E1=13 (Emin: 15) B_low=35.76 B_up=14.47 c1=15.65 cand=55
[16/217 6s] 140/319 T=[-319, -179, 319] closed_E1=True M0_E1=14 (Emin: 17) B_low=38.57 B_up=15.48 c1=16.72 cand=59
[17/217 7s] 140/319 T=[-179, -140, 179] closed_E1=True M0_E1=16 (Emin: 19) B_low=35.37 B_up=14.18 c1=15.32 cand=67
[18/217 7s] 140/319 T=[-319, -140, 179] closed_E1=True M0_E1=3 (Emin: 4) B_low=33.07 B_up=14.71 c1=15.89 cand=31
[19/217 7s] 143/206 T=[-349, -206, 63] closed_E1=True M0_E1=28 (Emin: 36) B_low=35.11 B_up=14.04 c1=15.33 cand=115
[20/217 8s] 143/206 T=[-349, -206, 206] closed_E1=True M0_E1=14 (Emin: 17) B_low=37.62 B_up=15.20 c1=16.51 cand=59
[21/217 8s] 143/206 T=[-349, -143, 349] closed_E1=True M0_E1=13 (Emin: 17) B_low=38.54 B_up=15.49 c1=16.67 cand=55
[22/217 8s] 143/206 T=[-349, -206, 143] closed_E1=True M0_E1=3 (Emin: 4) B_low=33.27 B_up=14.83 c1=16.15 cand=31
[23/217 9s] 143/206 T=[-349, -63, 349] closed_E1=True M0_E1=13 (Emin: 16) B_low=36.90 B_up=14.94 c1=15.85 cand=55
[24/217 9s] 143/206 T=[-349, -143, 206] closed_E1=True M0_E1=2 (Emin: 3) B_low=33.63 B_up=14.95 c1=16.15 cand=23
[25/217 9s] 143/206 T=[-349, 63, 143] closed_E1=True M0_E1=15 (Emin: 17) B_low=35.46 B_up=14.15 c1=14.96 cand=63
[26/217 10s] 143/206 T=[-349, 63, 206] closed_E1=True M0_E1=32 (Emin: 40) B_low=36.13 B_up=14.45 c1=15.33 cand=131
[27/217 10s] 143/206 T=[-349, 143, 206] closed_E1=True M0_E1=15 (Emin: 19) B_low=37.26 B_up=15.04 c1=16.15 cand=63
[28/217 10s] 143/206 T=[-206, -143, -63] closed_E1=True M0_E1=16 (Emin: 20) B_low=29.28 B_up=13.12 c1=14.43 cand=135
[29/217 11s] 143/206 T=[-206, -63, 63] closed_E1=True M0_E1=16 (Emin: 16) B_low=31.52 B_up=12.73 c1=13.61 cand=67
[30/217 11s] 143/206 T=[-206, -143, 63] closed_E1=True M0_E1=7 (Emin: 9) B_low=29.64 B_up=13.24 c1=14.43 cand=63
[31/217 11s] 143/206 T=[-143, -63, 143] closed_E1=True M0_E1=13 (Emin: 16) B_low=32.74 B_up=13.17 c1=14.07 cand=55
[32/217 11s] 197/325 T=[-522, -325, -128] closed_E1=True M0_E1=14 (Emin: 17) B_low=38.05 B_up=15.26 c1=16.89 cand=59
[33/217 12s] 197/325 T=[-522, -197, -128] closed_E1=True M0_E1=30 (Emin: 36) B_low=37.29 B_up=14.61 c1=16.39 cand=123
[34/217 12s] 197/325 T=[-522, -325, 197] closed_E1=True M0_E1=2 (Emin: 3) B_low=35.56 B_up=15.86 c1=17.32 cand=23
[35/217 13s] 197/325 T=[-522, -197, 522] closed_E1=True M0_E1=13 (Emin: 14) B_low=40.69 B_up=16.51 c1=17.80 cand=55
[36/217 13s] 197/325 T=[-522, -197, 325] closed_E1=True M0_E1=10 (Emin: 13) B_low=36.07 B_up=16.03 c1=17.32 cand=87
[37/217 13s] 197/325 T=[-522, -128, 197] closed_E1=True M0_E1=22 (Emin: 28) B_low=38.16 B_up=15.27 c1=16.39 cand=91
[38/217 13s] 197/325 T=[-522, 128, 325] closed_E1=True M0_E1=23 (Emin: 29) B_low=39.46 B_up=15.79 c1=16.89 cand=95
[39/217 14s] 197/325 T=[-325, -197, -128] closed_E1=True M0_E1=10 (Emin: 11) B_low=32.28 B_up=14.45 c1=15.92 cand=87
[40/217 14s] 197/325 T=[-325, -197, 128] closed_E1=True M0_E1=14 (Emin: 16) B_low=32.79 B_up=14.62 c1=15.92 cand=119
[41/217 14s] 197/325 T=[-325, -197, 197] closed_E1=True M0_E1=14 (Emin: 17) B_low=37.31 B_up=15.06 c1=16.35 cand=59
[42/217 15s] 197/325 T=[-325, -128, 128] closed_E1=True M0_E1=13 (Emin: 11) B_low=35.66 B_up=14.34 c1=15.49 cand=55
[43/217 15s] 197/325 T=[-325, -128, 325] closed_E1=True M0_E1=15 (Emin: 14) B_low=37.99 B_up=15.28 c1=16.42 cand=63
[44/217 15s] 197/325 T=[-197, -128, 197] closed_E1=True M0_E1=15 (Emin: 19) B_low=35.65 B_up=14.30 c1=15.42 cand=63
[45/217 16s] 19/221 T=[-240, -221, 202] closed_E1=True M0_E1=35 (Emin: 43) B_low=37.16 B_up=14.90 c1=16.19 cand=143
[46/217 16s] 19/221 T=[-240, -221, -19] closed_E1=True M0_E1=6 (Emin: 9) B_low=27.70 B_up=12.46 c1=13.82 cand=55
[47/217 16s] 19/221 T=[-240, -202, -19] closed_E1=True M0_E1=23 (Emin: 32) B_low=30.81 B_up=12.36 c1=13.73 cand=95
[48/217 17s] 19/221 T=[-240, -202, 19] closed_E1=True M0_E1=20 (Emin: 27) B_low=30.91 B_up=12.43 c1=13.73 cand=83
[49/217 17s] 19/221 T=[-240, -202, 221] closed_E1=True M0_E1=16 (Emin: 20) B_low=37.24 B_up=14.93 c1=16.19 cand=67
[50/217 17s] 19/221 T=[-240, -202, 240] closed_E1=True M0_E1=16 (Emin: 15) B_low=37.11 B_up=15.02 c1=16.27 cand=67
[51/217 18s] 19/221 T=[-240, 19, 202] closed_E1=True M0_E1=13 (Emin: 17) B_low=32.73 B_up=13.22 c1=13.73 cand=55
[52/217 18s] 19/221 T=[-240, -19, 221] closed_E1=True M0_E1=5 (Emin: 6) B_low=30.23 B_up=13.30 c1=13.82 cand=47
[53/217 18s] 19/221 T=[-221, -202, -19] closed_E1=True M0_E1=3 (Emin: 4) B_low=27.38 B_up=12.31 c1=13.65 cand=31
[54/217 19s] 19/221 T=[-221, -202, 19] closed_E1=True M0_E1=6 (Emin: 9) B_low=27.47 B_up=12.34 c1=13.65 cand=55
[55/217 19s] 204/247 T=[-451, -247, -43] closed_E1=True M0_E1=13 (Emin: 16) B_low=34.57 B_up=13.49 c1=15.38 cand=55
[56/217 19s] 204/247 T=[-451, -247, 204] closed_E1=True M0_E1=6 (Emin: 7) B_low=34.94 B_up=15.56 c1=16.94 cand=55
[57/217 20s] 204/247 T=[-451, -43, 451] closed_E1=True M0_E1=12 (Emin: 16) B_low=37.33 B_up=15.19 c1=15.98 cand=51
[58/217 20s] 204/247 T=[-451, 43, 204] closed_E1=True M0_E1=14 (Emin: 18) B_low=36.24 B_up=14.47 c1=15.19 cand=59
[59/217 20s] 204/247 T=[-451, -204, 247] closed_E1=True M0_E1=9 (Emin: 12) B_low=35.13 B_up=15.63 c1=16.94 cand=79
[60/217 21s] 204/247 T=[-247, -204, -43] closed_E1=True M0_E1=6 (Emin: 7) B_low=29.46 B_up=13.21 c1=14.59 cand=55
[61/217 21s] 204/247 T=[-247, -204, 43] closed_E1=True M0_E1=6 (Emin: 9) B_low=29.65 B_up=13.28 c1=14.59 cand=55
[62/217 21s] 204/247 T=[-247, -204, 204] closed_E1=True M0_E1=14 (Emin: 15) B_low=36.71 B_up=14.88 c1=16.15 cand=59
[63/217 21s] 204/247 T=[-247, -43, 43] closed_E1=True M0_E1=12 (Emin: 16) B_low=31.26 B_up=12.40 c1=13.03 cand=51
[64/217 22s] 204/247 T=[-247, -43, 247] closed_E1=True M0_E1=13 (Emin: 16) B_low=34.52 B_up=13.99 c1=14.78 cand=55
[65/217 22s] 204/247 T=[-204, -43, 43] closed_E1=True M0_E1=14 (Emin: 18) B_low=30.62 B_up=12.16 c1=12.84 cand=59
[66/217 22s] 211/230 T=[-441, -230, -211] closed_E1=True M0_E1=3 (Emin: 4) B_low=34.22 B_up=15.31 c1=16.88 cand=31
[67/217 23s] 211/230 T=[-441, -230, -19] closed_E1=True M0_E1=16 (Emin: 21) B_low=33.50 B_up=12.94 c1=14.47 cand=67
[68/217 23s] 211/230 T=[-441, -230, 19] closed_E1=True M0_E1=36 (Emin: 48) B_low=33.95 B_up=13.37 c1=14.47 cand=147
[69/217 23s] 211/230 T=[-441, -230, 211] closed_E1=True M0_E1=4 (Emin: 5) B_low=34.87 B_up=15.53 c1=16.88 cand=39
[70/217 24s] 211/230 T=[-441, -211, -19] closed_E1=True M0_E1=30 (Emin: 40) B_low=33.53 B_up=13.01 c1=14.39 cand=123
[71/217 24s] 211/230 T=[-441, -211, 211] closed_E1=True M0_E1=14 (Emin: 17) B_low=37.89 B_up=15.47 c1=16.79 cand=59
[72/217 24s] 211/230 T=[-441, -211, 441] closed_E1=True M0_E1=14 (Emin: 9) B_low=40.04 B_up=16.23 c1=17.53 cand=59
[73/217 25s] 211/230 T=[-441, -19, 19] closed_E1=True M0_E1=11 (Emin: 14) B_low=30.48 B_up=12.05 c1=11.98 cand=47
[74/217 25s] 211/230 T=[-441, -211, 230] closed_E1=True M0_E1=16 (Emin: 21) B_low=34.96 B_up=15.56 c1=16.88 cand=135
[75/217 26s] 211/230 T=[-441, -19, 441] closed_E1=True M0_E1=12 (Emin: 8) B_low=35.23 B_up=14.60 c1=15.12 cand=51
[76/217 26s] 211/230 T=[-441, 19, 211] closed_E1=True M0_E1=13 (Emin: 14) B_low=34.83 B_up=13.92 c1=14.39 cand=55
[77/217 26s] 211/230 T=[-230, -211, -19] closed_E1=True M0_E1=2 (Emin: 3) B_low=27.53 B_up=12.38 c1=13.73 cand=23
[78/217 26s] 211/230 T=[-230, -211, 211] closed_E1=True M0_E1=17 (Emin: 22) B_low=37.11 B_up=14.88 c1=16.14 cand=71
[79/217 27s] 211/230 T=[-230, -19, 211] closed_E1=True M0_E1=3 (Emin: 4) B_low=30.03 B_up=13.22 c1=13.73 cand=31
[80/217 27s] 211/230 T=[-230, -211, 19] closed_E1=True M0_E1=4 (Emin: 6) B_low=27.62 B_up=12.41 c1=13.73 cand=39
[81/217 27s] 211/230 T=[-211, -19, 19] closed_E1=True M0_E1=11 (Emin: 14) B_low=28.02 B_up=11.07 c1=11.24 cand=47
[82/217 28s] 211/230 T=[-230, 19, 211] closed_E1=True M0_E1=14 (Emin: 17) B_low=32.22 B_up=13.22 c1=13.73 cand=59
[83/217 28s] 211/230 T=[-211, -19, 211] closed_E1=True M0_E1=12 (Emin: 16) B_low=32.15 B_up=13.13 c1=13.65 cand=51
[84/217 28s] 231/250 T=[-481, -231, -19] closed_E1=True M0_E1=23 (Emin: 31) B_low=33.99 B_up=13.20 c1=14.56 cand=95
[85/217 29s] 231/250 T=[-250, -231, -19] closed_E1=True M0_E1=20 (Emin: 28) B_low=27.86 B_up=12.53 c1=13.91 cand=167
[86/217 29s] 231/250 T=[-250, -231, 19] closed_E1=True M0_E1=8 (Emin: 11) B_low=27.93 B_up=12.56 c1=13.91 cand=71
[87/217 29s] 231/250 T=[-250, -19, 19] closed_E1=True M0_E1=14 (Emin: 18) B_low=28.59 B_up=11.30 c1=11.41 cand=59
[88/217 30s] 231/250 T=[-231, -19, 231] closed_E1=True M0_E1=12 (Emin: 15) B_low=32.21 B_up=13.31 c1=13.83 cand=51
[89/217 30s] 237/317 T=[-554, -317, 237] closed_E1=True M0_E1=4 (Emin: 5) B_low=36.10 B_up=16.09 c1=17.54 cand=39
[90/217 30s] 237/317 T=[-554, -317, -237] closed_E1=True M0_E1=4 (Emin: 5) B_low=35.54 B_up=15.90 c1=17.54 cand=39
[91/217 31s] 237/317 T=[-554, -237, -80] closed_E1=True M0_E1=24 (Emin: 30) B_low=36.61 B_up=14.07 c1=16.17 cand=99
[92/217 31s] 237/317 T=[-554, -237, 80] closed_E1=True M0_E1=13 (Emin: 17) B_low=37.51 B_up=14.90 c1=16.17 cand=55
[93/217 31s] 237/317 T=[-554, -317, 554] closed_E1=True M0_E1=14 (Emin: 17) B_low=42.29 B_up=16.96 c1=18.39 cand=59
[94/217 32s] 237/317 T=[-554, -80, 237] closed_E1=True M0_E1=22 (Emin: 28) B_low=38.00 B_up=15.20 c1=16.17 cand=91
[95/217 32s] 237/317 T=[-554, -237, 554] closed_E1=True M0_E1=14 (Emin: 17) B_low=41.71 B_up=16.76 c1=18.10 cand=59
[96/217 32s] 237/317 T=[-554, -80, 317] closed_E1=True M0_E1=13 (Emin: 16) B_low=38.49 B_up=15.47 c1=16.46 cand=55
[97/217 33s] 237/317 T=[-554, 80, 237] closed_E1=True M0_E1=13 (Emin: 16) B_low=38.23 B_up=15.26 c1=16.17 cand=55
[98/217 33s] 237/317 T=[-554, 80, 317] closed_E1=True M0_E1=22 (Emin: 28) B_low=38.76 B_up=15.50 c1=16.46 cand=91
[99/217 33s] 237/317 T=[-554, 237, 317] closed_E1=True M0_E1=15 (Emin: 19) B_low=40.73 B_up=16.28 c1=17.54 cand=63
[100/217 34s] 237/317 T=[-317, -237, -80] closed_E1=True M0_E1=2 (Emin: 2) B_low=31.59 B_up=14.15 c1=15.61 cand=23
[101/217 34s] 237/317 T=[-317, -237, 317] closed_E1=True M0_E1=14 (Emin: 17) B_low=39.09 B_up=15.67 c1=16.99 cand=59
[102/217 34s] 237/317 T=[-317, -237, 80] closed_E1=True M0_E1=4 (Emin: 5) B_low=31.88 B_up=14.25 c1=15.61 cand=39
[103/217 35s] 237/317 T=[-317, -80, 237] closed_E1=True M0_E1=4 (Emin: 5) B_low=32.96 B_up=14.61 c1=15.61 cand=39
[104/217 35s] 251/308 T=[-559, -57, 251] closed_E1=True M0_E1=28 (Emin: 35) B_low=37.61 B_up=15.04 c1=15.89 cand=115
[105/217 35s] 251/308 T=[-559, -308, -251] closed_E1=True M0_E1=9 (Emin: 10) B_low=35.62 B_up=15.94 c1=17.58 cand=79
[106/217 36s] 251/308 T=[-559, -308, 251] closed_E1=True M0_E1=5 (Emin: 7) B_low=36.22 B_up=16.13 c1=17.58 cand=47
[107/217 36s] 251/308 T=[-308, -251, 57] closed_E1=True M0_E1=5 (Emin: 6) B_low=31.10 B_up=13.92 c1=15.30 cand=47
[108/217 37s] 251/308 T=[-308, -251, -57] closed_E1=True M0_E1=4 (Emin: 6) B_low=30.89 B_up=13.85 c1=15.30 cand=39
[109/217 37s] 251/308 T=[-308, -57, 308] closed_E1=True M0_E1=13 (Emin: 14) B_low=36.12 B_up=14.62 c1=15.50 cand=55
[110/217 37s] 251/308 T=[-308, -57, 251] closed_E1=True M0_E1=8 (Emin: 10) B_low=32.58 B_up=14.41 c1=15.30 cand=71
[111/217 38s] 251/308 T=[-251, -57, 57] closed_E1=True M0_E1=13 (Emin: 16) B_low=31.88 B_up=12.82 c1=13.61 cand=55
[112/217 38s] 251/308 T=[-251, -57, 251] closed_E1=True M0_E1=13 (Emin: 16) B_low=35.16 B_up=14.21 c1=15.09 cand=55
[113/217 38s] 265/298 T=[-563, -298, -33] closed_E1=True M0_E1=16 (Emin: 21) B_low=35.39 B_up=13.55 c1=15.53 cand=67
[114/217 39s] 265/298 T=[-563, -265, 33] closed_E1=True M0_E1=13 (Emin: 17) B_low=36.06 B_up=14.23 c1=15.41 cand=55
[115/217 39s] 265/298 T=[-563, -298, -265] closed_E1=True M0_E1=1 (Emin: 2) B_low=35.68 B_up=15.96 c1=17.61 cand=15
[116/217 39s] 265/298 T=[-563, -265, 265] closed_E1=True M0_E1=14 (Emin: 17) B_low=39.56 B_up=16.10 c1=17.49 cand=59
[117/217 40s] 265/298 T=[-563, -298, 298] closed_E1=True M0_E1=14 (Emin: 17) B_low=40.01 B_up=16.29 c1=17.73 cand=59
[118/217 40s] 265/298 T=[-563, -33, 33] closed_E1=True M0_E1=11 (Emin: 14) B_low=32.77 B_up=13.11 c1=13.33 cand=47
[119/217 41s] 265/298 T=[-563, -265, 298] closed_E1=True M0_E1=1 (Emin: 2) B_low=36.43 B_up=16.21 c1=17.61 cand=15
[120/217 41s] 265/298 T=[-563, -33, 298] closed_E1=True M0_E1=16 (Emin: 21) B_low=37.06 B_up=14.85 c1=15.53 cand=67
[121/217 41s] 265/298 T=[-563, -33, 563] closed_E1=True M0_E1=12 (Emin: 16) B_low=37.84 B_up=15.46 c1=16.16 cand=51
[122/217 42s] 265/298 T=[-563, 33, 298] closed_E1=True M0_E1=28 (Emin: 35) B_low=37.16 B_up=14.86 c1=15.53 cand=115
[123/217 42s] 265/298 T=[-298, -265, 33] closed_E1=True M0_E1=1 (Emin: 2) B_low=29.82 B_up=13.38 c1=14.77 cand=15
[124/217 42s] 265/298 T=[-298, -265, 265] closed_E1=True M0_E1=17 (Emin: 21) B_low=38.69 B_up=15.51 c1=16.86 cand=71
[125/217 42s] 265/298 T=[-298, -265, 298] closed_E1=True M0_E1=14 (Emin: 18) B_low=39.02 B_up=15.64 c1=16.97 cand=59
[126/217 43s] 265/298 T=[-298, -33, 33] closed_E1=True M0_E1=14 (Emin: 18) B_low=30.64 B_up=12.27 c1=12.69 cand=59
[127/217 43s] 265/298 T=[-298, -33, 265] closed_E1=True M0_E1=1 (Emin: 2) B_low=31.90 B_up=14.07 c1=14.77 cand=15
[128/217 43s] 265/298 T=[-298, -33, 298] closed_E1=True M0_E1=12 (Emin: 16) B_low=34.87 B_up=14.19 c1=14.89 cand=51
[129/217 44s] 265/298 T=[-265, -33, 265] closed_E1=True M0_E1=12 (Emin: 16) B_low=34.32 B_up=13.95 c1=14.66 cand=51
[130/217 44s] 43/278 T=[-321, -278, -43] closed_E1=True M0_E1=10 (Emin: 14) B_low=30.53 B_up=13.70 c1=15.16 cand=87
[131/217 45s] 43/278 T=[-321, -278, 278] closed_E1=True M0_E1=14 (Emin: 18) B_low=39.06 B_up=15.66 c1=17.03 cand=59
[132/217 45s] 43/278 T=[-321, -278, 43] closed_E1=True M0_E1=7 (Emin: 9) B_low=30.67 B_up=13.75 c1=15.16 cand=63
[133/217 45s] 43/278 T=[-321, -278, 321] closed_E1=True M0_E1=17 (Emin: 21) B_low=39.10 B_up=15.81 c1=17.17 cand=71
[134/217 46s] 43/278 T=[-321, -43, 43] closed_E1=True M0_E1=12 (Emin: 15) B_low=32.14 B_up=12.73 c1=13.29 cand=51
[135/217 46s] 43/278 T=[-321, -43, 235] closed_E1=True M0_E1=13 (Emin: 16) B_low=35.03 B_up=14.20 c1=14.99 cand=55
[136/217 46s] 43/278 T=[-321, -43, 278] closed_E1=True M0_E1=3 (Emin: 4) B_low=32.54 B_up=14.37 c1=15.16 cand=31
[137/217 47s] 43/278 T=[-321, -43, 321] closed_E1=True M0_E1=12 (Emin: 16) B_low=35.38 B_up=14.51 c1=15.30 cand=51
[138/217 47s] 43/278 T=[-278, -235, 278] closed_E1=True M0_E1=14 (Emin: 17) B_low=38.46 B_up=15.41 c1=16.71 cand=59
[139/217 47s] 43/278 T=[-278, -235, -43] closed_E1=True M0_E1=8 (Emin: 11) B_low=29.94 B_up=13.43 c1=14.85 cand=71
[140/217 48s] 43/278 T=[-278, -235, 43] closed_E1=True M0_E1=10 (Emin: 14) B_low=30.11 B_up=13.49 c1=14.85 cand=87
[141/217 48s] 43/278 T=[-278, 43, 235] closed_E1=True M0_E1=14 (Emin: 18) B_low=34.56 B_up=14.07 c1=14.85 cand=59
[142/217 49s] 43/278 T=[-278, -43, 235] closed_E1=True M0_E1=1 (Emin: 2) B_low=31.81 B_up=14.06 c1=14.85 cand=15
[143/217 49s] 43/278 T=[-278, -43, 278] closed_E1=True M0_E1=13 (Emin: 16) B_low=35.08 B_up=14.23 c1=15.02 cand=55
[144/217 49s] 43/278 T=[-235, -43, 43] closed_E1=True M0_E1=12 (Emin: 16) B_low=31.10 B_up=12.34 c1=12.98 cand=51
[145/217 50s] 61/217 T=[-278, -217, -156] closed_E1=True M0_E1=15 (Emin: 17) B_low=36.30 B_up=14.62 c1=16.06 cand=63
[146/217 50s] 61/217 T=[-278, -217, -61] closed_E1=True M0_E1=6 (Emin: 7) B_low=30.57 B_up=13.70 c1=15.12 cand=55
[147/217 50s] 61/217 T=[-278, -217, 61] closed_E1=True M0_E1=1 (Emin: 2) B_low=30.82 B_up=13.79 c1=15.12 cand=15
[148/217 51s] 61/217 T=[-278, -61, 217] closed_E1=True M0_E1=9 (Emin: 12) B_low=32.09 B_up=14.21 c1=15.12 cand=79
[149/217 51s] 61/217 T=[-217, -156, -61] closed_E1=True M0_E1=6 (Emin: 7) B_low=29.47 B_up=13.21 c1=14.54 cand=55
[150/217 51s] 61/217 T=[-217, -156, 61] closed_E1=True M0_E1=5 (Emin: 7) B_low=29.80 B_up=13.32 c1=14.54 cand=47
[151/217 52s] 61/217 T=[-217, -61, 61] closed_E1=True M0_E1=13 (Emin: 16) B_low=31.97 B_up=12.75 c1=13.60 cand=55
[152/217 52s] 65/261 T=[-326, -261, -65] closed_E1=True M0_E1=11 (Emin: 15) B_low=31.36 B_up=14.06 c1=15.53 cand=95
[153/217 52s] 65/261 T=[-326, -261, 65] closed_E1=True M0_E1=9 (Emin: 12) B_low=31.59 B_up=14.13 c1=15.53 cand=79
[154/217 53s] 65/261 T=[-326, -196, 65] closed_E1=True M0_E1=21 (Emin: 27) B_low=34.84 B_up=13.96 c1=15.24 cand=87
[155/217 53s] 65/261 T=[-326, -261, 326] closed_E1=True M0_E1=14 (Emin: 17) B_low=39.42 B_up=15.80 c1=17.14 cand=59
[156/217 53s] 65/261 T=[-326, -196, 326] closed_E1=True M0_E1=19 (Emin: 21) B_low=38.85 B_up=15.58 c1=16.85 cand=79
[157/217 54s] 65/261 T=[-326, -196, 196] closed_E1=True M0_E1=16 (Emin: 11) B_low=37.28 B_up=15.05 c1=16.34 cand=67
[158/217 54s] 65/261 T=[-326, -65, 261] closed_E1=True M0_E1=2 (Emin: 2) B_low=32.98 B_up=14.60 c1=15.53 cand=23
[159/217 54s] 65/261 T=[-326, 65, 196] closed_E1=True M0_E1=13 (Emin: 16) B_low=35.89 B_up=14.36 c1=15.24 cand=55
[160/217 55s] 65/261 T=[-261, -196, -65] closed_E1=True M0_E1=6 (Emin: 7) B_low=30.40 B_up=13.62 c1=15.02 cand=55
[161/217 55s] 65/261 T=[-261, -196, 65] closed_E1=True M0_E1=11 (Emin: 14) B_low=30.69 B_up=13.72 c1=15.02 cand=95
[162/217 55s] 65/261 T=[-261, -65, 196] closed_E1=True M0_E1=7 (Emin: 8) B_low=31.79 B_up=14.09 c1=15.02 cand=63
[163/217 56s] 96/211 T=[-307, -211, -96] closed_E1=True M0_E1=4 (Emin: 5) B_low=31.70 B_up=14.20 c1=15.64 cand=39
[164/217 56s] 96/211 T=[-307, -211, 96] closed_E1=True M0_E1=3 (Emin: 4) B_low=32.07 B_up=14.32 c1=15.64 cand=31
[165/217 56s] 96/211 T=[-307, -211, 211] closed_E1=True M0_E1=14 (Emin: 17) B_low=37.61 B_up=15.13 c1=16.43 cand=59
[166/217 57s] 96/211 T=[-307, -211, 307] closed_E1=True M0_E1=14 (Emin: 17) B_low=38.71 B_up=15.52 c1=16.81 cand=59
[167/217 57s] 96/211 T=[-307, -115, 96] closed_E1=True M0_E1=28 (Emin: 31) B_low=34.84 B_up=13.94 c1=15.04 cand=115
[168/217 57s] 96/211 T=[-307, -115, 211] closed_E1=True M0_E1=13 (Emin: 17) B_low=36.03 B_up=14.70 c1=15.82 cand=55
[169/217 58s] 96/211 T=[-307, -115, 307] closed_E1=True M0_E1=13 (Emin: 17) B_low=37.51 B_up=15.09 c1=16.20 cand=55
[170/217 58s] 96/211 T=[-307, 96, 211] closed_E1=True M0_E1=15 (Emin: 19) B_low=36.54 B_up=14.63 c1=15.64 cand=63
[171/217 58s] 96/211 T=[-307, -96, 211] closed_E1=True M0_E1=1 (Emin: 2) B_low=32.86 B_up=14.58 c1=15.64 cand=15
[172/217 59s] 96/211 T=[-211, -115, 211] closed_E1=True M0_E1=14 (Emin: 17) B_low=35.75 B_up=14.35 c1=15.45 cand=59
[173/217 59s] 96/211 T=[-211, -115, -96] closed_E1=True M0_E1=9 (Emin: 9) B_low=29.78 B_up=13.34 c1=14.66 cand=79
[174/217 59s] 96/211 T=[-211, -115, 96] closed_E1=True M0_E1=4 (Emin: 4) B_low=30.39 B_up=13.54 c1=14.66 cand=39
[175/217 60s] 96/211 T=[-211, -96, 115] closed_E1=True M0_E1=2 (Emin: 2) B_low=30.57 B_up=13.60 c1=14.66 cand=23
[176/217 60s] 96/211 T=[-211, 96, 115] closed_E1=True M0_E1=15 (Emin: 19) B_low=34.32 B_up=13.71 c1=14.66 cand=63
[177/217 60s] 96/211 T=[-115, -96, 115] closed_E1=True M0_E1=16 (Emin: 20) B_low=32.55 B_up=13.05 c1=14.05 cand=67
[178/217 61s] posctrl T=[-10, -6, -1] closed_E1=False M0_E1=37 (Emin: None) B_low=10.11 B_up=3.78 c1=4.09 cand=151 z0=1/2 найден=True
[179/217 61s] posctrl T=[1, 6, 10] closed_E1=False M0_E1=37 (Emin: None) B_low=10.11 B_up=3.78 c1=4.09 cand=151 z0=1/2 найден=True
[180/217 61s] posctrl T=[-30, -8, 2] closed_E1=False M0_E1=67 (Emin: None) B_low=16.10 B_up=6.27 c1=6.17 cand=271 z0=1/3 найден=True
[181/217 61s] posctrl T=[-27, -5, -2] closed_E1=False M0_E1=93 (Emin: None) B_low=14.86 B_up=5.70 c1=5.60 cand=375 z0=1/3 найден=True
[182/217 62s] posctrl T=[-21, -15, -1] closed_E1=False M0_E1=33 (Emin: None) B_low=13.24 B_up=5.09 c1=5.75 cand=135 z0=1/3 найден=True
[183/217 62s] posctrl T=[-18, -4, 2] closed_E1=False M0_E1=58 (Emin: None) B_low=13.36 B_up=5.21 c1=4.97 cand=235 z0=1/3 найден=True
[184/217 62s] posctrl T=[-9, -5, 1] closed_E1=False M0_E1=36 (Emin: None) B_low=9.87 B_up=3.86 c1=3.81 cand=147 z0=1/3 найден=True
[185/217 63s] posctrl T=[-12, -6, -2] closed_E1=False M0_E1=38 (Emin: None) B_low=11.63 B_up=4.55 c1=4.97 cand=155 z0=1/3 найден=True
[186/217 63s] posctrl T=[-2, 4, 18] closed_E1=False M0_E1=58 (Emin: None) B_low=13.36 B_up=5.21 c1=4.97 cand=235 z0=1/3 найден=True
[187/217 63s] posctrl T=[-1, 5, 9] closed_E1=False M0_E1=36 (Emin: None) B_low=9.87 B_up=3.86 c1=3.81 cand=147 z0=1/3 найден=True
[188/217 63s] posctrl T=[-2, 8, 30] closed_E1=False M0_E1=67 (Emin: None) B_low=16.10 B_up=6.27 c1=6.17 cand=271 z0=1/3 найден=True
[189/217 64s] posctrl T=[1, 15, 21] closed_E1=False M0_E1=33 (Emin: None) B_low=13.24 B_up=5.09 c1=5.75 cand=135 z0=1/3 найден=True
[190/217 64s] posctrl T=[2, 5, 27] closed_E1=False M0_E1=93 (Emin: None) B_low=14.86 B_up=5.70 c1=5.60 cand=375 z0=1/3 найден=True
[191/217 65s] posctrl T=[2, 6, 12] closed_E1=False M0_E1=38 (Emin: None) B_low=11.63 B_up=4.55 c1=4.97 cand=155 z0=1/3 найден=True
[192/217 65s] posctrl T=[-15, -4, 1] closed_E1=False M0_E1=46 (Emin: None) B_low=11.50 B_up=4.44 c1=4.09 cand=187 z0=2/3 найден=True
[193/217 65s] posctrl T=[-9, -2, 1] closed_E1=False M0_E1=36 (Emin: None) B_low=8.79 B_up=3.39 c1=2.89 cand=147 z0=2/3 найден=True
[194/217 66s] posctrl T=[-6, -3, -1] closed_E1=False M0_E1=23 (Emin: None) B_low=7.25 B_up=2.87 c1=2.89 cand=95 z0=2/3 найден=True
[195/217 66s] posctrl T=[-1, 2, 9] closed_E1=False M0_E1=36 (Emin: None) B_low=8.79 B_up=3.39 c1=2.89 cand=147 z0=2/3 найден=True
[196/217 66s] posctrl T=[-1, 4, 15] closed_E1=False M0_E1=46 (Emin: None) B_low=11.50 B_up=4.44 c1=4.09 cand=187 z0=2/3 найден=True
[197/217 67s] posctrl T=[1, 3, 6] closed_E1=False M0_E1=23 (Emin: None) B_low=7.25 B_up=2.87 c1=2.89 cand=95 z0=2/3 найден=True
[198/217 67s] posctrl T=[-36, -28, -1] closed_E1=False M0_E1=46 (Emin: None) B_low=16.09 B_up=6.03 c1=6.92 cand=187 z0=1/4 найден=True
[199/217 67s] posctrl T=[-28, -10, -3] closed_E1=False M0_E1=71 (Emin: None) B_low=16.28 B_up=6.07 c1=6.73 cand=287 z0=1/4 найден=True
[200/217 68s] posctrl T=[-20, -12, -2] closed_E1=False M0_E1=55 (Emin: None) B_low=14.58 B_up=5.52 c1=6.17 cand=223 z0=1/4 найден=True
[201/217 68s] posctrl T=[-16, -5, -1] closed_E1=False M0_E1=48 (Emin: None) B_low=11.78 B_up=4.42 c1=4.38 cand=195 z0=1/4 найден=True
[202/217 68s] posctrl T=[-3, 12, 60] closed_E1=False M0_E1=19 (Emin: None) B_low=19.46 B_up=7.76 c1=7.68 cand=159 z0=1/4 найден=True
[203/217 69s] posctrl T=[1, 5, 16] closed_E1=False M0_E1=48 (Emin: None) B_low=11.78 B_up=4.42 c1=4.38 cand=195 z0=1/4 найден=True
[204/217 69s] posctrl T=[1, 28, 36] closed_E1=False M0_E1=46 (Emin: None) B_low=16.09 B_up=6.03 c1=6.92 cand=187 z0=1/4 найден=True
[205/217 69s] posctrl T=[2, 12, 20] closed_E1=False M0_E1=55 (Emin: None) B_low=14.58 B_up=5.52 c1=6.17 cand=223 z0=1/4 найден=True
[206/217 70s] posctrl T=[-55, -32, 1] closed_E1=False M0_E1=68 (Emin: None) B_low=18.59 B_up=7.17 c1=7.47 cand=275 z0=3/4 найден=True
[207/217 70s] posctrl T=[3, 10, 28] closed_E1=False M0_E1=71 (Emin: None) B_low=16.28 B_up=6.07 c1=6.73 cand=287 z0=1/4 найден=True
[208/217 70s] posctrl T=[-1, 4, 20] closed_E1=False M0_E1=12 (Emin: None) B_low=12.51 B_up=4.84 c1=4.38 cand=103 z0=3/4 найден=True
[209/217 71s] posctrl T=[-55, -45, -1] closed_E1=False M0_E1=47 (Emin: None) B_low=18.02 B_up=6.77 c1=7.81 cand=191 z0=1/5 найден=True
[210/217 71s] posctrl T=[-1, 32, 55] closed_E1=False M0_E1=68 (Emin: None) B_low=18.59 B_up=7.17 c1=7.47 cand=275 z0=3/4 найден=True
[211/217 71s] posctrl T=[-50, -6, 4] closed_E1=False M0_E1=117 (Emin: None) B_low=18.66 B_up=7.32 c1=7.09 cand=471 z0=1/5 найден=True
[212/217 72s] posctrl T=[-30, -20, -2] closed_E1=False M0_E1=55 (Emin: None) B_low=16.56 B_up=6.28 c1=7.09 cand=223 z0=1/5 найден=True
[213/217 72s] posctrl T=[-4, 6, 50] closed_E1=False M0_E1=117 (Emin: None) B_low=18.66 B_up=7.32 c1=7.09 cand=471 z0=1/5 найден=True
[214/217 72s] posctrl T=[-25, -7, 3] closed_E1=False M0_E1=69 (Emin: None) B_low=16.00 B_up=6.27 c1=6.26 cand=279 z0=1/5 найден=True
[215/217 73s] posctrl T=[1, 45, 55] closed_E1=False M0_E1=47 (Emin: None) B_low=18.02 B_up=6.77 c1=7.81 cand=191 z0=1/5 найден=True
[216/217 73s] posctrl T=[-3, 7, 25] closed_E1=False M0_E1=69 (Emin: None) B_low=16.00 B_up=6.27 c1=6.26 cand=279 z0=1/5 найден=True
[217/217 73s] posctrl T=[2, 20, 30] closed_E1=False M0_E1=55 (Emin: None) B_low=16.56 B_up=6.28 c1=7.09 cand=223 z0=1/5 найден=True
Traceback (most recent call last):
  File "/home/kep/magicKube/rigorous_census/chunk0/cross_E1.py", line 278, in <module>
    json.dump(out, open(f'{BASE}/cross_E1.json', 'w'), ensure_ascii=False, indent=1)
    ~~~~~~~~~^^^^^^^^^^^^^^^^^^^^^^^^^^^^^^^^^^^^^^^^^^^^^^^^^^^^^^^^^^^^^^^^^^^^^^^
  File "/usr/lib/python3.14/json/__init__.py", line 181, in dump
    for chunk in iterable:
                 ^^^^^^^^
  File "/usr/lib/python3.14/json/encoder.py", line 442, in _iterencode
    yield from _iterencode_list(o, _current_indent_level)
  File "/usr/lib/python3.14/json/encoder.py", line 326, in _iterencode_list
    yield from chunks
  File "/usr/lib/python3.14/json/encoder.py", line 413, in _iterencode_dict
    yield from chunks
  File "/usr/lib/python3.14/json/encoder.py", line 451, in _iterencode
    newobj = _default(o)
  File "/usr/lib/python3.14/json/encoder.py", line 182, in default
    raise TypeError(f'Object of type {o.__class__.__name__} '
                    f'is not JSON serializable')
TypeError: Object of type RealDoubleElement_gsl is not JSON serializable
when serializing dict item 'sec'
when serializing list item 0
