пар (T, z0) с обоими квадратами: 410
[1 3s] T=[-10, -6, -1] z0=1/2 M0=52 найдено ±z0: True (z,n,t): [['-1/2', 1, '(15 : 0 : 1)'], ['1/2', 1, '(19 : 0 : 1)']] caseB: ['-1/2', '1/2'] hP0=0.298 h(P_z0)=0.298
[2 3s] T=[1, 6, 10] z0=1/2 M0=52 найдено ±z0: True (z,n,t): [['1/2', 1, '(15 : 0 : 1)'], ['-1/2', 1, '(19 : 0 : 1)']] caseB: ['1/2', '-1/2'] hP0=0.298 h(P_z0)=0.298
[3 3s] T=[-30, -8, 2] z0=1/3 M0=43 найдено ±z0: True (z,n,t): [['-1/3', 1, '(27/4 : -27/8 : 1)'], ['1/3', 2, '(0 : 1 : 0)']] caseB: [] hP0=0.261 h(P_z0)=1.043
[4 4s] T=[-27, -5, -2] z0=1/3 M0=116 найдено ±z0: True (z,n,t): [['-1/3', 2, '(0 : 1 : 0)'], ['1/3', 2, '(-69 : 0 : 1)']] caseB: ['-1/3', '1/3'] hP0=0.172 h(P_z0)=0.689
[5 4s] T=[-21, -15, -1] z0=1/3 M0=50 найдено ±z0: True (z,n,t): [['1/3', 1, '(0 : 1 : 0)'], ['-1/3', 1, '(-198 : 0 : 1)']] caseB: ['-1/3', '1/3'] hP0=0.456 h(P_z0)=0.456
[6 4s] T=[-18, -4, 2] z0=1/3 M0=51 найдено ±z0: True (z,n,t): [['1/3', 1, '(-16 : 0 : 1)'], ['-1/3', 1, '(11 : 0 : 1)']] caseB: ['-1/2', '1/3', '-1/3'] hP0=0.248 h(P_z0)=0.248
[7 4s] T=[-12, -6, -2] z0=1/3 M0=30 найдено ±z0: True (z,n,t): [['1/3', 1, '(0 : 1 : 0)'], ['-1/3', 1, '(-9 : 0 : 1)']] caseB: ['-1/3', '1/3'] hP0=0.342 h(P_z0)=0.342
[8 4s] T=[-9, -5, 1] z0=1/3 M0=51 найдено ±z0: True (z,n,t): [['1/3', 1, '(-35 : 0 : 1)'], ['-1/3', 1, '(19 : 0 : 1)']] caseB: ['-1', '1/3', '-1/3'] hP0=0.298 h(P_z0)=0.298
[9 4s] T=[-2, 4, 18] z0=1/3 M0=51 найдено ±z0: True (z,n,t): [['-1/3', 1, '(-16 : 0 : 1)'], ['1/3', 1, '(11 : 0 : 1)']] caseB: ['1/2', '-1/3', '1/3'] hP0=0.248 h(P_z0)=0.248
[10 5s] T=[-2, 8, 30] z0=1/3 M0=43 найдено ±z0: True (z,n,t): [['1/3', 1, '(27/4 : -27/8 : 1)'], ['-1/3', 2, '(0 : 1 : 0)']] caseB: [] hP0=0.261 h(P_z0)=0.261
[11 5s] T=[-1, 5, 9] z0=1/3 M0=51 найдено ±z0: True (z,n,t): [['-1/3', 1, '(-35 : 0 : 1)'], ['1/3', 1, '(19 : 0 : 1)']] caseB: ['1', '-1/3', '1/3'] hP0=0.298 h(P_z0)=0.298
[12 5s] T=[1, 15, 21] z0=1/3 M0=50 найдено ±z0: True (z,n,t): [['-1/3', 1, '(0 : 1 : 0)'], ['1/3', 1, '(-198 : 0 : 1)']] caseB: ['1/3', '-1/3'] hP0=0.456 h(P_z0)=0.456
[13 5s] T=[2, 5, 27] z0=1/3 M0=116 найдено ±z0: True (z,n,t): [['1/3', 2, '(0 : 1 : 0)'], ['-1/3', 2, '(-69 : 0 : 1)']] caseB: ['1/3', '-1/3'] hP0=0.172 h(P_z0)=0.689
[14 5s] T=[2, 6, 12] z0=1/3 M0=30 найдено ±z0: True (z,n,t): [['-1/3', 1, '(0 : 1 : 0)'], ['1/3', 1, '(-9 : 0 : 1)']] caseB: ['1/3', '-1/3'] hP0=0.342 h(P_z0)=0.342
[15 5s] T=[-15, -4, 1] z0=2/3 M0=41 найдено ±z0: True (z,n,t): [['-2/3', 1, '(27/4 : -27/8 : 1)'], ['2/3', 2, '(0 : 1 : 0)']] caseB: [] hP0=0.261 h(P_z0)=1.043
[16 6s] T=[-9, -2, 1] z0=2/3 M0=48 найдено ±z0: True (z,n,t): [['2/3', 1, '(-16 : 0 : 1)'], ['-2/3', 1, '(11 : 0 : 1)']] caseB: ['-1', '2/3', '-2/3'] hP0=0.248 h(P_z0)=0.248
[17 6s] T=[-6, -3, -1] z0=2/3 M0=29 найдено ±z0: True (z,n,t): [['2/3', 1, '(0 : 1 : 0)'], ['-2/3', 1, '(-9 : 0 : 1)']] caseB: ['-2/3', '2/3'] hP0=0.342 h(P_z0)=0.342
[18 6s] T=[-1, 2, 9] z0=2/3 M0=48 найдено ±z0: True (z,n,t): [['-2/3', 1, '(-16 : 0 : 1)'], ['2/3', 1, '(11 : 0 : 1)']] caseB: ['1', '-2/3', '2/3'] hP0=0.248 h(P_z0)=0.248
[19 6s] T=[-1, 4, 15] z0=2/3 M0=41 найдено ±z0: True (z,n,t): [['2/3', 1, '(27/4 : -27/8 : 1)'], ['-2/3', 2, '(0 : 1 : 0)']] caseB: [] hP0=0.261 h(P_z0)=0.261
[20 6s] T=[1, 3, 6] z0=2/3 M0=29 найдено ±z0: True (z,n,t): [['-2/3', 1, '(0 : 1 : 0)'], ['2/3', 1, '(-9 : 0 : 1)']] caseB: ['2/3', '-2/3'] hP0=0.342 h(P_z0)=0.342
[21 6s] T=[-36, -28, -1] z0=1/4 M0=56 найдено ±z0: True (z,n,t): [['1/4', 1, '(0 : 1 : 0)'], ['-1/4', 1, '(-163 : 0 : 1)']] caseB: ['-1/4', '1/4'] hP0=0.394 h(P_z0)=0.394
[22 7s] T=[-28, -10, -3] z0=1/4 M0=91 найдено ±z0: True (z,n,t): [['1/4', 1, '(101 : 0 : 1)'], ['-1/4', 2, '(101 : 0 : 1)']] caseB: [] hP0=0.253 h(P_z0)=0.253
[23 7s] T=[-20, -12, -2] z0=1/4 M0=54 найдено ±z0: True (z,n,t): [['-1/4', 1, '(15 : 0 : 1)'], ['1/4', 1, '(19 : 0 : 1)']] caseB: ['-1/4', '1/4'] hP0=0.298 h(P_z0)=0.298
[24 7s] T=[-16, -5, -1] z0=1/4 M0=42 найдено ±z0: True (z,n,t): [['1/4', 1, '(0 : 1 : 0)'], ['-1/4', 2, '(0 : 1 : 0)']] caseB: [] hP0=0.261 h(P_z0)=0.261
[25 7s] T=[-3, 12, 60] z0=1/4 M0=11 найдено ±z0: True (z,n,t): [['-1/4', 0, '(20 : -70 : 1)'], ['-1/4', 0, '(20 : 70 : 1)'], ['1/4', 1, '(0 : 1 : 0)']] caseB: ['-1/12', '1/12', '-1/12', '1/12', '-1/12', '-1/4', '-1/4'] hP0=1.098 h(P_z0)=1.098
[26 7s] T=[1, 5, 16] z0=1/4 M0=42 найдено ±z0: True (z,n,t): [['-1/4', 1, '(0 : 1 : 0)'], ['1/4', 2, '(0 : 1 : 0)']] caseB: [] hP0=0.261 h(P_z0)=1.043
[27 7s] T=[1, 28, 36] z0=1/4 M0=56 найдено ±z0: True (z,n,t): [['-1/4', 1, '(0 : 1 : 0)'], ['1/4', 1, '(-163 : 0 : 1)']] caseB: ['1/4', '-1/4'] hP0=0.394 h(P_z0)=0.394
[28 8s] T=[2, 12, 20] z0=1/4 M0=54 найдено ±z0: True (z,n,t): [['1/4', 1, '(15 : 0 : 1)'], ['-1/4', 1, '(19 : 0 : 1)']] caseB: ['1/4', '-1/4'] hP0=0.298 h(P_z0)=0.298
[29 8s] T=[3, 10, 28] z0=1/4 M0=91 найдено ±z0: True (z,n,t): [['-1/4', 1, '(101 : 0 : 1)'], ['1/4', 2, '(101 : 0 : 1)']] caseB: [] hP0=0.253 h(P_z0)=1.011
[30 8s] T=[-55, -32, 1] z0=3/4 M0=84 найдено ±z0: True (z,n,t): [['3/4', 1, '(147 : -74 : 1)'], ['-3/4', 3, '(0 : 1 : 0)']] caseB: [] hP0=0.300 h(P_z0)=0.300
[31 8s] T=[-1, 4, 20] z0=3/4 M0=10 найдено ±z0: True (z,n,t): [['-3/4', 0, '(20 : -70 : 1)'], ['-3/4', 0, '(20 : 70 : 1)'], ['3/4', 1, '(0 : 1 : 0)']] caseB: ['-1/4', '1/4', '-1/4', '1/4', '-1/4', '-3/4', '-3/4'] hP0=1.098 h(P_z0)=1.098
[32 8s] T=[-1, 32, 55] z0=3/4 M0=84 найдено ±z0: True (z,n,t): [['-3/4', 1, '(147 : -74 : 1)'], ['3/4', 3, '(0 : 1 : 0)']] caseB: [] hP0=0.300 h(P_z0)=2.704
[33 9s] T=[-55, -45, -1] z0=1/5 M0=75 найдено ±z0: True (z,n,t): [['-1/5', 1, '(803 : 0 : 1)'], ['1/5', 1, '(813 : 0 : 1)']] caseB: ['-1/5', '1/5'] hP0=0.431 h(P_z0)=0.431
[34 9s] T=[-50, -6, 4] z0=1/5 M0=115 найдено ±z0: True (z,n,t): [['-1/5', 1, '(0 : 1 : 0)'], ['1/5', 1, '(12 : 0 : 1)']] caseB: ['1/5', '-1/5'] hP0=0.172 h(P_z0)=0.172
[35 9s] T=[-30, -20, -2] z0=1/5 M0=61 найдено ±z0: True (z,n,t): [['-1/5', 1, '(43 : 0 : 1)'], ['1/5', 1, '(48 : 0 : 1)']] caseB: ['-1/5', '1/5'] hP0=0.335 h(P_z0)=0.335
[36 9s] T=[-25, -7, 3] z0=1/5 M0=89 найдено ±z0: True (z,n,t): [['1/5', 1, '(-149 : 0 : 1)'], ['-1/5', 1, '(101 : 0 : 1)']] caseB: ['1/5', '-1/5', '1/7'] hP0=0.253 h(P_z0)=0.253
[37 10s] T=[-4, 6, 50] z0=1/5 M0=115 найдено ±z0: True (z,n,t): [['1/5', 1, '(0 : 1 : 0)'], ['-1/5', 1, '(12 : 0 : 1)']] caseB: ['-1/5', '1/5'] hP0=0.172 h(P_z0)=0.172
[38 10s] T=[-3, 7, 25] z0=1/5 M0=89 найдено ±z0: True (z,n,t): [['-1/5', 1, '(-149 : 0 : 1)'], ['1/5', 1, '(101 : 0 : 1)']] caseB: ['-1/5', '1/5', '-1/7'] hP0=0.253 h(P_z0)=0.253
[39 10s] T=[1, 45, 55] z0=1/5 M0=75 найдено ±z0: True (z,n,t): [['1/5', 1, '(803 : 0 : 1)'], ['-1/5', 1, '(813 : 0 : 1)']] caseB: ['1/5', '-1/5'] hP0=0.431 h(P_z0)=0.431
[40 10s] T=[2, 20, 30] z0=1/5 M0=61 найдено ±z0: True (z,n,t): [['1/5', 1, '(43 : 0 : 1)'], ['-1/5', 1, '(48 : 0 : 1)']] caseB: ['1/5', '-1/5'] hP0=0.335 h(P_z0)=0.335
итог: проверено 40, ±z0 найдено в 40
