задач 420
[1/420 1s] 143/206 T=[-349, -206, 63] закрыт строго (ПО) M0=36 Brig=35.80 BS=21.22 hP0=1.4264
[2/420 1s] 143/206 T=[-349, -206, 206] закрыт строго (ПО) M0=17 Brig=37.25 BS=19.36 hP0=3.1195
[3/420 1s] 143/206 T=[-349, -206, -143] не ранг [1,1]: (2, 2)
[4/420 1s] 143/206 T=[-349, -206, -63] не ранг [1,1]: (2, 2)
[5/420 1s] 143/206 T=[-349, -206, 349] не ранг [1,1]: (2, 2)
[6/420 1s] 143/206 T=[-349, -143, -63] не ранг [1,1]: (2, 2)
[7/420 1s] 143/206 T=[-349, -143, 63] не ранг [1,1]: (2, 2)
[8/420 1s] 143/206 T=[-349, -143, 143] не ранг [1,1]: (3, 3)
[9/420 1s] 143/206 T=[-349, -206, 143] закрыт строго (ПО) M0=4 Brig=36.38 BS=21.57 hP0=13.4394
[10/420 1s] 143/206 T=[-349, -63, 63] не ранг [1,1]: (2, 2)
[11/420 1s] 143/206 T=[-349, -63, 143] не ранг [1,1]: (2, 2)
[12/420 1s] 143/206 T=[-349, -63, 206] не ранг [1,1]: (4, 4)
[13/420 1s] 143/206 T=[-349, -143, 349] закрыт строго (ПО) M0=17 Brig=38.22 BS=18.95 hP0=3.2605
[14/420 1s] 143/206 T=[-349, -63, 349] закрыт строго (ПО) M0=16 Brig=37.53 BS=18.71 hP0=3.2698
[15/420 1s] 143/206 T=[-349, -143, 206] закрыт строго (ПО) M0=3 Brig=37.02 BS=21.60 hP0=19.0336
[16/420 2s] 143/206 T=[-349, 63, 143] закрыт строго (ПО) M0=17 Brig=30.05 BS=18.41 hP0=2.7253
[17/420 2s] 143/206 T=[-349, 63, 206] закрыт строго (ПО) M0=40 Brig=35.87 BS=20.93 hP0=1.2821
[18/420 2s] 143/206 T=[-349, 143, 206] закрыт строго (ПО) M0=19 Brig=35.77 BS=20.02 hP0=2.7859
[19/420 2s] 143/206 T=[-206, -143, 143] не ранг [1,1]: (2, 2)
[20/420 2s] 143/206 T=[-206, -143, 206] не ранг [1,1]: (2, 2)
[21/420 2s] 143/206 T=[-206, -143, -63] закрыт строго (ПО) M0=20 Brig=30.68 BS=18.76 hP0=2.2866
[22/420 2s] 143/206 T=[-206, -63, 143] не ранг [1,1]: (2, 2)
[23/420 2s] 143/206 T=[-206, -63, 206] не ранг [1,1]: (2, 2)
[24/420 2s] 143/206 T=[-206, 63, 143] не ранг [1,1]: (2, 2)
[25/420 2s] 143/206 T=[-143, -63, 63] не ранг [1,1]: (2, 2)
[26/420 2s] 143/206 T=[-206, -63, 63] закрыт строго (ПО) M0=16 Brig=24.55 BS=14.32 hP0=2.2604
[27/420 2s] 143/206 T=[-206, -143, 63] закрыт строго (ПО) M0=9 Brig=33.17 BS=20.15 hP0=5.0187
[28/420 3s] 143/206 T=[-143, -63, 143] закрыт строго (ПО) M0=16 Brig=32.32 BS=16.52 hP0=2.8129
[29/420 3s] 96/211 T=[-307, -211, -96] закрыт строго (ПО) M0=5 Brig=29.19 BS=18.54 hP0=9.5402
[30/420 3s] 96/211 T=[-307, -211, -115] не ранг [1,1]: (2, 2)
[31/420 3s] 96/211 T=[-307, -211, 115] не ранг [1,1]: (3, 3)
[32/420 3s] 96/211 T=[-307, -211, 96] закрыт строго (ПО) M0=4 Brig=31.64 BS=19.73 hP0=12.1457
[33/420 3s] 96/211 T=[-307, -115, -96] не ранг [1,1]: (2, 2)
[34/420 3s] 96/211 T=[-307, -211, 211] закрыт строго (ПО) M0=17 Brig=36.34 BS=18.53 hP0=3.0741
[35/420 3s] 96/211 T=[-307, -115, 115] не ранг [1,1]: (2, 2)
[36/420 3s] 96/211 T=[-307, -211, 307] закрыт строго (ПО) M0=17 Brig=37.46 BS=18.63 hP0=3.1708
[37/420 4s] 96/211 T=[-307, -115, 96] закрыт строго (ПО) M0=31 Brig=30.68 BS=19.06 hP0=1.4131
[38/420 4s] 96/211 T=[-307, -96, 96] не ранг [1,1]: (2, 2)
[39/420 4s] 96/211 T=[-307, -96, 115] не ранг [1,1]: (2, 2)
[40/420 4s] 96/211 T=[-307, -115, 211] закрыт строго (ПО) M0=17 Brig=36.41 BS=20.72 hP0=3.1101
[41/420 4s] 96/211 T=[-307, -96, 307] не ранг [1,1]: (2, 2)
[42/420 4s] 96/211 T=[-307, 96, 115] не ранг [1,1]: (2, 2)
[43/420 4s] 96/211 T=[-307, -115, 307] закрыт строго (ПО) M0=17 Brig=37.29 BS=18.24 hP0=3.1984
[44/420 4s] 96/211 T=[-307, 115, 211] не ранг [1,1]: (2, 2)
[45/420 4s] 96/211 T=[-307, 96, 211] закрыт строго (ПО) M0=19 Brig=35.87 BS=20.82 hP0=2.7660
[46/420 4s] 96/211 T=[-307, -96, 211] закрыт строго (ПО) M0=2 Brig=36.23 BS=20.97 hP0=31.3063
[47/420 4s] 96/211 T=[-211, -115, 115] не ранг [1,1]: (2, 2)
[48/420 5s] 96/211 T=[-211, -115, -96] закрыт строго (ПО) M0=9 Brig=25.41 BS=16.67 hP0=4.1264
[49/420 5s] 96/211 T=[-211, -96, 96] не ранг [1,1]: (2, 2)
[50/420 5s] 96/211 T=[-211, -115, 211] закрыт строго (ПО) M0=17 Brig=35.05 BS=17.51 hP0=2.9993
[51/420 5s] 96/211 T=[-211, -96, 211] не ранг [1,1]: (2, 2)
[52/420 5s] 96/211 T=[-211, -115, 96] закрыт строго (ПО) M0=4 Brig=29.19 BS=18.54 hP0=9.5402
[53/420 5s] 96/211 T=[-115, -96, 96] не ранг [1,1]: (2, 2)
[54/420 5s] 96/211 T=[-211, -96, 115] закрыт строго (ПО) M0=2 Brig=33.61 BS=19.88 hP0=22.4651
[55/420 5s] 96/211 T=[-211, 96, 115] закрыт строго (ПО) M0=19 Brig=32.40 BS=19.63 hP0=2.5048
[56/420 5s] 96/211 T=[-115, -96, 115] закрыт строго (ПО) M0=20 Brig=31.33 BS=16.71 hP0=2.3062
[57/420 6s] 61/217 T=[-278, -217, -156] закрыт строго (ПО) M0=17 Brig=31.95 BS=17.03 hP0=2.7977
[58/420 6s] 61/217 T=[-278, -217, 156] не ранг [1,1]: (3, 3)
[59/420 6s] 61/217 T=[-278, -217, 217] не ранг [1,1]: (2, 2)
[60/420 6s] 61/217 T=[-278, -217, 278] не ранг [1,1]: (2, 2)
[61/420 6s] 61/217 T=[-278, -156, -61] не ранг [1,1]: (2, 2)
[62/420 6s] 61/217 T=[-278, -156, 61] не ранг [1,1]: (2, 2)
[63/420 6s] 61/217 T=[-278, -156, 156] не ранг [1,1]: (2, 2)
[64/420 6s] 61/217 T=[-278, -156, 217] не ранг [1,1]: (2, 2)
[65/420 6s] 61/217 T=[-278, -156, 278] не ранг [1,1]: (2, 2)
[66/420 6s] 61/217 T=[-278, -61, 61] не ранг [1,1]: (3, 3)
[67/420 6s] 61/217 T=[-278, -61, 156] не ранг [1,1]: (3, 3)
[68/420 6s] 61/217 T=[-278, -217, -61] закрыт строго (ПО) M0=7 Brig=33.60 BS=20.20 hP0=6.7467
[69/420 6s] 61/217 T=[-278, -61, 278] не ранг [1,1]: (2, 2)
[70/420 6s] 61/217 T=[-278, 61, 156] не ранг [1,1]: (2, 2)
[71/420 6s] 61/217 T=[-278, 61, 217] не ранг [1,1]: (3, 3)
[72/420 6s] 61/217 T=[-278, 156, 217] не ранг [1,1]: (2, 2)
[73/420 6s] 61/217 T=[-278, -217, 61] закрыт строго (ПО) M0=2 Brig=35.38 BS=21.08 hP0=25.1663
[74/420 6s] 61/217 T=[-278, -61, 217] закрыт строго (ПО) M0=12 Brig=35.54 BS=20.91 hP0=4.3505
[75/420 6s] 61/217 T=[-217, -156, 156] не ранг [1,1]: (2, 2)
[76/420 6s] 61/217 T=[-217, -156, 217] не ранг [1,1]: (2, 2)
[77/420 7s] 61/217 T=[-217, -156, -61] закрыт строго (ПО) M0=7 Brig=26.48 BS=17.66 hP0=6.0460
[78/420 7s] 61/217 T=[-217, -61, 156] не ранг [1,1]: (3, 3)
[79/420 7s] 61/217 T=[-217, -61, 217] не ранг [1,1]: (3, 3)
[80/420 7s] 61/217 T=[-217, 61, 156] не ранг [1,1]: (2, 2)
[81/420 7s] 61/217 T=[-156, -61, 61] не ранг [1,1]: (2, 2)
[82/420 7s] 61/217 T=[-156, -61, 156] не ранг [1,1]: (2, 2)
[83/420 7s] 61/217 T=[-217, -156, 61] закрыт строго (ПО) M0=7 Brig=33.60 BS=20.20 hP0=6.7467
[84/420 7s] 61/217 T=[-217, -61, 61] закрыт строго (ПО) M0=16 Brig=31.95 BS=17.03 hP0=2.7977
[85/420 7s] 19/221 T=[-240, -221, 202] закрыт строго (ПО) M0=43 Brig=36.32 BS=21.03 hP0=1.2225
[86/420 7s] 19/221 T=[-240, -221, -202] не ранг [1,1]: (2, 2)
[87/420 7s] 19/221 T=[-240, -221, 19] не ранг [1,1]: (2, 2)
[88/420 7s] 19/221 T=[-240, -221, -19] закрыт строго (ПО) M0=9 Brig=33.95 BS=20.19 hP0=5.4998
[89/420 7s] 19/221 T=[-240, -221, 240] не ранг [1,1]: (2, 2)
[90/420 7s] 19/221 T=[-240, -202, -19] закрыт строго (ПО) M0=32 Brig=33.63 BS=19.82 hP0=1.5037
[91/420 7s] 19/221 T=[-240, -202, 202] не ранг [1,1]: (2, 2)
[92/420 8s] 19/221 T=[-240, -221, 221] ранг [1,1] без явной точки (пропуск) M0=None Brig=0.00 BS=0.00 hP0=0.0000
[93/420 8s] 19/221 T=[-240, -202, 19] закрыт строго (ПО) M0=27 Brig=34.21 BS=20.08 hP0=1.7996
[94/420 8s] 19/221 T=[-240, -19, 19] не ранг [1,1]: (2, 2)
[95/420 8s] 19/221 T=[-240, -19, 202] не ранг [1,1]: (3, 3)
[96/420 8s] 19/221 T=[-240, -202, 221] закрыт строго (ПО) M0=20 Brig=36.14 BS=21.00 hP0=2.6282
[97/420 8s] 19/221 T=[-240, -19, 240] не ранг [1,1]: (2, 2)
[98/420 8s] 19/221 T=[-240, -202, 240] закрыт строго (ПО) M0=15 Brig=26.66 BS=15.09 hP0=2.6726
[99/420 8s] 19/221 T=[-240, 19, 221] не ранг [1,1]: (2, 2)
[100/420 8s] 19/221 T=[-240, 202, 221] не ранг [1,1]: (3, 3)
[101/420 8s] 19/221 T=[-240, 19, 202] закрыт строго (ПО) M0=17 Brig=33.43 BS=19.96 hP0=2.7685
[102/420 8s] 19/221 T=[-240, -19, 221] закрыт строго (ПО) M0=6 Brig=29.31 BS=18.95 hP0=6.5274
[103/420 8s] 19/221 T=[-221, -202, 202] не ранг [1,1]: (2, 2)
[104/420 8s] 19/221 T=[-221, -202, 221] не ранг [1,1]: (4, 4)
[105/420 8s] 19/221 T=[-221, -19, 19] не ранг [1,1]: (2, 2)
[106/420 8s] 19/221 T=[-221, -19, 202] не ранг [1,1]: (3, 3)
[107/420 8s] 19/221 T=[-221, -19, 221] не ранг [1,1]: (3, 3)
[108/420 8s] 19/221 T=[-221, 19, 202] не ранг [1,1]: (2, 2)
[109/420 8s] 19/221 T=[-202, -19, 19] не ранг [1,1]: (3, 3)
[110/420 8s] 19/221 T=[-202, -19, 202] не ранг [1,1]: (2, 2)
[111/420 9s] 19/221 T=[-221, -202, -19] закрыт строго (ПО) M0=4 Brig=33.35 BS=20.15 hP0=11.8332
[112/420 9s] 19/221 T=[-221, -202, 19] закрыт строго (ПО) M0=9 Brig=33.95 BS=20.19 hP0=5.4998
[113/420 9s] 211/230 T=[-441, -230, -211] закрыт строго (ПО) M0=4 Brig=33.42 BS=20.44 hP0=12.9137
[114/420 9s] 211/230 T=[-441, -230, -19] закрыт строго (ПО) M0=21 Brig=36.16 BS=18.75 hP0=2.4249
[115/420 9s] 211/230 T=[-441, -230, 230] не ранг [1,1]: (2, 2)
[116/420 9s] 211/230 T=[-441, -230, 441] не ранг [1,1]: (3, 3)
[117/420 9s] 211/230 T=[-441, -230, 19] закрыт строго (ПО) M0=48 Brig=36.58 BS=21.50 hP0=1.0581
[118/420 9s] 211/230 T=[-441, -211, 19] не ранг [1,1]: (3, 3)
[119/420 10s] 211/230 T=[-441, -230, 211] закрыт строго (ПО) M0=5 Brig=38.36 BS=22.24 hP0=10.0519
[120/420 10s] 211/230 T=[-441, -211, -19] закрыт строго (ПО) M0=40 Brig=35.84 BS=20.71 hP0=1.2551
[121/420 10s] 211/230 T=[-441, -211, 211] закрыт строго (ПО) M0=17 Brig=38.30 BS=19.37 hP0=3.2100
[122/420 10s] 211/230 T=[-441, -211, 441] закрыт строго (ПО) M0=9 Brig=19.60 BS=12.83 hP0=3.3742
[123/420 10s] 211/230 T=[-441, -19, 211] не ранг [1,1]: (2, 2)
[124/420 10s] 211/230 T=[-441, -19, 230] не ранг [1,1]: (2, 2)
[125/420 10s] 211/230 T=[-441, -211, 230] закрыт строго (ПО) M0=21 Brig=38.47 BS=22.33 hP0=2.6396
[126/420 11s] 211/230 T=[-441, -19, 19] закрыт строго (ПО) M0=14 Brig=30.48 BS=16.90 hP0=3.0619
[127/420 11s] 211/230 T=[-441, 19, 230] не ранг [1,1]: (2, 2)
[128/420 11s] 211/230 T=[-441, 211, 230] не ранг [1,1]: (2, 2)
[129/420 11s] 211/230 T=[-441, -19, 441] закрыт строго (ПО) M0=8 Brig=18.16 BS=12.45 hP0=3.3898
[130/420 11s] 211/230 T=[-441, 19, 211] закрыт строго (ПО) M0=14 Brig=26.79 BS=17.67 hP0=2.8720
[131/420 11s] 211/230 T=[-230, -211, -19] закрыт строго (ПО) M0=3 Brig=33.64 BS=20.05 hP0=15.5566
[132/420 11s] 211/230 T=[-230, -211, 230] не ранг [1,1]: (3, 3)
[133/420 11s] 211/230 T=[-230, -19, 19] не ранг [1,1]: (2, 2)
[134/420 11s] 211/230 T=[-230, -211, 211] закрыт строго (ПО) M0=22 Brig=36.16 BS=18.75 hP0=2.4249
[135/420 11s] 211/230 T=[-230, -19, 230] не ранг [1,1]: (2, 2)
[136/420 11s] 211/230 T=[-230, -211, 19] закрыт строго (ПО) M0=6 Brig=34.21 BS=20.54 hP0=8.1115
[137/420 12s] 211/230 T=[-230, -19, 211] закрыт строго (ПО) M0=4 Brig=33.42 BS=20.44 hP0=12.9137
[138/420 12s] 211/230 T=[-211, -19, 19] закрыт строго (ПО) M0=14 Brig=28.02 BS=15.45 hP0=2.7133
[139/420 12s] 211/230 T=[-230, 19, 211] закрыт строго (ПО) M0=17 Brig=33.05 BS=18.96 hP0=2.6955
[140/420 12s] 211/230 T=[-211, -19, 211] закрыт строго (ПО) M0=16 Brig=33.27 BS=17.05 hP0=3.0200
[141/420 12s] 204/247 T=[-451, -247, -43] закрыт строго (ПО) M0=16 Brig=31.11 BS=16.83 hP0=2.9826
[142/420 12s] 204/247 T=[-451, -247, -204] не ранг [1,1]: (2, 2)
[143/420 12s] 204/247 T=[-451, -247, 43] не ранг [1,1]: (2, 2)
[144/420 12s] 204/247 T=[-451, -247, 247] не ранг [1,1]: (3, 3)
[145/420 12s] 204/247 T=[-451, -247, 451] не ранг [1,1]: (2, 2)
[146/420 12s] 204/247 T=[-451, -204, -43] не ранг [1,1]: (3, 3)
[147/420 12s] 204/247 T=[-451, -204, 43] не ранг [1,1]: (2, 2)
[148/420 12s] 204/247 T=[-451, -204, 204] не ранг [1,1]: (3, 3)
[149/420 12s] 204/247 T=[-451, -204, 451] не ранг [1,1]: (3, 3)
[150/420 12s] 204/247 T=[-451, -43, 43] не ранг [1,1]: (2, 2)
[151/420 12s] 204/247 T=[-451, -43, 204] не ранг [1,1]: (4, 4)
[152/420 12s] 204/247 T=[-451, -43, 247] не ранг [1,1]: (2, 2)
[153/420 13s] 204/247 T=[-451, -247, 204] закрыт строго (ПО) M0=7 Brig=34.24 BS=20.82 hP0=7.2771
[154/420 13s] 204/247 T=[-451, -43, 451] закрыт строго (ПО) M0=16 Brig=38.47 BS=19.18 hP0=3.3994
[155/420 13s] 204/247 T=[-451, 43, 247] не ранг [1,1]: (3, 3)
[156/420 13s] 204/247 T=[-451, 204, 247] не ранг [1,1]: (2, 2)
[157/420 13s] 204/247 T=[-451, -204, 247] закрыт строго (ПО) M0=12 Brig=38.67 BS=22.27 hP0=4.5782
[158/420 13s] 204/247 T=[-451, 43, 204] закрыт строго (ПО) M0=18 Brig=36.30 BS=21.23 hP0=2.8922
[159/420 14s] 204/247 T=[-247, -204, -43] закрыт строго (ПО) M0=7 Brig=29.17 BS=18.54 hP0=5.7970
[160/420 14s] 204/247 T=[-247, -204, 247] не ранг [1,1]: (2, 2)
[161/420 14s] 204/247 T=[-247, -204, 204] закрыт строго (ПО) M0=15 Brig=31.11 BS=16.83 hP0=2.9826
[162/420 14s] 204/247 T=[-247, -43, 204] не ранг [1,1]: (2, 2)
[163/420 14s] 204/247 T=[-247, -204, 43] закрыт строго (ПО) M0=9 Brig=34.64 BS=20.62 hP0=5.5614
[164/420 14s] 204/247 T=[-247, 43, 204] не ранг [1,1]: (3, 3)
[165/420 14s] 204/247 T=[-247, -43, 43] закрыт строго (ПО) M0=16 Brig=31.25 BS=16.86 hP0=2.8248
[166/420 14s] 204/247 T=[-204, -43, 204] не ранг [1,1]: (2, 2)
[167/420 14s] 204/247 T=[-247, -43, 247] закрыт строго (ПО) M0=16 Brig=35.19 BS=17.84 hP0=3.0972
[168/420 14s] 204/247 T=[-204, -43, 43] закрыт строго (ПО) M0=18 Brig=30.60 BS=16.69 hP0=2.3961
[169/420 15s] 231/250 T=[-481, -231, -19] закрыт строго (ПО) M0=31 Brig=36.46 BS=21.34 hP0=1.6382
[170/420 15s] 231/250 T=[-481, -250, -231] не ранг [1,1]: (2, 2)
[171/420 15s] 231/250 T=[-481, -250, -19] не ранг [1,1]: (4, 4)
[172/420 15s] 231/250 T=[-481, -250, 19] не ранг [1,1]: (3, 3)
[173/420 15s] 231/250 T=[-481, -250, 231] не ранг [1,1]: (3, 3)
[174/420 15s] 231/250 T=[-481, -250, 250] не ранг [1,1]: (3, 3)
[175/420 15s] 231/250 T=[-481, -250, 481] не ранг [1,1]: (3, 3)
[176/420 15s] 231/250 T=[-481, -231, 19] не ранг [1,1]: (3, 3)
[177/420 15s] 231/250 T=[-481, -231, 231] не ранг [1,1]: (3, 3)
[178/420 15s] 231/250 T=[-481, -231, 250] не ранг [1,1]: (2, 2)
[179/420 15s] 231/250 T=[-481, -231, 481] не ранг [1,1]: (2, 2)
[180/420 15s] 231/250 T=[-481, -19, 19] не ранг [1,1]: (2, 2)
[181/420 15s] 231/250 T=[-481, -19, 231] не ранг [1,1]: (3, 3)
[182/420 15s] 231/250 T=[-481, -19, 250] не ранг [1,1]: (2, 2)
[183/420 15s] 231/250 T=[-481, -19, 481] не ранг [1,1]: (2, 2)
[184/420 15s] 231/250 T=[-481, 19, 231] не ранг [1,1]: (2, 2)
[185/420 15s] 231/250 T=[-481, 19, 250] не ранг [1,1]: (2, 2)
[186/420 15s] 231/250 T=[-481, 231, 250] не ранг [1,1]: (3, 3)
[187/420 15s] 231/250 T=[-250, -231, 231] не ранг [1,1]: (4, 4)
[188/420 15s] 231/250 T=[-250, -231, 250] не ранг [1,1]: (3, 3)
[189/420 15s] 231/250 T=[-250, -231, -19] закрыт строго (ПО) M0=28 Brig=34.24 BS=20.44 hP0=1.7314
[190/420 15s] 231/250 T=[-250, -19, 231] не ранг [1,1]: (2, 2)
[191/420 15s] 231/250 T=[-250, -19, 250] не ранг [1,1]: (2, 2)
[192/420 15s] 231/250 T=[-250, 19, 231] не ранг [1,1]: (2, 2)
[193/420 15s] 231/250 T=[-231, -19, 19] не ранг [1,1]: (2, 2)
[194/420 15s] 231/250 T=[-250, -231, 19] закрыт строго (ПО) M0=11 Brig=34.77 BS=20.79 hP0=4.4898
[195/420 15s] 231/250 T=[-250, -19, 19] закрыт строго (ПО) M0=18 Brig=28.58 BS=16.28 hP0=2.2723
[196/420 15s] 231/250 T=[-231, -19, 231] закрыт строго (ПО) M0=15 Brig=33.10 BS=16.93 hP0=3.0653
[197/420 15s] 65/261 T=[-326, -261, -65] закрыт строго (ПО) M0=15 Brig=34.91 BS=20.77 hP0=3.4646
[198/420 15s] 65/261 T=[-326, -261, -196] не ранг [1,1]: (2, 2)
[199/420 15s] 65/261 T=[-326, -261, 196] не ранг [1,1]: (2, 2)
[200/420 15s] 65/261 T=[-326, -261, 261] не ранг [1,1]: (2, 2)
[201/420 15s] 65/261 T=[-326, -196, -65] не ранг [1,1]: (3, 3)
[202/420 16s] 65/261 T=[-326, -261, 65] закрыт строго (ПО) M0=12 Brig=36.46 BS=21.56 hP0=4.3691
[203/420 16s] 65/261 T=[-326, -261, 326] закрыт строго (ПО) M0=17 Brig=38.06 BS=19.62 hP0=3.1813
[204/420 16s] 65/261 T=[-326, -196, 261] не ранг [1,1]: (2, 2)
[205/420 16s] 65/261 T=[-326, -196, 65] закрыт строго (ПО) M0=27 Brig=35.45 BS=20.96 hP0=1.8628
[206/420 16s] 65/261 T=[-326, -65, 65] не ранг [1,1]: (2, 2)
[207/420 16s] 65/261 T=[-326, -65, 196] не ранг [1,1]: (2, 2)
[208/420 16s] 65/261 T=[-326, -196, 326] закрыт строго (ПО) M0=21 Brig=33.35 BS=17.52 hP0=2.3450
[209/420 16s] 65/261 T=[-326, -65, 326] не ранг [1,1]: (2, 2)
[210/420 16s] 65/261 T=[-326, -196, 196] закрыт строго (ПО) M0=11 Brig=19.23 BS=13.59 hP0=2.7423
[211/420 16s] 65/261 T=[-326, 65, 261] не ранг [1,1]: (2, 2)
[212/420 16s] 65/261 T=[-326, 196, 261] не ранг [1,1]: (2, 2)
[213/420 17s] 65/261 T=[-326, -65, 261] закрыт строго (ПО) M0=2 Brig=36.58 BS=21.40 hP0=25.7218
[214/420 17s] 65/261 T=[-326, 65, 196] закрыт строго (ПО) M0=16 Brig=35.54 BS=20.66 hP0=3.1221
[215/420 17s] 65/261 T=[-261, -196, 196] не ранг [1,1]: (2, 2)
[216/420 17s] 65/261 T=[-261, -196, 261] не ранг [1,1]: (2, 2)
[217/420 17s] 65/261 T=[-261, -65, 65] не ранг [1,1]: (2, 2)
[218/420 17s] 65/261 T=[-261, -196, -65] закрыт строго (ПО) M0=7 Brig=28.55 BS=18.37 hP0=5.7046
[219/420 17s] 65/261 T=[-261, -65, 261] не ранг [1,1]: (2, 2)
[220/420 17s] 65/261 T=[-261, 65, 196] не ранг [1,1]: (2, 2)
[221/420 17s] 65/261 T=[-196, -65, 65] не ранг [1,1]: (3, 3)
[222/420 17s] 65/261 T=[-196, -65, 196] не ранг [1,1]: (3, 3)
[223/420 17s] 65/261 T=[-261, -196, 65] закрыт строго (ПО) M0=14 Brig=34.91 BS=20.77 hP0=3.4646
[224/420 17s] 65/261 T=[-261, -65, 196] закрыт строго (ПО) M0=8 Brig=30.98 BS=19.10 hP0=5.6979
[225/420 18s] 43/278 T=[-321, -278, -43] закрыт строго (ПО) M0=14 Brig=35.44 BS=21.10 hP0=3.6835
[226/420 18s] 43/278 T=[-321, -278, -235] не ранг [1,1]: (2, 2)
[227/420 18s] 43/278 T=[-321, -278, 235] не ранг [1,1]: (2, 2)
[228/420 18s] 43/278 T=[-321, -278, 278] закрыт строго (ПО) M0=18 Brig=38.10 BS=19.62 hP0=3.1145
[229/420 18s] 43/278 T=[-321, -235, -43] не ранг [1,1]: (2, 2)
[230/420 18s] 43/278 T=[-321, -235, 43] не ранг [1,1]: (2, 2)
[231/420 18s] 43/278 T=[-321, -235, 235] не ранг [1,1]: (2, 2)
[232/420 18s] 43/278 T=[-321, -235, 278] не ранг [1,1]: (2, 2)
[233/420 18s] 43/278 T=[-321, -235, 321] не ранг [1,1]: (3, 3)
[234/420 18s] 43/278 T=[-321, -278, 43] закрыт строго (ПО) M0=9 Brig=36.41 BS=21.42 hP0=5.5159
[235/420 18s] 43/278 T=[-321, -278, 321] закрыт строго (ПО) M0=21 Brig=37.96 BS=18.85 hP0=2.6371
[236/420 18s] 43/278 T=[-321, -43, 43] закрыт строго (ПО) M0=15 Brig=32.13 BS=17.25 hP0=2.9404
[237/420 19s] 43/278 T=[-321, -43, 235] закрыт строго (ПО) M0=16 Brig=35.87 BS=18.47 hP0=3.1567
[238/420 19s] 43/278 T=[-321, 43, 235] не ранг [1,1]: (3, 3)
[239/420 19s] 43/278 T=[-321, 43, 278] не ранг [1,1]: (2, 2)
[240/420 19s] 43/278 T=[-321, 235, 278] не ранг [1,1]: (2, 2)
[241/420 19s] 43/278 T=[-321, -43, 278] закрыт строго (ПО) M0=4 Brig=36.30 BS=21.39 hP0=14.3035
[242/420 19s] 43/278 T=[-321, -43, 321] закрыт строго (ПО) M0=16 Brig=36.32 BS=17.78 hP0=3.2289
[243/420 19s] 43/278 T=[-278, -235, 235] не ранг [1,1]: (3, 3)
[244/420 20s] 43/278 T=[-278, -235, 278] закрыт строго (ПО) M0=17 Brig=37.27 BS=19.28 hP0=3.0910
[245/420 20s] 43/278 T=[-278, -43, 43] не ранг [1,1]: (2, 2)
[246/420 20s] 43/278 T=[-278, -235, -43] закрыт строго (ПО) M0=11 Brig=34.30 BS=20.36 hP0=4.4949
[247/420 20s] 43/278 T=[-278, -235, 43] закрыт строго (ПО) M0=14 Brig=35.44 BS=21.10 hP0=3.6835
[248/420 20s] 43/278 T=[-278, 43, 235] закрыт строго (ПО) M0=18 Brig=34.99 BS=19.43 hP0=2.7696
[249/420 20s] 43/278 T=[-278, -43, 235] закрыт строго (ПО) M0=2 Brig=35.42 BS=20.94 hP0=29.8987
[250/420 20s] 43/278 T=[-235, -43, 235] не ранг [1,1]: (2, 2)
[251/420 20s] 43/278 T=[-278, -43, 278] закрыт строго (ПО) M0=16 Brig=35.87 BS=18.47 hP0=3.1567
[252/420 21s] 43/278 T=[-235, -43, 43] закрыт строго (ПО) M0=16 Brig=31.08 BS=16.44 hP0=2.8032
[253/420 21s] 265/298 T=[-563, -298, -33] закрыт строго (ПО) M0=21 Brig=37.73 BS=19.36 hP0=2.5569
[254/420 21s] 265/298 T=[-563, -298, 33] не ранг [1,1]: (2, 2)
[255/420 21s] 265/298 T=[-563, -298, 265] ранг [1,1] без явной точки (пропуск) M0=None Brig=0.00 BS=0.00 hP0=0.0000
[256/420 21s] 265/298 T=[-563, -298, -265] закрыт строго (ПО) M0=2 Brig=35.66 BS=21.19 hP0=29.0389
[257/420 21s] 265/298 T=[-563, -298, 563] не ранг [1,1]: (2, 2)
[258/420 21s] 265/298 T=[-563, -265, -33] не ранг [1,1]: (3, 3)
[259/420 21s] 265/298 T=[-563, -265, 33] закрыт строго (ПО) M0=17 Brig=37.92 BS=19.50 hP0=3.1122
[260/420 22s] 265/298 T=[-563, -265, 265] закрыт строго (ПО) M0=17 Brig=39.89 BS=19.96 hP0=3.3300
[261/420 22s] 265/298 T=[-563, -265, 563] не ранг [1,1]: (3, 3)
[262/420 22s] 265/298 T=[-563, -298, 298] закрыт строго (ПО) M0=17 Brig=40.20 BS=20.44 hP0=3.3446
[263/420 22s] 265/298 T=[-563, -33, 265] не ранг [1,1]: (2, 2)
[264/420 22s] 265/298 T=[-563, -265, 298] закрыт строго (ПО) M0=2 Brig=40.12 BS=23.06 hP0=31.9316
[265/420 22s] 265/298 T=[-563, -33, 33] закрыт строго (ПО) M0=14 Brig=32.76 BS=17.13 hP0=3.1905
[266/420 22s] 265/298 T=[-563, 33, 265] не ранг [1,1]: (2, 2)
[267/420 22s] 265/298 T=[-563, -33, 298] закрыт строго (ПО) M0=21 Brig=37.40 BS=22.33 hP0=2.5818
[268/420 22s] 265/298 T=[-563, 265, 298] не ранг [1,1]: (3, 3)
[269/420 22s] 265/298 T=[-298, -265, -33] не ранг [1,1]: (2, 2)
[270/420 23s] 265/298 T=[-563, -33, 563] закрыт строго (ПО) M0=16 Brig=39.93 BS=19.84 hP0=3.5105
[271/420 23s] 265/298 T=[-563, 33, 298] закрыт строго (ПО) M0=35 Brig=37.49 BS=22.14 hP0=1.5041
[272/420 23s] 265/298 T=[-298, -265, 33] закрыт строго (ПО) M0=2 Brig=35.93 BS=21.31 hP0=27.5647
[273/420 23s] 265/298 T=[-298, -265, 265] закрыт строго (ПО) M0=21 Brig=37.73 BS=19.36 hP0=2.5569
[274/420 23s] 265/298 T=[-298, -265, 298] закрыт строго (ПО) M0=18 Brig=37.92 BS=19.50 hP0=3.1122
[275/420 24s] 265/298 T=[-298, -33, 33] закрыт строго (ПО) M0=18 Brig=30.64 BS=16.41 hP0=2.3743
[276/420 24s] 265/298 T=[-298, 33, 265] не ранг [1,1]: (2, 2)
[277/420 24s] 265/298 T=[-265, -33, 33] не ранг [1,1]: (3, 3)
[278/420 24s] 265/298 T=[-298, -33, 265] закрыт строго (ПО) M0=2 Brig=35.66 BS=21.19 hP0=29.0389
[279/420 24s] 265/298 T=[-298, -33, 298] закрыт строго (ПО) M0=16 Brig=35.96 BS=18.62 hP0=3.1922
[280/420 24s] 265/298 T=[-265, -33, 265] закрыт строго (ПО) M0=16 Brig=35.33 BS=17.87 hP0=3.1333
[281/420 24s] 108/301 T=[-409, -301, 193] закрыт строго (ПО) M0=33 Brig=38.30 BS=22.25 hP0=1.6967
[282/420 24s] 108/301 T=[-409, -301, -193] не ранг [1,1]: (2, 2)
[283/420 24s] 108/301 T=[-409, -301, -108] не ранг [1,1]: (2, 2)
[284/420 24s] 108/301 T=[-409, -301, 409] не ранг [1,1]: (3, 3)
[285/420 24s] 108/301 T=[-409, -193, -108] не ранг [1,1]: (2, 2)
[286/420 24s] 108/301 T=[-409, -193, 108] не ранг [1,1]: (2, 2)
[287/420 24s] 108/301 T=[-409, -193, 193] не ранг [1,1]: (3, 3)
[288/420 24s] 108/301 T=[-409, -193, 301] не ранг [1,1]: (2, 2)
[289/420 25s] 108/301 T=[-409, -301, 108] закрыт строго (ПО) M0=5 Brig=33.71 BS=20.61 hP0=10.5347
[290/420 25s] 108/301 T=[-409, -108, 108] не ранг [1,1]: (2, 2)
[291/420 25s] 108/301 T=[-409, -108, 193] не ранг [1,1]: (3, 3)
[292/420 25s] 108/301 T=[-409, -301, 301] закрыт строго (ПО) M0=17 Brig=38.58 BS=19.68 hP0=3.2250
[293/420 25s] 108/301 T=[-409, -193, 409] ранг [1,1] без явной точки (пропуск) M0=None Brig=0.00 BS=0.00 hP0=0.0000
[294/420 25s] 108/301 T=[-409, 108, 193] не ранг [1,1]: (2, 2)
[295/420 25s] 108/301 T=[-409, 108, 301] не ранг [1,1]: (2, 2)
[296/420 25s] 108/301 T=[-409, -108, 301] закрыт строго (ПО) M0=4 Brig=38.14 BS=21.94 hP0=14.8299
[297/420 25s] 108/301 T=[-409, -108, 409] закрыт строго (ПО) M0=19 Brig=38.91 BS=19.29 hP0=3.0000
[298/420 25s] 108/301 T=[-301, -193, 108] не ранг [1,1]: (2, 2)
[299/420 25s] 108/301 T=[-301, -193, 193] не ранг [1,1]: (3, 3)
[300/420 25s] 108/301 T=[-301, -193, 301] не ранг [1,1]: (3, 3)
[301/420 25s] 108/301 T=[-301, -108, 108] не ранг [1,1]: (2, 2)
[302/420 25s] 108/301 T=[-409, 193, 301] ранг [1,1] без явной точки (пропуск) M0=None Brig=0.00 BS=0.00 hP0=0.0000
[303/420 25s] 108/301 T=[-301, -108, 301] не ранг [1,1]: (3, 3)
[304/420 25s] 108/301 T=[-301, 108, 193] не ранг [1,1]: (2, 2)
[305/420 25s] 108/301 T=[-193, -108, 108] не ранг [1,1]: (2, 2)
[306/420 25s] 108/301 T=[-193, -108, 193] не ранг [1,1]: (3, 3)
[307/420 26s] 108/301 T=[-301, -108, 193] закрыт строго (ПО) M0=7 Brig=36.08 BS=21.03 hP0=7.1139
[308/420 26s] 108/301 T=[-301, -193, -108] закрыт строго (ПО) M0=11 Brig=28.88 BS=18.22 hP0=3.9926
[309/420 26s] 251/308 T=[-559, -308, -251] закрыт строго (ПО) M0=10 Brig=32.02 BS=19.62 hP0=4.7631
[310/420 26s] 251/308 T=[-559, -308, -57] не ранг [1,1]: (2, 2)
[311/420 26s] 251/308 T=[-559, -308, 57] не ранг [1,1]: (3, 3)
[312/420 26s] 251/308 T=[-559, -308, 308] не ранг [1,1]: (2, 2)
[313/420 26s] 251/308 T=[-559, -308, 559] не ранг [1,1]: (3, 3)
[314/420 26s] 251/308 T=[-559, -251, -57] не ранг [1,1]: (2, 2)
[315/420 26s] 251/308 T=[-559, -251, 57] не ранг [1,1]: (3, 3)
[316/420 26s] 251/308 T=[-559, -251, 251] не ранг [1,1]: (2, 2)
[317/420 26s] 251/308 T=[-559, -251, 308] не ранг [1,1]: (2, 2)
[318/420 26s] 251/308 T=[-559, -251, 559] не ранг [1,1]: (2, 2)
[319/420 26s] 251/308 T=[-559, -57, 57] не ранг [1,1]: (3, 3)
[320/420 26s] 251/308 T=[-559, -57, 308] не ранг [1,1]: (3, 3)
[321/420 26s] 251/308 T=[-559, -57, 559] не ранг [1,1]: (3, 3)
[322/420 26s] 251/308 T=[-559, 57, 251] не ранг [1,1]: (2, 2)
[323/420 26s] 251/308 T=[-559, 57, 308] не ранг [1,1]: (2, 2)
[324/420 26s] 251/308 T=[-559, 251, 308] не ранг [1,1]: (3, 3)
[325/420 26s] 251/308 T=[-559, -57, 251] закрыт строго (ПО) M0=35 Brig=38.06 BS=21.92 hP0=1.5241
[326/420 27s] 251/308 T=[-559, -308, 251] закрыт строго (ПО) M0=7 Brig=39.82 BS=22.96 hP0=8.6428
[327/420 27s] 251/308 T=[-308, -251, 251] не ранг [1,1]: (2, 2)
[328/420 27s] 251/308 T=[-308, -251, 308] не ранг [1,1]: (3, 3)
[329/420 27s] 251/308 T=[-308, -57, 57] не ранг [1,1]: (2, 2)
[330/420 27s] 251/308 T=[-308, -251, -57] закрыт строго (ПО) M0=6 Brig=34.68 BS=20.66 hP0=8.9624
[331/420 27s] 251/308 T=[-308, -251, 57] закрыт строго (ПО) M0=6 Brig=31.94 BS=19.78 hP0=8.1782
[332/420 27s] 251/308 T=[-308, 57, 251] не ранг [1,1]: (2, 2)
[333/420 27s] 251/308 T=[-308, -57, 251] закрыт строго (ПО) M0=10 Brig=32.02 BS=19.62 hP0=4.7631
[334/420 27s] 251/308 T=[-308, -57, 308] закрыт строго (ПО) M0=14 Brig=32.09 BS=17.36 hP0=3.2075
[335/420 28s] 251/308 T=[-251, -57, 251] закрыт строго (ПО) M0=16 Brig=35.53 BS=17.92 hP0=3.1038
[336/420 28s] 251/308 T=[-251, -57, 57] закрыт строго (ПО) M0=16 Brig=31.86 BS=16.48 hP0=2.8520
[337/420 28s] 237/317 T=[-554, -317, -237] закрыт строго (ПО) M0=5 Brig=36.44 BS=21.07 hP0=10.4430
[338/420 28s] 237/317 T=[-554, -317, -80] не ранг [1,1]: (2, 2)
[339/420 28s] 237/317 T=[-554, -317, 80] не ранг [1,1]: (3, 3)
[340/420 28s] 237/317 T=[-554, -317, 317] не ранг [1,1]: (2, 2)
[341/420 28s] 237/317 T=[-554, -317, 237] закрыт строго (ПО) M0=5 Brig=39.63 BS=23.06 hP0=11.0590
[342/420 29s] 237/317 T=[-554, -237, -80] закрыт строго (ПО) M0=30 Brig=36.52 BS=21.07 hP0=1.7627
[343/420 29s] 237/317 T=[-554, -237, 237] не ранг [1,1]: (3, 3)
[344/420 29s] 237/317 T=[-554, -237, 317] ранг [1,1] без явной точки (пропуск) M0=None Brig=0.00 BS=0.00 hP0=0.0000
[345/420 29s] 237/317 T=[-554, -317, 554] закрыт строго (ПО) M0=17 Brig=41.50 BS=20.65 hP0=3.4790
[346/420 29s] 237/317 T=[-554, -80, 80] не ранг [1,1]: (2, 2)
[347/420 29s] 237/317 T=[-554, -237, 80] закрыт строго (ПО) M0=17 Brig=36.71 BS=18.91 hP0=3.1776
[348/420 29s] 237/317 T=[-554, -80, 237] закрыт строго (ПО) M0=28 Brig=38.26 BS=21.69 hP0=1.9645
[349/420 29s] 237/317 T=[-554, -80, 554] не ранг [1,1]: (2, 2)
[350/420 29s] 237/317 T=[-554, -237, 554] закрыт строго (ПО) M0=17 Brig=41.33 BS=20.47 hP0=3.4903
[351/420 30s] 237/317 T=[-554, -80, 317] закрыт строго (ПО) M0=16 Brig=38.96 BS=22.04 hP0=3.3802
[352/420 30s] 237/317 T=[-554, 80, 237] закрыт строго (ПО) M0=16 Brig=37.77 BS=21.44 hP0=3.3309
[353/420 30s] 237/317 T=[-554, 80, 317] закрыт строго (ПО) M0=28 Brig=38.69 BS=21.89 hP0=1.9403
[354/420 30s] 237/317 T=[-554, 237, 317] закрыт строго (ПО) M0=19 Brig=38.90 BS=22.53 hP0=3.0062
[355/420 30s] 237/317 T=[-317, -237, 237] не ранг [1,1]: (2, 2)
[356/420 31s] 237/317 T=[-317, -237, -80] закрыт строго (ПО) M0=2 Brig=29.78 BS=18.94 hP0=19.2146
[357/420 31s] 237/317 T=[-317, -80, 80] не ранг [1,1]: (4, 4)
[358/420 31s] 237/317 T=[-317, -237, 80] закрыт строго (ПО) M0=5 Brig=32.04 BS=19.85 hP0=9.3509
[359/420 31s] 237/317 T=[-317, -237, 317] закрыт строго (ПО) M0=17 Brig=36.71 BS=18.91 hP0=3.1776
[360/420 31s] 237/317 T=[-317, -80, 317] не ранг [1,1]: (2, 2)
[361/420 31s] 237/317 T=[-237, -80, 80] не ранг [1,1]: (2, 2)
[362/420 31s] 237/317 T=[-317, 80, 237] ранг [1,1] без явной точки (пропуск) M0=None Brig=0.00 BS=0.00 hP0=0.0000
[363/420 31s] 237/317 T=[-237, -80, 237] ранг [1,1] без явной точки (пропуск) M0=None Brig=0.00 BS=0.00 hP0=0.0000
[364/420 31s] 237/317 T=[-317, -80, 237] закрыт строго (ПО) M0=5 Brig=36.44 BS=21.07 hP0=10.4430
[365/420 31s] 140/319 T=[-459, -319, -179] закрыт строго (ПО) M0=16 Brig=31.28 BS=17.42 hP0=3.0380
[366/420 31s] 140/319 T=[-459, -319, -140] не ранг [1,1]: (2, 2)
[367/420 31s] 140/319 T=[-459, -319, 140] не ранг [1,1]: (2, 2)
[368/420 31s] 140/319 T=[-459, -319, 319] не ранг [1,1]: (3, 3)
[369/420 31s] 140/319 T=[-459, -319, 459] не ранг [1,1]: (2, 2)
[370/420 31s] 140/319 T=[-459, -179, -140] не ранг [1,1]: (3, 3)
[371/420 31s] 140/319 T=[-459, -179, 140] не ранг [1,1]: (3, 3)
[372/420 31s] 140/319 T=[-459, -179, 179] не ранг [1,1]: (2, 2)
[373/420 32s] 140/319 T=[-459, -179, 319] закрыт строго (ПО) M0=19 Brig=39.16 BS=22.19 hP0=2.9004
[374/420 32s] 140/319 T=[-459, -140, 140] не ранг [1,1]: (2, 2)
[375/420 32s] 140/319 T=[-459, -140, 179] не ранг [1,1]: (2, 2)
[376/420 32s] 140/319 T=[-459, -319, 179] закрыт строго (ПО) M0=43 Brig=38.66 BS=22.43 hP0=1.3012
[377/420 32s] 140/319 T=[-459, -140, 459] не ранг [1,1]: (2, 2)
[378/420 32s] 140/319 T=[-459, -179, 459] закрыт строго (ПО) M0=14 Brig=32.31 BS=16.60 hP0=3.3990
[379/420 32s] 140/319 T=[-459, 140, 319] не ранг [1,1]: (2, 2)
[380/420 32s] 140/319 T=[-459, 179, 319] не ранг [1,1]: (3, 3)
[381/420 32s] 140/319 T=[-319, -179, -140] не ранг [1,1]: (2, 2)
[382/420 32s] 140/319 T=[-319, -179, 140] не ранг [1,1]: (2, 2)
[383/420 32s] 140/319 T=[-459, 140, 179] закрыт строго (ПО) M0=21 Brig=35.94 BS=21.38 hP0=2.4440
[384/420 32s] 140/319 T=[-319, -179, 179] закрыт строго (ПО) M0=17 Brig=36.55 BS=18.74 hP0=3.0682
[385/420 32s] 140/319 T=[-459, -140, 319] закрыт строго (ПО) M0=8 Brig=38.92 BS=22.29 hP0=6.6418
[386/420 33s] 140/319 T=[-319, -140, 140] закрыт строго (ПО) M0=15 Brig=31.28 BS=17.42 hP0=3.0380
[387/420 33s] 140/319 T=[-319, -140, 319] не ранг [1,1]: (2, 2)
[388/420 33s] 140/319 T=[-319, 140, 179] не ранг [1,1]: (2, 2)
[389/420 33s] 140/319 T=[-179, -140, 140] не ранг [1,1]: (2, 2)
[390/420 33s] 140/319 T=[-319, -179, 319] закрыт строго (ПО) M0=17 Brig=37.82 BS=18.91 hP0=3.2043
[391/420 33s] 140/319 T=[-319, -140, 179] закрыт строго (ПО) M0=4 Brig=36.39 BS=21.23 hP0=11.7719
[392/420 33s] 140/319 T=[-179, -140, 179] закрыт строго (ПО) M0=19 Brig=33.89 BS=17.87 hP0=2.5391
[393/420 33s] 197/325 T=[-522, -325, -128] закрыт строго (ПО) M0=17 Brig=36.82 BS=18.52 hP0=3.0873
[394/420 33s] 197/325 T=[-522, -325, -197] не ранг [1,1]: (2, 2)
[395/420 33s] 197/325 T=[-522, -325, 128] не ранг [1,1]: (2, 2)
[396/420 33s] 197/325 T=[-522, -325, 325] не ранг [1,1]: (2, 2)
[397/420 33s] 197/325 T=[-522, -325, 522] не ранг [1,1]: (2, 2)
[398/420 33s] 197/325 T=[-522, -197, 128] не ранг [1,1]: (2, 2)
[399/420 33s] 197/325 T=[-522, -197, 197] не ранг [1,1]: (2, 2)
[400/420 34s] 197/325 T=[-522, -197, -128] закрыт строго (ПО) M0=36 Brig=35.58 BS=20.33 hP0=1.4346
[401/420 34s] 197/325 T=[-522, -325, 197] закрыт строго (ПО) M0=3 Brig=38.46 BS=22.91 hP0=21.8838
[402/420 34s] 197/325 T=[-522, -128, 128] не ранг [1,1]: (2, 2)
[403/420 34s] 197/325 T=[-522, -197, 325] закрыт строго (ПО) M0=13 Brig=39.74 BS=22.80 hP0=4.2496
[404/420 34s] 197/325 T=[-522, -128, 325] не ранг [1,1]: (2, 2)
[405/420 34s] 197/325 T=[-522, -128, 522] не ранг [1,1]: (2, 2)
[406/420 34s] 197/325 T=[-522, 128, 197] не ранг [1,1]: (2, 2)
[407/420 34s] 197/325 T=[-522, -197, 522] закрыт строго (ПО) M0=14 Brig=33.51 BS=17.37 hP0=3.4639
[408/420 34s] 197/325 T=[-522, 197, 325] не ранг [1,1]: (2, 2)
[409/420 34s] 197/325 T=[-522, -128, 197] закрыт строго (ПО) M0=28 Brig=38.19 BS=21.50 hP0=1.9570
[410/420 35s] 197/325 T=[-522, 128, 325] закрыт строго (ПО) M0=29 Brig=38.92 BS=21.83 hP0=1.9157
[411/420 35s] 197/325 T=[-325, -197, -128] закрыт строго (ПО) M0=11 Brig=29.10 BS=18.26 hP0=4.0361
[412/420 35s] 197/325 T=[-325, -197, 325] не ранг [1,1]: (2, 2)
[413/420 35s] 197/325 T=[-325, -197, 128] закрыт строго (ПО) M0=16 Brig=31.46 BS=19.86 hP0=2.9264
[414/420 35s] 197/325 T=[-325, -128, 197] не ранг [1,1]: (2, 2)
[415/420 35s] 197/325 T=[-325, -197, 197] закрыт строго (ПО) M0=17 Brig=36.82 BS=18.52 hP0=3.0873
[416/420 35s] 197/325 T=[-325, 128, 197] не ранг [1,1]: (3, 3)
[417/420 35s] 197/325 T=[-197, -128, 128] не ранг [1,1]: (2, 2)
[418/420 35s] 197/325 T=[-325, -128, 128] закрыт строго (ПО) M0=11 Brig=21.84 BS=14.58 hP0=3.0352
[419/420 36s] 197/325 T=[-325, -128, 325] закрыт строго (ПО) M0=14 Brig=26.98 BS=15.53 hP0=2.8799
[420/420 36s] 197/325 T=[-197, -128, 197] закрыт строго (ПО) M0=19 Brig=34.59 BS=17.82 hP0=2.6075
готово 35.728495836257935
