кривых 177
[1/177 1s] 108/301 [-409, -301, 193] p<=1e4 насыщена: True λ_Sage/нужное = 4.06e+07
[2/177 1s] 108/301 [-409, -301, 301] p<=1e4 насыщена: True λ_Sage/нужное = 8.83e+07
[3/177 1s] 108/301 [-409, -301, 108] p<=1e4 насыщена: True λ_Sage/нужное = 6.08e+05
[4/177 2s] 108/301 [-409, -108, 409] p<=1e4 насыщена: True λ_Sage/нужное = 9.69e+07
[5/177 2s] 108/301 [-301, -108, 193] p<=1e4 насыщена: True λ_Sage/нужное = 9.37e+06
[6/177 2s] 108/301 [-409, -108, 301] p<=1e4 насыщена: True λ_Sage/нужное = 4.79e+06
[7/177 3s] 108/301 [-301, -193, -108] p<=1e4 насыщена: True λ_Sage/нужное = 1.45e+06
[8/177 3s] 140/319 [-459, -319, -179] p<=1e4 насыщена: True λ_Sage/нужное = 7.54e+07
[9/177 3s] 140/319 [-459, -179, 319] p<=1e4 насыщена: True λ_Sage/нужное = 6.23e+06
[10/177 4s] 140/319 [-459, -319, 179] p<=1e4 насыщена: True λ_Sage/нужное = 1.34e+07
[11/177 4s] 140/319 [-459, 140, 179] p<=1e4 насыщена: True λ_Sage/нужное = 6.8e+06
[12/177 4s] 140/319 [-459, -179, 459] p<=1e4 насыщена: True λ_Sage/нужное = 7.11e+07
[13/177 5s] 140/319 [-319, -179, 179] p<=1e4 насыщена: True λ_Sage/нужное = 8.76e+07
[14/177 5s] 140/319 [-459, -140, 319] p<=1e4 насыщена: True λ_Sage/нужное = 1.21e+06
[15/177 5s] 140/319 [-319, -140, 140] p<=1e4 насыщена: True λ_Sage/нужное = 7.54e+07
[16/177 6s] 140/319 [-319, -179, 319] p<=1e4 насыщена: True λ_Sage/нужное = 8.68e+07
[17/177 6s] 140/319 [-179, -140, 179] p<=1e4 насыщена: True λ_Sage/нужное = 9.73e+07
[18/177 6s] 140/319 [-319, -140, 179] p<=1e4 насыщена: True λ_Sage/нужное = 5.69e+06
[19/177 7s] 143/206 [-349, -206, 63] p<=1e4 насыщена: True λ_Sage/нужное = 4.48e+07
[20/177 7s] 143/206 [-349, -206, 206] p<=1e4 насыщена: True λ_Sage/нужное = 8.79e+07
[21/177 8s] 143/206 [-349, -143, 349] p<=1e4 насыщена: True λ_Sage/нужное = 8.67e+07
[22/177 8s] 143/206 [-349, -206, 143] p<=1e4 насыщена: True λ_Sage/нужное = 5.01e+06
[23/177 8s] 143/206 [-349, -63, 349] p<=1e4 насыщена: True λ_Sage/нужное = 8.65e+07
[24/177 8s] 143/206 [-349, -143, 206] p<=1e4 насыщена: True λ_Sage/нужное = 3.59e+06
[25/177 8s] 143/206 [-349, 63, 143] p<=1e4 насыщена: True λ_Sage/нужное = 2.27e+06
[26/177 9s] 143/206 [-349, 143, 206] p<=1e4 насыщена: True λ_Sage/нужное = 9.54e+07
[27/177 9s] 143/206 [-349, 63, 206] p<=1e4 насыщена: True λ_Sage/нужное = 5.8e+06
[28/177 9s] 143/206 [-206, -143, -63] p<=1e4 насыщена: True λ_Sage/нужное = 6.15e+06
[29/177 10s] 143/206 [-206, -63, 63] p<=1e4 насыщена: True λ_Sage/нужное = 1.98e+07
[30/177 10s] 143/206 [-206, -143, 63] p<=1e4 насыщена: True λ_Sage/нужное = 2.93e+06
[31/177 10s] 143/206 [-143, -63, 143] p<=1e4 насыщена: True λ_Sage/нужное = 8.46e+07
[32/177 11s] 197/325 [-522, -325, -128] p<=1e4 насыщена: True λ_Sage/нужное = 2.2e+07
[33/177 11s] 197/325 [-522, -197, -128] p<=1e4 насыщена: True λ_Sage/нужное = 5.12e+06
[34/177 11s] 197/325 [-522, -325, 197] p<=1e4 насыщена: True λ_Sage/нужное = 8.25e+05
[35/177 12s] 197/325 [-522, -197, 522] p<=1e4 насыщена: True λ_Sage/нужное = 7.16e+07
[36/177 12s] 197/325 [-522, -197, 325] p<=1e4 насыщена: True λ_Sage/нужное = 4.32e+06
[37/177 12s] 197/325 [-522, -128, 197] p<=1e4 насыщена: True λ_Sage/нужное = 3.61e+07
[38/177 13s] 197/325 [-522, 128, 325] p<=1e4 насыщена: True λ_Sage/нужное = 9.42e+06
[39/177 13s] 197/325 [-325, -197, 128] p<=1e4 насыщена: True λ_Sage/нужное = 2.27e+05
[40/177 13s] 197/325 [-325, -197, -128] p<=1e4 насыщена: True λ_Sage/нужное = 6.09e+05
[41/177 13s] 197/325 [-325, -197, 197] p<=1e4 насыщена: True λ_Sage/нужное = 2.2e+07
[42/177 14s] 197/325 [-325, -128, 128] p<=1e4 насыщена: True λ_Sage/нужное = 1.31e+07
[43/177 14s] 197/325 [-325, -128, 325] p<=1e4 насыщена: True λ_Sage/нужное = 6.9e+07
[44/177 14s] 197/325 [-197, -128, 197] p<=1e4 насыщена: True λ_Sage/нужное = 9.74e+07
[45/177 15s] 19/221 [-240, -221, 202] p<=1e4 насыщена: True λ_Sage/нужное = 5.5e+06
[46/177 15s] 19/221 [-240, -221, -19] p<=1e4 насыщена: True λ_Sage/нужное = 8.97e+06
[47/177 15s] 19/221 [-240, -202, -19] p<=1e4 насыщена: True λ_Sage/нужное = 3.46e+07
[48/177 16s] 19/221 [-240, -202, 19] p<=1e4 насыщена: True λ_Sage/нужное = 2.91e+07
[49/177 16s] 19/221 [-240, -202, 221] p<=1e4 насыщена: True λ_Sage/нужное = 1.08e+07
[50/177 16s] 19/221 [-240, -202, 240] p<=1e4 насыщена: True λ_Sage/нужное = 7.02e+07
[51/177 17s] 19/221 [-240, 19, 202] p<=1e4 насыщена: True λ_Sage/нужное = 2.34e+07
[52/177 17s] 19/221 [-221, -202, -19] p<=1e4 насыщена: True λ_Sage/нужное = 4.14e+06
[53/177 17s] 19/221 [-240, -19, 221] p<=1e4 насыщена: True λ_Sage/нужное = 2.51e+06
[54/177 18s] 19/221 [-221, -202, 19] p<=1e4 насыщена: True λ_Sage/нужное = 8.97e+06
[55/177 18s] 204/247 [-451, -247, -43] p<=1e4 насыщена: True λ_Sage/нужное = 7.42e+07
[56/177 18s] 204/247 [-451, -247, 204] p<=1e4 насыщена: True λ_Sage/нужное = 8.53e+06
[57/177 18s] 204/247 [-451, -43, 451] p<=1e4 насыщена: True λ_Sage/нужное = 8.69e+07
[58/177 19s] 204/247 [-451, 43, 204] p<=1e4 насыщена: True λ_Sage/нужное = 9.48e+07
[59/177 19s] 204/247 [-451, -204, 247] p<=1e4 насыщена: True λ_Sage/нужное = 1.56e+07
[60/177 19s] 204/247 [-247, -204, -43] p<=1e4 насыщена: True λ_Sage/нужное = 8.12e+06
[61/177 20s] 204/247 [-247, -204, 43] p<=1e4 насыщена: True λ_Sage/нужное = 1.02e+07
[62/177 20s] 204/247 [-247, -204, 204] p<=1e4 насыщена: True λ_Sage/нужное = 7.42e+07
[63/177 20s] 204/247 [-247, -43, 43] p<=1e4 насыщена: True λ_Sage/нужное = 8.15e+07
[64/177 21s] 204/247 [-247, -43, 247] p<=1e4 насыщена: True λ_Sage/нужное = 8.57e+07
[65/177 21s] 204/247 [-204, -43, 43] p<=1e4 насыщена: True λ_Sage/нужное = 9.4e+07
[66/177 21s] 211/230 [-441, -230, -211] p<=1e4 насыщена: True λ_Sage/нужное = 5.03e+06
[67/177 21s] 211/230 [-441, -230, 19] p<=1e4 насыщена: True λ_Sage/нужное = 6.39e+06
[68/177 21s] 211/230 [-441, -230, -19] p<=1e4 насыщена: True λ_Sage/нужное = 2.5e+07
[69/177 22s] 211/230 [-441, -230, 211] p<=1e4 насыщена: True λ_Sage/нужное = 1.76e+06
[70/177 22s] 211/230 [-441, -211, 211] p<=1e4 насыщена: True λ_Sage/нужное = 8.78e+07
[71/177 22s] 211/230 [-441, -211, -19] p<=1e4 насыщена: True λ_Sage/нужное = 5.38e+06
[72/177 23s] 211/230 [-441, -211, 441] p<=1e4 насыщена: True λ_Sage/нужное = 4.21e+07
[73/177 23s] 211/230 [-441, -19, 19] p<=1e4 насыщена: True λ_Sage/нужное = 7.37e+07
[74/177 23s] 211/230 [-441, -211, 230] p<=1e4 насыщена: True λ_Sage/нужное = 6.7e+06
[75/177 24s] 211/230 [-441, 19, 211] p<=1e4 насыщена: True λ_Sage/нужное = 7.9e+06
[76/177 24s] 211/230 [-441, -19, 441] p<=1e4 насыщена: True λ_Sage/нужное = 3.95e+07
[77/177 24s] 211/230 [-230, -211, -19] p<=1e4 насыщена: True λ_Sage/нужное = 3.16e+06
[78/177 25s] 211/230 [-230, -211, 211] p<=1e4 насыщена: True λ_Sage/нужное = 2.5e+07
[79/177 25s] 211/230 [-230, -19, 211] p<=1e4 насыщена: True λ_Sage/нужное = 5.03e+06
[80/177 25s] 211/230 [-230, -211, 19] p<=1e4 насыщена: True λ_Sage/нужное = 6.11e+06
[81/177 26s] 211/230 [-211, -19, 19] p<=1e4 насыщена: True λ_Sage/нужное = 7.62e+07
[82/177 26s] 211/230 [-230, 19, 211] p<=1e4 насыщена: True λ_Sage/нужное = 9.63e+07
[83/177 26s] 211/230 [-211, -19, 211] p<=1e4 насыщена: True λ_Sage/нужное = 8.53e+07
[84/177 26s] 231/250 [-481, -231, -19] p<=1e4 насыщена: True λ_Sage/нужное = 3.76e+07
[85/177 27s] 231/250 [-250, -231, -19] p<=1e4 насыщена: True λ_Sage/нужное = 3.17e+06
[86/177 27s] 231/250 [-250, -231, 19] p<=1e4 насыщена: True λ_Sage/нужное = 1.23e+06
[87/177 27s] 231/250 [-250, -19, 19] p<=1e4 насыщена: True λ_Sage/нужное = 2.58e+06
[88/177 28s] 231/250 [-231, -19, 231] p<=1e4 насыщена: True λ_Sage/нужное = 8.55e+07
[89/177 28s] 237/317 [-554, -317, 237] p<=1e4 насыщена: True λ_Sage/нужное = 6.62e+06
[90/177 28s] 237/317 [-554, -317, -237] p<=1e4 насыщена: True λ_Sage/нужное = 6.51e+06
[91/177 29s] 237/317 [-554, -237, -80] p<=1e4 насыщена: True λ_Sage/нужное = 3.8e+07
[92/177 29s] 237/317 [-554, -317, 554] p<=1e4 насыщена: True λ_Sage/нужное = 8.79e+07
[93/177 29s] 237/317 [-554, -237, 80] p<=1e4 насыщена: True λ_Sage/нужное = 8.74e+07
[94/177 30s] 237/317 [-554, -80, 237] p<=1e4 насыщена: True λ_Sage/нужное = 3.65e+07
[95/177 30s] 237/317 [-554, -237, 554] p<=1e4 насыщена: True λ_Sage/нужное = 8.76e+07
[96/177 30s] 237/317 [-554, -80, 317] p<=1e4 насыщена: True λ_Sage/нужное = 8.67e+07
[97/177 31s] 237/317 [-554, 80, 237] p<=1e4 насыщена: True λ_Sage/нужное = 8.47e+07
[98/177 31s] 237/317 [-554, 80, 317] p<=1e4 насыщена: True λ_Sage/нужное = 3.74e+07
[99/177 31s] 237/317 [-554, 237, 317] p<=1e4 насыщена: True λ_Sage/нужное = 9.56e+07
[100/177 32s] 237/317 [-317, -237, -80] p<=1e4 насыщена: True λ_Sage/нужное = 7.99e+05
[101/177 32s] 237/317 [-317, -237, 317] p<=1e4 насыщена: True λ_Sage/нужное = 8.74e+07
[102/177 32s] 237/317 [-317, -237, 80] p<=1e4 насыщена: True λ_Sage/нужное = 1.68e+06
[103/177 33s] 237/317 [-317, -80, 237] p<=1e4 насыщена: True λ_Sage/нужное = 6.51e+06
[104/177 33s] 251/308 [-559, -57, 251] p<=1e4 насыщена: True λ_Sage/нужное = 1.89e+06
[105/177 33s] 251/308 [-559, -308, -251] p<=1e4 насыщена: True λ_Sage/нужное = 1.25e+07
[106/177 34s] 251/308 [-559, -308, 251] p<=1e4 насыщена: True λ_Sage/нужное = 8.5e+06
[107/177 34s] 251/308 [-308, -251, 57] p<=1e4 насыщена: True λ_Sage/нужное = 6.26e+06
[108/177 34s] 251/308 [-308, -251, -57] p<=1e4 насыщена: True λ_Sage/нужное = 6.58e+06
[109/177 35s] 251/308 [-308, -57, 308] p<=1e4 насыщена: True λ_Sage/нужное = 7.54e+07
[110/177 35s] 251/308 [-308, -57, 251] p<=1e4 насыщена: True λ_Sage/нужное = 1.25e+07
[111/177 36s] 251/308 [-251, -57, 57] p<=1e4 насыщена: True λ_Sage/нужное = 8.32e+07
[112/177 36s] 251/308 [-251, -57, 251] p<=1e4 насыщена: True λ_Sage/нужное = 8.58e+07
[113/177 36s] 265/298 [-563, -298, -33] p<=1e4 насыщена: True λ_Sage/нужное = 2.54e+07
[114/177 37s] 265/298 [-563, -265, 33] p<=1e4 насыщена: True λ_Sage/нужное = 8.43e+07
[115/177 37s] 265/298 [-563, -298, -265] p<=1e4 насыщена: True λ_Sage/нужное = 2.34e+06
[116/177 37s] 265/298 [-563, -265, 265] p<=1e4 насыщена: True λ_Sage/нужное = 8.82e+07
[117/177 37s] 265/298 [-563, -298, 298] p<=1e4 насыщена: True λ_Sage/нужное = 8.85e+07
[118/177 38s] 265/298 [-563, -33, 33] p<=1e4 насыщена: True λ_Sage/нужное = 7.69e+07
[119/177 38s] 265/298 [-563, -265, 298] p<=1e4 насыщена: True λ_Sage/нужное = 2.32e+06
[120/177 38s] 265/298 [-563, -33, 298] p<=1e4 насыщена: True λ_Sage/нужное = 2.82e+07
[121/177 39s] 265/298 [-563, -33, 563] p<=1e4 насыщена: True λ_Sage/нужное = 8.63e+07
[122/177 39s] 265/298 [-563, 33, 298] p<=1e4 насыщена: True λ_Sage/нужное = 4.82e+07
[123/177 39s] 265/298 [-298, -265, 33] p<=1e4 насыщена: True λ_Sage/нужное = 2e+06
[124/177 39s] 265/298 [-298, -265, 265] p<=1e4 насыщена: True λ_Sage/нужное = 2.54e+07
[125/177 40s] 265/298 [-298, -265, 298] p<=1e4 насыщена: True λ_Sage/нужное = 8.43e+07
[126/177 40s] 265/298 [-298, -33, 33] p<=1e4 насыщена: True λ_Sage/нужное = 2.41e+07
[127/177 40s] 265/298 [-298, -33, 298] p<=1e4 насыщена: True λ_Sage/нужное = 8.61e+07
[128/177 41s] 265/298 [-298, -33, 265] p<=1e4 насыщена: True λ_Sage/нужное = 2.34e+06
[129/177 41s] 265/298 [-265, -33, 265] p<=1e4 насыщена: True λ_Sage/нужное = 8.58e+07
[130/177 41s] 43/278 [-321, -278, -43] p<=1e4 насыщена: True λ_Sage/нужное = 1.55e+07
[131/177 42s] 43/278 [-321, -278, 278] p<=1e4 насыщена: True λ_Sage/нужное = 8.54e+07
[132/177 42s] 43/278 [-321, -278, 43] p<=1e4 насыщена: True λ_Sage/нужное = 1.05e+07
[133/177 42s] 43/278 [-321, -278, 321] p<=1e4 насыщена: True λ_Sage/нужное = 2.55e+07
[134/177 43s] 43/278 [-321, -43, 43] p<=1e4 насыщена: True λ_Sage/нужное = 8.07e+07
[135/177 43s] 43/278 [-321, -43, 278] p<=1e4 насыщена: True λ_Sage/нужное = 4.81e+06
[136/177 43s] 43/278 [-321, -43, 235] p<=1e4 насыщена: True λ_Sage/нужное = 8.6e+07
[137/177 44s] 43/278 [-321, -43, 321] p<=1e4 насыщена: True λ_Sage/нужное = 8.63e+07
[138/177 44s] 43/278 [-278, -235, 278] p<=1e4 насыщена: True λ_Sage/нужное = 8.54e+07
[139/177 44s] 43/278 [-278, -235, -43] p<=1e4 насыщена: True λ_Sage/нужное = 1.25e+07
[140/177 45s] 43/278 [-278, -235, 43] p<=1e4 насыщена: True λ_Sage/нужное = 1.55e+07
[141/177 45s] 43/278 [-278, 43, 235] p<=1e4 насыщена: True λ_Sage/нужное = 9.63e+07
[142/177 45s] 43/278 [-278, -43, 235] p<=1e4 насыщена: True λ_Sage/нужное = 2.24e+06
[143/177 46s] 43/278 [-278, -43, 278] p<=1e4 насыщена: True λ_Sage/нужное = 8.6e+07
[144/177 46s] 43/278 [-235, -43, 43] p<=1e4 насыщена: True λ_Sage/нужное = 8.17e+07
[145/177 46s] 61/217 [-278, -217, -156] p<=1e4 насыщена: True λ_Sage/нужное = 8.4e+07
[146/177 47s] 61/217 [-278, -217, -61] p<=1e4 насыщена: True λ_Sage/нужное = 8.72e+06
[147/177 47s] 61/217 [-278, -217, 61] p<=1e4 насыщена: True λ_Sage/нужное = 2.38e+06
[148/177 47s] 61/217 [-278, -61, 217] p<=1e4 насыщена: True λ_Sage/нужное = 1.53e+07
[149/177 47s] 61/217 [-217, -156, -61] p<=1e4 насыщена: True λ_Sage/нужное = 8.03e+06
[150/177 48s] 61/217 [-217, -156, 61] p<=1e4 насыщена: True λ_Sage/нужное = 8.72e+06
[151/177 48s] 61/217 [-217, -61, 61] p<=1e4 насыщена: True λ_Sage/нужное = 8.4e+07
[152/177 48s] 65/261 [-326, -261, -65] p<=1e4 насыщена: True λ_Sage/нужное = 4.34e+06
[153/177 49s] 65/261 [-326, -261, 65] p<=1e4 насыщена: True λ_Sage/нужное = 1.4e+07
[154/177 49s] 65/261 [-326, -196, 65] p<=1e4 насыщена: True λ_Sage/нужное = 3.4e+07
[155/177 49s] 65/261 [-326, -261, 326] p<=1e4 насыщена: True λ_Sage/нужное = 8.67e+07
[156/177 50s] 65/261 [-326, -196, 326] p<=1e4 насыщена: True λ_Sage/нужное = 2.61e+07
[157/177 50s] 65/261 [-326, -65, 261] p<=1e4 насыщена: True λ_Sage/нужное = 6.67e+05
[158/177 50s] 65/261 [-326, -196, 196] p<=1e4 насыщена: True λ_Sage/нужное = 5.08e+07
[159/177 51s] 65/261 [-326, 65, 196] p<=1e4 насыщена: True λ_Sage/нужное = 8.48e+07
[160/177 51s] 65/261 [-261, -196, -65] p<=1e4 насыщена: True λ_Sage/нужное = 2.2e+06
[161/177 51s] 65/261 [-261, -196, 65] p<=1e4 насыщена: True λ_Sage/нужное = 4.34e+06
[162/177 52s] 65/261 [-261, -65, 196] p<=1e4 насыщена: True λ_Sage/нужное = 2.5e+06
[163/177 52s] 96/211 [-307, -211, -96] p<=1e4 насыщена: True λ_Sage/нужное = 7.14e+05
[164/177 52s] 96/211 [-307, -211, 96] p<=1e4 насыщена: True λ_Sage/нужное = 5.86e+05
[165/177 53s] 96/211 [-307, -211, 211] p<=1e4 насыщена: True λ_Sage/нужное = 8.8e+07
[166/177 53s] 96/211 [-307, -211, 307] p<=1e4 насыщена: True λ_Sage/нужное = 8.71e+07
[167/177 53s] 96/211 [-307, -115, 96] p<=1e4 насыщена: True λ_Sage/нужное = 9.23e+05
[168/177 53s] 96/211 [-307, -115, 211] p<=1e4 насыщена: True λ_Sage/нужное = 8.65e+07
[169/177 54s] 96/211 [-307, -115, 307] p<=1e4 насыщена: True λ_Sage/нужное = 8.64e+07
[170/177 54s] 96/211 [-307, 96, 211] p<=1e4 насыщена: True λ_Sage/нужное = 9.58e+07
[171/177 54s] 96/211 [-307, -96, 211] p<=1e4 насыщена: True λ_Sage/нужное = 2.15e+06
[172/177 55s] 96/211 [-211, -115, 211] p<=1e4 насыщена: True λ_Sage/нужное = 8.59e+07
[173/177 55s] 96/211 [-211, -115, -96] p<=1e4 насыщена: True λ_Sage/нужное = 1.5e+06
[174/177 55s] 96/211 [-211, -115, 96] p<=1e4 насыщена: True λ_Sage/нужное = 7.14e+05
[175/177 56s] 96/211 [-211, -96, 115] p<=1e4 насыщена: True λ_Sage/нужное = 2.75e+06
[176/177 56s] 96/211 [-211, 96, 115] p<=1e4 насыщена: True λ_Sage/нужное = 9.34e+07
[177/177 56s] 96/211 [-115, -96, 115] p<=1e4 насыщена: True λ_Sage/нужное = 9.57e+07
итог: насыщено при p<=1e4: 177 / 177  min λ_Sage/нужное = 2.27e+05  56s
