P (39 простых): [7, 11, 19, 23, 31, 43, 47, 59, 67, 71, 79, 83, 103, 107, 127, 131, 139, 151, 163, 167, 179, 191, 199, 211, 223, 227, 239, 251, 263, 271, 283, 307, 311, 331, 347, 359, 367, 379, 383]
наклонов 0<r<s<=300, gcd=1: 27397
с нетривиальными списками: 2760
  [   2.2 c] обработано 250/2760; расхождений 0; p=7 недостаточно: 23
  [   4.4 c] обработано 500/2760; расхождений 0; p=7 недостаточно: 58
  [   6.5 c] обработано 750/2760; расхождений 0; p=7 недостаточно: 93
  [   8.7 c] обработано 1000/2760; расхождений 0; p=7 недостаточно: 140
  [  10.9 c] обработано 1250/2760; расхождений 0; p=7 недостаточно: 188
  [  13.1 c] обработано 1500/2760; расхождений 0; p=7 недостаточно: 236
  [  15.3 c] обработано 1750/2760; расхождений 0; p=7 недостаточно: 286
  [  17.5 c] обработано 2000/2760; расхождений 0; p=7 недостаточно: 340
  [  19.7 c] обработано 2250/2760; расхождений 0; p=7 недостаточно: 393
  [  22.0 c] обработано 2500/2760; расхождений 0; p=7 недостаточно: 446
  [  24.1 c] обработано 2750/2760; расхождений 0; p=7 недостаточно: 502
  [  24.2 c] обработано 2760/2760; расхождений 0; p=7 недостаточно: 504

ИТОГ
  наклонов всего: 27397 (утверждение: 27397)
  с нетривиальными списками: 2760 (утверждение: 2760)
  совместный фильтр: наклонов, где выжило что-то кроме (1,1): 0
  маргинальный фильтр: наклонов, где выжило что-то кроме 1/1: 0
  одного p=7 недостаточно (совместно): 504 (утверждение: 504)
  векторов образа с нечётной оценкой: 0 (теорема §2: 0)
  образов без (0,0): 0 (должно быть 0)
  наибольшее простое, реально нужное хоть одному наклону: 11
  первое убивающее простое (гистограмма по нетривиальным парам): {7: 2366, 11: 506}
  объединение образов ([T],[L]) по всем 2760 наклонам (коды 0=квадрат, 2=невычет):
    p=  7: [(0, 0)]
    p= 11: [(0, 0), (0, 2), (2, 0)]
    p= 19: [(0, 0), (0, 2), (2, 0), (2, 2)]
    p= 23: [(0, 0), (0, 2), (2, 0)]
    p= 31: [(0, 0), (0, 2), (2, 0)]
    p= 43: [(0, 0), (0, 2), (2, 0), (2, 2)]
    p= 47: [(0, 0), (0, 2), (2, 0), (2, 2)]
    p= 59: [(0, 0), (0, 2), (2, 0), (2, 2)]
    p= 67: [(0, 0), (0, 2), (2, 0), (2, 2)]
    p= 71: [(0, 0), (0, 2), (2, 0), (2, 2)]
    p= 79: [(0, 0), (0, 2), (2, 0), (2, 2)]
    p= 83: [(0, 0), (0, 2), (2, 0), (2, 2)]
    p=103: [(0, 0), (0, 2), (2, 0), (2, 2)]
    p=107: [(0, 0), (0, 2), (2, 0), (2, 2)]
    p=127: [(0, 0), (0, 2), (2, 0), (2, 2)]
    p=131: [(0, 0), (0, 2), (2, 0), (2, 2)]
    p=139: [(0, 0), (0, 2), (2, 0), (2, 2)]
    p=151: [(0, 0), (0, 2), (2, 0), (2, 2)]
    p=163: [(0, 0), (0, 2), (2, 0), (2, 2)]
    p=167: [(0, 0), (0, 2), (2, 0), (2, 2)]
    p=179: [(0, 0), (0, 2), (2, 0), (2, 2)]
    p=191: [(0, 0), (0, 2), (2, 0), (2, 2)]
    p=199: [(0, 0), (0, 2), (2, 0), (2, 2)]
    p=211: [(0, 0), (0, 2), (2, 0), (2, 2)]
    p=223: [(0, 0), (0, 2), (2, 0), (2, 2)]
    p=227: [(0, 0), (0, 2), (2, 0), (2, 2)]
    p=239: [(0, 0), (0, 2), (2, 0), (2, 2)]
    p=251: [(0, 0), (0, 2), (2, 0), (2, 2)]
    p=263: [(0, 0), (0, 2), (2, 0), (2, 2)]
    p=271: [(0, 0), (0, 2), (2, 0), (2, 2)]
    p=283: [(0, 0), (0, 2), (2, 0), (2, 2)]
    p=307: [(0, 0), (0, 2), (2, 0), (2, 2)]
    p=311: [(0, 0), (0, 2), (2, 0), (2, 2)]
    p=331: [(0, 0), (0, 2), (2, 0), (2, 2)]
    p=347: [(0, 0), (0, 2), (2, 0), (2, 2)]
    p=359: [(0, 0), (0, 2), (2, 0), (2, 2)]
    p=367: [(0, 0), (0, 2), (2, 0), (2, 2)]
    p=379: [(0, 0), (0, 2), (2, 0), (2, 2)]
    p=383: [(0, 0), (0, 2), (2, 0), (2, 2)]
  узлов перебора: 20607634
  нетривиальных пар (d_T,d_L) всего: 2872
  время: 24.2 c
