[   0.0 c] C8: списки D(n) перебором делителей vs codex_list, n = 1..599: расхождений 0
[   0.2 c] C8: нетривиальных наклонов по перебору делителей: 2760
[   0.2 c] C8: все нетривиальные d <= 599: [73, 97, 145, 193, 241, 265, 313, 337, 409, 433, 457, 481, 505, 577]
[   0.2 c] C8: из них вычеты mod 7: [193, 337, 457, 505] ; из этих вычеты mod 11: []
[   1.2 c] C9 p=11: {условие: [наклонов, с нетрив.[T], с нетрив.[L]]}: {('p∤r-s', 'p∤r+s'): [22839, 0, 0], ('p∤r-s', 'p|r+s'): [2281, 0, 2281], ('p|r-s', 'p∤r+s'): [2277, 2277, 0]}
[   2.4 c] C9 p=19: {условие: [наклонов, с нетрив.[T], с нетрив.[L]]}: {('p∤r-s', 'p∤r+s'): [24652, 5678, 5608], ('p∤r-s', 'p|r+s'): [1377, 0, 114], ('p|r-s', 'p∤r+s'): [1368, 0, 0]}
[   3.8 c] C9 p=23: {условие: [наклонов, с нетрив.[T], с нетрив.[L]]}: {('p∤r-s', 'p∤r+s'): [25130, 2275, 2269], ('p∤r-s', 'p|r+s'): [1140, 0, 0], ('p|r-s', 'p∤r+s'): [1127, 0, 0]}
[   5.4 c] C9 p=31: {условие: [наклонов, с нетрив.[T], с нетрив.[L]]}: {('p∤r-s', 'p∤r+s'): [25687, 1709, 1712], ('p∤r-s', 'p|r+s'): [857, 0, 857], ('p|r-s', 'p∤r+s'): [853, 853, 0]}
[   7.4 c] C9 p=43: {условие: [наклонов, с нетрив.[T], с нетрив.[L]]}: {('p∤r-s', 'p∤r+s'): [26149, 3752, 3764], ('p∤r-s', 'p|r+s'): [635, 0, 635], ('p|r-s', 'p∤r+s'): [613, 613, 0]}
[   7.4 c] C10 126/451: D_-=[1] D_+=[1, 577]; пара -> первые убивающие p: [((1, 1), []), ((1, 577), [7, 43, 47, 67, 79, 103])]
[   7.4 c] C10 73/362: D_-=[1] D_+=[1, 145]; пара -> первые убивающие p: [((1, 1), []), ((1, 145), [7, 11, 19, 23, 67, 79])]
[   7.4 c] C10 265/298: D_-=[1] D_+=[1]; пара -> первые убивающие p: [((1, 1), [])]
[   7.5 c] C10: 504 наклона (мало p=7): пары, пережившие p=7 -> число наклонов: {(1, 193): 156, (1, 337): 132, (1, 457): 72, (1, 505): 38, (193, 1): 107, (193, 337): 1}
[   7.5 c] C10: первые 10 таких наклонов: [(96, 97, [[1, 1], [1, 193]]), (95, 98, [[1, 1], [1, 193]]), (94, 99, [[1, 1], [1, 193]]), (93, 100, [[1, 1], [1, 193]]), (92, 101, [[1, 1], [1, 193]]), (91, 102, [[1, 1], [1, 193]]), (90, 103, [[1, 1], [1, 193]]), (89, 104, [[1, 1], [1, 193]]), (88, 105, [[1, 1], [1, 193]]), (87, 106, [[1, 1], [1, 193]])]
[   7.6 c] C11 фильтр по {7}: наклонов с выжившими кроме (1,1): 504 из 2760
[   7.7 c] C11 фильтр по {11}: наклонов с выжившими кроме (1,1): 932 из 2760
[   7.7 c] C11 фильтр по {7,11}: наклонов с выжившими кроме (1,1): 0 из 2760
[  31.7 c] C11 фильтр по P без 7: наклонов с выжившими кроме (1,1): 0 из 2760
[  31.8 c] C11 фильтр по P без 11: наклонов с выжившими кроме (1,1): 0 из 2760
[  31.8 c] C11 фильтр по P без 7 и 11: наклонов с выжившими кроме (1,1): 0 из 2760
[  31.8 c] C11 фильтр по {19,...,43}: наклонов с выжившими кроме (1,1): 6 из 2760
Traceback (most recent call last):
  File "/home/kep/magicKube/rigorous_census/lift_mass/zmodp_extra.py", line 82, in <module>
    log("C11 фильтр по %s: наклонов с выжившими кроме (1,1): %d из %d" % (name, nsurv(pr), len(NT)))
                                                                                ~~~~~^^^^
  File "/home/kep/magicKube/rigorous_census/lift_mass/zmodp_extra.py", line 77, in nsurv
    if all((unit_code(a, p), unit_code(b, p)) in TLs(r, s, p) for p in primes)]
       ^^^
  File "/home/kep/magicKube/rigorous_census/lift_mass/zmodp_extra.py", line 77, in <genexpr>
    if all((unit_code(a, p), unit_code(b, p)) in TLs(r, s, p) for p in primes)]
                             ~~~~~~~~~^^^^^^
  File "/home/kep/magicKube/rigorous_census/lift_mass/zmodp_common.py", line 98, in unit_code
    assert d % p != 0
           ^^^^^^^^^^
AssertionError
