# boxscan: (m,n) 4404 шт., |u|<=400, 1<=v<=400, семейства ['G1', 'G2', 'G3']
# ... (m,n)=(1,-2) проверено пар (u,v): 584133, попаданий 0
HIT G3 (m,n)=(6,-7) p=-61/23 nsq=7 cells=['42025/529', '277729/529', '222121/529', '360721/529', '180625/529', '1', '139129/529', '83521/529', '319225/529']
HIT G3 (m,n)=(6,-7) p=23/61 nsq=7 cells=['319225/3721', '83521/3721', '139129/3721', '529/3721', '180625/3721', '360721/3721', '222121/3721', '277729/3721', '42025/3721']
HIT G3 (m,n)=(6,7) p=61/23 nsq=7 cells=['42025/529', '277729/529', '222121/529', '360721/529', '180625/529', '1', '139129/529', '83521/529', '319225/529']
HIT G3 (m,n)=(6,7) p=-23/61 nsq=7 cells=['319225/3721', '83521/3721', '139129/3721', '529/3721', '180625/3721', '360721/3721', '222121/3721', '277729/3721', '42025/3721']
HIT G3 (m,n)=(7,-6) p=61/23 nsq=7 cells=['319225/529', '83521/529', '139129/529', '1', '180625/529', '360721/529', '222121/529', '277729/529', '42025/529']
HIT G3 (m,n)=(7,-6) p=-23/61 nsq=7 cells=['42025/3721', '277729/3721', '222121/3721', '360721/3721', '180625/3721', '529/3721', '139129/3721', '83521/3721', '319225/3721']
HIT G3 (m,n)=(7,6) p=-61/23 nsq=7 cells=['319225/529', '83521/529', '139129/529', '1', '180625/529', '360721/529', '222121/529', '277729/529', '42025/529']
HIT G3 (m,n)=(7,6) p=23/61 nsq=7 cells=['42025/3721', '277729/3721', '222121/3721', '360721/3721', '180625/3721', '529/3721', '139129/3721', '83521/3721', '319225/3721']
# ... (m,n)=(11,-13) проверено пар (u,v): 117410733, попаданий 8
# ... (m,n)=(18,7) проверено пар (u,v): 234237333, попаданий 8
# ... (m,n)=(3,-23) проверено пар (u,v): 351063933, попаданий 8
# ... (m,n)=(5,-26) проверено пар (u,v): 467890533, попаданий 8
# ... (m,n)=(19,-29) проверено пар (u,v): 584717133, попаданий 8
# ... (m,n)=(31,3) проверено пар (u,v): 701543733, попаданий 8
# ... (m,n)=(31,-34) проверено пар (u,v): 818370333, попаданий 8
# ... (m,n)=(11,-37) проверено пар (u,v): 935196933, попаданий 8
# ... (m,n)=(4,-39) проверено пар (u,v): 1052023533, попаданий 8
# ... (m,n)=(23,-41) проверено пар (u,v): 1168850133, попаданий 8
# ... (m,n)=(19,-43) проверено пар (u,v): 1285676733, попаданий 8
# ... (m,n)=(44,19) проверено пар (u,v): 1402503333, попаданий 8
# ... (m,n)=(3,-47) проверено пар (u,v): 1519329933, попаданий 8
# ... (m,n)=(31,-48) проверено пар (u,v): 1636156533, попаданий 8
# ... (m,n)=(49,36) проверено пар (u,v): 1752983133, попаданий 8
# ... (m,n)=(51,20) проверено пар (u,v): 1869809733, попаданий 8
# ... (m,n)=(43,-53) проверено пар (u,v): 1986636333, попаданий 8
# ... (m,n)=(3,-55) проверено пар (u,v): 2103462933, попаданий 8
# ... (m,n)=(53,-56) проверено пар (u,v): 2220289533, попаданий 8
# ... (m,n)=(5,-58) проверено пар (u,v): 2337116133, попаданий 8
# ... (m,n)=(47,-59) проверено пар (u,v): 2453942733, попаданий 8
# ... (m,n)=(60,47) проверено пар (u,v): 2570769333, попаданий 8
# ИТОГ boxscan: проверено 2572521732 точек (u,v) на семейство-кадр, попаданий 8
