# boxscan: (m,n) 76092 шт., |u|<=150, 1<=v<=150, семейства ['G1', 'G2', 'G3']
# ... (m,n)=(1,-2) проверено пар (u,v): 82293, попаданий 0
HIT G3 (m,n)=(6,-7) p=-61/23 nsq=7 cells=['42025/529', '277729/529', '222121/529', '360721/529', '180625/529', '1', '139129/529', '83521/529', '319225/529']
HIT G3 (m,n)=(6,-7) p=23/61 nsq=7 cells=['319225/3721', '83521/3721', '139129/3721', '529/3721', '180625/3721', '360721/3721', '222121/3721', '277729/3721', '42025/3721']
HIT G3 (m,n)=(6,7) p=61/23 nsq=7 cells=['42025/529', '277729/529', '222121/529', '360721/529', '180625/529', '1', '139129/529', '83521/529', '319225/529']
HIT G3 (m,n)=(6,7) p=-23/61 nsq=7 cells=['319225/3721', '83521/3721', '139129/3721', '529/3721', '180625/3721', '360721/3721', '222121/3721', '277729/3721', '42025/3721']
HIT G3 (m,n)=(7,-6) p=61/23 nsq=7 cells=['319225/529', '83521/529', '139129/529', '1', '180625/529', '360721/529', '222121/529', '277729/529', '42025/529']
HIT G3 (m,n)=(7,-6) p=-23/61 nsq=7 cells=['42025/3721', '277729/3721', '222121/3721', '360721/3721', '180625/3721', '529/3721', '139129/3721', '83521/3721', '319225/3721']
HIT G3 (m,n)=(7,6) p=-61/23 nsq=7 cells=['319225/529', '83521/529', '139129/529', '1', '180625/529', '360721/529', '222121/529', '277729/529', '42025/529']
HIT G3 (m,n)=(7,6) p=23/61 nsq=7 cells=['42025/3721', '277729/3721', '222121/3721', '360721/3721', '180625/3721', '529/3721', '139129/3721', '83521/3721', '319225/3721']
# ... (m,n)=(11,-13) проверено пар (u,v): 16540893, попаданий 8
# ... (m,n)=(18,7) проверено пар (u,v): 32999493, попаданий 8
# ... (m,n)=(3,-23) проверено пар (u,v): 49458093, попаданий 8
# ... (m,n)=(5,-26) проверено пар (u,v): 65916693, попаданий 8
# ... (m,n)=(19,-29) проверено пар (u,v): 82375293, попаданий 8
# ... (m,n)=(31,3) проверено пар (u,v): 98833893, попаданий 8
# ... (m,n)=(31,-34) проверено пар (u,v): 115292493, попаданий 8
# ... (m,n)=(11,-37) проверено пар (u,v): 131751093, попаданий 8
# ... (m,n)=(4,-39) проверено пар (u,v): 148209693, попаданий 8
# ... (m,n)=(23,-41) проверено пар (u,v): 164668293, попаданий 8
# ... (m,n)=(19,-43) проверено пар (u,v): 181126893, попаданий 8
# ... (m,n)=(44,19) проверено пар (u,v): 197585493, попаданий 8
# ... (m,n)=(3,-47) проверено пар (u,v): 214044093, попаданий 8
# ... (m,n)=(31,-48) проверено пар (u,v): 230502693, попаданий 8
# ... (m,n)=(49,36) проверено пар (u,v): 246961293, попаданий 8
# ... (m,n)=(51,20) проверено пар (u,v): 263419893, попаданий 8
# ... (m,n)=(43,-53) проверено пар (u,v): 279878493, попаданий 8
# ... (m,n)=(3,-55) проверено пар (u,v): 296337093, попаданий 8
# ... (m,n)=(53,-56) проверено пар (u,v): 312795693, попаданий 8
# ... (m,n)=(5,-58) проверено пар (u,v): 329254293, попаданий 8
# ... (m,n)=(47,-59) проверено пар (u,v): 345712893, попаданий 8
# ... (m,n)=(60,47) проверено пар (u,v): 362171493, попаданий 8
HIT G3 (m,n)=(23,-61) p=-7/6 nsq=7 cells=['42025/36', '277729/36', '222121/36', '360721/36', '180625/36', '529/36', '139129/36', '83521/36', '319225/36']
HIT G3 (m,n)=(23,-61) p=6/7 nsq=7 cells=['319225/49', '83521/49', '139129/49', '529/49', '180625/49', '360721/49', '222121/49', '277729/49', '42025/49']
HIT G3 (m,n)=(23,61) p=7/6 nsq=7 cells=['42025/36', '277729/36', '222121/36', '360721/36', '180625/36', '529/36', '139129/36', '83521/36', '319225/36']
HIT G3 (m,n)=(23,61) p=-6/7 nsq=7 cells=['319225/49', '83521/49', '139129/49', '529/49', '180625/49', '360721/49', '222121/49', '277729/49', '42025/49']
HIT G3 (m,n)=(61,-23) p=7/6 nsq=7 cells=['319225/36', '83521/36', '139129/36', '529/36', '180625/36', '360721/36', '222121/36', '277729/36', '42025/36']
HIT G3 (m,n)=(61,-23) p=-6/7 nsq=7 cells=['42025/49', '277729/49', '222121/49', '360721/49', '180625/49', '529/49', '139129/49', '83521/49', '319225/49']
# ... (m,n)=(61,17) проверено пар (u,v): 378630093, попаданий 14
HIT G3 (m,n)=(61,23) p=-7/6 nsq=7 cells=['319225/36', '83521/36', '139129/36', '529/36', '180625/36', '360721/36', '222121/36', '277729/36', '42025/36']
HIT G3 (m,n)=(61,23) p=6/7 nsq=7 cells=['42025/49', '277729/49', '222121/49', '360721/49', '180625/49', '529/49', '139129/49', '83521/49', '319225/49']
# ... (m,n)=(32,-63) проверено пар (u,v): 395088693, попаданий 16
# ... (m,n)=(64,-7) проверено пар (u,v): 411547293, попаданий 16
# ... (m,n)=(65,28) проверено пар (u,v): 428005893, попаданий 16
# ... (m,n)=(47,-67) проверено пар (u,v): 444464493, попаданий 16
# ... (m,n)=(31,-68) проверено пар (u,v): 460923093, попаданий 16
# ... (m,n)=(69,-50) проверено пар (u,v): 477381693, попаданий 16
# ... (m,n)=(15,-71) проверено пар (u,v): 493840293, попаданий 16
# ... (m,n)=(71,19) проверено пар (u,v): 510298893, попаданий 16
# ... (m,n)=(27,-73) проверено пар (u,v): 526757493, попаданий 16
# ... (m,n)=(73,37) проверено пар (u,v): 543216093, попаданий 16
# ... (m,n)=(19,-75) проверено пар (u,v): 559674693, попаданий 16
# ... (m,n)=(65,-76) проверено пар (u,v): 576133293, попаданий 16
# ... (m,n)=(75,-77) проверено пар (u,v): 592591893, попаданий 16
# ... (m,n)=(78,17) проверено пар (u,v): 609050493, попаданий 16
# ... (m,n)=(79,-54) проверено пар (u,v): 625509093, попаданий 16
# ... (m,n)=(80,-69) проверено пар (u,v): 641967693, попаданий 16
# ... (m,n)=(81,-32) проверено пар (u,v): 658426293, попаданий 16
# ... (m,n)=(82,9) проверено пар (u,v): 674884893, попаданий 16
# ... (m,n)=(83,-82) проверено пар (u,v): 691343493, попаданий 16
# ... (m,n)=(65,-84) проверено пар (u,v): 707802093, попаданий 16
# ... (m,n)=(85,-69) проверено пар (u,v): 724260693, попаданий 16
# ... (m,n)=(86,-85) проверено пар (u,v): 740719293, попаданий 16
# ... (m,n)=(87,-80) проверено пар (u,v): 757177893, попаданий 16
# ... (m,n)=(88,-61) проверено пар (u,v): 773636493, попаданий 16
# ... (m,n)=(67,-89) проверено пар (u,v): 790095093, попаданий 16
# ... (m,n)=(89,69) проверено пар (u,v): 806553693, попаданий 16
# ... (m,n)=(54,-91) проверено пар (u,v): 823012293, попаданий 16
# ... (m,n)=(91,87) проверено пар (u,v): 839470893, попаданий 16
# ... (m,n)=(16,-93) проверено пар (u,v): 855929493, попаданий 16
# ... (m,n)=(93,64) проверено пар (u,v): 872388093, попаданий 16
# ... (m,n)=(94,87) проверено пар (u,v): 888846693, попаданий 16
# ... (m,n)=(95,-26) проверено пар (u,v): 905305293, попаданий 16
# ... (m,n)=(96,37) проверено пар (u,v): 921763893, попаданий 16
# ... (m,n)=(91,-97) проверено пар (u,v): 938222493, попаданий 16
# ... (m,n)=(97,93) проверено пар (u,v): 954681093, попаданий 16
# ... (m,n)=(25,-99) проверено пар (u,v): 971139693, попаданий 16
# ... (m,n)=(99,80) проверено пар (u,v): 987598293, попаданий 16
# ... (m,n)=(15,-101) проверено пар (u,v): 1004056893, попаданий 16
# ... (m,n)=(101,-72) проверено пар (u,v): 1020515493, попаданий 16
# ... (m,n)=(47,-102) проверено пар (u,v): 1036974093, попаданий 16
# ... (m,n)=(51,-103) проверено пар (u,v): 1053432693, попаданий 16
# ... (m,n)=(103,-6) проверено пар (u,v): 1069891293, попаданий 16
# ... (m,n)=(101,-104) проверено пар (u,v): 1086349893, попаданий 16
# ... (m,n)=(105,-94) проверено пар (u,v): 1102808493, попаданий 16
# ... (m,n)=(106,-97) проверено пар (u,v): 1119267093, попаданий 16
# ... (m,n)=(51,-107) проверено пар (u,v): 1135725693, попаданий 16
# ... (m,n)=(107,-18) проверено пар (u,v): 1152184293, попаданий 16
# ... (m,n)=(108,-95) проверено пар (u,v): 1168642893, попаданий 16
# ... (m,n)=(67,-109) проверено пар (u,v): 1185101493, попаданий 16
# ... (m,n)=(109,9) проверено пар (u,v): 1201560093, попаданий 16
# ... (m,n)=(110,-53) проверено пар (u,v): 1218018693, попаданий 16
# ... (m,n)=(109,-111) проверено пар (u,v): 1234477293, попаданий 16
# ... (m,n)=(61,-112) проверено пар (u,v): 1250935893, попаданий 16
# ... (m,n)=(31,-113) проверено пар (u,v): 1267394493, попаданий 16
# ... (m,n)=(113,-76) проверено пар (u,v): 1283853093, попаданий 16
# ... (m,n)=(23,-114) проверено пар (u,v): 1300311693, попаданий 16
# ... (m,n)=(44,-115) проверено пар (u,v): 1316770293, попаданий 16
# ... (m,n)=(115,6) проверено пар (u,v): 1333228893, попаданий 16
# ... (m,n)=(116,-107) проверено пар (u,v): 1349687493, попаданий 16
# ... (m,n)=(76,-117) проверено пар (u,v): 1366146093, попаданий 16
# ... (m,n)=(5,-118) проверено пар (u,v): 1382604693, попаданий 16
# ... (m,n)=(118,63) проверено пар (u,v): 1399063293, попаданий 16
# ... (m,n)=(108,-119) проверено пар (u,v): 1415521893, попаданий 16
# ... (m,n)=(119,106) проверено пар (u,v): 1431980493, попаданий 16
# ... (m,n)=(34,-121) проверено пар (u,v): 1448439093, попаданий 16
# ... (m,n)=(121,-76) проверено пар (u,v): 1464897693, попаданий 16
# ... (m,n)=(21,-122) проверено пар (u,v): 1481356293, попаданий 16
# ... (m,n)=(122,83) проверено пар (u,v): 1497814893, попаданий 16
# ... (m,n)=(123,-92) проверено пар (u,v): 1514273493, попаданий 16
# ... (m,n)=(63,-124) проверено пар (u,v): 1530732093, попаданий 16
# ... (m,n)=(13,-125) проверено пар (u,v): 1547190693, попаданий 16
# ... (m,n)=(125,-99) проверено пар (u,v): 1563649293, попаданий 16
# ... (m,n)=(37,-126) проверено пар (u,v): 1580107893, попаданий 16
# ... (m,n)=(39,-127) проверено пар (u,v): 1596566493, попаданий 16
# ... (m,n)=(127,-102) проверено пар (u,v): 1613025093, попаданий 16
# ... (m,n)=(127,99) проверено пар (u,v): 1629483693, попаданий 16
# ... (m,n)=(128,-39) проверено пар (u,v): 1645942293, попаданий 16
# ... (m,n)=(91,-129) проверено пар (u,v): 1662400893, попаданий 16
# ... (m,n)=(129,100) проверено пар (u,v): 1678859493, попаданий 16
# ... (m,n)=(130,99) проверено пар (u,v): 1695318093, попаданий 16
# ... (m,n)=(95,-131) проверено пар (u,v): 1711776693, попаданий 16
# ... (m,n)=(131,-2) проверено пар (u,v): 1728235293, попаданий 16
# ... (m,n)=(113,-132) проверено пар (u,v): 1744693893, попаданий 16
# ... (m,n)=(67,-133) проверено пар (u,v): 1761152493, попаданий 16
# ... (m,n)=(133,-18) проверено пар (u,v): 1777611093, попаданий 16
# ... (m,n)=(79,-134) проверено пар (u,v): 1794069693, попаданий 16
# ... (m,n)=(13,-135) проверено пар (u,v): 1810528293, попаданий 16
# ... (m,n)=(135,-7) проверено пар (u,v): 1826986893, попаданий 16
# ... (m,n)=(133,-136) проверено пар (u,v): 1843445493, попаданий 16
# ... (m,n)=(35,-137) проверено пар (u,v): 1859904093, попаданий 16
# ... (m,n)=(135,-137) проверено пар (u,v): 1876362693, попаданий 16
# ... (m,n)=(137,61) проверено пар (u,v): 1892821293, попаданий 16
# ... (m,n)=(138,-25) проверено пар (u,v): 1909279893, попаданий 16
# ... (m,n)=(75,-139) проверено пар (u,v): 1925738493, попаданий 16
# ... (m,n)=(139,-66) проверено пар (u,v): 1942197093, попаданий 16
# ... (m,n)=(139,135) проверено пар (u,v): 1958655693, попаданий 16
# ... (m,n)=(4,-141) проверено пар (u,v): 1975114293, попаданий 16
# ... (m,n)=(141,-110) проверено пар (u,v): 1991572893, попаданий 16
# ... (m,n)=(37,-142) проверено пар (u,v): 2008031493, попаданий 16
# ... (m,n)=(142,53) проверено пар (u,v): 2024490093, попаданий 16
# ... (m,n)=(94,-143) проверено пар (u,v): 2040948693, попаданий 16
# ... (m,n)=(143,-4) проверено пар (u,v): 2057407293, попаданий 16
# ... (m,n)=(115,-144) проверено пар (u,v): 2073865893, попаданий 16
# ... (m,n)=(54,-145) проверено пар (u,v): 2090324493, попаданий 16
# ... (m,n)=(145,-67) проверено пар (u,v): 2106783093, попаданий 16
# ... (m,n)=(37,-146) проверено пар (u,v): 2123241693, попаданий 16
# ... (m,n)=(146,41) проверено пар (u,v): 2139700293, попаданий 16
# ... (m,n)=(130,-147) проверено пар (u,v): 2156158893, попаданий 16
# ... (m,n)=(13,-148) проверено пар (u,v): 2172617493, попаданий 16
# ... (m,n)=(148,-7) проверено пар (u,v): 2189076093, попаданий 16
# ... (m,n)=(63,-149) проверено пар (u,v): 2205534693, попаданий 16
# ... (m,n)=(149,-120) проверено пар (u,v): 2221993293, попаданий 16
# ... (m,n)=(149,81) проверено пар (u,v): 2238451893, попаданий 16
# ... (m,n)=(150,47) проверено пар (u,v): 2254910493, попаданий 16
# ... (m,n)=(87,-151) проверено пар (u,v): 2271369093, попаданий 16
# ... (m,n)=(151,-78) проверено пар (u,v): 2287827693, попаданий 16
# ... (m,n)=(151,123) проверено пар (u,v): 2304286293, попаданий 16
# ... (m,n)=(152,-91) проверено пар (u,v): 2320744893, попаданий 16
# ... (m,n)=(67,-153) проверено пар (u,v): 2337203493, попаданий 16
# ... (m,n)=(153,-5) проверено пар (u,v): 2353662093, попаданий 16
# ... (m,n)=(129,-154) проверено пар (u,v): 2370120693, попаданий 16
# ... (m,n)=(39,-155) проверено пар (u,v): 2386579293, попаданий 16
# ... (m,n)=(155,-129) проверено пар (u,v): 2403037893, попаданий 16
# ... (m,n)=(155,131) проверено пар (u,v): 2419496493, попаданий 16
# ... (m,n)=(156,119) проверено пар (u,v): 2435955093, попаданий 16
# ... (m,n)=(95,-157) проверено пар (u,v): 2452413693, попаданий 16
# ... (m,n)=(157,-80) проверено пар (u,v): 2468872293, попаданий 16
# ... (m,n)=(157,121) проверено пар (u,v): 2485330893, попаданий 16
# ... (m,n)=(158,-141) проверено пар (u,v): 2501789493, попаданий 16
# ... (m,n)=(40,-159) проверено пар (u,v): 2518248093, попаданий 16
# ... (m,n)=(159,-91) проверено пар (u,v): 2534706693, попаданий 16
# ... (m,n)=(47,-160) проверено пар (u,v): 2551165293, попаданий 16
# ... (m,n)=(160,111) проверено пар (u,v): 2567623893, попаданий 16
# ... (m,n)=(110,-161) проверено пар (u,v): 2584082493, попаданий 16
# ... (m,n)=(161,-18) проверено пар (u,v): 2600541093, попаданий 16
# ... (m,n)=(79,-162) проверено пар (u,v): 2616999693, попаданий 16
# ... (m,n)=(19,-163) проверено пар (u,v): 2633458293, попаданий 16
# ... (m,n)=(119,-163) проверено пар (u,v): 2649916893, попаданий 16
# ... (m,n)=(163,-50) проверено пар (u,v): 2666375493, попаданий 16
# ... (m,n)=(163,151) проверено пар (u,v): 2682834093, попаданий 16
# ... (m,n)=(164,-105) проверено пар (u,v): 2699292693, попаданий 16
# ... (m,n)=(71,-165) проверено пар (u,v): 2715751293, попаданий 16
# ... (m,n)=(165,59) проверено пар (u,v): 2732209893, попаданий 16
# ... (m,n)=(151,-166) проверено пар (u,v): 2748668493, попаданий 16
# ... (m,n)=(11,-167) проверено пар (u,v): 2765127093, попаданий 16
# ... (m,n)=(111,-167) проверено пар (u,v): 2781585693, попаданий 16
# ... (m,n)=(167,-78) проверено пар (u,v): 2798044293, попаданий 16
# ... (m,n)=(167,123) проверено пар (u,v): 2814502893, попаданий 16
# ... (m,n)=(168,43) проверено пар (u,v): 2830961493, попаданий 16
# ... (m,n)=(89,-169) проверено пар (u,v): 2847420093, попаданий 16
# ... (m,n)=(169,-112) проверено пар (u,v): 2863878693, попаданий 16
# ... (m,n)=(169,105) проверено пар (u,v): 2880337293, попаданий 16
# ... (m,n)=(170,-137) проверено пар (u,v): 2896795893, попаданий 16
# ... (m,n)=(67,-171) проверено пар (u,v): 2913254493, попаданий 16
# ... (m,n)=(171,-62) проверено пар (u,v): 2929713093, попаданий 16
# ... (m,n)=(55,-172) проверено пар (u,v): 2946171693, попаданий 16
# ... (m,n)=(172,1) проверено пар (u,v): 2962630293, попаданий 16
# ... (m,n)=(59,-173) проверено пар (u,v): 2979088893, попаданий 16
# ... (m,n)=(159,-173) проверено пар (u,v): 2995547493, попаданий 16
# ... (m,n)=(173,1) проверено пар (u,v): 3012006093, попаданий 16
# ... (m,n)=(47,-174) проверено пар (u,v): 3028464693, попаданий 16
# ... (m,n)=(3,-175) проверено пар (u,v): 3044923293, попаданий 16
# ... (m,n)=(149,-175) проверено пар (u,v): 3061381893, попаданий 16
# ... (m,n)=(175,66) проверено пар (u,v): 3077840493, попаданий 16
# ... (m,n)=(137,-176) проверено пар (u,v): 3094299093, попаданий 16
# ... (m,n)=(4,-177) проверено пар (u,v): 3110757693, попаданий 16
# ... (m,n)=(157,-177) проверено пар (u,v): 3127216293, попаданий 16
# ... (m,n)=(177,86) проверено пар (u,v): 3143674893, попаданий 16
# ... (m,n)=(143,-178) проверено пар (u,v): 3160133493, попаданий 16
# ... (m,n)=(178,155) проверено пар (u,v): 3176592093, попаданий 16
# ... (m,n)=(95,-179) проверено пар (u,v): 3193050693, попаданий 16
# ... (m,n)=(179,-146) проверено пар (u,v): 3209509293, попаданий 16
# ... (m,n)=(179,55) проверено пар (u,v): 3225967893, попаданий 16
# ... (m,n)=(143,-180) проверено пар (u,v): 3242426493, попаданий 16
# ... (m,n)=(43,-181) проверено пар (u,v): 3258885093, попаданий 16
# ... (m,n)=(143,-181) проверено пар (u,v): 3275343693, попаданий 16
# ... (m,n)=(181,-56) проверено пар (u,v): 3291802293, попаданий 16
# ... (m,n)=(181,145) проверено пар (u,v): 3308260893, попаданий 16
# ... (m,n)=(182,-129) проверено пар (u,v): 3324719493, попаданий 16
# ... (m,n)=(58,-183) проверено пар (u,v): 3341178093, попаданий 16
# ... (m,n)=(183,-128) проверено пар (u,v): 3357636693, попаданий 16
# ... (m,n)=(183,178) проверено пар (u,v): 3374095293, попаданий 16
# ... (m,n)=(184,-141) проверено пар (u,v): 3390553893, попаданий 16
# ... (m,n)=(28,-185) проверено пар (u,v): 3407012493, попаданий 16
# ... (m,n)=(158,-185) проверено пар (u,v): 3423471093, попаданий 16
# ... (m,n)=(185,16) проверено пар (u,v): 3439929693, попаданий 16
# ... (m,n)=(107,-186) проверено пар (u,v): 3456388293, попаданий 16
# ... (m,n)=(16,-187) проверено пар (u,v): 3472846893, попаданий 16
# ... (m,n)=(134,-187) проверено пар (u,v): 3489305493, попаданий 16
# ... (m,n)=(187,-60) проверено пар (u,v): 3505764093, попаданий 16
# ... (m,n)=(187,174) проверено пар (u,v): 3522222693, попаданий 16
# ... (m,n)=(188,-179) проверено пар (u,v): 3538681293, попаданий 16
# ... (m,n)=(19,-189) проверено пар (u,v): 3555139893, попаданий 16
# ... (m,n)=(189,-181) проверено пар (u,v): 3571598493, попаданий 16
# ... (m,n)=(189,169) проверено пар (u,v): 3588057093, попаданий 16
# ... (m,n)=(190,-73) проверено пар (u,v): 3604515693, попаданий 16
# ... (m,n)=(51,-191) проверено пар (u,v): 3620974293, попаданий 16
# ... (m,n)=(151,-191) проверено пар (u,v): 3637432893, попаданий 16
# ... (m,n)=(191,-70) проверено пар (u,v): 3653891493, попаданий 16
# ... (m,n)=(191,131) проверено пар (u,v): 3670350093, попаданий 16
# ... (m,n)=(192,-155) проверено пар (u,v): 3686808693, попаданий 16
# ... (m,n)=(43,-193) проверено пар (u,v): 3703267293, попаданий 16
# ... (m,n)=(143,-193) проверено пар (u,v): 3719725893, попаданий 16
# ... (m,n)=(193,-92) проверено пар (u,v): 3736184493, попаданий 16
# ... (m,n)=(193,109) проверено пар (u,v): 3752643093, попаданий 16
# ... (m,n)=(119,-194) проверено пар (u,v): 3769101693, попаданий 16
# ... (m,n)=(194,57) проверено пар (u,v): 3785560293, попаданий 16
# ... (m,n)=(134,-195) проверено пар (u,v): 3802018893, попаданий 16
# ... (m,n)=(195,89) проверено пар (u,v): 3818477493, попаданий 16
# ... (m,n)=(173,-196) проверено пар (u,v): 3834936093, попаданий 16
# ... (m,n)=(7,-197) проверено пар (u,v): 3851394693, попаданий 16
# ... (m,n)=(107,-197) проверено пар (u,v): 3867853293, попаданий 16
# ... (m,n)=(197,-176) проверено пар (u,v): 3884311893, попаданий 16
# ... (m,n)=(197,25) проверено пар (u,v): 3900770493, попаданий 16
# ... (m,n)=(47,-198) проверено пар (u,v): 3917229093, попаданий 16
# ... (m,n)=(198,161) проверено пар (u,v): 3933687693, попаданий 16
# ... (m,n)=(95,-199) проверено пар (u,v): 3950146293, попаданий 16
# ... (m,n)=(195,-199) проверено пар (u,v): 3966604893, попаданий 16
# ... (m,n)=(199,-6) проверено пар (u,v): 3983063493, попаданий 16
# ... (m,n)=(199,195) проверено пар (u,v): 3999522093, попаданий 16
# ... (m,n)=(200,-109) проверено пар (u,v): 4015980693, попаданий 16
# ... (m,n)=(58,-201) проверено пар (u,v): 4032439293, попаданий 16
# ... (m,n)=(201,-182) проверено пар (u,v): 4048897893, попаданий 16
# ... (m,n)=(201,122) проверено пар (u,v): 4065356493, попаданий 16
# ... (m,n)=(151,-202) проверено пар (u,v): 4081815093, попаданий 16
# ... (m,n)=(202,97) проверено пар (u,v): 4098273693, попаданий 16
# ... (m,n)=(90,-203) проверено пар (u,v): 4114732293, попаданий 16
# ... (m,n)=(203,-188) проверено пар (u,v): 4131190893, попаданий 16
# ... (m,n)=(203,53) проверено пар (u,v): 4147649493, попаданий 16
# ... (m,n)=(125,-204) проверено пар (u,v): 4164108093, попаданий 16
# ... (m,n)=(13,-205) проверено пар (u,v): 4180566693, попаданий 16
# ... (m,n)=(142,-205) проверено пар (u,v): 4197025293, попаданий 16
# ... (m,n)=(205,-76) проверено пар (u,v): 4213483893, попаданий 16
# ... (m,n)=(205,181) проверено пар (u,v): 4229942493, попаданий 16
# ... (m,n)=(183,-206) проверено пар (u,v): 4246401093, попаданий 16
# ... (m,n)=(206,151) проверено пар (u,v): 4262859693, попаданий 16
# ... (m,n)=(136,-207) проверено пар (u,v): 4279318293, попаданий 16
# ... (m,n)=(207,-37) проверено пар (u,v): 4295776893, попаданий 16
# ... (m,n)=(49,-208) проверено пар (u,v): 4312235493, попаданий 16
# ... (m,n)=(208,-95) проверено пар (u,v): 4328694093, попаданий 16
# ... (m,n)=(35,-209) проверено пар (u,v): 4345152693, попаданий 16
# ... (m,n)=(151,-209) проверено пар (u,v): 4361611293, попаданий 16
# ... (m,n)=(209,-92) проверено пар (u,v): 4378069893, попаданий 16
# ... (m,n)=(209,140) проверено пар (u,v): 4394528493, попаданий 16
# ... (m,n)=(210,-17) проверено пар (u,v): 4410987093, попаданий 16
# ... (m,n)=(75,-211) проверено пар (u,v): 4427445693, попаданий 16
# ... (m,n)=(175,-211) проверено пар (u,v): 4443904293, попаданий 16
# ... (m,n)=(211,-82) проверено пар (u,v): 4460362893, попаданий 16
# ... (m,n)=(211,119) проверено пар (u,v): 4476821493, попаданий 16
# ... (m,n)=(111,-212) проверено пар (u,v): 4493280093, попаданий 16
# ... (m,n)=(212,-7) проверено пар (u,v): 4509738693, попаданий 16
# ... (m,n)=(70,-213) проверено пар (u,v): 4526197293, попаданий 16
# ... (m,n)=(213,-194) проверено пар (u,v): 4542655893, попаданий 16
# ... (m,n)=(213,110) проверено пар (u,v): 4559114493, попаданий 16
# ... (m,n)=(135,-214) проверено пар (u,v): 4575573093, попаданий 16
# ... (m,n)=(214,29) проверено пар (u,v): 4592031693, попаданий 16
# ... (m,n)=(69,-215) проверено пар (u,v): 4608490293, попаданий 16
# ... (m,n)=(198,-215) проверено пар (u,v): 4624948893, попаданий 16
# ... (m,n)=(215,6) проверено пар (u,v): 4641407493, попаданий 16
# ... (m,n)=(55,-216) проверено пар (u,v): 4657866093, попаданий 16
# ... (m,n)=(216,61) проверено пар (u,v): 4674324693, попаданий 16
# ... (m,n)=(89,-217) проверено пар (u,v): 4690783293, попаданий 16
# ... (m,n)=(211,-217) проверено пар (u,v): 4707241893, попаданий 16
# ... (m,n)=(217,10) проверено пар (u,v): 4723700493, попаданий 16
# ... (m,n)=(29,-218) проверено пар (u,v): 4740159093, попаданий 16
# ... (m,n)=(218,-193) проверено пар (u,v): 4756617693, попаданий 16
# ... (m,n)=(218,211) проверено пар (u,v): 4773076293, попаданий 16
# ... (m,n)=(151,-219) проверено пар (u,v): 4789534893, попаданий 16
# ... (m,n)=(219,-53) проверено пар (u,v): 4805993493, попаданий 16
# ... (m,n)=(29,-220) проверено пар (u,v): 4822452093, попаданий 16
# ... (m,n)=(220,-53) проверено пар (u,v): 4838910693, попаданий 16
# ... (m,n)=(58,-221) проверено пар (u,v): 4855369293, попаданий 16
# ... (m,n)=(174,-221) проверено пар (u,v): 4871827893, попаданий 16
# ... (m,n)=(221,-87) проверено пар (u,v): 4888286493, попаданий 16
# ... (m,n)=(221,144) проверено пар (u,v): 4904745093, попаданий 16
# ... (m,n)=(205,-222) проверено пар (u,v): 4921203693, попаданий 16
# ... (m,n)=(23,-223) проверено пар (u,v): 4937662293, попаданий 16
# ... (m,n)=(123,-223) проверено пар (u,v): 4954120893, попаданий 16
# ... (m,n)=(223,-222) проверено пар (u,v): 4970579493, попаданий 16
# ... (m,n)=(223,-22) проверено пар (u,v): 4987038093, попаданий 16
# ... (m,n)=(223,179) проверено пар (u,v): 5003496693, попаданий 16
# ... (m,n)=(183,-224) проверено пар (u,v): 5019955293, попаданий 16
# ... (m,n)=(224,159) проверено пар (u,v): 5036413893, попаданий 16
# ... (m,n)=(163,-225) проверено пар (u,v): 5052872493, попаданий 16
# ... (m,n)=(225,23) проверено пар (u,v): 5069331093, попаданий 16
# ... (m,n)=(93,-226) проверено пар (u,v): 5085789693, попаданий 16
# ... (m,n)=(226,-87) проверено пар (u,v): 5102248293, попаданий 16
# ... (m,n)=(23,-227) проверено пар (u,v): 5118706893, попаданий 16
# ... (m,n)=(123,-227) проверено пар (u,v): 5135165493, попаданий 16
# ... (m,n)=(223,-227) проверено пар (u,v): 5151624093, попаданий 16
# ... (m,n)=(227,-34) проверено пар (u,v): 5168082693, попаданий 16
# ... (m,n)=(227,167) проверено пар (u,v): 5184541293, попаданий 16
# ... (m,n)=(223,-228) проверено пар (u,v): 5200999893, попаданий 16
# ... (m,n)=(27,-229) проверено пар (u,v): 5217458493, попаданий 16
# ... (m,n)=(127,-229) проверено пар (u,v): 5233917093, попаданий 16
# ... (m,n)=(227,-229) проверено пар (u,v): 5250375693, попаданий 16
# ... (m,n)=(229,-32) проверено пар (u,v): 5266834293, попаданий 16
# ... (m,n)=(229,169) проверено пар (u,v): 5283292893, попаданий 16
# ... (m,n)=(183,-230) проверено пар (u,v): 5299751493, попаданий 16
# ... (m,n)=(230,199) проверено пар (u,v): 5316210093, попаданий 16
# ... (m,n)=(181,-231) проверено пар (u,v): 5332668693, попаданий 16
# ... (m,n)=(231,58) проверено пар (u,v): 5349127293, попаданий 16
# ... (m,n)=(113,-232) проверено пар (u,v): 5365585893, попаданий 16
# ... (m,n)=(232,-57) проверено пар (u,v): 5382044493, попаданий 16
# ... (m,n)=(31,-233) проверено пар (u,v): 5398503093, попаданий 16
# ... (m,n)=(131,-233) проверено пар (u,v): 5414961693, попаданий 16
# ... (m,n)=(231,-233) проверено пар (u,v): 5431420293, попаданий 16
# ... (m,n)=(233,-36) проверено пар (u,v): 5447878893, попаданий 16
# ... (m,n)=(233,165) проверено пар (u,v): 5464337493, попаданий 16
# ... (m,n)=(215,-234) проверено пар (u,v): 5480796093, попаданий 16
# ... (m,n)=(28,-235) проверено пар (u,v): 5497254693, попаданий 16
# ... (m,n)=(157,-235) проверено пар (u,v): 5513713293, попаданий 16
# ... (m,n)=(235,-137) проверено пар (u,v): 5530171893, попаданий 16
# ... (m,n)=(235,118) проверено пар (u,v): 5546630493, попаданий 16
# ... (m,n)=(111,-236) проверено пар (u,v): 5563089093, попаданий 16
# ... (m,n)=(236,-81) проверено пар (u,v): 5579547693, попаданий 16
# ... (m,n)=(34,-237) проверено пар (u,v): 5596006293, попаданий 16
# ... (m,n)=(187,-237) проверено пар (u,v): 5612464893, попаданий 16
# ... (m,n)=(237,-35) проверено пар (u,v): 5628923493, попаданий 16
# ... (m,n)=(27,-238) проверено пар (u,v): 5645382093, попаданий 16
# ... (m,n)=(238,-167) проверено пар (u,v): 5661840693, попаданий 16
# ... (m,n)=(19,-239) проверено пар (u,v): 5678299293, попаданий 16
# ... (m,n)=(119,-239) проверено пар (u,v): 5694757893, попаданий 16
# ... (m,n)=(219,-239) проверено пар (u,v): 5711216493, попаданий 16
# ... (m,n)=(239,-78) проверено пар (u,v): 5727675093, попаданий 16
# ... (m,n)=(239,123) проверено пар (u,v): 5744133693, попаданий 16
# ... (m,n)=(161,-240) проверено пар (u,v): 5760592293, попаданий 16
# ... (m,n)=(15,-241) проверено пар (u,v): 5777050893, попаданий 16
# ... (m,n)=(115,-241) проверено пар (u,v): 5793509493, попаданий 16
# ... (m,n)=(215,-241) проверено пар (u,v): 5809968093, попаданий 16
# ... (m,n)=(241,-92) проверено пар (u,v): 5826426693, попаданий 16
# ... (m,n)=(241,109) проверено пар (u,v): 5842885293, попаданий 16
# ... (m,n)=(75,-242) проверено пар (u,v): 5859343893, попаданий 16
# ... (m,n)=(242,-135) проверено пар (u,v): 5875802493, попаданий 16
# ... (m,n)=(22,-243) проверено пар (u,v): 5892261093, попаданий 16
# ... (m,n)=(172,-243) проверено пар (u,v): 5908719693, попаданий 16
# ... (m,n)=(243,-86) проверено пар (u,v): 5925178293, попаданий 16
# ... (m,n)=(243,214) проверено пар (u,v): 5941636893, попаданий 16
# ... (m,n)=(185,-244) проверено пар (u,v): 5958095493, попаданий 16
# ... (m,n)=(244,41) проверено пар (u,v): 5974554093, попаданий 16
# ... (m,n)=(73,-245) проверено пар (u,v): 5991012693, попаданий 16
# ... (m,n)=(219,-245) проверено пар (u,v): 6007471293, попаданий 16
# ... (m,n)=(245,-4) проверено пар (u,v): 6023929893, попаданий 16
# ... (m,n)=(47,-246) проверено пар (u,v): 6040388493, попаданий 16
# ... (m,n)=(246,-35) проверено пар (u,v): 6056847093, попаданий 16
# ... (m,n)=(62,-247) проверено пар (u,v): 6073305693, попаданий 16
# ... (m,n)=(177,-247) проверено пар (u,v): 6089764293, попаданий 16
# ... (m,n)=(247,-160) проверено пар (u,v): 6106222893, попаданий 16
# ... (m,n)=(247,69) проверено пар (u,v): 6122681493, попаданий 16
# ... (m,n)=(47,-248) проверено пар (u,v): 6139140093, попаданий 16
# ... (m,n)=(248,-239) проверено пар (u,v): 6155598693, попаданий 16
# ... (m,n)=(248,175) проверено пар (u,v): 6172057293, попаданий 16
# ... (m,n)=(125,-249) проверено пар (u,v): 6188515893, попаданий 16
# ... (m,n)=(249,-194) проверено пар (u,v): 6204974493, попаданий 16
# ... (m,n)=(249,110) проверено пар (u,v): 6221433093, попаданий 16
# ... (m,n)=(137,-250) проверено пар (u,v): 6237891693, попаданий 16
# ... (m,n)=(250,21) проверено пар (u,v): 6254350293, попаданий 16
# ИТОГ boxscan: проверено 6261838956 точек (u,v) на семейство-кадр, попаданий 16
