=== 0. Проверка параметризации (3) Бремнера ===
  все 8 линий равны: True
  квадрат Саллоуса магический: True  квадратные клетки: [0, 1, 2, 4, 5, 6, 7]

=== 1. F1 против corners/bremner_type.sage (b,h)=(31,17) ===
  C = 625  пара = (1, 7)  третья = 5  свободные = [0, 2, 3, 6, 8]
    TL = 289/2 + (1/2)*t^2
    TR = 1539/2 + (-1/2)*t^2
    D = 1250 + (-1)*t^2
    BL = 961/2 + (1/2)*t^2
    BR = 2211/2 + (-1/2)*t^2
  ожидалось из bremner_type: TL=(h^2+f^2)/2, TR=(b^2+2h^2-f^2)/2, BL=(b^2+f^2)/2, BR=(2b^2+h^2-f^2)/2, D=b^2+h^2-f^2
  совпадение: True

=== 2. Пример Бремнера–Саллоуса как точка семейства F1, (P,Q)=(17,31), t=23/17 ===
  клетки: [139129/289, 289, 319225/289, 360721/289, 625, 529/289, 42025/289, 961, 222121/289]
  квадраты: [True, True, True, False, True, True, True, True, False]  всего: 7  различны: True  все>0: True
  совпадает с (1) Бремнера с точностью до множителя 289: True

=== 3. Вырожденные t и доступные базовые пары для (P,Q)=(17,31) ===
  C = 625  квадрат: True   вырожденные t: [17, 25, 31]
    t0=17: квадратны свободные клетки ['c0', 'c2', 'c3', 'c6', 'c8']
    t0=25: квадратны свободные клетки ['c3']
    t0=31: квадратны свободные клетки ['c0', 'c2', 'c3', 'c6', 'c8']

=== 4. Поиск: находит ли движок пример Бремнера–Саллоуса? ===
  c0/c2@t0=17: rank[3,3] g=3 src=pari sat=1 tors=4 st=11980 hmax=191 pr=60 surv=25 ex=21 bad=0 hits=8 t=0s
     HIT 7 квадратов, t = 23/17  положительны: True  клетки: [139129/289, 289, 319225/289, 360721/289, 625, 529/289, 42025/289, 961, 222121/289]
     HIT 7 квадратов, t = -23/17  положительны: True  клетки: [139129/289, 289, 319225/289, 360721/289, 625, 529/289, 42025/289, 961, 222121/289]
     HIT 7 квадратов, t = 23/17  положительны: True  клетки: [139129/289, 289, 319225/289, 360721/289, 625, 529/289, 42025/289, 961, 222121/289]
     HIT 7 квадратов, t = -23/17  положительны: True  клетки: [139129/289, 289, 319225/289, 360721/289, 625, 529/289, 42025/289, 961, 222121/289]
     HIT 7 квадратов, t = -23/17  положительны: True  клетки: [139129/289, 289, 319225/289, 360721/289, 625, 529/289, 42025/289, 961, 222121/289]
     HIT 7 квадратов, t = 23/17  положительны: True  клетки: [139129/289, 289, 319225/289, 360721/289, 625, 529/289, 42025/289, 961, 222121/289]
     HIT 7 квадратов, t = -23/17  положительны: True  клетки: [139129/289, 289, 319225/289, 360721/289, 625, 529/289, 42025/289, 961, 222121/289]
     HIT 7 квадратов, t = 23/17  положительны: True  клетки: [139129/289, 289, 319225/289, 360721/289, 625, 529/289, 42025/289, 961, 222121/289]
  c0/c3@t0=17: rank[2,2] g=2 src=pari sat=1 tors=4 st=7244 hmax=1499 pr=60 surv=17 ex=13 bad=0 hits=0 t=0s
  c0/c6@t0=17: rank[2,2] g=2 src=pari sat=1 tors=8 st=13160 hmax=1499 pr=60 surv=48 ex=44 bad=0 hits=8 t=0s
     HIT 7 квадратов, t = 23/17  положительны: True  клетки: [139129/289, 289, 319225/289, 360721/289, 625, 529/289, 42025/289, 961, 222121/289]
     HIT 7 квадратов, t = 23/17  положительны: True  клетки: [139129/289, 289, 319225/289, 360721/289, 625, 529/289, 42025/289, 961, 222121/289]
     HIT 7 квадратов, t = -23/17  положительны: True  клетки: [139129/289, 289, 319225/289, 360721/289, 625, 529/289, 42025/289, 961, 222121/289]
     HIT 7 квадратов, t = -23/17  положительны: True  клетки: [139129/289, 289, 319225/289, 360721/289, 625, 529/289, 42025/289, 961, 222121/289]
     HIT 7 квадратов, t = 23/17  положительны: True  клетки: [139129/289, 289, 319225/289, 360721/289, 625, 529/289, 42025/289, 961, 222121/289]
     HIT 7 квадратов, t = 23/17  положительны: True  клетки: [139129/289, 289, 319225/289, 360721/289, 625, 529/289, 42025/289, 961, 222121/289]
     HIT 7 квадратов, t = -23/17  положительны: True  клетки: [139129/289, 289, 319225/289, 360721/289, 625, 529/289, 42025/289, 961, 222121/289]
     HIT 7 квадратов, t = -23/17  положительны: True  клетки: [139129/289, 289, 319225/289, 360721/289, 625, 529/289, 42025/289, 961, 222121/289]
  c0/c8@t0=17: rank[2,2] g=2 src=pari sat=1 tors=8 st=13672 hmax=1499 pr=60 surv=18 ex=14 bad=0 hits=0 t=0s
  c2/c3@t0=17: rank[2,2] g=2 src=pari sat=1 tors=4 st=7244 hmax=1499 pr=60 surv=17 ex=13 bad=0 hits=0 t=0s
  c2/c6@t0=17: rank[2,2] g=2 src=pari sat=1 tors=8 st=15112 hmax=1500 pr=60 surv=28 ex=24 bad=0 hits=8 t=0s
     HIT 7 квадратов, t = 23/17  положительны: True  клетки: [139129/289, 289, 319225/289, 360721/289, 625, 529/289, 42025/289, 961, 222121/289]
     HIT 7 квадратов, t = -23/17  положительны: True  клетки: [139129/289, 289, 319225/289, 360721/289, 625, 529/289, 42025/289, 961, 222121/289]
     HIT 7 квадратов, t = 23/17  положительны: True  клетки: [139129/289, 289, 319225/289, 360721/289, 625, 529/289, 42025/289, 961, 222121/289]
     HIT 7 квадратов, t = -23/17  положительны: True  клетки: [139129/289, 289, 319225/289, 360721/289, 625, 529/289, 42025/289, 961, 222121/289]
     HIT 7 квадратов, t = -23/17  положительны: True  клетки: [139129/289, 289, 319225/289, 360721/289, 625, 529/289, 42025/289, 961, 222121/289]
     HIT 7 квадратов, t = 23/17  положительны: True  клетки: [139129/289, 289, 319225/289, 360721/289, 625, 529/289, 42025/289, 961, 222121/289]
     HIT 7 квадратов, t = -23/17  положительны: True  клетки: [139129/289, 289, 319225/289, 360721/289, 625, 529/289, 42025/289, 961, 222121/289]
     HIT 7 квадратов, t = 23/17  положительны: True  клетки: [139129/289, 289, 319225/289, 360721/289, 625, 529/289, 42025/289, 961, 222121/289]
  c2/c8@t0=17: rank[2,2] g=2 src=pari sat=1 tors=4 st=6348 hmax=1498 pr=60 surv=18 ex=14 bad=0 hits=0 t=0s
  c3/c6@t0=17: rank[2,2] g=2 src=pari sat=1 tors=4 st=7244 hmax=1495 pr=60 surv=17 ex=13 bad=0 hits=0 t=0s
  c3/c8@t0=17: rank[2,2] g=2 src=pari sat=1 tors=4 st=7244 hmax=1495 pr=60 surv=17 ex=13 bad=0 hits=0 t=0s
  c6/c8@t0=17: rank[2,2] g=2 src=pari sat=1 tors=4 st=8476 hmax=1498 pr=60 surv=25 ex=21 bad=0 hits=0 t=0s

  Пример Саллоуса (t = +-23/17) найден: True
