=== A. G-семейства: магичность и автоматические квадраты ===
  G1: пары ((1, 7), (3, 5))  магический: True  авто-квадраты: [1, 7, 3, 5]  свободные: [0, 2, 6, 8]  степени клеток: [2, 2, 2, 2, 2, 2, 2, 2, 2]
  G2: пары ((0, 8), (2, 6))  магический: True  авто-квадраты: [0, 8, 2, 6]  свободные: [1, 3, 5, 7]  степени клеток: [2, 2, 2, 2, 2, 2, 2, 2, 2]
  G3: пары ((1, 7), (0, 8))  магический: True  авто-квадраты: [1, 7, 0, 8]  свободные: [2, 3, 5, 6]  степени клеток: [2, 2, 2, 2, 2, 2, 2, 2, 2]

=== B. F-семейства через движок-2: контроль Бремнера–Саллоуса (F1, (P,Q)=(17,31), t=23/17) ===
  клетки: [139129/289, 289, 319225/289, 360721/289, 625, 529/289, 42025/289, 961, 222121/289] 
  квадратов: 7  различны: True  положительны: True

=== C. G3: пример Бремнера–Саллоуса как точка (m,n)=(61,-23), p=7/6 ===
  клетки: [319225/36, 83521/36, 139129/36, 529/36, 180625/36, 360721/36, 222121/36, 277729/36, 42025/36]
  x36: [319225, 83521, 139129, 529, 180625, 360721, 222121, 277729, 42025]
  квадратов: 7  различны: True  положительны: True  флаги: [True, True, True, True, True, False, False, True, True]
  авто: [1, 7, 0, 8]  свободные: [2, 3, 5, 6]  центр квадрат: True

=== D. Поиск в G3 при (m,n)=(61,-23): находит ли движок пример? ===
  вырожденные p: [-42/19, -1, -19/42, 0, 19/42, 1, 42/19]
  c2/c3@-42/19: rank[3,3] g=3 src=pari sat=1 tors=4 st=9476 hmax=513 pr=50 surv=49 ex=45 bad=0 hits=4 t=1s
     HIT 7 квадратов, p = 7/6  клетки: [319225/36, 83521/36, 139129/36, 529/36, 180625/36, 360721/36, 222121/36, 277729/36, 42025/36]
     HIT 7 квадратов, p = 7/6  клетки: [319225/36, 83521/36, 139129/36, 529/36, 180625/36, 360721/36, 222121/36, 277729/36, 42025/36]
     HIT 7 квадратов, p = 7/6  клетки: [319225/36, 83521/36, 139129/36, 529/36, 180625/36, 360721/36, 222121/36, 277729/36, 42025/36]
     HIT 7 квадратов, p = 7/6  клетки: [319225/36, 83521/36, 139129/36, 529/36, 180625/36, 360721/36, 222121/36, 277729/36, 42025/36]
  c2/c5@-42/19: rank[2,2] g=2 src=pari sat=1 tors=2 st=654 hmax=1197 pr=50 surv=9 ex=5 bad=0 hits=0 t=0s
  c2/c6@-42/19: rank[2,2] g=2 src=pari sat=1 tors=8 st=4440 hmax=1194 pr=50 surv=37 ex=33 bad=0 hits=0 t=0s
  c2/c4@-42/19: rank[4,4] g=4 src=pari sat=1 tors=4 st=9556 hmax=74 pr=50 surv=44 ex=40 bad=0 hits=4 t=0s
     HIT 7 квадратов, p = 7/6  клетки: [319225/36, 83521/36, 139129/36, 529/36, 180625/36, 360721/36, 222121/36, 277729/36, 42025/36]
     HIT 7 квадратов, p = 7/6  клетки: [319225/36, 83521/36, 139129/36, 529/36, 180625/36, 360721/36, 222121/36, 277729/36, 42025/36]
     HIT 7 квадратов, p = 7/6  клетки: [319225/36, 83521/36, 139129/36, 529/36, 180625/36, 360721/36, 222121/36, 277729/36, 42025/36]
     HIT 7 квадратов, p = 7/6  клетки: [319225/36, 83521/36, 139129/36, 529/36, 180625/36, 360721/36, 222121/36, 277729/36, 42025/36]
  c3/c5@-42/19: rank[3,3] g=3 src=pari sat=1 tors=4 st=9572 hmax=296 pr=50 surv=80 ex=76 bad=0 hits=0 t=0s
  c3/c6@-42/19: rank[2,2] g=2 src=pari sat=1 tors=2 st=654 hmax=1197 pr=50 surv=9 ex=5 bad=0 hits=0 t=0s
  c3/c4@-42/19: rank[3,3] g=3 src=pari sat=1 tors=2 st=4774 hmax=396 pr=50 surv=29 ex=25 bad=0 hits=4 t=0s
     HIT 7 квадратов, p = 7/6  клетки: [319225/36, 83521/36, 139129/36, 529/36, 180625/36, 360721/36, 222121/36, 277729/36, 42025/36]
     HIT 7 квадратов, p = 7/6  клетки: [319225/36, 83521/36, 139129/36, 529/36, 180625/36, 360721/36, 222121/36, 277729/36, 42025/36]
     HIT 7 квадратов, p = 7/6  клетки: [319225/36, 83521/36, 139129/36, 529/36, 180625/36, 360721/36, 222121/36, 277729/36, 42025/36]
     HIT 7 квадратов, p = 7/6  клетки: [319225/36, 83521/36, 139129/36, 529/36, 180625/36, 360721/36, 222121/36, 277729/36, 42025/36]
  c5/c6@-42/19: rank[3,3] g=3 src=pari sat=1 tors=4 st=9476 hmax=513 pr=50 surv=50 ex=46 bad=0 hits=4 t=0s
     HIT 7 квадратов, p = -6/7  клетки: [42025/49, 277729/49, 222121/49, 360721/49, 180625/49, 529/49, 139129/49, 83521/49, 319225/49]
     HIT 7 квадратов, p = -6/7  клетки: [42025/49, 277729/49, 222121/49, 360721/49, 180625/49, 529/49, 139129/49, 83521/49, 319225/49]
     HIT 7 квадратов, p = -6/7  клетки: [42025/49, 277729/49, 222121/49, 360721/49, 180625/49, 529/49, 139129/49, 83521/49, 319225/49]
     HIT 7 квадратов, p = -6/7  клетки: [42025/49, 277729/49, 222121/49, 360721/49, 180625/49, 529/49, 139129/49, 83521/49, 319225/49]
  c5/c4@-42/19: rank[3,3] g=3 src=pari sat=1 tors=2 st=4774 hmax=396 pr=50 surv=33 ex=29 bad=0 hits=4 t=0s
     HIT 7 квадратов, p = -6/7  клетки: [42025/49, 277729/49, 222121/49, 360721/49, 180625/49, 529/49, 139129/49, 83521/49, 319225/49]
     HIT 7 квадратов, p = -6/7  клетки: [42025/49, 277729/49, 222121/49, 360721/49, 180625/49, 529/49, 139129/49, 83521/49, 319225/49]
     HIT 7 квадратов, p = -6/7  клетки: [42025/49, 277729/49, 222121/49, 360721/49, 180625/49, 529/49, 139129/49, 83521/49, 319225/49]
     HIT 7 квадратов, p = -6/7  клетки: [42025/49, 277729/49, 222121/49, 360721/49, 180625/49, 529/49, 139129/49, 83521/49, 319225/49]
  c6/c4@-42/19: rank[4,4] g=4 src=pari sat=1 tors=4 st=9556 hmax=74 pr=50 surv=39 ex=35 bad=0 hits=4 t=0s
     HIT 7 квадратов, p = -6/7  клетки: [42025/49, 277729/49, 222121/49, 360721/49, 180625/49, 529/49, 139129/49, 83521/49, 319225/49]
     HIT 7 квадратов, p = -6/7  клетки: [42025/49, 277729/49, 222121/49, 360721/49, 180625/49, 529/49, 139129/49, 83521/49, 319225/49]
     HIT 7 квадратов, p = -6/7  клетки: [42025/49, 277729/49, 222121/49, 360721/49, 180625/49, 529/49, 139129/49, 83521/49, 319225/49]
     HIT 7 квадратов, p = -6/7  клетки: [42025/49, 277729/49, 222121/49, 360721/49, 180625/49, 529/49, 139129/49, 83521/49, 319225/49]

  Пример Саллоуса (p = 7/6) найден: True
