# G-прогон: (m,n) 700 шт., K=1200 hcap=1000 primes=50 tmax=120 fams=['G1']
== (m,n)=(1,-2)
  G1 c0/c2: кривая не построена
  G1 c0/c6: кривая не построена
  G1 c0/c8@0: rank[0,0] g=0 src=pari sat=1 tors=8 st=8 hmax=0 pr=50 surv=8 ex=0 bad=0 hits=0 t=1s
  G1 c0/c4: кривая не построена
  G1 c2/c6@-1: rank[0,0] g=0 src=pari sat=1 tors=8 st=8 hmax=0 pr=50 surv=4 ex=0 bad=0 hits=0 t=1s
  G1 c2/c8: кривая не построена
  G1 c2/c4: кривая не построена
  G1 c6/c8: кривая не построена
  G1 c6/c4: кривая не построена
  G1 c8/c4: кривая не построена
== (m,n)=(1,2)
  G1 c0/c2: кривая не построена
  G1 c0/c6: кривая не построена
  G1 c0/c8@0: rank[0,0] g=0 src=pari sat=1 tors=8 st=8 hmax=0 pr=50 surv=8 ex=0 bad=0 hits=0 t=0s
  G1 c0/c4: кривая не построена
  G1 c2/c6@-1: rank[0,0] g=0 src=pari sat=1 tors=8 st=8 hmax=0 pr=50 surv=4 ex=0 bad=0 hits=0 t=1s
  G1 c2/c8: кривая не построена
  G1 c2/c4: кривая не построена
  G1 c6/c8: кривая не построена
  G1 c6/c4: кривая не построена
  G1 c8/c4: кривая не построена
== (m,n)=(2,-1)
  G1 c0/c2: кривая не построена
  G1 c0/c6: кривая не построена
  G1 c0/c8@0: rank[0,0] g=0 src=pari sat=1 tors=8 st=8 hmax=0 pr=50 surv=8 ex=0 bad=0 hits=0 t=1s
  G1 c0/c4: кривая не построена
  G1 c2/c6@-1: rank[0,0] g=0 src=pari sat=1 tors=8 st=8 hmax=0 pr=50 surv=4 ex=0 bad=0 hits=0 t=0s
  G1 c2/c8: кривая не построена
  G1 c2/c4: кривая не построена
  G1 c6/c8: кривая не построена
  G1 c6/c4: кривая не построена
  G1 c8/c4: кривая не построена
== (m,n)=(2,1)
  G1 c0/c2: кривая не построена
  G1 c0/c6: кривая не построена
  G1 c0/c8@0: rank[0,0] g=0 src=pari sat=1 tors=8 st=8 hmax=0 pr=50 surv=8 ex=0 bad=0 hits=0 t=0s
  G1 c0/c4: кривая не построена
  G1 c2/c6@-1: rank[0,0] g=0 src=pari sat=1 tors=8 st=8 hmax=0 pr=50 surv=4 ex=0 bad=0 hits=0 t=0s
  G1 c2/c8: кривая не построена
  G1 c2/c4: кривая не построена
  G1 c6/c8: кривая не построена
  G1 c6/c4: кривая не построена
  G1 c8/c4: кривая не построена
== (m,n)=(1,-3)
  G1 c0/c2: кривая не построена
  G1 c0/c6: кривая не построена
  G1 c0/c8@0: rank[0,0] g=0 src=pari sat=1 tors=8 st=8 hmax=0 pr=50 surv=8 ex=0 bad=0 hits=0 t=1s
  G1 c0/c4: кривая не построена
  G1 c2/c6@-1: rank[0,0] g=0 src=pari sat=1 tors=8 st=8 hmax=0 pr=50 surv=4 ex=0 bad=0 hits=0 t=0s
  G1 c2/c8: кривая не построена
  G1 c2/c4: кривая не построена
  G1 c6/c8: кривая не построена
  G1 c6/c4: кривая не построена
  G1 c8/c4: кривая не построена
== (m,n)=(1,3)
  G1 c0/c2: кривая не построена
  G1 c0/c6: кривая не построена
  G1 c0/c8@0: rank[0,0] g=0 src=pari sat=1 tors=8 st=8 hmax=0 pr=50 surv=8 ex=0 bad=0 hits=0 t=0s
  G1 c0/c4: кривая не построена
  G1 c2/c6@-1: rank[0,0] g=0 src=pari sat=1 tors=8 st=8 hmax=0 pr=50 surv=4 ex=0 bad=0 hits=0 t=0s
  G1 c2/c8: кривая не построена
  G1 c2/c4: кривая не построена
  G1 c6/c8: кривая не построена
  G1 c6/c4: кривая не построена
  G1 c8/c4: кривая не построена
== (m,n)=(2,-3)
  G1 c0/c2: кривая не построена
  G1 c0/c6: кривая не построена
  G1 c0/c8@0: rank[0,0] g=0 src=pari sat=1 tors=8 st=8 hmax=0 pr=50 surv=8 ex=0 bad=0 hits=0 t=0s
  G1 c0/c4: кривая не построена
  G1 c2/c6@-1: rank[0,0] g=0 src=pari sat=1 tors=8 st=8 hmax=0 pr=50 surv=4 ex=0 bad=0 hits=0 t=0s
  G1 c2/c8: кривая не построена
  G1 c2/c4: кривая не построена
  G1 c6/c8: кривая не построена
  G1 c6/c4: кривая не построена
  G1 c8/c4: кривая не построена
== (m,n)=(2,3)
  G1 c0/c2: кривая не построена
  G1 c0/c6: кривая не построена
  G1 c0/c8@0: rank[0,0] g=0 src=pari sat=1 tors=8 st=8 hmax=0 pr=50 surv=8 ex=0 bad=0 hits=0 t=0s
  G1 c0/c4: кривая не построена
  G1 c2/c6@-1: rank[0,0] g=0 src=pari sat=1 tors=8 st=8 hmax=0 pr=50 surv=4 ex=0 bad=0 hits=0 t=0s
  G1 c2/c8: кривая не построена
  G1 c2/c4: кривая не построена
  G1 c6/c8: кривая не построена
  G1 c6/c4: кривая не построена
  G1 c8/c4: кривая не построена
== (m,n)=(3,-2)
  G1 c0/c2: кривая не построена
  G1 c0/c6: кривая не построена
  G1 c0/c8@0: rank[0,0] g=0 src=pari sat=1 tors=8 st=8 hmax=0 pr=50 surv=8 ex=0 bad=0 hits=0 t=0s
  G1 c0/c4: кривая не построена
  G1 c2/c6@-1: rank[0,0] g=0 src=pari sat=1 tors=8 st=8 hmax=0 pr=50 surv=4 ex=0 bad=0 hits=0 t=0s
  G1 c2/c8: кривая не построена
  G1 c2/c4: кривая не построена
  G1 c6/c8: кривая не построена
  G1 c6/c4: кривая не построена
  G1 c8/c4: кривая не построена
== (m,n)=(3,-1)
  G1 c0/c2: кривая не построена
  G1 c0/c6: кривая не построена
  G1 c0/c8@0: rank[0,0] g=0 src=pari sat=1 tors=8 st=8 hmax=0 pr=50 surv=8 ex=0 bad=0 hits=0 t=0s
  G1 c0/c4: кривая не построена
  G1 c2/c6@-1: rank[0,0] g=0 src=pari sat=1 tors=8 st=8 hmax=0 pr=50 surv=4 ex=0 bad=0 hits=0 t=0s
  G1 c2/c8: кривая не построена
  G1 c2/c4: кривая не построена
  G1 c6/c8: кривая не построена
  G1 c6/c4: кривая не построена
  G1 c8/c4: кривая не построена
== (m,n)=(3,1)
  G1 c0/c2: кривая не построена
  G1 c0/c6: кривая не построена
  G1 c0/c8@0: rank[0,0] g=0 src=pari sat=1 tors=8 st=8 hmax=0 pr=50 surv=8 ex=0 bad=0 hits=0 t=0s
  G1 c0/c4: кривая не построена
  G1 c2/c6@-1: rank[0,0] g=0 src=pari sat=1 tors=8 st=8 hmax=0 pr=50 surv=4 ex=0 bad=0 hits=0 t=0s
  G1 c2/c8: кривая не построена
  G1 c2/c4: кривая не построена
  G1 c6/c8: кривая не построена
  G1 c6/c4: кривая не построена
  G1 c8/c4: кривая не построена
== (m,n)=(3,2)
  G1 c0/c2: кривая не построена
  G1 c0/c6: кривая не построена
  G1 c0/c8@0: rank[0,0] g=0 src=pari sat=1 tors=8 st=8 hmax=0 pr=50 surv=8 ex=0 bad=0 hits=0 t=0s
  G1 c0/c4: кривая не построена
  G1 c2/c6@-1: rank[0,0] g=0 src=pari sat=1 tors=8 st=8 hmax=0 pr=50 surv=4 ex=0 bad=0 hits=0 t=0s
  G1 c2/c8: кривая не построена
  G1 c2/c4: кривая не построена
  G1 c6/c8: кривая не построена
  G1 c6/c4: кривая не построена
  G1 c8/c4: кривая не построена
== (m,n)=(1,-4)
  G1 c2/c0@-5/3: rank[1,1] g=1 src=pari sat=1 tors=2 st=74 hmax=979 pr=50 surv=5 ex=3 bad=0 hits=0 t=0s
  G1 c6/c0@-1: rank[1,1] g=1 src=pari sat=1 tors=2 st=74 hmax=979 pr=50 surv=5 ex=3 bad=0 hits=0 t=0s
  G1 c8/c0@-5/3: rank[0,0] g=0 src=pari sat=1 tors=8 st=8 hmax=0 pr=50 surv=6 ex=0 bad=0 hits=0 t=0s
  G1 c4/c0@-5/3: rank[2,2] g=2 src=pari sat=1 tors=4 st=4780 hmax=996 pr=50 surv=83 ex=81 bad=0 hits=0 t=0s
  G1 c2/c6@-5/3: rank[1,1] g=1 src=pari sat=1 tors=8 st=424 hmax=942 pr=50 surv=2 ex=0 bad=0 hits=0 t=0s
  G1 c2/c8@-5/3: rank[1,1] g=1 src=pari sat=1 tors=2 st=74 hmax=979 pr=50 surv=5 ex=1 bad=0 hits=0 t=0s
  G1 c2/c4@-5/3: rank[2,2] g=2 src=pari sat=1 tors=4 st=5468 hmax=998 pr=50 surv=33 ex=29 bad=0 hits=0 t=0s
  G1 c8/c6@-5/3: rank[1,1] g=1 src=pari sat=1 tors=2 st=74 hmax=979 pr=50 surv=5 ex=3 bad=0 hits=0 t=0s
  G1 c4/c6@-5/3: rank[2,2] g=2 src=pari sat=1 tors=4 st=5468 hmax=998 pr=50 surv=28 ex=26 bad=0 hits=0 t=0s
  G1 c8/c4@-5/3: rank[2,2] g=2 src=pari sat=1 tors=4 st=4780 hmax=996 pr=50 surv=97 ex=93 bad=0 hits=0 t=0s
== (m,n)=(1,4)
  G1 c2/c0@-1: rank[1,1] g=1 src=pari sat=1 tors=2 st=74 hmax=979 pr=50 surv=5 ex=3 bad=0 hits=0 t=0s
  G1 c6/c0@-5/3: rank[1,1] g=1 src=pari sat=1 tors=2 st=74 hmax=979 pr=50 surv=5 ex=3 bad=0 hits=0 t=0s
  G1 c8/c0@-5/3: rank[0,0] g=0 src=pari sat=1 tors=8 st=8 hmax=0 pr=50 surv=6 ex=0 bad=0 hits=0 t=0s
  G1 c4/c0@-5/3: rank[2,2] g=2 src=pari sat=1 tors=4 st=4780 hmax=996 pr=50 surv=83 ex=81 bad=0 hits=0 t=0s
  G1 c6/c2@-5/3: rank[1,1] g=1 src=pari sat=1 tors=8 st=424 hmax=942 pr=50 surv=2 ex=0 bad=0 hits=0 t=0s
  G1 c8/c2@-5/3: rank[1,1] g=1 src=pari sat=1 tors=2 st=74 hmax=979 pr=50 surv=5 ex=3 bad=0 hits=0 t=0s
  G1 c4/c2@-5/3: rank[2,2] g=2 src=pari sat=1 tors=4 st=5468 hmax=998 pr=50 surv=28 ex=26 bad=0 hits=0 t=0s
  G1 c6/c8@-5/3: rank[1,1] g=1 src=pari sat=1 tors=2 st=74 hmax=979 pr=50 surv=5 ex=1 bad=0 hits=0 t=0s
  G1 c6/c4@-5/3: rank[2,2] g=2 src=pari sat=1 tors=4 st=5468 hmax=998 pr=50 surv=33 ex=29 bad=0 hits=0 t=1s
  G1 c8/c4@-5/3: rank[2,2] g=2 src=pari sat=1 tors=4 st=4780 hmax=996 pr=50 surv=97 ex=93 bad=0 hits=0 t=1s
== (m,n)=(3,-4)
  G1 c0/c2@-1: rank[3,3] g=3 src=pari sat=1 tors=2 st=4802 hmax=191 pr=50 surv=42 ex=38 bad=0 hits=0 t=1s
  G1 c0/c6@-1: rank[3,3] g=3 src=pari sat=1 tors=2 st=4802 hmax=191 pr=50 surv=43 ex=39 bad=0 hits=0 t=1s
  G1 c0/c8@-1: rank[0,0] g=0 src=pari sat=1 tors=16 st=16 hmax=0 pr=50 surv=14 ex=6 bad=0 hits=0 t=1s
  G1 c4/c0@-7: rank[1,1] g=1 src=pari sat=1 tors=4 st=180 hmax=944 pr=50 surv=9 ex=7 bad=0 hits=0 t=1s
  G1 c2/c6@-1: rank[0,0] g=0 src=pari sat=1 tors=8 st=8 hmax=0 pr=50 surv=8 ex=4 bad=0 hits=0 t=1s
  G1 c2/c8@-1: rank[3,3] g=3 src=pari sat=1 tors=2 st=4802 hmax=191 pr=50 surv=33 ex=29 bad=0 hits=0 t=1s
  G1 c4/c2@-7: rank[1,1] g=1 src=pari sat=1 tors=8 st=408 hmax=933 pr=50 surv=8 ex=6 bad=0 hits=0 t=1s
  G1 c6/c8@-1: rank[3,3] g=3 src=pari sat=1 tors=2 st=4802 hmax=191 pr=50 surv=33 ex=29 bad=0 hits=0 t=1s
  G1 c4/c6@-7: rank[1,1] g=1 src=pari sat=1 tors=8 st=408 hmax=933 pr=50 surv=8 ex=6 bad=0 hits=0 t=1s
  G1 c4/c8@-7: rank[1,1] g=1 src=pari sat=1 tors=4 st=180 hmax=944 pr=50 surv=9 ex=7 bad=0 hits=0 t=1s
== (m,n)=(3,4)
  G1 c0/c2@-1: rank[3,3] g=3 src=pari sat=1 tors=2 st=4802 hmax=191 pr=50 surv=43 ex=39 bad=0 hits=0 t=1s
  G1 c0/c6@-1: rank[3,3] g=3 src=pari sat=1 tors=2 st=4802 hmax=191 pr=50 surv=42 ex=38 bad=0 hits=0 t=1s
  G1 c0/c8@-1: rank[0,0] g=0 src=pari sat=1 tors=16 st=16 hmax=0 pr=50 surv=14 ex=6 bad=0 hits=0 t=0s
  G1 c4/c0@-7: rank[1,1] g=1 src=pari sat=1 tors=4 st=180 hmax=944 pr=50 surv=9 ex=7 bad=0 hits=0 t=0s
  G1 c2/c6@-1: rank[0,0] g=0 src=pari sat=1 tors=8 st=8 hmax=0 pr=50 surv=8 ex=4 bad=0 hits=0 t=1s
  G1 c2/c8@-1: rank[3,3] g=3 src=pari sat=1 tors=2 st=4802 hmax=191 pr=50 surv=33 ex=29 bad=0 hits=0 t=1s
  G1 c4/c2@-7: rank[1,1] g=1 src=pari sat=1 tors=8 st=408 hmax=933 pr=50 surv=8 ex=6 bad=0 hits=0 t=1s
  G1 c6/c8@-1: rank[3,3] g=3 src=pari sat=1 tors=2 st=4802 hmax=191 pr=50 surv=33 ex=29 bad=0 hits=0 t=1s
  G1 c4/c6@-7: rank[1,1] g=1 src=pari sat=1 tors=8 st=408 hmax=933 pr=50 surv=8 ex=6 bad=0 hits=0 t=1s
  G1 c4/c8@-7: rank[1,1] g=1 src=pari sat=1 tors=4 st=180 hmax=944 pr=50 surv=9 ex=7 bad=0 hits=0 t=1s
== (m,n)=(4,-3)
  G1 c0/c2@-1: rank[3,3] g=3 src=pari sat=1 tors=2 st=4802 hmax=191 pr=50 surv=42 ex=38 bad=0 hits=0 t=1s
  G1 c0/c6@-1: rank[3,3] g=3 src=pari sat=1 tors=2 st=4802 hmax=191 pr=50 surv=43 ex=39 bad=0 hits=0 t=1s
  G1 c0/c8@-1: rank[0,0] g=0 src=pari sat=1 tors=16 st=16 hmax=0 pr=50 surv=14 ex=6 bad=0 hits=0 t=1s
  G1 c4/c0@-7: rank[1,1] g=1 src=pari sat=1 tors=4 st=180 hmax=944 pr=50 surv=9 ex=7 bad=0 hits=0 t=0s
  G1 c2/c6@-1: rank[0,0] g=0 src=pari sat=1 tors=8 st=8 hmax=0 pr=50 surv=8 ex=4 bad=0 hits=0 t=1s
  G1 c2/c8@-1: rank[3,3] g=3 src=pari sat=1 tors=2 st=4802 hmax=191 pr=50 surv=33 ex=29 bad=0 hits=0 t=1s
  G1 c4/c2@-7: rank[1,1] g=1 src=pari sat=1 tors=8 st=408 hmax=933 pr=50 surv=8 ex=6 bad=0 hits=0 t=0s
  G1 c6/c8@-1: rank[3,3] g=3 src=pari sat=1 tors=2 st=4802 hmax=191 pr=50 surv=32 ex=28 bad=0 hits=0 t=1s
  G1 c4/c6@-7: rank[1,1] g=1 src=pari sat=1 tors=8 st=408 hmax=933 pr=50 surv=8 ex=6 bad=0 hits=0 t=0s
  G1 c4/c8@-7: rank[1,1] g=1 src=pari sat=1 tors=4 st=180 hmax=944 pr=50 surv=9 ex=7 bad=0 hits=0 t=1s
== (m,n)=(4,-1)
  G1 c0/c2@-5/3: rank[1,1] g=1 src=pari sat=1 tors=2 st=74 hmax=979 pr=50 surv=5 ex=1 bad=0 hits=0 t=1s
  G1 c0/c6@-5/3: rank[1,1] g=1 src=pari sat=1 tors=2 st=74 hmax=979 pr=50 surv=5 ex=3 bad=0 hits=0 t=1s
  G1 c0/c8@-5/3: rank[0,0] g=0 src=pari sat=1 tors=8 st=8 hmax=0 pr=50 surv=6 ex=0 bad=0 hits=0 t=1s
  G1 c0/c4@-5/3: rank[2,2] g=2 src=pari sat=1 tors=4 st=4780 hmax=996 pr=50 surv=97 ex=93 bad=0 hits=0 t=1s
  G1 c2/c6@-5/3: rank[1,1] g=1 src=pari sat=1 tors=8 st=424 hmax=942 pr=50 surv=2 ex=0 bad=0 hits=0 t=1s
  G1 c2/c8@-5/3: rank[1,1] g=1 src=pari sat=1 tors=2 st=74 hmax=979 pr=50 surv=5 ex=3 bad=0 hits=0 t=1s
  G1 c2/c4@-5/3: rank[2,2] g=2 src=pari sat=1 tors=4 st=5468 hmax=998 pr=50 surv=33 ex=29 bad=0 hits=0 t=1s
  G1 c6/c8@-1: rank[1,1] g=1 src=pari sat=1 tors=2 st=74 hmax=979 pr=50 surv=5 ex=3 bad=0 hits=0 t=1s
  G1 c4/c6@-5/3: rank[2,2] g=2 src=pari sat=1 tors=4 st=5468 hmax=998 pr=50 surv=28 ex=26 bad=0 hits=0 t=1s
  G1 c4/c8@-5/3: rank[2,2] g=2 src=pari sat=1 tors=4 st=4780 hmax=996 pr=50 surv=83 ex=81 bad=0 hits=0 t=1s
== (m,n)=(4,1)
  G1 c0/c2@-5/3: rank[1,1] g=1 src=pari sat=1 tors=2 st=74 hmax=979 pr=50 surv=5 ex=3 bad=0 hits=0 t=0s
  G1 c0/c6@-5/3: rank[1,1] g=1 src=pari sat=1 tors=2 st=74 hmax=979 pr=50 surv=5 ex=1 bad=0 hits=0 t=0s
  G1 c0/c8@-5/3: rank[0,0] g=0 src=pari sat=1 tors=8 st=8 hmax=0 pr=50 surv=6 ex=0 bad=0 hits=0 t=0s
  G1 c0/c4@-5/3: rank[2,2] g=2 src=pari sat=1 tors=4 st=4780 hmax=996 pr=50 surv=97 ex=93 bad=0 hits=0 t=1s
  G1 c6/c2@-5/3: rank[1,1] g=1 src=pari sat=1 tors=8 st=424 hmax=942 pr=50 surv=2 ex=0 bad=0 hits=0 t=0s
  G1 c2/c8@-1: rank[1,1] g=1 src=pari sat=1 tors=2 st=74 hmax=979 pr=50 surv=5 ex=3 bad=0 hits=0 t=0s
  G1 c4/c2@-5/3: rank[2,2] g=2 src=pari sat=1 tors=4 st=5468 hmax=998 pr=50 surv=28 ex=26 bad=0 hits=0 t=0s
  G1 c6/c8@-5/3: rank[1,1] g=1 src=pari sat=1 tors=2 st=74 hmax=979 pr=50 surv=5 ex=3 bad=0 hits=0 t=1s
  G1 c6/c4@-5/3: rank[2,2] g=2 src=pari sat=1 tors=4 st=5468 hmax=998 pr=50 surv=33 ex=29 bad=0 hits=0 t=1s
  G1 c4/c8@-5/3: rank[2,2] g=2 src=pari sat=1 tors=4 st=4780 hmax=996 pr=50 surv=83 ex=81 bad=0 hits=0 t=1s
== (m,n)=(4,3)
  G1 c0/c2@-1: rank[3,3] g=3 src=pari sat=1 tors=2 st=4802 hmax=191 pr=50 surv=43 ex=39 bad=0 hits=0 t=1s
  G1 c0/c6@-1: rank[3,3] g=3 src=pari sat=1 tors=2 st=4802 hmax=191 pr=50 surv=42 ex=38 bad=0 hits=0 t=1s
  G1 c0/c8@-1: rank[0,0] g=0 src=pari sat=1 tors=16 st=16 hmax=0 pr=50 surv=14 ex=6 bad=0 hits=0 t=1s
  G1 c4/c0@-7: rank[1,1] g=1 src=pari sat=1 tors=4 st=180 hmax=944 pr=50 surv=9 ex=7 bad=0 hits=0 t=1s
  G1 c2/c6@-1: rank[0,0] g=0 src=pari sat=1 tors=8 st=8 hmax=0 pr=50 surv=8 ex=4 bad=0 hits=0 t=1s
  G1 c2/c8@-1: rank[3,3] g=3 src=pari sat=1 tors=2 st=4802 hmax=191 pr=50 surv=32 ex=28 bad=0 hits=0 t=1s
  G1 c4/c2@-7: rank[1,1] g=1 src=pari sat=1 tors=8 st=408 hmax=933 pr=50 surv=8 ex=6 bad=0 hits=0 t=1s
  G1 c6/c8@-1: rank[3,3] g=3 src=pari sat=1 tors=2 st=4802 hmax=191 pr=50 surv=33 ex=29 bad=0 hits=0 t=1s
  G1 c4/c6@-7: rank[1,1] g=1 src=pari sat=1 tors=8 st=408 hmax=933 pr=50 surv=8 ex=6 bad=0 hits=0 t=1s
  G1 c4/c8@-7: rank[1,1] g=1 src=pari sat=1 tors=4 st=180 hmax=944 pr=50 surv=9 ex=7 bad=0 hits=0 t=1s
== (m,n)=(1,-5)
  G1 c0/c2: кривая не построена
  G1 c0/c6: кривая не построена
  G1 c0/c8@0: rank[0,0] g=0 src=pari sat=1 tors=8 st=8 hmax=0 pr=50 surv=8 ex=0 bad=0 hits=0 t=1s
  G1 c0/c4: кривая не построена
  G1 c2/c6@-1: rank[0,0] g=0 src=pari sat=1 tors=8 st=8 hmax=0 pr=50 surv=4 ex=0 bad=0 hits=0 t=1s
  G1 c2/c8: кривая не построена
  G1 c2/c4: кривая не построена
  G1 c6/c8: кривая не построена
  G1 c6/c4: кривая не построена
  G1 c8/c4: кривая не построена
== (m,n)=(1,5)
  G1 c0/c2: кривая не построена
  G1 c0/c6: кривая не построена
  G1 c0/c8@0: rank[0,0] g=0 src=pari sat=1 tors=8 st=8 hmax=0 pr=50 surv=8 ex=0 bad=0 hits=0 t=0s
  G1 c0/c4: кривая не построена
  G1 c2/c6@-1: rank[0,0] g=0 src=pari sat=1 tors=8 st=8 hmax=0 pr=50 surv=4 ex=0 bad=0 hits=0 t=1s
  G1 c2/c8: кривая не построена
  G1 c2/c4: кривая не построена
  G1 c6/c8: кривая не построена
  G1 c6/c4: кривая не построена
  G1 c8/c4: кривая не построена
== (m,n)=(2,-5)
  G1 c0/c2: кривая не построена
  G1 c0/c6: кривая не построена
  G1 c0/c8@0: rank[1,1] g=1 src=pari sat=1 tors=8 st=376 hmax=988 pr=50 surv=8 ex=0 bad=0 hits=0 t=1s
  G1 c0/c4: кривая не построена
  G1 c2/c6@-1: rank[0,0] g=0 src=pari sat=1 tors=8 st=8 hmax=0 pr=50 surv=4 ex=0 bad=0 hits=0 t=1s
  G1 c2/c8: кривая не построена
  G1 c2/c4: кривая не построена
  G1 c6/c8: кривая не построена
  G1 c6/c4: кривая не построена
  G1 c8/c4: кривая не построена
== (m,n)=(2,5)
  G1 c0/c2: кривая не построена
  G1 c0/c6: кривая не построена
  G1 c0/c8@0: rank[1,1] g=1 src=pari sat=1 tors=8 st=376 hmax=988 pr=50 surv=8 ex=0 bad=0 hits=0 t=0s
  G1 c0/c4: кривая не построена
  G1 c2/c6@-1: rank[0,0] g=0 src=pari sat=1 tors=8 st=8 hmax=0 pr=50 surv=4 ex=0 bad=0 hits=0 t=1s
  G1 c2/c8: кривая не построена
  G1 c2/c4: кривая не построена
  G1 c6/c8: кривая не построена
  G1 c6/c4: кривая не построена
  G1 c8/c4: кривая не построена
== (m,n)=(3,-5)
  G1 c2/c0@-4: rank[1,1] g=1 src=pari sat=1 tors=2 st=74 hmax=979 pr=50 surv=5 ex=3 bad=0 hits=0 t=1s
  G1 c6/c0@-1: rank[1,1] g=1 src=pari sat=1 tors=2 st=74 hmax=979 pr=50 surv=5 ex=3 bad=0 hits=0 t=1s
  G1 c8/c0@-4: rank[1,1] g=1 src=pari sat=1 tors=8 st=424 hmax=942 pr=50 surv=8 ex=2 bad=0 hits=0 t=1s
  G1 c4/c0@-4: rank[2,2] g=2 src=pari sat=1 tors=4 st=5468 hmax=998 pr=50 surv=28 ex=26 bad=0 hits=0 t=1s
  G1 c2/c6@-4: rank[0,0] g=0 src=pari sat=1 tors=8 st=8 hmax=0 pr=50 surv=2 ex=0 bad=0 hits=0 t=1s
  G1 c2/c8@-4: rank[1,1] g=1 src=pari sat=1 tors=2 st=74 hmax=979 pr=50 surv=5 ex=1 bad=0 hits=0 t=1s
  G1 c2/c4@-4: rank[2,2] g=2 src=pari sat=1 tors=4 st=4780 hmax=996 pr=50 surv=77 ex=73 bad=0 hits=0 t=1s
  G1 c8/c6@-4: rank[1,1] g=1 src=pari sat=1 tors=2 st=74 hmax=979 pr=50 surv=5 ex=3 bad=0 hits=0 t=1s
  G1 c4/c6@-4: rank[2,2] g=2 src=pari sat=1 tors=4 st=4780 hmax=996 pr=50 surv=99 ex=97 bad=0 hits=0 t=1s
  G1 c8/c4@-4: rank[2,2] g=2 src=pari sat=1 tors=4 st=5468 hmax=998 pr=50 surv=28 ex=24 bad=0 hits=0 t=1s
== (m,n)=(3,5)
  G1 c2/c0@-1: rank[1,1] g=1 src=pari sat=1 tors=2 st=74 hmax=979 pr=50 surv=5 ex=3 bad=0 hits=0 t=1s
  G1 c6/c0@-4: rank[1,1] g=1 src=pari sat=1 tors=2 st=74 hmax=979 pr=50 surv=5 ex=3 bad=0 hits=0 t=1s
  G1 c8/c0@-4: rank[1,1] g=1 src=pari sat=1 tors=8 st=424 hmax=942 pr=50 surv=8 ex=2 bad=0 hits=0 t=1s
  G1 c4/c0@-4: rank[2,2] g=2 src=pari sat=1 tors=4 st=5468 hmax=998 pr=50 surv=28 ex=26 bad=0 hits=0 t=1s
  G1 c6/c2@-4: rank[0,0] g=0 src=pari sat=1 tors=8 st=8 hmax=0 pr=50 surv=2 ex=0 bad=0 hits=0 t=0s
  G1 c8/c2@-4: rank[1,1] g=1 src=pari sat=1 tors=2 st=74 hmax=979 pr=50 surv=5 ex=3 bad=0 hits=0 t=0s
  G1 c4/c2@-4: rank[2,2] g=2 src=pari sat=1 tors=4 st=4780 hmax=996 pr=50 surv=99 ex=97 bad=0 hits=0 t=1s
  G1 c6/c8@-4: rank[1,1] g=1 src=pari sat=1 tors=2 st=74 hmax=979 pr=50 surv=5 ex=1 bad=0 hits=0 t=0s
  G1 c6/c4@-4: rank[2,2] g=2 src=pari sat=1 tors=4 st=4780 hmax=996 pr=50 surv=77 ex=73 bad=0 hits=0 t=1s
  G1 c8/c4@-4: rank[2,2] g=2 src=pari sat=1 tors=4 st=5468 hmax=998 pr=50 surv=28 ex=24 bad=0 hits=0 t=0s
== (m,n)=(4,-5)
  G1 c2/c0@-1: rank[2,2] g=2 src=pari sat=1 tors=2 st=814 hmax=996 pr=50 surv=2 ex=0 bad=0 hits=0 t=1s
  G1 c6/c0@-1: rank[2,2] g=2 src=pari sat=1 tors=2 st=814 hmax=996 pr=50 surv=7 ex=5 bad=0 hits=0 t=1s
  G1 c0/c8@0: rank[0,0] g=0 src=pari sat=1 tors=8 st=8 hmax=0 pr=50 surv=8 ex=0 bad=0 hits=0 t=1s
  G1 c0/c4: кривая не построена
  G1 c2/c6@-1: rank[1,1] g=1 src=pari sat=1 tors=8 st=232 hmax=941 pr=50 surv=4 ex=0 bad=0 hits=0 t=1s
  G1 c2/c8@-1: rank[2,2] g=2 src=pari sat=1 tors=2 st=814 hmax=996 pr=50 surv=7 ex=5 bad=0 hits=0 t=1s
  G1 c2/c4: кривая не построена
  G1 c6/c8@-1: rank[2,2] g=2 src=pari sat=1 tors=2 st=814 hmax=996 pr=50 surv=7 ex=5 bad=0 hits=0 t=1s
  G1 c6/c4: кривая не построена
  G1 c8/c4: кривая не построена
== (m,n)=(4,5)
  G1 c2/c0@-1: rank[2,2] g=2 src=pari sat=1 tors=2 st=814 hmax=996 pr=50 surv=7 ex=5 bad=0 hits=0 t=1s
  G1 c6/c0@-1: rank[2,2] g=2 src=pari sat=1 tors=2 st=814 hmax=996 pr=50 surv=2 ex=0 bad=0 hits=0 t=1s
  G1 c0/c8@0: rank[0,0] g=0 src=pari sat=1 tors=8 st=8 hmax=0 pr=50 surv=8 ex=0 bad=0 hits=0 t=0s
  G1 c0/c4: кривая не построена
  G1 c2/c6@-1: rank[1,1] g=1 src=pari sat=1 tors=8 st=232 hmax=941 pr=50 surv=4 ex=0 bad=0 hits=0 t=1s
  G1 c2/c8@-1: rank[2,2] g=2 src=pari sat=1 tors=2 st=814 hmax=996 pr=50 surv=7 ex=5 bad=0 hits=0 t=1s
  G1 c2/c4: кривая не построена
  G1 c6/c8@-1: rank[2,2] g=2 src=pari sat=1 tors=2 st=814 hmax=996 pr=50 surv=7 ex=5 bad=0 hits=0 t=1s
  G1 c6/c4: кривая не построена
  G1 c8/c4: кривая не построена
== (m,n)=(5,-4)
  G1 c2/c0@-1: rank[2,2] g=2 src=pari sat=1 tors=2 st=814 hmax=996 pr=50 surv=7 ex=5 bad=0 hits=0 t=1s
  G1 c6/c0@-1: rank[2,2] g=2 src=pari sat=1 tors=2 st=814 hmax=996 pr=50 surv=7 ex=5 bad=0 hits=0 t=1s
  G1 c0/c8@0: rank[0,0] g=0 src=pari sat=1 tors=8 st=8 hmax=0 pr=50 surv=8 ex=0 bad=0 hits=0 t=1s
  G1 c0/c4: кривая не построена
  G1 c2/c6@-1: rank[1,1] g=1 src=pari sat=1 tors=8 st=232 hmax=941 pr=50 surv=4 ex=0 bad=0 hits=0 t=0s
  G1 c2/c8@-1: rank[2,2] g=2 src=pari sat=1 tors=2 st=814 hmax=996 pr=50 surv=2 ex=0 bad=0 hits=0 t=1s
  G1 c2/c4: кривая не построена
  G1 c6/c8@-1: rank[2,2] g=2 src=pari sat=1 tors=2 st=814 hmax=996 pr=50 surv=7 ex=5 bad=0 hits=0 t=1s
  G1 c6/c4: кривая не построена
  G1 c8/c4: кривая не построена
== (m,n)=(5,-3)
  G1 c0/c2@-4: rank[1,1] g=1 src=pari sat=1 tors=2 st=74 hmax=979 pr=50 surv=5 ex=1 bad=0 hits=0 t=1s
  G1 c0/c6@-4: rank[1,1] g=1 src=pari sat=1 tors=2 st=74 hmax=979 pr=50 surv=5 ex=3 bad=0 hits=0 t=1s
  G1 c0/c8@-4: rank[1,1] g=1 src=pari sat=1 tors=8 st=424 hmax=942 pr=50 surv=8 ex=2 bad=0 hits=0 t=1s
  G1 c0/c4@-4: rank[2,2] g=2 src=pari sat=1 tors=4 st=5468 hmax=998 pr=50 surv=28 ex=24 bad=0 hits=0 t=1s
  G1 c2/c6@-4: rank[0,0] g=0 src=pari sat=1 tors=8 st=8 hmax=0 pr=50 surv=2 ex=0 bad=0 hits=0 t=1s
  G1 c2/c8@-4: rank[1,1] g=1 src=pari sat=1 tors=2 st=74 hmax=979 pr=50 surv=5 ex=3 bad=0 hits=0 t=1s
  G1 c2/c4@-4: rank[2,2] g=2 src=pari sat=1 tors=4 st=4780 hmax=996 pr=50 surv=77 ex=73 bad=0 hits=0 t=1s
  G1 c6/c8@-1: rank[1,1] g=1 src=pari sat=1 tors=2 st=74 hmax=979 pr=50 surv=5 ex=3 bad=0 hits=0 t=1s
  G1 c4/c6@-4: rank[2,2] g=2 src=pari sat=1 tors=4 st=4780 hmax=996 pr=50 surv=99 ex=97 bad=0 hits=0 t=1s
  G1 c4/c8@-4: rank[2,2] g=2 src=pari sat=1 tors=4 st=5468 hmax=998 pr=50 surv=28 ex=26 bad=0 hits=0 t=1s
== (m,n)=(5,-2)
  G1 c0/c2: кривая не построена
  G1 c0/c6: кривая не построена
  G1 c0/c8@0: rank[1,1] g=1 src=pari sat=1 tors=8 st=376 hmax=988 pr=50 surv=8 ex=0 bad=0 hits=0 t=1s
  G1 c0/c4: кривая не построена
  G1 c2/c6@-1: rank[0,0] g=0 src=pari sat=1 tors=8 st=8 hmax=0 pr=50 surv=4 ex=0 bad=0 hits=0 t=1s
  G1 c2/c8: кривая не построена
  G1 c2/c4: кривая не построена
  G1 c6/c8: кривая не построена
  G1 c6/c4: кривая не построена
  G1 c8/c4: кривая не построена
== (m,n)=(5,-1)
  G1 c0/c2: кривая не построена
  G1 c0/c6: кривая не построена
  G1 c0/c8@0: rank[0,0] g=0 src=pari sat=1 tors=8 st=8 hmax=0 pr=50 surv=8 ex=0 bad=0 hits=0 t=1s
  G1 c0/c4: кривая не построена
  G1 c2/c6@-1: rank[0,0] g=0 src=pari sat=1 tors=8 st=8 hmax=0 pr=50 surv=4 ex=0 bad=0 hits=0 t=1s
  G1 c2/c8: кривая не построена
  G1 c2/c4: кривая не построена
  G1 c6/c8: кривая не построена
  G1 c6/c4: кривая не построена
  G1 c8/c4: кривая не построена
== (m,n)=(5,1)
  G1 c0/c2: кривая не построена
  G1 c0/c6: кривая не построена
  G1 c0/c8@0: rank[0,0] g=0 src=pari sat=1 tors=8 st=8 hmax=0 pr=50 surv=8 ex=0 bad=0 hits=0 t=1s
  G1 c0/c4: кривая не построена
  G1 c2/c6@-1: rank[0,0] g=0 src=pari sat=1 tors=8 st=8 hmax=0 pr=50 surv=4 ex=0 bad=0 hits=0 t=1s
  G1 c2/c8: кривая не построена
  G1 c2/c4: кривая не построена
  G1 c6/c8: кривая не построена
  G1 c6/c4: кривая не построена
  G1 c8/c4: кривая не построена
== (m,n)=(5,2)
  G1 c0/c2: кривая не построена
  G1 c0/c6: кривая не построена
  G1 c0/c8@0: rank[1,1] g=1 src=pari sat=1 tors=8 st=376 hmax=988 pr=50 surv=8 ex=0 bad=0 hits=0 t=1s
  G1 c0/c4: кривая не построена
  G1 c2/c6@-1: rank[0,0] g=0 src=pari sat=1 tors=8 st=8 hmax=0 pr=50 surv=4 ex=0 bad=0 hits=0 t=1s
  G1 c2/c8: кривая не построена
  G1 c2/c4: кривая не построена
  G1 c6/c8: кривая не построена
  G1 c6/c4: кривая не построена
  G1 c8/c4: кривая не построена
== (m,n)=(5,3)
  G1 c0/c2@-4: rank[1,1] g=1 src=pari sat=1 tors=2 st=74 hmax=979 pr=50 surv=5 ex=3 bad=0 hits=0 t=1s
  G1 c0/c6@-4: rank[1,1] g=1 src=pari sat=1 tors=2 st=74 hmax=979 pr=50 surv=5 ex=1 bad=0 hits=0 t=1s
  G1 c0/c8@-4: rank[1,1] g=1 src=pari sat=1 tors=8 st=424 hmax=942 pr=50 surv=8 ex=2 bad=0 hits=0 t=1s
  G1 c0/c4@-4: rank[2,2] g=2 src=pari sat=1 tors=4 st=5468 hmax=998 pr=50 surv=28 ex=24 bad=0 hits=0 t=1s
  G1 c6/c2@-4: rank[0,0] g=0 src=pari sat=1 tors=8 st=8 hmax=0 pr=50 surv=2 ex=0 bad=0 hits=0 t=1s
  G1 c2/c8@-1: rank[1,1] g=1 src=pari sat=1 tors=2 st=74 hmax=979 pr=50 surv=5 ex=3 bad=0 hits=0 t=1s
  G1 c4/c2@-4: rank[2,2] g=2 src=pari sat=1 tors=4 st=4780 hmax=996 pr=50 surv=99 ex=97 bad=0 hits=0 t=1s
  G1 c6/c8@-4: rank[1,1] g=1 src=pari sat=1 tors=2 st=74 hmax=979 pr=50 surv=5 ex=3 bad=0 hits=0 t=1s
  G1 c6/c4@-4: rank[2,2] g=2 src=pari sat=1 tors=4 st=4780 hmax=996 pr=50 surv=77 ex=73 bad=0 hits=0 t=1s
  G1 c4/c8@-4: rank[2,2] g=2 src=pari sat=1 tors=4 st=5468 hmax=998 pr=50 surv=28 ex=26 bad=0 hits=0 t=1s
== (m,n)=(5,4)
  G1 c2/c0@-1: rank[2,2] g=2 src=pari sat=1 tors=2 st=814 hmax=996 pr=50 surv=7 ex=5 bad=0 hits=0 t=1s
  G1 c6/c0@-1: rank[2,2] g=2 src=pari sat=1 tors=2 st=814 hmax=996 pr=50 surv=7 ex=5 bad=0 hits=0 t=1s
  G1 c0/c8@0: rank[0,0] g=0 src=pari sat=1 tors=8 st=8 hmax=0 pr=50 surv=8 ex=0 bad=0 hits=0 t=1s
  G1 c0/c4: кривая не построена
  G1 c2/c6@-1: rank[1,1] g=1 src=pari sat=1 tors=8 st=232 hmax=941 pr=50 surv=4 ex=0 bad=0 hits=0 t=1s
  G1 c2/c8@-1: rank[2,2] g=2 src=pari sat=1 tors=2 st=814 hmax=996 pr=50 surv=7 ex=5 bad=0 hits=0 t=1s
  G1 c2/c4: кривая не построена
  G1 c6/c8@-1: rank[2,2] g=2 src=pari sat=1 tors=2 st=814 hmax=996 pr=50 surv=2 ex=0 bad=0 hits=0 t=1s
  G1 c6/c4: кривая не построена
  G1 c8/c4: кривая не построена
== (m,n)=(1,-6)
  G1 c0/c2: кривая не построена
  G1 c0/c6: кривая не построена
  G1 c0/c8@0: rank[0,0] g=0 src=pari sat=1 tors=8 st=8 hmax=0 pr=50 surv=8 ex=0 bad=0 hits=0 t=1s
  G1 c0/c4: кривая не построена
  G1 c2/c6@-1: rank[1,1] g=1 src=pari sat=1 tors=8 st=328 hmax=937 pr=50 surv=4 ex=0 bad=0 hits=0 t=1s
  G1 c2/c8: кривая не построена
  G1 c2/c4: кривая не построена
  G1 c6/c8: кривая не построена
  G1 c6/c4: кривая не построена
  G1 c8/c4: кривая не построена
== (m,n)=(1,6)
  G1 c0/c2: кривая не построена
  G1 c0/c6: кривая не построена
  G1 c0/c8@0: rank[0,0] g=0 src=pari sat=1 tors=8 st=8 hmax=0 pr=50 surv=8 ex=0 bad=0 hits=0 t=0s
  G1 c0/c4: кривая не построена
  G1 c2/c6@-1: rank[1,1] g=1 src=pari sat=1 tors=8 st=328 hmax=937 pr=50 surv=4 ex=0 bad=0 hits=0 t=1s
  G1 c2/c8: кривая не построена
  G1 c2/c4: кривая не построена
  G1 c6/c8: кривая не построена
  G1 c6/c4: кривая не построена
  G1 c8/c4: кривая не построена
== (m,n)=(5,-6)
  G1 c0/c2: кривая не построена
  G1 c0/c6: кривая не построена
  G1 c0/c8@0: rank[0,0] g=0 src=pari sat=1 tors=8 st=8 hmax=0 pr=50 surv=8 ex=0 bad=0 hits=0 t=1s
  G1 c0/c4: кривая не построена
  G1 c2/c6@-1: rank[1,1] g=1 src=pari sat=1 tors=8 st=184 hmax=873 pr=50 surv=4 ex=0 bad=0 hits=0 t=1s
  G1 c2/c8: кривая не построена
  G1 c2/c4: кривая не построена
  G1 c6/c8: кривая не построена
  G1 c6/c4: кривая не построена
  G1 c8/c4: кривая не построена
== (m,n)=(5,6)
  G1 c0/c2: кривая не построена
  G1 c0/c6: кривая не построена
  G1 c0/c8@0: rank[0,0] g=0 src=pari sat=1 tors=8 st=8 hmax=0 pr=50 surv=8 ex=0 bad=0 hits=0 t=0s
  G1 c0/c4: кривая не построена
  G1 c2/c6@-1: rank[1,1] g=1 src=pari sat=1 tors=8 st=184 hmax=873 pr=50 surv=4 ex=0 bad=0 hits=0 t=1s
  G1 c2/c8: кривая не построена
  G1 c2/c4: кривая не построена
  G1 c6/c8: кривая не построена
  G1 c6/c4: кривая не построена
  G1 c8/c4: кривая не построена
== (m,n)=(6,-5)
  G1 c0/c2: кривая не построена
  G1 c0/c6: кривая не построена
  G1 c0/c8@0: rank[0,0] g=0 src=pari sat=1 tors=8 st=8 hmax=0 pr=50 surv=8 ex=0 bad=0 hits=0 t=1s
  G1 c0/c4: кривая не построена
  G1 c2/c6@-1: rank[1,1] g=1 src=pari sat=1 tors=8 st=184 hmax=873 pr=50 surv=4 ex=0 bad=0 hits=0 t=1s
  G1 c2/c8: кривая не построена
  G1 c2/c4: кривая не построена
  G1 c6/c8: кривая не построена
  G1 c6/c4: кривая не построена
  G1 c8/c4: кривая не построена
== (m,n)=(6,-1)
  G1 c0/c2: кривая не построена
  G1 c0/c6: кривая не построена
  G1 c0/c8@0: rank[0,0] g=0 src=pari sat=1 tors=8 st=8 hmax=0 pr=50 surv=8 ex=0 bad=0 hits=0 t=1s
  G1 c0/c4: кривая не построена
  G1 c2/c6@-1: rank[1,1] g=1 src=pari sat=1 tors=8 st=328 hmax=937 pr=50 surv=4 ex=0 bad=0 hits=0 t=1s
  G1 c2/c8: кривая не построена
  G1 c2/c4: кривая не построена
  G1 c6/c8: кривая не построена
  G1 c6/c4: кривая не построена
  G1 c8/c4: кривая не построена
== (m,n)=(6,1)
  G1 c0/c2: кривая не построена
  G1 c0/c6: кривая не построена
  G1 c0/c8@0: rank[0,0] g=0 src=pari sat=1 tors=8 st=8 hmax=0 pr=50 surv=8 ex=0 bad=0 hits=0 t=0s
  G1 c0/c4: кривая не построена
  G1 c2/c6@-1: rank[1,1] g=1 src=pari sat=1 tors=8 st=328 hmax=937 pr=50 surv=4 ex=0 bad=0 hits=0 t=1s
  G1 c2/c8: кривая не построена
  G1 c2/c4: кривая не построена
  G1 c6/c8: кривая не построена
  G1 c6/c4: кривая не построена
  G1 c8/c4: кривая не построена
== (m,n)=(6,5)
  G1 c0/c2: кривая не построена
  G1 c0/c6: кривая не построена
  G1 c0/c8@0: rank[0,0] g=0 src=pari sat=1 tors=8 st=8 hmax=0 pr=50 surv=8 ex=0 bad=0 hits=0 t=0s
  G1 c0/c4: кривая не построена
  G1 c2/c6@-1: rank[1,1] g=1 src=pari sat=1 tors=8 st=184 hmax=873 pr=50 surv=4 ex=0 bad=0 hits=0 t=0s
  G1 c2/c8: кривая не построена
  G1 c2/c4: кривая не построена
  G1 c6/c8: кривая не построена
  G1 c6/c4: кривая не построена
  G1 c8/c4: кривая не построена
== (m,n)=(1,-7)
  G1 c2/c0@-1: rank[3,3] g=3 src=pari sat=1 tors=2 st=4802 hmax=191 pr=50 surv=43 ex=37 bad=0 hits=0 t=1s
  G1 c6/c0@-1: rank[3,3] g=3 src=pari sat=1 tors=2 st=4802 hmax=191 pr=50 surv=44 ex=38 bad=0 hits=0 t=1s
  G1 c0/c8@0: rank[0,0] g=0 src=pari sat=1 tors=8 st=8 hmax=0 pr=50 surv=8 ex=0 bad=0 hits=0 t=1s
  G1 c4/c0@-4/3: rank[1,1] g=1 src=pari sat=1 tors=8 st=408 hmax=933 pr=50 surv=10 ex=4 bad=0 hits=0 t=1s
  G1 c2/c6@-1: rank[0,0] g=0 src=pari sat=1 tors=16 st=16 hmax=0 pr=50 surv=10 ex=2 bad=0 hits=0 t=1s
  G1 c2/c8@-1: rank[3,3] g=3 src=pari sat=1 tors=2 st=4802 hmax=191 pr=50 surv=42 ex=36 bad=0 hits=0 t=1s
  G1 c4/c2@-4/3: rank[1,1] g=1 src=pari sat=1 tors=4 st=180 hmax=944 pr=50 surv=9 ex=3 bad=0 hits=0 t=1s
  G1 c6/c8@-1: rank[3,3] g=3 src=pari sat=1 tors=2 st=4802 hmax=191 pr=50 surv=42 ex=36 bad=0 hits=0 t=1s
  G1 c4/c6@-4/3: rank[1,1] g=1 src=pari sat=1 tors=4 st=180 hmax=944 pr=50 surv=9 ex=3 bad=0 hits=0 t=1s
  G1 c4/c8@-4/3: rank[1,1] g=1 src=pari sat=1 tors=8 st=408 hmax=933 pr=50 surv=8 ex=2 bad=0 hits=0 t=1s
== (m,n)=(1,7)
  G1 c2/c0@-1: rank[3,3] g=3 src=pari sat=1 tors=2 st=4802 hmax=191 pr=50 surv=44 ex=38 bad=0 hits=0 t=1s
  G1 c6/c0@-1: rank[3,3] g=3 src=pari sat=1 tors=2 st=4802 hmax=191 pr=50 surv=43 ex=37 bad=0 hits=0 t=1s
  G1 c0/c8@0: rank[0,0] g=0 src=pari sat=1 tors=8 st=8 hmax=0 pr=50 surv=8 ex=0 bad=0 hits=0 t=1s
  G1 c4/c0@-4/3: rank[1,1] g=1 src=pari sat=1 tors=8 st=408 hmax=933 pr=50 surv=10 ex=4 bad=0 hits=0 t=1s
  G1 c2/c6@-1: rank[0,0] g=0 src=pari sat=1 tors=16 st=16 hmax=0 pr=50 surv=12 ex=4 bad=0 hits=0 t=1s
  G1 c2/c8@-1: rank[3,3] g=3 src=pari sat=1 tors=2 st=4802 hmax=191 pr=50 surv=42 ex=36 bad=0 hits=0 t=1s
  G1 c4/c2@-4/3: rank[1,1] g=1 src=pari sat=1 tors=4 st=180 hmax=944 pr=50 surv=9 ex=3 bad=0 hits=0 t=0s
  G1 c6/c8@-1: rank[3,3] g=3 src=pari sat=1 tors=2 st=4802 hmax=191 pr=50 surv=42 ex=36 bad=0 hits=0 t=1s
  G1 c4/c6@-4/3: rank[1,1] g=1 src=pari sat=1 tors=4 st=180 hmax=944 pr=50 surv=9 ex=3 bad=0 hits=0 t=0s
  G1 c4/c8@-4/3: rank[1,1] g=1 src=pari sat=1 tors=8 st=408 hmax=933 pr=50 surv=8 ex=2 bad=0 hits=0 t=0s
== (m,n)=(2,-7)
  G1 c0/c2: кривая не построена
  G1 c0/c6: кривая не построена
  G1 c0/c8@0: rank[0,0] g=0 src=pari sat=1 tors=8 st=8 hmax=0 pr=50 surv=8 ex=0 bad=0 hits=0 t=1s
  G1 c0/c4: кривая не построена
  G1 c2/c6@-1: rank[1,1] g=1 src=pari sat=1 tors=8 st=328 hmax=958 pr=50 surv=19 ex=15 bad=0 hits=0 t=1s
  G1 c2/c8: кривая не построена
  G1 c2/c4: кривая не построена
  G1 c6/c8: кривая не построена
  G1 c6/c4: кривая не построена
  G1 c8/c4: кривая не построена
== (m,n)=(2,7)
  G1 c0/c2: кривая не построена
  G1 c0/c6: кривая не построена
  G1 c0/c8@0: rank[0,0] g=0 src=pari sat=1 tors=8 st=8 hmax=0 pr=50 surv=8 ex=0 bad=0 hits=0 t=1s
  G1 c0/c4: кривая не построена
  G1 c2/c6@-1: rank[1,1] g=1 src=pari sat=1 tors=8 st=328 hmax=958 pr=50 surv=20 ex=16 bad=0 hits=0 t=1s
  G1 c2/c8: кривая не построена
  G1 c2/c4: кривая не построена
  G1 c6/c8: кривая не построена
  G1 c6/c4: кривая не построена
  G1 c8/c4: кривая не построена
== (m,n)=(3,-7)
  G1 c0/c2: кривая не построена
  G1 c0/c6: кривая не построена
  G1 c0/c8@0: rank[0,0] g=0 src=pari sat=1 tors=8 st=8 hmax=0 pr=50 surv=8 ex=0 bad=0 hits=0 t=1s
  G1 c0/c4: кривая не построена
  G1 c2/c6@-1: rank[1,1] g=1 src=pari sat=1 tors=8 st=376 hmax=988 pr=50 surv=4 ex=0 bad=0 hits=0 t=1s
  G1 c2/c8: кривая не построена
  G1 c2/c4: кривая не построена
  G1 c6/c8: кривая не построена
  G1 c6/c4: кривая не построена
  G1 c8/c4: кривая не построена
== (m,n)=(3,7)
  G1 c0/c2: кривая не построена
  G1 c0/c6: кривая не построена
  G1 c0/c8@0: rank[0,0] g=0 src=pari sat=1 tors=8 st=8 hmax=0 pr=50 surv=8 ex=0 bad=0 hits=0 t=0s
  G1 c0/c4: кривая не построена
  G1 c2/c6@-1: rank[1,1] g=1 src=pari sat=1 tors=8 st=376 hmax=988 pr=50 surv=4 ex=0 bad=0 hits=0 t=1s
  G1 c2/c8: кривая не построена
  G1 c2/c4: кривая не построена
  G1 c6/c8: кривая не построена
  G1 c6/c4: кривая не построена
  G1 c8/c4: кривая не построена
== (m,n)=(4,-7)
  G1 c2/c0@-1: rank[2,2] g=2 src=pari sat=1 tors=2 st=970 hmax=985 pr=50 surv=6 ex=4 bad=0 hits=0 t=1s
  G1 c6/c0@-1: rank[2,2] g=2 src=pari sat=1 tors=2 st=970 hmax=985 pr=50 surv=6 ex=4 bad=0 hits=0 t=1s
  G1 c0/c8@0: rank[1,1] g=1 src=pari sat=1 tors=8 st=456 hmax=961 pr=50 surv=8 ex=0 bad=0 hits=0 t=1s
  G1 c0/c4: кривая не построена
  G1 c2/c6@-1: rank[0,0] g=0 src=pari sat=1 tors=8 st=8 hmax=0 pr=50 surv=4 ex=0 bad=0 hits=0 t=1s
  G1 c2/c8@-1: rank[2,2] g=2 src=pari sat=1 tors=2 st=970 hmax=985 pr=50 surv=6 ex=4 bad=0 hits=0 t=1s
  G1 c2/c4: кривая не построена
  G1 c6/c8@-1: rank[2,2] g=2 src=pari sat=1 tors=2 st=970 hmax=985 pr=50 surv=6 ex=4 bad=0 hits=0 t=1s
  G1 c6/c4: кривая не построена
  G1 c8/c4: кривая не построена
== (m,n)=(4,7)
  G1 c2/c0@-1: rank[2,2] g=2 src=pari sat=1 tors=2 st=970 hmax=985 pr=50 surv=6 ex=4 bad=0 hits=0 t=1s
  G1 c6/c0@-1: rank[2,2] g=2 src=pari sat=1 tors=2 st=970 hmax=985 pr=50 surv=6 ex=4 bad=0 hits=0 t=1s
  G1 c0/c8@0: rank[1,1] g=1 src=pari sat=1 tors=8 st=456 hmax=961 pr=50 surv=8 ex=0 bad=0 hits=0 t=0s
  G1 c0/c4: кривая не построена
  G1 c2/c6@-1: rank[0,0] g=0 src=pari sat=1 tors=8 st=8 hmax=0 pr=50 surv=4 ex=0 bad=0 hits=0 t=1s
  G1 c2/c8@-1: rank[2,2] g=2 src=pari sat=1 tors=2 st=970 hmax=985 pr=50 surv=6 ex=4 bad=0 hits=0 t=1s
  G1 c2/c4: кривая не построена
  G1 c6/c8@-1: rank[2,2] g=2 src=pari sat=1 tors=2 st=970 hmax=985 pr=50 surv=6 ex=4 bad=0 hits=0 t=1s
  G1 c6/c4: кривая не построена
  G1 c8/c4: кривая не построена
== (m,n)=(5,-7)
  G1 c0/c2: кривая не построена
  G1 c0/c6: кривая не построена
  G1 c0/c8@0: rank[1,1] g=1 src=pari sat=1 tors=8 st=328 hmax=937 pr=50 surv=10 ex=2 bad=0 hits=0 t=1s
  G1 c0/c4: кривая не построена
  G1 c2/c6@-1: rank[0,0] g=0 src=pari sat=1 tors=8 st=8 hmax=0 pr=50 surv=4 ex=0 bad=0 hits=0 t=1s
  G1 c2/c8: кривая не построена
  G1 c2/c4: кривая не построена
  G1 c6/c8: кривая не построена
  G1 c6/c4: кривая не построена
  G1 c8/c4: кривая не построена
== (m,n)=(5,7)
  G1 c0/c2: кривая не построена
  G1 c0/c6: кривая не построена
  G1 c0/c8@0: rank[1,1] g=1 src=pari sat=1 tors=8 st=328 hmax=937 pr=50 surv=10 ex=2 bad=0 hits=0 t=0s
  G1 c0/c4: кривая не построена
  G1 c2/c6@-1: rank[0,0] g=0 src=pari sat=1 tors=8 st=8 hmax=0 pr=50 surv=4 ex=0 bad=0 hits=0 t=1s
  G1 c2/c8: кривая не построена
  G1 c2/c4: кривая не построена
  G1 c6/c8: кривая не построена
  G1 c6/c4: кривая не построена
  G1 c8/c4: кривая не построена
== (m,n)=(6,-7)
  G1 c0/c2: кривая не построена
  G1 c0/c6: кривая не построена
  G1 c0/c8@0: rank[0,0] g=0 src=pari sat=1 tors=8 st=8 hmax=0 pr=50 surv=8 ex=0 bad=0 hits=0 t=1s
  G1 c0/c4: кривая не построена
  G1 c2/c6@-1: rank[1,1] g=1 src=pari sat=1 tors=8 st=248 hmax=987 pr=50 surv=4 ex=0 bad=0 hits=0 t=1s
  G1 c2/c8: кривая не построена
  G1 c2/c4: кривая не построена
  G1 c6/c8: кривая не построена
  G1 c6/c4: кривая не построена
  G1 c8/c4: кривая не построена
== (m,n)=(6,7)
  G1 c0/c2: кривая не построена
  G1 c0/c6: кривая не построена
  G1 c0/c8@0: rank[0,0] g=0 src=pari sat=1 tors=8 st=8 hmax=0 pr=50 surv=8 ex=0 bad=0 hits=0 t=0s
  G1 c0/c4: кривая не построена
  G1 c2/c6@-1: rank[1,1] g=1 src=pari sat=1 tors=8 st=248 hmax=987 pr=50 surv=4 ex=0 bad=0 hits=0 t=1s
  G1 c2/c8: кривая не построена
  G1 c2/c4: кривая не построена
  G1 c6/c8: кривая не построена
  G1 c6/c4: кривая не построена
  G1 c8/c4: кривая не построена
== (m,n)=(7,-6)
  G1 c0/c2: кривая не построена
  G1 c0/c6: кривая не построена
  G1 c0/c8@0: rank[0,0] g=0 src=pari sat=1 tors=8 st=8 hmax=0 pr=50 surv=8 ex=0 bad=0 hits=0 t=1s
  G1 c0/c4: кривая не построена
  G1 c2/c6@-1: rank[1,1] g=1 src=pari sat=1 tors=8 st=248 hmax=987 pr=50 surv=4 ex=0 bad=0 hits=0 t=0s
  G1 c2/c8: кривая не построена
  G1 c2/c4: кривая не построена
  G1 c6/c8: кривая не построена
  G1 c6/c4: кривая не построена
  G1 c8/c4: кривая не построена
== (m,n)=(7,-5)
  G1 c0/c2: кривая не построена
  G1 c0/c6: кривая не построена
  G1 c0/c8@0: rank[1,1] g=1 src=pari sat=1 tors=8 st=328 hmax=937 pr=50 surv=40 ex=32 bad=0 hits=0 t=1s
  G1 c0/c4: кривая не построена
  G1 c2/c6@-1: rank[0,0] g=0 src=pari sat=1 tors=8 st=8 hmax=0 pr=50 surv=4 ex=0 bad=0 hits=0 t=0s
  G1 c2/c8: кривая не построена
  G1 c2/c4: кривая не построена
  G1 c6/c8: кривая не построена
  G1 c6/c4: кривая не построена
  G1 c8/c4: кривая не построена
== (m,n)=(7,-4)
  G1 c2/c0@-1: rank[2,2] g=2 src=pari sat=1 tors=2 st=970 hmax=985 pr=50 surv=6 ex=4 bad=0 hits=0 t=1s
  G1 c6/c0@-1: rank[2,2] g=2 src=pari sat=1 tors=2 st=970 hmax=985 pr=50 surv=6 ex=4 bad=0 hits=0 t=1s
  G1 c0/c8@0: rank[1,1] g=1 src=pari sat=1 tors=8 st=456 hmax=961 pr=50 surv=8 ex=0 bad=0 hits=0 t=1s
  G1 c0/c4: кривая не построена
  G1 c2/c6@-1: rank[0,0] g=0 src=pari sat=1 tors=8 st=8 hmax=0 pr=50 surv=4 ex=0 bad=0 hits=0 t=1s
  G1 c2/c8@-1: rank[2,2] g=2 src=pari sat=1 tors=2 st=970 hmax=985 pr=50 surv=6 ex=4 bad=0 hits=0 t=1s
  G1 c2/c4: кривая не построена
  G1 c6/c8@-1: rank[2,2] g=2 src=pari sat=1 tors=2 st=970 hmax=985 pr=50 surv=6 ex=4 bad=0 hits=0 t=1s
  G1 c6/c4: кривая не построена
  G1 c8/c4: кривая не построена
== (m,n)=(7,-3)
  G1 c0/c2: кривая не построена
  G1 c0/c6: кривая не построена
  G1 c0/c8@0: rank[0,0] g=0 src=pari sat=1 tors=8 st=8 hmax=0 pr=50 surv=8 ex=0 bad=0 hits=0 t=1s
  G1 c0/c4: кривая не построена
  G1 c2/c6@-1: rank[1,1] g=1 src=pari sat=1 tors=8 st=376 hmax=988 pr=50 surv=4 ex=0 bad=0 hits=0 t=1s
  G1 c2/c8: кривая не построена
  G1 c2/c4: кривая не построена
  G1 c6/c8: кривая не построена
  G1 c6/c4: кривая не построена
  G1 c8/c4: кривая не построена
== (m,n)=(7,-2)
  G1 c0/c2: кривая не построена
  G1 c0/c6: кривая не построена
  G1 c0/c8@0: rank[0,0] g=0 src=pari sat=1 tors=8 st=8 hmax=0 pr=50 surv=8 ex=0 bad=0 hits=0 t=1s
  G1 c0/c4: кривая не построена
  G1 c2/c6@-1: rank[1,1] g=1 src=pari sat=1 tors=8 st=328 hmax=958 pr=50 surv=19 ex=15 bad=0 hits=0 t=1s
  G1 c2/c8: кривая не построена
  G1 c2/c4: кривая не построена
  G1 c6/c8: кривая не построена
  G1 c6/c4: кривая не построена
  G1 c8/c4: кривая не построена
== (m,n)=(7,-1)
  G1 c2/c0@-1: rank[3,3] g=3 src=pari sat=1 tors=2 st=4802 hmax=191 pr=50 surv=42 ex=36 bad=0 hits=0 t=1s
  G1 c6/c0@-1: rank[3,3] g=3 src=pari sat=1 tors=2 st=4802 hmax=191 pr=50 surv=42 ex=36 bad=0 hits=0 t=1s
  G1 c0/c8@0: rank[0,0] g=0 src=pari sat=1 tors=8 st=8 hmax=0 pr=50 surv=8 ex=0 bad=0 hits=0 t=1s
  G1 c4/c0@-4/3: rank[1,1] g=1 src=pari sat=1 tors=8 st=408 hmax=933 pr=50 surv=8 ex=2 bad=0 hits=0 t=1s
  G1 c2/c6@-1: rank[0,0] g=0 src=pari sat=1 tors=16 st=16 hmax=0 pr=50 surv=10 ex=2 bad=0 hits=0 t=1s
  G1 c2/c8@-1: rank[3,3] g=3 src=pari sat=1 tors=2 st=4802 hmax=191 pr=50 surv=43 ex=37 bad=0 hits=0 t=1s
  G1 c4/c2@-4/3: rank[1,1] g=1 src=pari sat=1 tors=4 st=180 hmax=944 pr=50 surv=9 ex=3 bad=0 hits=0 t=1s
  G1 c6/c8@-1: rank[3,3] g=3 src=pari sat=1 tors=2 st=4802 hmax=191 pr=50 surv=44 ex=38 bad=0 hits=0 t=1s
  G1 c4/c6@-4/3: rank[1,1] g=1 src=pari sat=1 tors=4 st=180 hmax=944 pr=50 surv=9 ex=3 bad=0 hits=0 t=1s
  G1 c4/c8@-4/3: rank[1,1] g=1 src=pari sat=1 tors=8 st=408 hmax=933 pr=50 surv=10 ex=4 bad=0 hits=0 t=1s
== (m,n)=(7,1)
  G1 c2/c0@-1: rank[3,3] g=3 src=pari sat=1 tors=2 st=4802 hmax=191 pr=50 surv=42 ex=36 bad=0 hits=0 t=1s
  G1 c6/c0@-1: rank[3,3] g=3 src=pari sat=1 tors=2 st=4802 hmax=191 pr=50 surv=42 ex=36 bad=0 hits=0 t=1s
  G1 c0/c8@0: rank[0,0] g=0 src=pari sat=1 tors=8 st=8 hmax=0 pr=50 surv=8 ex=0 bad=0 hits=0 t=1s
  G1 c4/c0@-4/3: rank[1,1] g=1 src=pari sat=1 tors=8 st=408 hmax=933 pr=50 surv=8 ex=2 bad=0 hits=0 t=1s
  G1 c2/c6@-1: rank[0,0] g=0 src=pari sat=1 tors=16 st=16 hmax=0 pr=50 surv=12 ex=4 bad=0 hits=0 t=1s
  G1 c2/c8@-1: rank[3,3] g=3 src=pari sat=1 tors=2 st=4802 hmax=191 pr=50 surv=44 ex=38 bad=0 hits=0 t=1s
  G1 c4/c2@-4/3: rank[1,1] g=1 src=pari sat=1 tors=4 st=180 hmax=944 pr=50 surv=9 ex=3 bad=0 hits=0 t=0s
  G1 c6/c8@-1: rank[3,3] g=3 src=pari sat=1 tors=2 st=4802 hmax=191 pr=50 surv=43 ex=37 bad=0 hits=0 t=1s
  G1 c4/c6@-4/3: rank[1,1] g=1 src=pari sat=1 tors=4 st=180 hmax=944 pr=50 surv=9 ex=3 bad=0 hits=0 t=0s
  G1 c4/c8@-4/3: rank[1,1] g=1 src=pari sat=1 tors=8 st=408 hmax=933 pr=50 surv=10 ex=4 bad=0 hits=0 t=0s
== (m,n)=(7,2)
  G1 c0/c2: кривая не построена
  G1 c0/c6: кривая не построена
  G1 c0/c8@0: rank[0,0] g=0 src=pari sat=1 tors=8 st=8 hmax=0 pr=50 surv=8 ex=0 bad=0 hits=0 t=1s
  G1 c0/c4: кривая не построена
  G1 c2/c6@-1: rank[1,1] g=1 src=pari sat=1 tors=8 st=328 hmax=958 pr=50 surv=20 ex=16 bad=0 hits=0 t=1s
  G1 c2/c8: кривая не построена
  G1 c2/c4: кривая не построена
  G1 c6/c8: кривая не построена
  G1 c6/c4: кривая не построена
  G1 c8/c4: кривая не построена
== (m,n)=(7,3)
  G1 c0/c2: кривая не построена
  G1 c0/c6: кривая не построена
  G1 c0/c8@0: rank[0,0] g=0 src=pari sat=1 tors=8 st=8 hmax=0 pr=50 surv=8 ex=0 bad=0 hits=0 t=1s
  G1 c0/c4: кривая не построена
  G1 c2/c6@-1: rank[1,1] g=1 src=pari sat=1 tors=8 st=376 hmax=988 pr=50 surv=4 ex=0 bad=0 hits=0 t=1s
  G1 c2/c8: кривая не построена
  G1 c2/c4: кривая не построена
  G1 c6/c8: кривая не построена
  G1 c6/c4: кривая не построена
  G1 c8/c4: кривая не построена
== (m,n)=(7,4)
  G1 c2/c0@-1: rank[2,2] g=2 src=pari sat=1 tors=2 st=970 hmax=985 pr=50 surv=6 ex=4 bad=0 hits=0 t=1s
  G1 c6/c0@-1: rank[2,2] g=2 src=pari sat=1 tors=2 st=970 hmax=985 pr=50 surv=6 ex=4 bad=0 hits=0 t=1s
  G1 c0/c8@0: rank[1,1] g=1 src=pari sat=1 tors=8 st=456 hmax=961 pr=50 surv=8 ex=0 bad=0 hits=0 t=1s
  G1 c0/c4: кривая не построена
  G1 c2/c6@-1: rank[0,0] g=0 src=pari sat=1 tors=8 st=8 hmax=0 pr=50 surv=4 ex=0 bad=0 hits=0 t=1s
  G1 c2/c8@-1: rank[2,2] g=2 src=pari sat=1 tors=2 st=970 hmax=985 pr=50 surv=6 ex=4 bad=0 hits=0 t=1s
  G1 c2/c4: кривая не построена
  G1 c6/c8@-1: rank[2,2] g=2 src=pari sat=1 tors=2 st=970 hmax=985 pr=50 surv=6 ex=4 bad=0 hits=0 t=1s
  G1 c6/c4: кривая не построена
  G1 c8/c4: кривая не построена
== (m,n)=(7,5)
  G1 c0/c2: кривая не построена
  G1 c0/c6: кривая не построена
  G1 c0/c8@0: rank[1,1] g=1 src=pari sat=1 tors=8 st=328 hmax=937 pr=50 surv=40 ex=32 bad=0 hits=0 t=1s
  G1 c0/c4: кривая не построена
  G1 c2/c6@-1: rank[0,0] g=0 src=pari sat=1 tors=8 st=8 hmax=0 pr=50 surv=4 ex=0 bad=0 hits=0 t=1s
  G1 c2/c8: кривая не построена
  G1 c2/c4: кривая не построена
  G1 c6/c8: кривая не построена
  G1 c6/c4: кривая не построена
  G1 c8/c4: кривая не построена
== (m,n)=(7,6)
  G1 c0/c2: кривая не построена
  G1 c0/c6: кривая не построена
  G1 c0/c8@0: rank[0,0] g=0 src=pari sat=1 tors=8 st=8 hmax=0 pr=50 surv=8 ex=0 bad=0 hits=0 t=1s
  G1 c0/c4: кривая не построена
  G1 c2/c6@-1: rank[1,1] g=1 src=pari sat=1 tors=8 st=248 hmax=987 pr=50 surv=4 ex=0 bad=0 hits=0 t=1s
  G1 c2/c8: кривая не построена
  G1 c2/c4: кривая не построена
  G1 c6/c8: кривая не построена
  G1 c6/c4: кривая не построена
  G1 c8/c4: кривая не построена
== (m,n)=(1,-8)
  G1 c0/c2: кривая не построена
  G1 c0/c6: кривая не построена
  G1 c0/c8@0: rank[0,0] g=0 src=pari sat=1 tors=8 st=8 hmax=0 pr=50 surv=8 ex=0 bad=0 hits=0 t=1s
  G1 c0/c4: кривая не построена
  G1 c2/c6@-1: rank[0,0] g=0 src=pari sat=1 tors=8 st=8 hmax=0 pr=50 surv=4 ex=0 bad=0 hits=0 t=1s
  G1 c2/c8: кривая не построена
  G1 c2/c4: кривая не построена
  G1 c6/c8: кривая не построена
  G1 c6/c4: кривая не построена
  G1 c8/c4: кривая не построена
== (m,n)=(1,8)
  G1 c0/c2: кривая не построена
  G1 c0/c6: кривая не построена
  G1 c0/c8@0: rank[0,0] g=0 src=pari sat=1 tors=8 st=8 hmax=0 pr=50 surv=8 ex=0 bad=0 hits=0 t=0s
  G1 c0/c4: кривая не построена
  G1 c2/c6@-1: rank[0,0] g=0 src=pari sat=1 tors=8 st=8 hmax=0 pr=50 surv=4 ex=0 bad=0 hits=0 t=1s
  G1 c2/c8: кривая не построена
  G1 c2/c4: кривая не построена
  G1 c6/c8: кривая не построена
  G1 c6/c4: кривая не построена
  G1 c8/c4: кривая не построена
== (m,n)=(3,-8)
  G1 c2/c0@-1: rank[2,2] g=2 src=pari sat=1 tors=2 st=622 hmax=991 pr=50 surv=2 ex=0 bad=0 hits=0 t=1s
  G1 c6/c0@-1: rank[2,2] g=2 src=pari sat=1 tors=2 st=622 hmax=991 pr=50 surv=2 ex=0 bad=0 hits=0 t=1s
  G1 c0/c8@0: rank[1,1] g=1 src=pari sat=1 tors=8 st=408 hmax=972 pr=50 surv=8 ex=0 bad=0 hits=0 t=1s
  G1 c4/c0@-11/5: rank[2,2] g=2 src=pari sat=1 tors=4 st=1972 hmax=1000 pr=50 surv=3 ex=1 bad=0 hits=0 t=1s
  G1 c2/c6@-1: rank[1,1] g=1 src=pari sat=1 tors=8 st=232 hmax=887 pr=50 surv=4 ex=0 bad=0 hits=0 t=1s
  G1 c2/c8@-1: rank[2,2] g=2 src=pari sat=1 tors=2 st=622 hmax=991 pr=50 surv=2 ex=0 bad=0 hits=0 t=1s
  G1 c4/c2@-11/5: rank[2,2] g=2 src=pari sat=1 tors=4 st=2132 hmax=997 pr=50 surv=12 ex=10 bad=0 hits=0 t=1s
  G1 c6/c8@-1: rank[2,2] g=2 src=pari sat=1 tors=2 st=622 hmax=991 pr=50 surv=2 ex=0 bad=0 hits=0 t=1s
  G1 c4/c6@-11/5: rank[2,2] g=2 src=pari sat=1 tors=4 st=2132 hmax=997 pr=50 surv=12 ex=10 bad=0 hits=0 t=1s
  G1 c4/c8@-11/5: rank[2,2] g=2 src=pari sat=1 tors=4 st=1972 hmax=1000 pr=50 surv=2 ex=0 bad=0 hits=0 t=1s
== (m,n)=(3,8)
  G1 c2/c0@-1: rank[2,2] g=2 src=pari sat=1 tors=2 st=622 hmax=991 pr=50 surv=2 ex=0 bad=0 hits=0 t=1s
  G1 c6/c0@-1: rank[2,2] g=2 src=pari sat=1 tors=2 st=622 hmax=991 pr=50 surv=2 ex=0 bad=0 hits=0 t=1s
  G1 c0/c8@0: rank[1,1] g=1 src=pari sat=1 tors=8 st=408 hmax=972 pr=50 surv=8 ex=0 bad=0 hits=0 t=1s
  G1 c4/c0@-11/5: rank[2,2] g=2 src=pari sat=1 tors=4 st=1972 hmax=1000 pr=50 surv=3 ex=1 bad=0 hits=0 t=1s
  G1 c2/c6@-1: rank[1,1] g=1 src=pari sat=1 tors=8 st=232 hmax=887 pr=50 surv=4 ex=0 bad=0 hits=0 t=1s
  G1 c2/c8@-1: rank[2,2] g=2 src=pari sat=1 tors=2 st=622 hmax=991 pr=50 surv=2 ex=0 bad=0 hits=0 t=1s
  G1 c4/c2@-11/5: rank[2,2] g=2 src=pari sat=1 tors=4 st=2132 hmax=997 pr=50 surv=12 ex=10 bad=0 hits=0 t=1s
  G1 c6/c8@-1: rank[2,2] g=2 src=pari sat=1 tors=2 st=622 hmax=991 pr=50 surv=2 ex=0 bad=0 hits=0 t=1s
  G1 c4/c6@-11/5: rank[2,2] g=2 src=pari sat=1 tors=4 st=2132 hmax=997 pr=50 surv=12 ex=10 bad=0 hits=0 t=1s
  G1 c4/c8@-11/5: rank[2,2] g=2 src=pari sat=1 tors=4 st=1972 hmax=1000 pr=50 surv=2 ex=0 bad=0 hits=0 t=0s
== (m,n)=(5,-8)
  G1 c2/c0@-1: rank[2,2] g=2 src=pari sat=1 tors=2 st=550 hmax=998 pr=50 surv=2 ex=0 bad=0 hits=0 t=1s
  G1 c6/c0@-1: rank[2,2] g=2 src=pari sat=1 tors=2 st=550 hmax=998 pr=50 surv=2 ex=0 bad=0 hits=0 t=1s
  G1 c0/c8@0: rank[1,1] g=1 src=pari sat=1 tors=8 st=408 hmax=986 pr=50 surv=8 ex=0 bad=0 hits=0 t=1s
  G1 c4/c0@-13/3: rank[2,2] g=2 src=pari sat=1 tors=4 st=1820 hmax=999 pr=50 surv=22 ex=20 bad=0 hits=0 t=1s
  G1 c2/c6@-1: rank[0,0] g=0 src=pari sat=1 tors=8 st=8 hmax=0 pr=50 surv=4 ex=0 bad=0 hits=0 t=1s
  G1 c2/c8@-1: rank[2,2] g=2 src=pari sat=1 tors=2 st=550 hmax=998 pr=50 surv=2 ex=0 bad=0 hits=0 t=1s
  G1 c2/c4: кривая не построена
  G1 c6/c8@-1: rank[2,2] g=2 src=pari sat=1 tors=2 st=550 hmax=998 pr=50 surv=2 ex=0 bad=0 hits=0 t=1s
  G1 c6/c4: кривая не построена
  G1 c4/c8@-13/3: rank[2,2] g=2 src=pari sat=1 tors=4 st=1820 hmax=999 pr=50 surv=18 ex=16 bad=0 hits=0 t=1s
== (m,n)=(5,8)
  G1 c2/c0@-1: rank[2,2] g=2 src=pari sat=1 tors=2 st=550 hmax=998 pr=50 surv=2 ex=0 bad=0 hits=0 t=1s
  G1 c6/c0@-1: rank[2,2] g=2 src=pari sat=1 tors=2 st=550 hmax=998 pr=50 surv=2 ex=0 bad=0 hits=0 t=1s
  G1 c0/c8@0: rank[1,1] g=1 src=pari sat=1 tors=8 st=408 hmax=986 pr=50 surv=8 ex=0 bad=0 hits=0 t=0s
  G1 c4/c0@-13/3: rank[2,2] g=2 src=pari sat=1 tors=4 st=1820 hmax=999 pr=50 surv=22 ex=20 bad=0 hits=0 t=1s
  G1 c2/c6@-1: rank[0,0] g=0 src=pari sat=1 tors=8 st=8 hmax=0 pr=50 surv=4 ex=0 bad=0 hits=0 t=1s
  G1 c2/c8@-1: rank[2,2] g=2 src=pari sat=1 tors=2 st=550 hmax=998 pr=50 surv=2 ex=0 bad=0 hits=0 t=1s
  G1 c2/c4: кривая не построена
  G1 c6/c8@-1: rank[2,2] g=2 src=pari sat=1 tors=2 st=550 hmax=998 pr=50 surv=2 ex=0 bad=0 hits=0 t=1s
  G1 c6/c4: кривая не построена
  G1 c4/c8@-13/3: rank[2,2] g=2 src=pari sat=1 tors=4 st=1820 hmax=999 pr=50 surv=18 ex=16 bad=0 hits=0 t=1s
== (m,n)=(7,-8)
  G1 c2/c0@-1: rank[3,3] g=3 src=pari sat=1 tors=2 st=4802 hmax=394 pr=50 surv=18 ex=16 bad=0 hits=0 t=1s
  G1 c6/c0@-1: rank[3,3] g=3 src=pari sat=1 tors=2 st=4802 hmax=394 pr=50 surv=15 ex=13 bad=0 hits=0 t=1s
  G1 c0/c8@0: rank[1,1] g=1 src=pari sat=1 tors=8 st=360 hmax=962 pr=50 surv=17 ex=9 bad=0 hits=0 t=1s
  G1 c0/c4: кривая не построена
  G1 c2/c6@-1: rank[1,1] g=1 src=pari sat=1 tors=8 st=216 hmax=957 pr=50 surv=4 ex=0 bad=0 hits=0 t=1s
  G1 c2/c8@-1: rank[3,3] g=3 src=pari sat=1 tors=2 st=4802 hmax=394 pr=50 surv=18 ex=16 bad=0 hits=0 t=1s
  G1 c4/c2@-15: rank[2,2] g=2 src=pari sat=1 tors=4 st=3004 hmax=996 pr=50 surv=16 ex=14 bad=0 hits=0 t=1s
  G1 c6/c8@-1: rank[3,3] g=3 src=pari sat=1 tors=2 st=4802 hmax=394 pr=50 surv=18 ex=16 bad=0 hits=0 t=1s
  G1 c4/c6@-15: rank[2,2] g=2 src=pari sat=1 tors=4 st=3004 hmax=996 pr=50 surv=25 ex=23 bad=0 hits=0 t=1s
  G1 c8/c4: кривая не построена
== (m,n)=(7,8)
  G1 c2/c0@-1: rank[3,3] g=3 src=pari sat=1 tors=2 st=4802 hmax=394 pr=50 surv=15 ex=13 bad=0 hits=0 t=1s
  G1 c6/c0@-1: rank[3,3] g=3 src=pari sat=1 tors=2 st=4802 hmax=394 pr=50 surv=18 ex=16 bad=0 hits=0 t=1s
  G1 c0/c8@0: rank[1,1] g=1 src=pari sat=1 tors=8 st=360 hmax=962 pr=50 surv=17 ex=9 bad=0 hits=0 t=0s
  G1 c0/c4: кривая не построена
  G1 c2/c6@-1: rank[1,1] g=1 src=pari sat=1 tors=8 st=216 hmax=957 pr=50 surv=4 ex=0 bad=0 hits=0 t=1s
  G1 c2/c8@-1: rank[3,3] g=3 src=pari sat=1 tors=2 st=4802 hmax=394 pr=50 surv=18 ex=16 bad=0 hits=0 t=1s
  G1 c4/c2@-15: rank[2,2] g=2 src=pari sat=1 tors=4 st=3004 hmax=996 pr=50 surv=25 ex=23 bad=0 hits=0 t=0s
  G1 c6/c8@-1: rank[3,3] g=3 src=pari sat=1 tors=2 st=4802 hmax=394 pr=50 surv=18 ex=16 bad=0 hits=0 t=1s
  G1 c4/c6@-15: rank[2,2] g=2 src=pari sat=1 tors=4 st=3004 hmax=996 pr=50 surv=16 ex=14 bad=0 hits=0 t=0s
  G1 c8/c4: кривая не построена
== (m,n)=(8,-7)
  G1 c2/c0@-1: rank[3,3] g=3 src=pari sat=1 tors=2 st=4802 hmax=394 pr=50 surv=18 ex=16 bad=0 hits=0 t=1s
  G1 c6/c0@-1: rank[3,3] g=3 src=pari sat=1 tors=2 st=4802 hmax=394 pr=50 surv=18 ex=16 bad=0 hits=0 t=1s
  G1 c0/c8@0: rank[1,1] g=1 src=pari sat=1 tors=8 st=360 hmax=962 pr=50 surv=13 ex=5 bad=0 hits=0 t=1s
  G1 c0/c4: кривая не построена
  G1 c2/c6@-1: rank[1,1] g=1 src=pari sat=1 tors=8 st=216 hmax=957 pr=50 surv=4 ex=0 bad=0 hits=0 t=1s
  G1 c2/c8@-1: rank[3,3] g=3 src=pari sat=1 tors=2 st=4802 hmax=394 pr=50 surv=18 ex=16 bad=0 hits=0 t=1s
  G1 c4/c2@-15: rank[2,2] g=2 src=pari sat=1 tors=4 st=3004 hmax=996 pr=50 surv=16 ex=14 bad=0 hits=0 t=1s
  G1 c6/c8@-1: rank[3,3] g=3 src=pari sat=1 tors=2 st=4802 hmax=394 pr=50 surv=15 ex=13 bad=0 hits=0 t=1s
  G1 c4/c6@-15: rank[2,2] g=2 src=pari sat=1 tors=4 st=3004 hmax=996 pr=50 surv=25 ex=23 bad=0 hits=0 t=1s
  G1 c8/c4: кривая не построена
== (m,n)=(8,-5)
  G1 c2/c0@-1: rank[2,2] g=2 src=pari sat=1 tors=2 st=550 hmax=998 pr=50 surv=2 ex=0 bad=0 hits=0 t=1s
  G1 c6/c0@-1: rank[2,2] g=2 src=pari sat=1 tors=2 st=550 hmax=998 pr=50 surv=2 ex=0 bad=0 hits=0 t=1s
  G1 c0/c8@0: rank[1,1] g=1 src=pari sat=1 tors=8 st=408 hmax=986 pr=50 surv=8 ex=0 bad=0 hits=0 t=1s
  G1 c4/c0@-13/3: rank[2,2] g=2 src=pari sat=1 tors=4 st=1820 hmax=999 pr=50 surv=18 ex=16 bad=0 hits=0 t=1s
  G1 c2/c6@-1: rank[0,0] g=0 src=pari sat=1 tors=8 st=8 hmax=0 pr=50 surv=4 ex=0 bad=0 hits=0 t=1s
  G1 c2/c8@-1: rank[2,2] g=2 src=pari sat=1 tors=2 st=550 hmax=998 pr=50 surv=2 ex=0 bad=0 hits=0 t=1s
  G1 c2/c4: кривая не построена
  G1 c6/c8@-1: rank[2,2] g=2 src=pari sat=1 tors=2 st=550 hmax=998 pr=50 surv=2 ex=0 bad=0 hits=0 t=1s
  G1 c6/c4: кривая не построена
  G1 c4/c8@-13/3: rank[2,2] g=2 src=pari sat=1 tors=4 st=1820 hmax=999 pr=50 surv=22 ex=20 bad=0 hits=0 t=1s
== (m,n)=(8,-3)
  G1 c2/c0@-1: rank[2,2] g=2 src=pari sat=1 tors=2 st=622 hmax=991 pr=50 surv=2 ex=0 bad=0 hits=0 t=1s
  G1 c6/c0@-1: rank[2,2] g=2 src=pari sat=1 tors=2 st=622 hmax=991 pr=50 surv=2 ex=0 bad=0 hits=0 t=1s
  G1 c0/c8@0: rank[1,1] g=1 src=pari sat=1 tors=8 st=408 hmax=972 pr=50 surv=8 ex=0 bad=0 hits=0 t=1s
  G1 c4/c0@-11/5: rank[2,2] g=2 src=pari sat=1 tors=4 st=1972 hmax=1000 pr=50 surv=2 ex=0 bad=0 hits=0 t=1s
  G1 c2/c6@-1: rank[1,1] g=1 src=pari sat=1 tors=8 st=232 hmax=887 pr=50 surv=4 ex=0 bad=0 hits=0 t=1s
  G1 c2/c8@-1: rank[2,2] g=2 src=pari sat=1 tors=2 st=622 hmax=991 pr=50 surv=2 ex=0 bad=0 hits=0 t=1s
  G1 c4/c2@-11/5: rank[2,2] g=2 src=pari sat=1 tors=4 st=2132 hmax=997 pr=50 surv=12 ex=10 bad=0 hits=0 t=1s
  G1 c6/c8@-1: rank[2,2] g=2 src=pari sat=1 tors=2 st=622 hmax=991 pr=50 surv=2 ex=0 bad=0 hits=0 t=1s
  G1 c4/c6@-11/5: rank[2,2] g=2 src=pari sat=1 tors=4 st=2132 hmax=997 pr=50 surv=12 ex=10 bad=0 hits=0 t=1s
  G1 c4/c8@-11/5: rank[2,2] g=2 src=pari sat=1 tors=4 st=1972 hmax=1000 pr=50 surv=3 ex=1 bad=0 hits=0 t=1s
== (m,n)=(8,-1)
  G1 c0/c2: кривая не построена
  G1 c0/c6: кривая не построена
  G1 c0/c8@0: rank[0,0] g=0 src=pari sat=1 tors=8 st=8 hmax=0 pr=50 surv=8 ex=0 bad=0 hits=0 t=1s
  G1 c0/c4: кривая не построена
  G1 c2/c6@-1: rank[0,0] g=0 src=pari sat=1 tors=8 st=8 hmax=0 pr=50 surv=4 ex=0 bad=0 hits=0 t=1s
  G1 c2/c8: кривая не построена
  G1 c2/c4: кривая не построена
  G1 c6/c8: кривая не построена
  G1 c6/c4: кривая не построена
  G1 c8/c4: кривая не построена
== (m,n)=(8,1)
  G1 c0/c2: кривая не построена
  G1 c0/c6: кривая не построена
  G1 c0/c8@0: rank[0,0] g=0 src=pari sat=1 tors=8 st=8 hmax=0 pr=50 surv=8 ex=0 bad=0 hits=0 t=0s
  G1 c0/c4: кривая не построена
  G1 c2/c6@-1: rank[0,0] g=0 src=pari sat=1 tors=8 st=8 hmax=0 pr=50 surv=4 ex=0 bad=0 hits=0 t=1s
  G1 c2/c8: кривая не построена
  G1 c2/c4: кривая не построена
  G1 c6/c8: кривая не построена
  G1 c6/c4: кривая не построена
  G1 c8/c4: кривая не построена
== (m,n)=(8,3)
  G1 c2/c0@-1: rank[2,2] g=2 src=pari sat=1 tors=2 st=622 hmax=991 pr=50 surv=2 ex=0 bad=0 hits=0 t=1s
  G1 c6/c0@-1: rank[2,2] g=2 src=pari sat=1 tors=2 st=622 hmax=991 pr=50 surv=2 ex=0 bad=0 hits=0 t=1s
  G1 c0/c8@0: rank[1,1] g=1 src=pari sat=1 tors=8 st=408 hmax=972 pr=50 surv=8 ex=0 bad=0 hits=0 t=1s
  G1 c4/c0@-11/5: rank[2,2] g=2 src=pari sat=1 tors=4 st=1972 hmax=1000 pr=50 surv=2 ex=0 bad=0 hits=0 t=1s
  G1 c2/c6@-1: rank[1,1] g=1 src=pari sat=1 tors=8 st=232 hmax=887 pr=50 surv=4 ex=0 bad=0 hits=0 t=1s
  G1 c2/c8@-1: rank[2,2] g=2 src=pari sat=1 tors=2 st=622 hmax=991 pr=50 surv=2 ex=0 bad=0 hits=0 t=1s
  G1 c4/c2@-11/5: rank[2,2] g=2 src=pari sat=1 tors=4 st=2132 hmax=997 pr=50 surv=12 ex=10 bad=0 hits=0 t=1s
  G1 c6/c8@-1: rank[2,2] g=2 src=pari sat=1 tors=2 st=622 hmax=991 pr=50 surv=2 ex=0 bad=0 hits=0 t=1s
  G1 c4/c6@-11/5: rank[2,2] g=2 src=pari sat=1 tors=4 st=2132 hmax=997 pr=50 surv=12 ex=10 bad=0 hits=0 t=1s
  G1 c4/c8@-11/5: rank[2,2] g=2 src=pari sat=1 tors=4 st=1972 hmax=1000 pr=50 surv=3 ex=1 bad=0 hits=0 t=1s
== (m,n)=(8,5)
  G1 c2/c0@-1: rank[2,2] g=2 src=pari sat=1 tors=2 st=550 hmax=998 pr=50 surv=2 ex=0 bad=0 hits=0 t=1s
  G1 c6/c0@-1: rank[2,2] g=2 src=pari sat=1 tors=2 st=550 hmax=998 pr=50 surv=2 ex=0 bad=0 hits=0 t=1s
  G1 c0/c8@0: rank[1,1] g=1 src=pari sat=1 tors=8 st=408 hmax=986 pr=50 surv=8 ex=0 bad=0 hits=0 t=1s
  G1 c4/c0@-13/3: rank[2,2] g=2 src=pari sat=1 tors=4 st=1820 hmax=999 pr=50 surv=18 ex=16 bad=0 hits=0 t=1s
  G1 c2/c6@-1: rank[0,0] g=0 src=pari sat=1 tors=8 st=8 hmax=0 pr=50 surv=4 ex=0 bad=0 hits=0 t=1s
  G1 c2/c8@-1: rank[2,2] g=2 src=pari sat=1 tors=2 st=550 hmax=998 pr=50 surv=2 ex=0 bad=0 hits=0 t=1s
  G1 c2/c4: кривая не построена
  G1 c6/c8@-1: rank[2,2] g=2 src=pari sat=1 tors=2 st=550 hmax=998 pr=50 surv=2 ex=0 bad=0 hits=0 t=1s
  G1 c6/c4: кривая не построена
  G1 c4/c8@-13/3: rank[2,2] g=2 src=pari sat=1 tors=4 st=1820 hmax=999 pr=50 surv=22 ex=20 bad=0 hits=0 t=1s
== (m,n)=(8,7)
  G1 c2/c0@-1: rank[3,3] g=3 src=pari sat=1 tors=2 st=4802 hmax=394 pr=50 surv=18 ex=16 bad=0 hits=0 t=1s
  G1 c6/c0@-1: rank[3,3] g=3 src=pari sat=1 tors=2 st=4802 hmax=394 pr=50 surv=18 ex=16 bad=0 hits=0 t=1s
  G1 c0/c8@0: rank[1,1] g=1 src=pari sat=1 tors=8 st=360 hmax=962 pr=50 surv=13 ex=5 bad=0 hits=0 t=1s
  G1 c0/c4: кривая не построена
  G1 c2/c6@-1: rank[1,1] g=1 src=pari sat=1 tors=8 st=216 hmax=957 pr=50 surv=4 ex=0 bad=0 hits=0 t=1s
  G1 c2/c8@-1: rank[3,3] g=3 src=pari sat=1 tors=2 st=4802 hmax=394 pr=50 surv=15 ex=13 bad=0 hits=0 t=1s
  G1 c4/c2@-15: rank[2,2] g=2 src=pari sat=1 tors=4 st=3004 hmax=996 pr=50 surv=25 ex=23 bad=0 hits=0 t=1s
  G1 c6/c8@-1: rank[3,3] g=3 src=pari sat=1 tors=2 st=4802 hmax=394 pr=50 surv=18 ex=16 bad=0 hits=0 t=1s
  G1 c4/c6@-15: rank[2,2] g=2 src=pari sat=1 tors=4 st=3004 hmax=996 pr=50 surv=16 ex=14 bad=0 hits=0 t=1s
  G1 c8/c4: кривая не построена
== (m,n)=(1,-9)
  G1 c2/c0@-1: rank[2,2] g=2 src=pari sat=1 tors=2 st=814 hmax=996 pr=50 surv=2 ex=0 bad=0 hits=0 t=1s
  G1 c6/c0@-1: rank[2,2] g=2 src=pari sat=1 tors=2 st=814 hmax=996 pr=50 surv=2 ex=0 bad=0 hits=0 t=1s
  G1 c0/c8@0: rank[1,1] g=1 src=pari sat=1 tors=8 st=232 hmax=941 pr=50 surv=8 ex=0 bad=0 hits=0 t=1s
  G1 c0/c4: кривая не построена
  G1 c2/c6@-1: rank[0,0] g=0 src=pari sat=1 tors=8 st=8 hmax=0 pr=50 surv=4 ex=0 bad=0 hits=0 t=1s
  G1 c2/c8@-1: rank[2,2] g=2 src=pari sat=1 tors=2 st=814 hmax=996 pr=50 surv=2 ex=0 bad=0 hits=0 t=1s
  G1 c2/c4: кривая не построена
  G1 c6/c8@-1: rank[2,2] g=2 src=pari sat=1 tors=2 st=814 hmax=996 pr=50 surv=2 ex=0 bad=0 hits=0 t=1s
  G1 c6/c4: кривая не построена
  G1 c8/c4: кривая не построена
== (m,n)=(1,9)
  G1 c2/c0@-1: rank[2,2] g=2 src=pari sat=1 tors=2 st=814 hmax=996 pr=50 surv=2 ex=0 bad=0 hits=0 t=1s
  G1 c6/c0@-1: rank[2,2] g=2 src=pari sat=1 tors=2 st=814 hmax=996 pr=50 surv=2 ex=0 bad=0 hits=0 t=1s
  G1 c0/c8@0: rank[1,1] g=1 src=pari sat=1 tors=8 st=232 hmax=941 pr=50 surv=8 ex=0 bad=0 hits=0 t=0s
  G1 c0/c4: кривая не построена
  G1 c2/c6@-1: rank[0,0] g=0 src=pari sat=1 tors=8 st=8 hmax=0 pr=50 surv=4 ex=0 bad=0 hits=0 t=1s
  G1 c2/c8@-1: rank[2,2] g=2 src=pari sat=1 tors=2 st=814 hmax=996 pr=50 surv=2 ex=0 bad=0 hits=0 t=1s
  G1 c2/c4: кривая не построена
  G1 c6/c8@-1: rank[2,2] g=2 src=pari sat=1 tors=2 st=814 hmax=996 pr=50 surv=2 ex=0 bad=0 hits=0 t=1s
  G1 c6/c4: кривая не построена
  G1 c8/c4: кривая не построена
== (m,n)=(2,-9)
  G1 c0/c2: кривая не построена
  G1 c0/c6: кривая не построена
  G1 c0/c8@0: rank[0,0] g=0 src=pari sat=1 tors=8 st=8 hmax=0 pr=50 surv=8 ex=0 bad=0 hits=0 t=1s
  G1 c0/c4: кривая не построена
  G1 c2/c6@-1: rank[0,0] g=0 src=pari sat=1 tors=8 st=8 hmax=0 pr=50 surv=4 ex=0 bad=0 hits=0 t=1s
  G1 c2/c8: кривая не построена
  G1 c2/c4: кривая не построена
  G1 c6/c8: кривая не построена
  G1 c6/c4: кривая не построена
  G1 c8/c4: кривая не построена
== (m,n)=(2,9)
  G1 c0/c2: кривая не построена
  G1 c0/c6: кривая не построена
  G1 c0/c8@0: rank[0,0] g=0 src=pari sat=1 tors=8 st=8 hmax=0 pr=50 surv=8 ex=0 bad=0 hits=0 t=0s
  G1 c0/c4: кривая не построена
  G1 c2/c6@-1: rank[0,0] g=0 src=pari sat=1 tors=8 st=8 hmax=0 pr=50 surv=4 ex=0 bad=0 hits=0 t=1s
  G1 c2/c8: кривая не построена
  G1 c2/c4: кривая не построена
  G1 c6/c8: кривая не построена
  G1 c6/c4: кривая не построена
  G1 c8/c4: кривая не построена
== (m,n)=(4,-9)
  G1 c0/c2: кривая не построена
  G1 c0/c6: кривая не построена
  G1 c0/c8@0: rank[0,0] g=0 src=pari sat=1 tors=8 st=8 hmax=0 pr=50 surv=8 ex=0 bad=0 hits=0 t=1s
  G1 c0/c4: кривая не построена
  G1 c2/c6@-1: rank[1,1] g=1 src=pari sat=1 tors=8 st=184 hmax=867 pr=50 surv=4 ex=0 bad=0 hits=0 t=1s
  G1 c2/c8: кривая не построена
  G1 c4/c2@-13/5: rank[2,2] g=2 src=pari sat=1 tors=4 st=2012 hmax=998 pr=50 surv=25 ex=23 bad=0 hits=0 t=1s
  G1 c6/c8: кривая не построена
  G1 c4/c6@-13/5: rank[2,2] g=2 src=pari sat=1 tors=4 st=2012 hmax=998 pr=50 surv=25 ex=23 bad=0 hits=0 t=1s
  G1 c8/c4: кривая не построена
== (m,n)=(4,9)
  G1 c0/c2: кривая не построена
  G1 c0/c6: кривая не построена
  G1 c0/c8@0: rank[0,0] g=0 src=pari sat=1 tors=8 st=8 hmax=0 pr=50 surv=8 ex=0 bad=0 hits=0 t=0s
  G1 c0/c4: кривая не построена
  G1 c2/c6@-1: rank[1,1] g=1 src=pari sat=1 tors=8 st=184 hmax=867 pr=50 surv=4 ex=0 bad=0 hits=0 t=1s
  G1 c2/c8: кривая не построена
  G1 c4/c2@-13/5: rank[2,2] g=2 src=pari sat=1 tors=4 st=2012 hmax=998 pr=50 surv=25 ex=23 bad=0 hits=0 t=1s
  G1 c6/c8: кривая не построена
  G1 c4/c6@-13/5: rank[2,2] g=2 src=pari sat=1 tors=4 st=2012 hmax=998 pr=50 surv=25 ex=23 bad=0 hits=0 t=1s
  G1 c8/c4: кривая не построена
== (m,n)=(5,-9)
  G1 c0/c2: кривая не построена
  G1 c0/c6: кривая не построена
  G1 c0/c8@0: rank[1,1] g=1 src=pari sat=1 tors=8 st=328 hmax=958 pr=50 surv=24 ex=16 bad=0 hits=0 t=1s
  G1 c0/c4: кривая не построена
  G1 c2/c6@-1: rank[0,0] g=0 src=pari sat=1 tors=8 st=8 hmax=0 pr=50 surv=4 ex=0 bad=0 hits=0 t=1s
  G1 c2/c8: кривая не построена
  G1 c2/c4: кривая не построена
  G1 c6/c8: кривая не построена
  G1 c6/c4: кривая не построена
  G1 c8/c4: кривая не построена
== (m,n)=(5,9)
  G1 c0/c2: кривая не построена
  G1 c0/c6: кривая не построена
  G1 c0/c8@0: rank[1,1] g=1 src=pari sat=1 tors=8 st=328 hmax=958 pr=50 surv=24 ex=16 bad=0 hits=0 t=0s
  G1 c0/c4: кривая не построена
  G1 c2/c6@-1: rank[0,0] g=0 src=pari sat=1 tors=8 st=8 hmax=0 pr=50 surv=4 ex=0 bad=0 hits=0 t=1s
  G1 c2/c8: кривая не построена
  G1 c2/c4: кривая не построена
  G1 c6/c8: кривая не построена
  G1 c6/c4: кривая не построена
  G1 c8/c4: кривая не построена
== (m,n)=(7,-9)
  G1 c0/c2: кривая не построена
  G1 c0/c6: кривая не построена
  G1 c0/c8@0: rank[0,0] g=0 src=pari sat=1 tors=8 st=8 hmax=0 pr=50 surv=8 ex=0 bad=0 hits=0 t=1s
  G1 c0/c4: кривая не построена
  G1 c2/c6@-1: rank[0,0] g=0 src=pari sat=1 tors=8 st=8 hmax=0 pr=50 surv=4 ex=0 bad=0 hits=0 t=1s
  G1 c2/c8: кривая не построена
  G1 c2/c4: кривая не построена
  G1 c6/c8: кривая не построена
  G1 c6/c4: кривая не построена
  G1 c8/c4: кривая не построена
== (m,n)=(7,9)
  G1 c0/c2: кривая не построена
  G1 c0/c6: кривая не построена
  G1 c0/c8@0: rank[0,0] g=0 src=pari sat=1 tors=8 st=8 hmax=0 pr=50 surv=8 ex=0 bad=0 hits=0 t=0s
  G1 c0/c4: кривая не построена
  G1 c2/c6@-1: rank[0,0] g=0 src=pari sat=1 tors=8 st=8 hmax=0 pr=50 surv=4 ex=0 bad=0 hits=0 t=1s
  G1 c2/c8: кривая не построена
  G1 c2/c4: кривая не построена
  G1 c6/c8: кривая не построена
  G1 c6/c4: кривая не построена
  G1 c8/c4: кривая не построена
== (m,n)=(8,-9)
  G1 c0/c2: кривая не построена
  G1 c0/c6: кривая не построена
  G1 c0/c8@0: rank[0,0] g=0 src=pari sat=1 tors=8 st=8 hmax=0 pr=50 surv=8 ex=0 bad=0 hits=0 t=1s
  G1 c0/c4: кривая не построена
  G1 c2/c6@-1: rank[1,1] g=1 src=pari sat=1 tors=8 st=136 hmax=875 pr=50 surv=4 ex=0 bad=0 hits=0 t=1s
  G1 c2/c8: кривая не построена
  G1 c2/c4: кривая не построена
  G1 c6/c8: кривая не построена
  G1 c6/c4: кривая не построена
  G1 c8/c4: кривая не построена
== (m,n)=(8,9)
  G1 c0/c2: кривая не построена
  G1 c0/c6: кривая не построена
  G1 c0/c8@0: rank[0,0] g=0 src=pari sat=1 tors=8 st=8 hmax=0 pr=50 surv=8 ex=0 bad=0 hits=0 t=0s
  G1 c0/c4: кривая не построена
  G1 c2/c6@-1: rank[1,1] g=1 src=pari sat=1 tors=8 st=136 hmax=875 pr=50 surv=4 ex=0 bad=0 hits=0 t=1s
  G1 c2/c8: кривая не построена
  G1 c2/c4: кривая не построена
  G1 c6/c8: кривая не построена
  G1 c6/c4: кривая не построена
  G1 c8/c4: кривая не построена
== (m,n)=(9,-8)
  G1 c0/c2: кривая не построена
  G1 c0/c6: кривая не построена
  G1 c0/c8@0: rank[0,0] g=0 src=pari sat=1 tors=8 st=8 hmax=0 pr=50 surv=8 ex=0 bad=0 hits=0 t=1s
  G1 c0/c4: кривая не построена
  G1 c2/c6@-1: rank[1,1] g=1 src=pari sat=1 tors=8 st=136 hmax=875 pr=50 surv=4 ex=0 bad=0 hits=0 t=0s
  G1 c2/c8: кривая не построена
  G1 c2/c4: кривая не построена
  G1 c6/c8: кривая не построена
  G1 c6/c4: кривая не построена
  G1 c8/c4: кривая не построена
== (m,n)=(9,-7)
  G1 c0/c2: кривая не построена
  G1 c0/c6: кривая не построена
  G1 c0/c8@0: rank[0,0] g=0 src=pari sat=1 tors=8 st=8 hmax=0 pr=50 surv=8 ex=0 bad=0 hits=0 t=1s
  G1 c0/c4: кривая не построена
  G1 c2/c6@-1: rank[0,0] g=0 src=pari sat=1 tors=8 st=8 hmax=0 pr=50 surv=4 ex=0 bad=0 hits=0 t=0s
  G1 c2/c8: кривая не построена
  G1 c2/c4: кривая не построена
  G1 c6/c8: кривая не построена
  G1 c6/c4: кривая не построена
  G1 c8/c4: кривая не построена
== (m,n)=(9,-5)
  G1 c0/c2: кривая не построена
  G1 c0/c6: кривая не построена
  G1 c0/c8@0: rank[1,1] g=1 src=pari sat=1 tors=8 st=328 hmax=958 pr=50 surv=23 ex=15 bad=0 hits=0 t=1s
  G1 c0/c4: кривая не построена
  G1 c2/c6@-1: rank[0,0] g=0 src=pari sat=1 tors=8 st=8 hmax=0 pr=50 surv=4 ex=0 bad=0 hits=0 t=1s
  G1 c2/c8: кривая не построена
  G1 c2/c4: кривая не построена
  G1 c6/c8: кривая не построена
  G1 c6/c4: кривая не построена
  G1 c8/c4: кривая не построена
== (m,n)=(9,-4)
  G1 c0/c2: кривая не построена
  G1 c0/c6: кривая не построена
  G1 c0/c8@0: rank[0,0] g=0 src=pari sat=1 tors=8 st=8 hmax=0 pr=50 surv=8 ex=0 bad=0 hits=0 t=1s
  G1 c0/c4: кривая не построена
  G1 c2/c6@-1: rank[1,1] g=1 src=pari sat=1 tors=8 st=184 hmax=867 pr=50 surv=4 ex=0 bad=0 hits=0 t=1s
  G1 c2/c8: кривая не построена
  G1 c4/c2@-13/5: rank[2,2] g=2 src=pari sat=1 tors=4 st=2012 hmax=998 pr=50 surv=25 ex=23 bad=0 hits=0 t=1s
  G1 c6/c8: кривая не построена
  G1 c4/c6@-13/5: rank[2,2] g=2 src=pari sat=1 tors=4 st=2012 hmax=998 pr=50 surv=25 ex=23 bad=0 hits=0 t=1s
  G1 c8/c4: кривая не построена
== (m,n)=(9,-2)
  G1 c0/c2: кривая не построена
  G1 c0/c6: кривая не построена
  G1 c0/c8@0: rank[0,0] g=0 src=pari sat=1 tors=8 st=8 hmax=0 pr=50 surv=8 ex=0 bad=0 hits=0 t=1s
  G1 c0/c4: кривая не построена
  G1 c2/c6@-1: rank[0,0] g=0 src=pari sat=1 tors=8 st=8 hmax=0 pr=50 surv=4 ex=0 bad=0 hits=0 t=1s
  G1 c2/c8: кривая не построена
  G1 c2/c4: кривая не построена
  G1 c6/c8: кривая не построена
  G1 c6/c4: кривая не построена
  G1 c8/c4: кривая не построена
== (m,n)=(9,-1)
  G1 c2/c0@-1: rank[2,2] g=2 src=pari sat=1 tors=2 st=814 hmax=996 pr=50 surv=2 ex=0 bad=0 hits=0 t=1s
  G1 c6/c0@-1: rank[2,2] g=2 src=pari sat=1 tors=2 st=814 hmax=996 pr=50 surv=2 ex=0 bad=0 hits=0 t=1s
  G1 c0/c8@0: rank[1,1] g=1 src=pari sat=1 tors=8 st=232 hmax=941 pr=50 surv=8 ex=0 bad=0 hits=0 t=1s
  G1 c0/c4: кривая не построена
  G1 c2/c6@-1: rank[0,0] g=0 src=pari sat=1 tors=8 st=8 hmax=0 pr=50 surv=4 ex=0 bad=0 hits=0 t=1s
  G1 c2/c8@-1: rank[2,2] g=2 src=pari sat=1 tors=2 st=814 hmax=996 pr=50 surv=2 ex=0 bad=0 hits=0 t=1s
  G1 c2/c4: кривая не построена
  G1 c6/c8@-1: rank[2,2] g=2 src=pari sat=1 tors=2 st=814 hmax=996 pr=50 surv=2 ex=0 bad=0 hits=0 t=1s
  G1 c6/c4: кривая не построена
  G1 c8/c4: кривая не построена
== (m,n)=(9,1)
  G1 c2/c0@-1: rank[2,2] g=2 src=pari sat=1 tors=2 st=814 hmax=996 pr=50 surv=2 ex=0 bad=0 hits=0 t=1s
  G1 c6/c0@-1: rank[2,2] g=2 src=pari sat=1 tors=2 st=814 hmax=996 pr=50 surv=2 ex=0 bad=0 hits=0 t=1s
  G1 c0/c8@0: rank[1,1] g=1 src=pari sat=1 tors=8 st=232 hmax=941 pr=50 surv=8 ex=0 bad=0 hits=0 t=0s
  G1 c0/c4: кривая не построена
  G1 c2/c6@-1: rank[0,0] g=0 src=pari sat=1 tors=8 st=8 hmax=0 pr=50 surv=4 ex=0 bad=0 hits=0 t=1s
  G1 c2/c8@-1: rank[2,2] g=2 src=pari sat=1 tors=2 st=814 hmax=996 pr=50 surv=2 ex=0 bad=0 hits=0 t=1s
  G1 c2/c4: кривая не построена
  G1 c6/c8@-1: rank[2,2] g=2 src=pari sat=1 tors=2 st=814 hmax=996 pr=50 surv=2 ex=0 bad=0 hits=0 t=1s
  G1 c6/c4: кривая не построена
  G1 c8/c4: кривая не построена
== (m,n)=(9,2)
  G1 c0/c2: кривая не построена
  G1 c0/c6: кривая не построена
  G1 c0/c8@0: rank[0,0] g=0 src=pari sat=1 tors=8 st=8 hmax=0 pr=50 surv=8 ex=0 bad=0 hits=0 t=0s
  G1 c0/c4: кривая не построена
  G1 c2/c6@-1: rank[0,0] g=0 src=pari sat=1 tors=8 st=8 hmax=0 pr=50 surv=4 ex=0 bad=0 hits=0 t=1s
  G1 c2/c8: кривая не построена
  G1 c2/c4: кривая не построена
  G1 c6/c8: кривая не построена
  G1 c6/c4: кривая не построена
  G1 c8/c4: кривая не построена
== (m,n)=(9,4)
  G1 c0/c2: кривая не построена
  G1 c0/c6: кривая не построена
  G1 c0/c8@0: rank[0,0] g=0 src=pari sat=1 tors=8 st=8 hmax=0 pr=50 surv=8 ex=0 bad=0 hits=0 t=1s
  G1 c0/c4: кривая не построена
  G1 c2/c6@-1: rank[1,1] g=1 src=pari sat=1 tors=8 st=184 hmax=867 pr=50 surv=4 ex=0 bad=0 hits=0 t=1s
  G1 c2/c8: кривая не построена
  G1 c4/c2@-13/5: rank[2,2] g=2 src=pari sat=1 tors=4 st=2012 hmax=998 pr=50 surv=25 ex=23 bad=0 hits=0 t=1s
  G1 c6/c8: кривая не построена
  G1 c4/c6@-13/5: rank[2,2] g=2 src=pari sat=1 tors=4 st=2012 hmax=998 pr=50 surv=25 ex=23 bad=0 hits=0 t=1s
  G1 c8/c4: кривая не построена
== (m,n)=(9,5)
  G1 c0/c2: кривая не построена
  G1 c0/c6: кривая не построена
  G1 c0/c8@0: rank[1,1] g=1 src=pari sat=1 tors=8 st=328 hmax=958 pr=50 surv=23 ex=15 bad=0 hits=0 t=1s
  G1 c0/c4: кривая не построена
  G1 c2/c6@-1: rank[0,0] g=0 src=pari sat=1 tors=8 st=8 hmax=0 pr=50 surv=4 ex=0 bad=0 hits=0 t=1s
  G1 c2/c8: кривая не построена
  G1 c2/c4: кривая не построена
  G1 c6/c8: кривая не построена
  G1 c6/c4: кривая не построена
  G1 c8/c4: кривая не построена
== (m,n)=(9,7)
  G1 c0/c2: кривая не построена
  G1 c0/c6: кривая не построена
  G1 c0/c8@0: rank[0,0] g=0 src=pari sat=1 tors=8 st=8 hmax=0 pr=50 surv=8 ex=0 bad=0 hits=0 t=1s
  G1 c0/c4: кривая не построена
  G1 c2/c6@-1: rank[0,0] g=0 src=pari sat=1 tors=8 st=8 hmax=0 pr=50 surv=4 ex=0 bad=0 hits=0 t=1s
  G1 c2/c8: кривая не построена
  G1 c2/c4: кривая не построена
  G1 c6/c8: кривая не построена
  G1 c6/c4: кривая не построена
  G1 c8/c4: кривая не построена
== (m,n)=(9,8)
  G1 c0/c2: кривая не построена
  G1 c0/c6: кривая не построена
  G1 c0/c8@0: rank[0,0] g=0 src=pari sat=1 tors=8 st=8 hmax=0 pr=50 surv=8 ex=0 bad=0 hits=0 t=1s
  G1 c0/c4: кривая не построена
  G1 c2/c6@-1: rank[1,1] g=1 src=pari sat=1 tors=8 st=136 hmax=875 pr=50 surv=4 ex=0 bad=0 hits=0 t=1s
  G1 c2/c8: кривая не построена
  G1 c2/c4: кривая не построена
  G1 c6/c8: кривая не построена
  G1 c6/c4: кривая не построена
  G1 c8/c4: кривая не построена
== (m,n)=(1,-10)
  G1 c0/c2: кривая не построена
  G1 c0/c6: кривая не построена
  G1 c0/c8@0: rank[1,1] g=1 src=pari sat=1 tors=8 st=216 hmax=976 pr=50 surv=24 ex=16 bad=0 hits=0 t=1s
  G1 c0/c4: кривая не построена
  G1 c2/c6@-1: rank[0,0] g=0 src=pari sat=1 tors=8 st=8 hmax=0 pr=50 surv=4 ex=0 bad=0 hits=0 t=1s
  G1 c2/c8: кривая не построена
  G1 c2/c4: кривая не построена
  G1 c6/c8: кривая не построена
  G1 c6/c4: кривая не построена
  G1 c8/c4: кривая не построена
== (m,n)=(1,10)
  G1 c0/c2: кривая не построена
  G1 c0/c6: кривая не построена
  G1 c0/c8@0: rank[1,1] g=1 src=pari sat=1 tors=8 st=216 hmax=976 pr=50 surv=24 ex=16 bad=0 hits=0 t=0s
  G1 c0/c4: кривая не построена
  G1 c2/c6@-1: rank[0,0] g=0 src=pari sat=1 tors=8 st=8 hmax=0 pr=50 surv=4 ex=0 bad=0 hits=0 t=1s
  G1 c2/c8: кривая не построена
  G1 c2/c4: кривая не построена
  G1 c6/c8: кривая не построена
  G1 c6/c4: кривая не построена
  G1 c8/c4: кривая не построена
== (m,n)=(3,-10)
  G1 c0/c2: кривая не построена
  G1 c0/c6: кривая не построена
  G1 c0/c8@0: rank[1,1] g=1 src=pari sat=1 tors=8 st=312 hmax=954 pr=50 surv=8 ex=0 bad=0 hits=0 t=1s
  G1 c0/c4: кривая не построена
  G1 c2/c6@-1: rank[0,0] g=0 src=pari sat=1 tors=8 st=8 hmax=0 pr=50 surv=4 ex=0 bad=0 hits=0 t=1s
  G1 c2/c8: кривая не построена
  G1 c2/c4: кривая не построена
  G1 c6/c8: кривая не построена
  G1 c6/c4: кривая не построена
  G1 c8/c4: кривая не построена
== (m,n)=(3,10)
  G1 c0/c2: кривая не построена
  G1 c0/c6: кривая не построена
  G1 c0/c8@0: rank[1,1] g=1 src=pari sat=1 tors=8 st=312 hmax=954 pr=50 surv=8 ex=0 bad=0 hits=0 t=0s
  G1 c0/c4: кривая не построена
  G1 c2/c6@-1: rank[0,0] g=0 src=pari sat=1 tors=8 st=8 hmax=0 pr=50 surv=4 ex=0 bad=0 hits=0 t=1s
  G1 c2/c8: кривая не построена
  G1 c2/c4: кривая не построена
  G1 c6/c8: кривая не построена
  G1 c6/c4: кривая не построена
  G1 c8/c4: кривая не построена
== (m,n)=(7,-10)
  G1 c0/c2: кривая не построена
  G1 c0/c6: кривая не построена
  G1 c0/c8@0: rank[1,1] g=1 src=pari sat=1 tors=8 st=264 hmax=891 pr=50 surv=8 ex=0 bad=0 hits=0 t=1s
  G1 c0/c4: кривая не построена
  G1 c2/c6@-1: rank[0,0] g=0 src=pari sat=1 tors=8 st=8 hmax=0 pr=50 surv=4 ex=0 bad=0 hits=0 t=1s
  G1 c2/c8: кривая не построена
  G1 c2/c4: кривая не построена
  G1 c6/c8: кривая не построена
  G1 c6/c4: кривая не построена
  G1 c8/c4: кривая не построена
== (m,n)=(7,10)
  G1 c0/c2: кривая не построена
  G1 c0/c6: кривая не построена
  G1 c0/c8@0: rank[1,1] g=1 src=pari sat=1 tors=8 st=264 hmax=891 pr=50 surv=8 ex=0 bad=0 hits=0 t=0s
  G1 c0/c4: кривая не построена
  G1 c2/c6@-1: rank[0,0] g=0 src=pari sat=1 tors=8 st=8 hmax=0 pr=50 surv=4 ex=0 bad=0 hits=0 t=1s
  G1 c2/c8: кривая не построена
  G1 c2/c4: кривая не построена
  G1 c6/c8: кривая не построена
  G1 c6/c4: кривая не построена
  G1 c8/c4: кривая не построена
== (m,n)=(9,-10)
  G1 c0/c2: кривая не построена
  G1 c0/c6: кривая не построена
  G1 c0/c8@0: rank[0,0] g=0 src=pari sat=1 tors=8 st=8 hmax=0 pr=50 surv=8 ex=0 bad=0 hits=0 t=1s
  G1 c0/c4: кривая не построена
  G1 c2/c6@-1: rank[1,1] g=1 src=pari sat=1 tors=8 st=104 hmax=891 pr=50 surv=4 ex=0 bad=0 hits=0 t=1s
  G1 c2/c8: кривая не построена
  G1 c2/c4: кривая не построена
  G1 c6/c8: кривая не построена
  G1 c6/c4: кривая не построена
  G1 c8/c4: кривая не построена
== (m,n)=(9,10)
  G1 c0/c2: кривая не построена
  G1 c0/c6: кривая не построена
  G1 c0/c8@0: rank[0,0] g=0 src=pari sat=1 tors=8 st=8 hmax=0 pr=50 surv=8 ex=0 bad=0 hits=0 t=0s
  G1 c0/c4: кривая не построена
  G1 c2/c6@-1: rank[1,1] g=1 src=pari sat=1 tors=8 st=104 hmax=891 pr=50 surv=4 ex=0 bad=0 hits=0 t=1s
  G1 c2/c8: кривая не построена
  G1 c2/c4: кривая не построена
  G1 c6/c8: кривая не построена
  G1 c6/c4: кривая не построена
  G1 c8/c4: кривая не построена
== (m,n)=(10,-9)
  G1 c0/c2: кривая не построена
  G1 c0/c6: кривая не построена
  G1 c0/c8@0: rank[0,0] g=0 src=pari sat=1 tors=8 st=8 hmax=0 pr=50 surv=8 ex=0 bad=0 hits=0 t=1s
  G1 c0/c4: кривая не построена
  G1 c2/c6@-1: rank[1,1] g=1 src=pari sat=1 tors=8 st=104 hmax=891 pr=50 surv=4 ex=0 bad=0 hits=0 t=0s
  G1 c2/c8: кривая не построена
  G1 c2/c4: кривая не построена
  G1 c6/c8: кривая не построена
  G1 c6/c4: кривая не построена
  G1 c8/c4: кривая не построена
== (m,n)=(10,-7)
  G1 c0/c2: кривая не построена
  G1 c0/c6: кривая не построена
  G1 c0/c8@0: rank[1,1] g=1 src=pari sat=1 tors=8 st=264 hmax=891 pr=50 surv=8 ex=0 bad=0 hits=0 t=1s
  G1 c0/c4: кривая не построена
  G1 c2/c6@-1: rank[0,0] g=0 src=pari sat=1 tors=8 st=8 hmax=0 pr=50 surv=4 ex=0 bad=0 hits=0 t=1s
  G1 c2/c8: кривая не построена
  G1 c2/c4: кривая не построена
  G1 c6/c8: кривая не построена
  G1 c6/c4: кривая не построена
  G1 c8/c4: кривая не построена
== (m,n)=(10,-3)
  G1 c0/c2: кривая не построена
  G1 c0/c6: кривая не построена
  G1 c0/c8@0: rank[1,1] g=1 src=pari sat=1 tors=8 st=312 hmax=954 pr=50 surv=10 ex=2 bad=0 hits=0 t=1s
  G1 c0/c4: кривая не построена
  G1 c2/c6@-1: rank[0,0] g=0 src=pari sat=1 tors=8 st=8 hmax=0 pr=50 surv=4 ex=0 bad=0 hits=0 t=1s
  G1 c2/c8: кривая не построена
  G1 c2/c4: кривая не построена
  G1 c6/c8: кривая не построена
  G1 c6/c4: кривая не построена
  G1 c8/c4: кривая не построена
== (m,n)=(10,-1)
  G1 c0/c2: кривая не построена
  G1 c0/c6: кривая не построена
  G1 c0/c8@0: rank[1,1] g=1 src=pari sat=1 tors=8 st=216 hmax=976 pr=50 surv=24 ex=16 bad=0 hits=0 t=1s
  G1 c0/c4: кривая не построена
  G1 c2/c6@-1: rank[0,0] g=0 src=pari sat=1 tors=8 st=8 hmax=0 pr=50 surv=4 ex=0 bad=0 hits=0 t=1s
  G1 c2/c8: кривая не построена
  G1 c2/c4: кривая не построена
  G1 c6/c8: кривая не построена
  G1 c6/c4: кривая не построена
  G1 c8/c4: кривая не построена
== (m,n)=(10,1)
  G1 c0/c2: кривая не построена
  G1 c0/c6: кривая не построена
  G1 c0/c8@0: rank[1,1] g=1 src=pari sat=1 tors=8 st=216 hmax=976 pr=50 surv=24 ex=16 bad=0 hits=0 t=0s
  G1 c0/c4: кривая не построена
  G1 c2/c6@-1: rank[0,0] g=0 src=pari sat=1 tors=8 st=8 hmax=0 pr=50 surv=4 ex=0 bad=0 hits=0 t=1s
  G1 c2/c8: кривая не построена
  G1 c2/c4: кривая не построена
  G1 c6/c8: кривая не построена
  G1 c6/c4: кривая не построена
  G1 c8/c4: кривая не построена
== (m,n)=(10,3)
  G1 c0/c2: кривая не построена
  G1 c0/c6: кривая не построена
  G1 c0/c8@0: rank[1,1] g=1 src=pari sat=1 tors=8 st=312 hmax=954 pr=50 surv=10 ex=2 bad=0 hits=0 t=0s
  G1 c0/c4: кривая не построена
  G1 c2/c6@-1: rank[0,0] g=0 src=pari sat=1 tors=8 st=8 hmax=0 pr=50 surv=4 ex=0 bad=0 hits=0 t=1s
  G1 c2/c8: кривая не построена
  G1 c2/c4: кривая не построена
  G1 c6/c8: кривая не построена
  G1 c6/c4: кривая не построена
  G1 c8/c4: кривая не построена
== (m,n)=(10,7)
  G1 c0/c2: кривая не построена
  G1 c0/c6: кривая не построена
  G1 c0/c8@0: rank[1,1] g=1 src=pari sat=1 tors=8 st=264 hmax=891 pr=50 surv=8 ex=0 bad=0 hits=0 t=0s
  G1 c0/c4: кривая не построена
  G1 c2/c6@-1: rank[0,0] g=0 src=pari sat=1 tors=8 st=8 hmax=0 pr=50 surv=4 ex=0 bad=0 hits=0 t=1s
  G1 c2/c8: кривая не построена
  G1 c2/c4: кривая не построена
  G1 c6/c8: кривая не построена
  G1 c6/c4: кривая не построена
  G1 c8/c4: кривая не построена
== (m,n)=(10,9)
  G1 c0/c2: кривая не построена
  G1 c0/c6: кривая не построена
  G1 c0/c8@0: rank[0,0] g=0 src=pari sat=1 tors=8 st=8 hmax=0 pr=50 surv=8 ex=0 bad=0 hits=0 t=0s
  G1 c0/c4: кривая не построена
  G1 c2/c6@-1: rank[1,1] g=1 src=pari sat=1 tors=8 st=104 hmax=891 pr=50 surv=4 ex=0 bad=0 hits=0 t=1s
  G1 c2/c8: кривая не построена
  G1 c2/c4: кривая не построена
  G1 c6/c8: кривая не построена
  G1 c6/c4: кривая не построена
  G1 c8/c4: кривая не построена
== (m,n)=(1,-11)
  G1 c0/c2: кривая не построена
  G1 c0/c6: кривая не построена
  G1 c0/c8@0: rank[1,1] g=1 src=pari sat=1 tors=8 st=184 hmax=873 pr=50 surv=8 ex=0 bad=0 hits=0 t=1s
  G1 c0/c4: кривая не построена
  G1 c2/c6@-1: rank[0,0] g=0 src=pari sat=1 tors=8 st=8 hmax=0 pr=50 surv=4 ex=0 bad=0 hits=0 t=1s
  G1 c2/c8: кривая не построена
  G1 c2/c4: кривая не построена
  G1 c6/c8: кривая не построена
  G1 c6/c4: кривая не построена
  G1 c8/c4: кривая не построена
== (m,n)=(1,11)
  G1 c0/c2: кривая не построена
  G1 c0/c6: кривая не построена
  G1 c0/c8@0: rank[1,1] g=1 src=pari sat=1 tors=8 st=184 hmax=873 pr=50 surv=8 ex=0 bad=0 hits=0 t=0s
  G1 c0/c4: кривая не построена
  G1 c2/c6@-1: rank[0,0] g=0 src=pari sat=1 tors=8 st=8 hmax=0 pr=50 surv=4 ex=0 bad=0 hits=0 t=1s
  G1 c2/c8: кривая не построена
  G1 c2/c4: кривая не построена
  G1 c6/c8: кривая не построена
  G1 c6/c4: кривая не построена
  G1 c8/c4: кривая не построена
== (m,n)=(2,-11)
  G1 c0/c2: кривая не построена
  G1 c0/c6: кривая не построена
  G1 c0/c8@0: rank[0,0] g=0 src=pari sat=1 tors=8 st=8 hmax=0 pr=50 surv=8 ex=0 bad=0 hits=0 t=1s
  G1 c0/c4: кривая не построена
  G1 c2/c6@-1: rank[1,1] g=1 src=pari sat=1 tors=8 st=408 hmax=951 pr=50 surv=4 ex=0 bad=0 hits=0 t=1s
  G1 c2/c8: кривая не построена
  G1 c2/c4: кривая не построена
  G1 c6/c8: кривая не построена
  G1 c6/c4: кривая не построена
  G1 c8/c4: кривая не построена
== (m,n)=(2,11)
  G1 c0/c2: кривая не построена
  G1 c0/c6: кривая не построена
  G1 c0/c8@0: rank[0,0] g=0 src=pari sat=1 tors=8 st=8 hmax=0 pr=50 surv=8 ex=0 bad=0 hits=0 t=0s
  G1 c0/c4: кривая не построена
  G1 c2/c6@-1: rank[1,1] g=1 src=pari sat=1 tors=8 st=408 hmax=951 pr=50 surv=4 ex=0 bad=0 hits=0 t=1s
  G1 c2/c8: кривая не построена
  G1 c2/c4: кривая не построена
  G1 c6/c8: кривая не построена
  G1 c6/c4: кривая не построена
  G1 c8/c4: кривая не построена
== (m,n)=(3,-11)
  G1 c2/c0@-1: rank[2,2] g=2 src=pari sat=1 tors=2 st=970 hmax=985 pr=50 surv=6 ex=4 bad=0 hits=0 t=1s
  G1 c6/c0@-1: rank[2,2] g=2 src=pari sat=1 tors=2 st=970 hmax=985 pr=50 surv=6 ex=4 bad=0 hits=0 t=1s
  G1 c0/c8@0: rank[0,0] g=0 src=pari sat=1 tors=8 st=8 hmax=0 pr=50 surv=8 ex=0 bad=0 hits=0 t=1s
  G1 c0/c4: кривая не построена
  G1 c2/c6@-1: rank[1,1] g=1 src=pari sat=1 tors=8 st=456 hmax=961 pr=50 surv=4 ex=0 bad=0 hits=0 t=1s
  G1 c2/c8@-1: rank[2,2] g=2 src=pari sat=1 tors=2 st=970 hmax=985 pr=50 surv=6 ex=4 bad=0 hits=0 t=1s
  G1 c2/c4: кривая не построена
  G1 c6/c8@-1: rank[2,2] g=2 src=pari sat=1 tors=2 st=970 hmax=985 pr=50 surv=6 ex=4 bad=0 hits=0 t=1s
  G1 c6/c4: кривая не построена
  G1 c8/c4: кривая не построена
== (m,n)=(3,11)
  G1 c2/c0@-1: rank[2,2] g=2 src=pari sat=1 tors=2 st=970 hmax=985 pr=50 surv=6 ex=4 bad=0 hits=0 t=1s
  G1 c6/c0@-1: rank[2,2] g=2 src=pari sat=1 tors=2 st=970 hmax=985 pr=50 surv=6 ex=4 bad=0 hits=0 t=1s
  G1 c0/c8@0: rank[0,0] g=0 src=pari sat=1 tors=8 st=8 hmax=0 pr=50 surv=8 ex=0 bad=0 hits=0 t=0s
  G1 c0/c4: кривая не построена
  G1 c2/c6@-1: rank[1,1] g=1 src=pari sat=1 tors=8 st=456 hmax=961 pr=50 surv=4 ex=0 bad=0 hits=0 t=1s
  G1 c2/c8@-1: rank[2,2] g=2 src=pari sat=1 tors=2 st=970 hmax=985 pr=50 surv=6 ex=4 bad=0 hits=0 t=1s
  G1 c2/c4: кривая не построена
  G1 c6/c8@-1: rank[2,2] g=2 src=pari sat=1 tors=2 st=970 hmax=985 pr=50 surv=6 ex=4 bad=0 hits=0 t=1s
  G1 c6/c4: кривая не построена
  G1 c8/c4: кривая не построена
== (m,n)=(4,-11)
  G1 c2/c0@-1: rank[2,2] g=2 src=pari sat=1 tors=2 st=858 hmax=999 pr=50 surv=2 ex=0 bad=0 hits=0 t=1s
  G1 c6/c0@-1: rank[2,2] g=2 src=pari sat=1 tors=2 st=858 hmax=999 pr=50 surv=2 ex=0 bad=0 hits=0 t=1s
  G1 c0/c8@0: rank[1,1] g=1 src=pari sat=1 tors=8 st=280 hmax=943 pr=50 surv=8 ex=0 bad=0 hits=0 t=1s
  G1 c4/c0@-15/7: rank[2,2] g=2 src=pari sat=1 tors=4 st=1852 hmax=999 pr=50 surv=4 ex=2 bad=0 hits=0 t=1s
  G1 c2/c6@-1: rank[2,2] g=2 src=pari sat=1 tors=8 st=11624 hmax=1000 pr=50 surv=33 ex=29 bad=0 hits=0 t=1s
  G1 c2/c8@-1: rank[2,2] g=2 src=pari sat=1 tors=2 st=858 hmax=999 pr=50 surv=2 ex=0 bad=0 hits=0 t=1s
  G1 c2/c4: кривая не построена
  G1 c6/c8@-1: rank[2,2] g=2 src=pari sat=1 tors=2 st=858 hmax=999 pr=50 surv=2 ex=0 bad=0 hits=0 t=1s
  G1 c6/c4: кривая не построена
  G1 c4/c8@-15/7: rank[2,2] g=2 src=pari sat=1 tors=4 st=1852 hmax=999 pr=50 surv=3 ex=1 bad=0 hits=0 t=1s
== (m,n)=(4,11)
  G1 c2/c0@-1: rank[2,2] g=2 src=pari sat=1 tors=2 st=858 hmax=999 pr=50 surv=2 ex=0 bad=0 hits=0 t=1s
  G1 c6/c0@-1: rank[2,2] g=2 src=pari sat=1 tors=2 st=858 hmax=999 pr=50 surv=2 ex=0 bad=0 hits=0 t=1s
  G1 c0/c8@0: rank[1,1] g=1 src=pari sat=1 tors=8 st=280 hmax=943 pr=50 surv=8 ex=0 bad=0 hits=0 t=0s
  G1 c4/c0@-15/7: rank[2,2] g=2 src=pari sat=1 tors=4 st=1852 hmax=999 pr=50 surv=4 ex=2 bad=0 hits=0 t=0s
  G1 c2/c6@-1: rank[2,2] g=2 src=pari sat=1 tors=8 st=11624 hmax=1000 pr=50 surv=29 ex=25 bad=0 hits=0 t=1s
  G1 c2/c8@-1: rank[2,2] g=2 src=pari sat=1 tors=2 st=858 hmax=999 pr=50 surv=2 ex=0 bad=0 hits=0 t=1s
  G1 c2/c4: кривая не построена
  G1 c6/c8@-1: rank[2,2] g=2 src=pari sat=1 tors=2 st=858 hmax=999 pr=50 surv=2 ex=0 bad=0 hits=0 t=1s
  G1 c6/c4: кривая не построена
  G1 c4/c8@-15/7: rank[2,2] g=2 src=pari sat=1 tors=4 st=1852 hmax=999 pr=50 surv=3 ex=1 bad=0 hits=0 t=1s
== (m,n)=(5,-11)
  G1 c2/c0@-1: rank[2,2] g=2 src=pari sat=1 tors=2 st=622 hmax=991 pr=50 surv=2 ex=0 bad=0 hits=0 t=1s
  G1 c6/c0@-1: rank[2,2] g=2 src=pari sat=1 tors=2 st=622 hmax=991 pr=50 surv=2 ex=0 bad=0 hits=0 t=1s
  G1 c0/c8@0: rank[1,1] g=1 src=pari sat=1 tors=8 st=232 hmax=887 pr=50 surv=8 ex=0 bad=0 hits=0 t=1s
  G1 c4/c0@-8/3: rank[2,2] g=2 src=pari sat=1 tors=4 st=2132 hmax=997 pr=50 surv=12 ex=10 bad=0 hits=0 t=1s
  G1 c2/c6@-1: rank[1,1] g=1 src=pari sat=1 tors=8 st=408 hmax=972 pr=50 surv=4 ex=0 bad=0 hits=0 t=1s
  G1 c2/c8@-1: rank[2,2] g=2 src=pari sat=1 tors=2 st=622 hmax=991 pr=50 surv=2 ex=0 bad=0 hits=0 t=1s
  G1 c4/c2@-8/3: rank[2,2] g=2 src=pari sat=1 tors=4 st=1972 hmax=1000 pr=50 surv=2 ex=0 bad=0 hits=0 t=1s
  G1 c6/c8@-1: rank[2,2] g=2 src=pari sat=1 tors=2 st=622 hmax=991 pr=50 surv=2 ex=0 bad=0 hits=0 t=1s
  G1 c4/c6@-8/3: rank[2,2] g=2 src=pari sat=1 tors=4 st=1972 hmax=1000 pr=50 surv=3 ex=1 bad=0 hits=0 t=1s
  G1 c4/c8@-8/3: rank[2,2] g=2 src=pari sat=1 tors=4 st=2132 hmax=997 pr=50 surv=12 ex=10 bad=0 hits=0 t=1s
== (m,n)=(5,11)
  G1 c2/c0@-1: rank[2,2] g=2 src=pari sat=1 tors=2 st=622 hmax=991 pr=50 surv=2 ex=0 bad=0 hits=0 t=1s
  G1 c6/c0@-1: rank[2,2] g=2 src=pari sat=1 tors=2 st=622 hmax=991 pr=50 surv=2 ex=0 bad=0 hits=0 t=1s
  G1 c0/c8@0: rank[1,1] g=1 src=pari sat=1 tors=8 st=232 hmax=887 pr=50 surv=8 ex=0 bad=0 hits=0 t=1s
  G1 c4/c0@-8/3: rank[2,2] g=2 src=pari sat=1 tors=4 st=2132 hmax=997 pr=50 surv=12 ex=10 bad=0 hits=0 t=1s
  G1 c2/c6@-1: rank[1,1] g=1 src=pari sat=1 tors=8 st=408 hmax=972 pr=50 surv=4 ex=0 bad=0 hits=0 t=1s
  G1 c2/c8@-1: rank[2,2] g=2 src=pari sat=1 tors=2 st=622 hmax=991 pr=50 surv=2 ex=0 bad=0 hits=0 t=1s
  G1 c4/c2@-8/3: rank[2,2] g=2 src=pari sat=1 tors=4 st=1972 hmax=1000 pr=50 surv=3 ex=1 bad=0 hits=0 t=1s
  G1 c6/c8@-1: rank[2,2] g=2 src=pari sat=1 tors=2 st=622 hmax=991 pr=50 surv=2 ex=0 bad=0 hits=0 t=1s
  G1 c4/c6@-8/3: rank[2,2] g=2 src=pari sat=1 tors=4 st=1972 hmax=1000 pr=50 surv=2 ex=0 bad=0 hits=0 t=1s
  G1 c4/c8@-8/3: rank[2,2] g=2 src=pari sat=1 tors=4 st=2132 hmax=997 pr=50 surv=12 ex=10 bad=0 hits=0 t=0s
== (m,n)=(6,-11)
  G1 c0/c2: кривая не построена
  G1 c0/c6: кривая не построена
  G1 c0/c8@0: rank[0,0] g=0 src=pari sat=1 tors=8 st=8 hmax=0 pr=50 surv=8 ex=0 bad=0 hits=0 t=1s
  G1 c0/c4: кривая не построена
