# MODE=sq пар=150 K=1500 hcap=1200 primes=60 tmax=90 fams=['F1', 'F2', 'F3', 'F4']
== (P,Q)=(1601,719) C=1540081 SQ
  F1 c0/c2@t0=719: rank[2,4] g=4 src=pari+mw sat=1 tors=4 st=11996 hmax=145 pr=60 surv=18 ex=14 bad=0 hits=0 t=3s
  F1 c0/c3@t0=719: rank[2,2] g=2 src=pari sat=1 tors=4 st=2796 hmax=1199 pr=60 surv=57 ex=53 bad=0 hits=0 t=0s
  F1 c0/c6@t0=719: rank[2,2] g=2 src=pari sat=1 tors=8 st=3208 hmax=1198 pr=60 surv=25 ex=21 bad=0 hits=0 t=1s
  F1 c0/c8@t0=719: rank[1,1] g=1 src=pari sat=1 tors=8 st=200 hmax=1034 pr=60 surv=17 ex=13 bad=0 hits=0 t=1s
  F1 c2/c3@t0=719: rank[2,2] g=2 src=pari sat=1 tors=4 st=2796 hmax=1199 pr=60 surv=54 ex=50 bad=0 hits=0 t=1s
  F1 c2/c6@t0=719: rank[1,1] g=1 src=pari sat=1 tors=8 st=216 hmax=1186 pr=60 surv=17 ex=13 bad=0 hits=0 t=1s
  F1 c2/c8@t0=719: rank[3,3] g=3 src=pari sat=1 tors=4 st=11980 hmax=491 pr=60 surv=55 ex=51 bad=0 hits=0 t=1s
  F1 c3/c6@t0=719: rank[4,4] g=4 src=pari sat=1 tors=4 st=12004 hmax=120 pr=60 surv=19 ex=15 bad=0 hits=0 t=1s
  F1 c3/c8@t0=719: rank[4,4] g=4 src=pari sat=1 tors=4 st=12004 hmax=120 pr=60 surv=17 ex=13 bad=0 hits=0 t=1s
  F1 c6/c8@t0=719: rank[4,4] g=4 src=pari+mw sat=1 tors=4 st=11692 hmax=270 pr=60 surv=18 ex=14 bad=0 hits=0 t=2s
  F2 c2/c3@t0=719: rank[2,4] g=4 src=pari+mw sat=1 tors=4 st=11996 hmax=145 pr=60 surv=18 ex=14 bad=0 hits=0 t=1s
  F2 c2/c5@t0=719: rank[2,4] g=4 src=pari+mw sat=1 tors=4 st=11996 hmax=145 pr=60 surv=17 ex=13 bad=0 hits=0 t=1s
  F2 c2/c6@t0=719: rank[3,3] g=3 src=pari sat=1 tors=4 st=11972 hmax=265 pr=60 surv=20 ex=16 bad=0 hits=0 t=1s
  F2 c2/c8@t0=719: rank[3,3] g=3 src=pari sat=1 tors=4 st=11972 hmax=265 pr=60 surv=17 ex=13 bad=0 hits=0 t=1s
  F2 c3/c5@t0=719: rank[2,2] g=2 src=pari sat=1 tors=4 st=2796 hmax=1199 pr=60 surv=57 ex=53 bad=0 hits=0 t=0s
  F2 c3/c6@t0=719: rank[3,3] g=3 src=pari sat=1 tors=4 st=11980 hmax=491 pr=60 surv=46 ex=42 bad=0 hits=0 t=0s
  F2 c3/c8@t0=719: rank[1,1] g=1 src=pari sat=1 tors=8 st=216 hmax=1186 pr=60 surv=17 ex=13 bad=0 hits=0 t=0s
  F2 c5/c6@t0=719: rank[2,2] g=2 src=pari sat=1 tors=8 st=3208 hmax=1198 pr=60 surv=25 ex=21 bad=0 hits=0 t=0s
  F2 c5/c8@t0=719: rank[1,1] g=1 src=pari sat=1 tors=8 st=200 hmax=1034 pr=60 surv=17 ex=13 bad=0 hits=0 t=0s
  F2 c6/c8@t0=719: rank[3,3] g=3 src=pari sat=1 tors=4 st=12004 hmax=495 pr=60 surv=25 ex=21 bad=0 hits=0 t=1s
  F3 c1/c3@t0=719: rank[3,3] g=3 src=pari sat=1 tors=4 st=11980 hmax=666 pr=60 surv=11 ex=9 bad=0 hits=0 t=0s
  F3 c1/c5@t0=719: rank[4,4] g=4 src=pari sat=1 tors=4 st=12004 hmax=231 pr=60 surv=18 ex=16 bad=0 hits=0 t=0s
  F3 c1/c6@t0=719: rank[3,3] g=3 src=pari sat=1 tors=4 st=11972 hmax=265 pr=60 surv=34 ex=30 bad=0 hits=0 t=0s
  F3 c1/c7@t0=719: rank[3,3] g=3 src=pari sat=1 tors=4 st=11972 hmax=265 pr=60 surv=18 ex=14 bad=0 hits=0 t=0s
  F3 c3/c5@t0=1241: rank[3,3] g=3 src=pari sat=1 tors=4 st=12004 hmax=495 pr=60 surv=34 ex=30 bad=0 hits=0 t=0s
  F3 c6/c3@t0=719: rank[3,3] g=3 src=pari sat=1 tors=4 st=11972 hmax=265 pr=60 surv=29 ex=27 bad=0 hits=0 t=0s
  F3 c7/c3@t0=719: rank[2,2] g=2 src=pari sat=1 tors=4 st=3532 hmax=1197 pr=60 surv=63 ex=57 bad=0 hits=0 t=0s
  F3 c6/c5@t0=719: rank[3,3] g=3 src=pari sat=1 tors=4 st=12004 hmax=495 pr=60 surv=18 ex=16 bad=0 hits=0 t=0s
  F3 c7/c5@t0=719: rank[2,2] g=2 src=pari+mw sat=1 tors=4 st=540 hmax=1177 pr=60 surv=10 ex=8 bad=0 hits=0 t=2s
  F3 c6/c7@t0=719: rank[3,3] g=3 src=pari sat=1 tors=4 st=12004 hmax=495 pr=60 surv=18 ex=14 bad=0 hits=0 t=0s
  F4 c2/c3@t0=719: rank[3,3] g=3 src=pari sat=1 tors=4 st=11980 hmax=666 pr=60 surv=11 ex=7 bad=0 hits=0 t=0s
  F4 c2/c5@t0=719: rank[4,4] g=4 src=pari sat=1 tors=4 st=12004 hmax=231 pr=60 surv=18 ex=14 bad=0 hits=0 t=1s
  F4 c2/c6@t0=719: rank[3,3] g=3 src=pari sat=1 tors=4 st=11972 hmax=265 pr=60 surv=30 ex=26 bad=0 hits=0 t=0s
  F4 c2/c7@t0=719: rank[3,3] g=3 src=pari sat=1 tors=4 st=11972 hmax=265 pr=60 surv=18 ex=14 bad=0 hits=0 t=1s
  F4 c3/c5@t0=719: rank[2,2] g=2 src=pari sat=1 tors=4 st=1980 hmax=1187 pr=60 surv=9 ex=5 bad=0 hits=0 t=1s
  F4 c3/c6@t0=719: rank[3,3] g=3 src=pari sat=1 tors=4 st=11980 hmax=666 pr=60 surv=11 ex=7 bad=0 hits=0 t=1s
  F4 c3/c7@t0=719: rank[2,2] g=2 src=pari sat=1 tors=4 st=1980 hmax=1187 pr=60 surv=9 ex=5 bad=0 hits=0 t=1s
  F4 c5/c6@t0=719: rank[2,2] g=2 src=pari sat=1 tors=4 st=3532 hmax=1197 pr=60 surv=55 ex=47 bad=0 hits=0 t=1s
  F4 c5/c7@t0=719: rank[3,3] g=3 src=pari sat=1 tors=4 st=12004 hmax=424 pr=60 surv=9 ex=5 bad=0 hits=0 t=1s
  F4 c6/c7@t0=719: rank[3,3] g=3 src=pari sat=1 tors=4 st=12004 hmax=495 pr=60 surv=34 ex=30 bad=0 hits=0 t=1s
== (P,Q)=(1607,199) C=1311025 SQ
  F1 c0/c2@t0=199: rank[1,3] g=3 src=pari+mw sat=1 tors=4 st=11844 hmax=891 pr=60 surv=17 ex=13 bad=0 hits=0 t=1s
  F1 c0/c3@t0=199: rank[1,3] g=3 src=pari+mw sat=1 tors=4 st=12004 hmax=821 pr=60 surv=61 ex=57 bad=0 hits=0 t=1s
  F1 c0/c6@t0=199: rank[2,2] g=2 src=pari sat=1 tors=8 st=1832 hmax=1190 pr=60 surv=17 ex=13 bad=0 hits=0 t=1s
  F1 c0/c8@t0=199: rank[1,1] g=1 src=pari sat=1 tors=8 st=216 hmax=1194 pr=60 surv=17 ex=13 bad=0 hits=0 t=1s
  F1 c2/c3@t0=199: rank[1,3] g=3 src=pari+mw sat=1 tors=4 st=12004 hmax=821 pr=60 surv=61 ex=57 bad=0 hits=0 t=1s
  F1 c2/c6@t0=199: rank[2,2] g=2 src=pari+mw sat=1 tors=8 st=1560 hmax=1189 pr=60 surv=21 ex=17 bad=0 hits=0 t=1s
  F1 c2/c8@t0=199: rank[3,3] g=3 src=pari sat=1 tors=4 st=11964 hmax=527 pr=60 surv=30 ex=26 bad=0 hits=0 t=0s
  F1 c3/c6@t0=199: rank[4,4] g=4 src=pari sat=1 tors=4 st=12004 hmax=159 pr=60 surv=18 ex=14 bad=0 hits=0 t=0s
  F1 c3/c8@t0=199: rank[4,4] g=4 src=pari sat=1 tors=4 st=12004 hmax=159 pr=60 surv=17 ex=13 bad=0 hits=0 t=0s
  F1 c6/c8@t0=199: rank[3,3] g=3 src=pari+mw sat=3 tors=4 st=12004 hmax=1095 pr=60 surv=42 ex=38 bad=0 hits=0 t=1s
  F2 c2/c3@t0=199: rank[1,3] g=3 src=pari+mw sat=1 tors=4 st=11844 hmax=891 pr=60 surv=17 ex=13 bad=0 hits=0 t=1s
  F2 c2/c5@t0=199: rank[1,3] g=3 src=pari+mw sat=1 tors=4 st=11844 hmax=891 pr=60 surv=18 ex=14 bad=0 hits=0 t=0s
  F2 c2/c6@t0=199: rank[3,3] g=3 src=pari sat=1 tors=4 st=11980 hmax=761 pr=60 surv=17 ex=13 bad=0 hits=0 t=0s
  F2 c2/c8@t0=199: rank[3,3] g=3 src=pari sat=1 tors=4 st=11980 hmax=761 pr=60 surv=17 ex=13 bad=0 hits=0 t=0s
  F2 c3/c5@t0=199: rank[1,3] g=3 src=pari+mw sat=2 tors=4 st=12004 hmax=821 pr=60 surv=61 ex=57 bad=0 hits=0 t=0s
  F2 c3/c6@t0=199: rank[3,3] g=3 src=pari sat=1 tors=4 st=11964 hmax=527 pr=60 surv=31 ex=27 bad=0 hits=0 t=0s
  F2 c3/c8@t0=199: rank[2,2] g=2 src=pari+mw sat=1 tors=8 st=1560 hmax=1189 pr=60 surv=21 ex=17 bad=0 hits=0 t=1s
  F2 c5/c6@t0=199: rank[2,2] g=2 src=pari sat=1 tors=8 st=1832 hmax=1190 pr=60 surv=17 ex=13 bad=0 hits=0 t=0s
  F2 c5/c8@t0=199: rank[1,1] g=1 src=pari sat=1 tors=8 st=216 hmax=1194 pr=60 surv=17 ex=13 bad=0 hits=0 t=0s
  F2 c6/c8@t0=199: rank[4,4] g=4 src=pari sat=1 tors=4 st=11884 hmax=152 pr=60 surv=22 ex=18 bad=0 hits=0 t=0s
  F3 c1/c3@t0=199: rank[1,3] g=3 src=pari+mw sat=1 tors=4 st=9476 hmax=1198 pr=60 surv=10 ex=8 bad=0 hits=0 t=1s
  F3 c1/c5@t0=199: rank[3,3] g=3 src=pari sat=1 tors=4 st=11516 hmax=1200 pr=60 surv=15 ex=13 bad=0 hits=0 t=0s
  F3 c1/c6@t0=199: rank[3,3] g=3 src=pari sat=1 tors=4 st=11980 hmax=761 pr=60 surv=17 ex=13 bad=0 hits=0 t=0s
  F3 c1/c7@t0=199: rank[3,3] g=3 src=pari sat=1 tors=4 st=11980 hmax=761 pr=60 surv=17 ex=13 bad=0 hits=0 t=0s
  F3 c3/c5@t0=1145: rank[4,4] g=4 src=pari sat=1 tors=4 st=11884 hmax=152 pr=60 surv=17 ex=13 bad=0 hits=0 t=0s
  F3 c6/c3@t0=199: rank[3,3] g=3 src=pari sat=1 tors=4 st=11980 hmax=761 pr=60 surv=18 ex=16 bad=0 hits=0 t=0s
  F3 c7/c3@t0=199: rank[2,2] g=2 src=pari sat=1 tors=4 st=4364 hmax=1199 pr=60 surv=39 ex=33 bad=0 hits=0 t=0s
  F3 c6/c5@t0=199: rank[4,4] g=4 src=pari sat=1 tors=4 st=11884 hmax=152 pr=60 surv=33 ex=31 bad=0 hits=0 t=0s
  F3 c7/c5@t0=199: rank[2,2] g=2 src=pari sat=1 tors=4 st=1020 hmax=1197 pr=60 surv=9 ex=7 bad=0 hits=0 t=0s
  F3 c6/c7@t0=199: rank[4,4] g=4 src=pari sat=1 tors=4 st=11884 hmax=152 pr=60 surv=33 ex=29 bad=0 hits=0 t=1s
  F4 c2/c3@t0=199: rank[1,3] g=3 src=pari+mw sat=1 tors=4 st=9476 hmax=1198 pr=60 surv=10 ex=6 bad=0 hits=0 t=1s
  F4 c2/c5@t0=199: rank[3,3] g=3 src=pari sat=1 tors=4 st=11516 hmax=1200 pr=60 surv=15 ex=11 bad=0 hits=0 t=0s
  F4 c2/c6@t0=199: rank[3,3] g=3 src=pari sat=1 tors=4 st=11980 hmax=761 pr=60 surv=18 ex=14 bad=0 hits=0 t=0s
  F4 c2/c7@t0=199: rank[3,3] g=3 src=pari sat=1 tors=4 st=11980 hmax=761 pr=60 surv=17 ex=13 bad=0 hits=0 t=0s
  F4 c3/c5@t0=199: rank[2,2] g=2 src=pari+mw sat=1 tors=4 st=732 hmax=1177 pr=60 surv=9 ex=5 bad=0 hits=0 t=3s
  F4 c3/c6@t0=199: rank[1,3] g=3 src=pari+mw sat=1 tors=4 st=9476 hmax=1198 pr=60 surv=10 ex=6 bad=0 hits=0 t=0s
  F4 c3/c7@t0=199: rank[2,2] g=2 src=pari+mw sat=1 tors=4 st=732 hmax=1177 pr=60 surv=9 ex=5 bad=0 hits=0 t=0s
  F4 c5/c6@t0=199: rank[2,2] g=2 src=pari sat=1 tors=4 st=4364 hmax=1199 pr=60 surv=30 ex=22 bad=0 hits=0 t=0s
  F4 c5/c7@t0=199: rank[2,2] g=1 INC src=pari+mw sat=1 tors=4 st=100 hmax=1064 pr=60 surv=9 ex=5 bad=0 hits=0 t=4s
  F4 c6/c7@t0=199: rank[4,4] g=4 src=pari sat=1 tors=4 st=11884 hmax=152 pr=60 surv=17 ex=13 bad=0 hits=0 t=0s
== (P,Q)=(1609,769) C=1590121 SQ
  F1 c0/c2@t0=769: rank[2,2] g=2 src=pari sat=1 tors=4 st=3020 hmax=1199 pr=60 surv=17 ex=13 bad=0 hits=0 t=0s
  F1 c0/c3@t0=769: rank[2,2] g=2 src=pari sat=1 tors=4 st=2764 hmax=1197 pr=60 surv=26 ex=22 bad=0 hits=0 t=0s
  F1 c0/c6@t0=769: rank[1,3] g=1 INC src=pari+mw sat=1 tors=8 st=200 hmax=1024 pr=60 surv=17 ex=13 bad=0 hits=0 t=18s
  F1 c0/c8@t0=769: rank[3,3] g=3 src=pari sat=1 tors=8 st=23960 hmax=925 pr=60 surv=51 ex=47 bad=0 hits=0 t=0s
  F1 c2/c3@t0=769: rank[2,2] g=2 src=pari sat=1 tors=4 st=2764 hmax=1197 pr=60 surv=25 ex=21 bad=0 hits=0 t=0s
  F1 c2/c6@t0=769: rank[2,2] g=2 src=pari sat=1 tors=8 st=1832 hmax=1190 pr=60 surv=17 ex=13 bad=0 hits=0 t=0s
  F1 c2/c8@t0=769: rank[4,4] g=4 src=pari sat=1 tors=4 st=12004 hmax=162 pr=60 surv=37 ex=33 bad=0 hits=0 t=0s
  F1 c3/c6@t0=769: rank[3,3] g=3 src=pari sat=1 tors=4 st=11916 hmax=579 pr=60 surv=35 ex=31 bad=0 hits=0 t=0s
  F1 c3/c8@t0=769: rank[3,3] g=3 src=pari sat=1 tors=4 st=11916 hmax=579 pr=60 surv=32 ex=28 bad=0 hits=0 t=0s
  F1 c6/c8@t0=769: rank[1,3] g=2 INC src=pari+mw sat=1 tors=4 st=2956 hmax=1197 pr=60 surv=17 ex=13 bad=0 hits=0 t=5s
  F2 c2/c3@t0=769: rank[2,2] g=2 src=pari sat=1 tors=4 st=3020 hmax=1199 pr=60 surv=17 ex=13 bad=0 hits=0 t=0s
  F2 c2/c5@t0=769: rank[2,2] g=2 src=pari sat=1 tors=4 st=3020 hmax=1199 pr=60 surv=17 ex=13 bad=0 hits=0 t=0s
  F2 c2/c6@t0=769: rank[2,2] g=2 src=pari sat=1 tors=4 st=2956 hmax=1196 pr=60 surv=17 ex=13 bad=0 hits=0 t=0s
  F2 c2/c8@t0=769: rank[2,2] g=2 src=pari sat=1 tors=4 st=2956 hmax=1196 pr=60 surv=17 ex=13 bad=0 hits=0 t=0s
  F2 c3/c5@t0=769: rank[2,2] g=2 src=pari sat=1 tors=4 st=2764 hmax=1197 pr=60 surv=26 ex=22 bad=0 hits=0 t=1s
  F2 c3/c6@t0=769: rank[4,4] g=4 src=pari sat=1 tors=4 st=12004 hmax=162 pr=60 surv=37 ex=33 bad=0 hits=0 t=0s
  F2 c3/c8@t0=769: rank[2,2] g=2 src=pari sat=1 tors=8 st=1832 hmax=1190 pr=60 surv=17 ex=13 bad=0 hits=0 t=1s
  F2 c5/c6@t0=769: rank[1,3] g=1 INC src=pari+mw sat=1 tors=8 st=200 hmax=1024 pr=60 surv=17 ex=13 bad=0 hits=0 t=24s
  F2 c5/c8@t0=769: rank[3,3] g=3 src=pari sat=1 tors=8 st=23960 hmax=925 pr=60 surv=51 ex=47 bad=0 hits=0 t=1s
  F2 c6/c8@t0=769: rank[4,4] g=4 src=pari sat=1 tors=4 st=12004 hmax=139 pr=60 surv=18 ex=14 bad=0 hits=0 t=1s
  F3 c1/c3@t0=769: rank[3,3] g=3 src=pari+mw sat=1 tors=4 st=12004 hmax=1033 pr=60 surv=17 ex=15 bad=0 hits=0 t=1s
  F3 c1/c5@t0=769: rank[1,1] g=1 src=pari sat=1 tors=4 st=76 hmax=1189 pr=60 surv=9 ex=7 bad=0 hits=0 t=1s
  F3 c1/c6@t0=769: rank[2,2] g=2 src=pari sat=1 tors=4 st=2956 hmax=1196 pr=60 surv=17 ex=13 bad=0 hits=0 t=1s
  F3 c1/c7@t0=769: rank[2,2] g=2 src=pari sat=1 tors=4 st=2956 hmax=1196 pr=60 surv=19 ex=15 bad=0 hits=0 t=1s
  F3 c3/c5@t0=1261: rank[4,4] g=4 src=pari sat=1 tors=4 st=12004 hmax=139 pr=60 surv=38 ex=34 bad=0 hits=0 t=1s
  F3 c6/c3@t0=769: rank[2,2] g=2 src=pari sat=1 tors=4 st=2956 hmax=1196 pr=60 surv=17 ex=15 bad=0 hits=0 t=0s
  F3 c7/c3@t0=769: rank[2,2] g=2 src=pari sat=1 tors=4 st=1860 hmax=1197 pr=60 surv=13 ex=7 bad=0 hits=0 t=0s
  F3 c6/c5@t0=769: rank[4,4] g=4 src=pari sat=1 tors=4 st=12004 hmax=139 pr=60 surv=17 ex=15 bad=0 hits=0 t=0s
  F3 c7/c5@t0=769: rank[3,3] g=3 src=pari sat=1 tors=4 st=12004 hmax=799 pr=60 surv=17 ex=15 bad=0 hits=0 t=1s
  F3 c6/c7@t0=769: rank[4,4] g=4 src=pari sat=1 tors=4 st=12004 hmax=139 pr=60 surv=17 ex=13 bad=0 hits=0 t=0s
  F4 c2/c3@t0=769: rank[3,3] g=3 src=pari+mw sat=1 tors=4 st=12004 hmax=1033 pr=60 surv=17 ex=13 bad=0 hits=0 t=1s
  F4 c2/c5@t0=769: rank[1,1] g=1 src=pari sat=1 tors=4 st=76 hmax=1189 pr=60 surv=9 ex=5 bad=0 hits=0 t=0s
  F4 c2/c6@t0=769: rank[2,2] g=2 src=pari sat=1 tors=4 st=2956 hmax=1196 pr=60 surv=17 ex=13 bad=0 hits=0 t=0s
  F4 c2/c7@t0=769: rank[2,2] g=2 src=pari sat=1 tors=4 st=2956 hmax=1196 pr=60 surv=18 ex=14 bad=0 hits=0 t=0s
  F4 c3/c5@t0=769: rank[1,1] g=1 src=pari sat=1 tors=4 st=100 hmax=1113 pr=60 surv=9 ex=5 bad=0 hits=0 t=0s
  F4 c3/c6@t0=769: rank[3,3] g=3 src=pari+mw sat=1 tors=4 st=12004 hmax=1033 pr=60 surv=9 ex=5 bad=0 hits=0 t=0s
  F4 c3/c7@t0=769: rank[1,1] g=1 src=pari sat=1 tors=4 st=100 hmax=1113 pr=60 surv=9 ex=5 bad=0 hits=0 t=0s
  F4 c5/c6@t0=769: rank[2,2] g=2 src=pari sat=1 tors=4 st=1860 hmax=1197 pr=60 surv=13 ex=5 bad=0 hits=0 t=0s
  F4 c5/c7@t0=769: rank[1,1] g=1 src=pari sat=1 tors=4 st=100 hmax=1076 pr=60 surv=17 ex=13 bad=0 hits=0 t=0s
  F4 c6/c7@t0=769: rank[4,4] g=4 src=pari sat=1 tors=4 st=12004 hmax=139 pr=60 surv=38 ex=34 bad=0 hits=0 t=0s
== (P,Q)=(1631,409) C=1413721 SQ
  F1 c0/c2@t0=409: rank[2,2] g=2 src=pari sat=1 tors=4 st=3084 hmax=1197 pr=60 surv=26 ex=22 bad=0 hits=0 t=0s
  F1 c0/c3@t0=409: rank[3,3] g=3 src=pari sat=1 tors=4 st=12004 hmax=549 pr=60 surv=29 ex=25 bad=0 hits=0 t=1s
  F1 c0/c6@t0=409: rank[2,2] g=2 src=pari sat=1 tors=8 st=3096 hmax=1193 pr=60 surv=33 ex=29 bad=0 hits=0 t=0s
  F1 c0/c8@t0=409: rank[2,2] g=2 src=pari sat=1 tors=8 st=3816 hmax=1199 pr=60 surv=19 ex=15 bad=0 hits=0 t=0s
  F1 c2/c3@t0=409: rank[3,3] g=3 src=pari sat=1 tors=4 st=12004 hmax=549 pr=60 surv=28 ex=24 bad=0 hits=0 t=0s
  F1 c2/c6@t0=409: rank[2,2] g=2 src=pari sat=1 tors=8 st=4600 hmax=1196 pr=60 surv=34 ex=30 bad=0 hits=0 t=0s
  F1 c2/c8@t0=409: rank[4,4] g=4 src=pari sat=1 tors=4 st=12004 hmax=141 pr=60 surv=29 ex=25 bad=0 hits=0 t=0s
  F1 c3/c6@t0=409: rank[3,3] g=3 src=pari sat=1 tors=4 st=12004 hmax=578 pr=60 surv=17 ex=13 bad=0 hits=0 t=1s
  F1 c3/c8@t0=409: rank[3,3] g=3 src=pari sat=1 tors=4 st=12004 hmax=578 pr=60 surv=17 ex=13 bad=0 hits=0 t=1s
  F1 c6/c8@t0=409: rank[2,2] g=2 src=pari sat=1 tors=4 st=2964 hmax=1199 pr=60 surv=25 ex=21 bad=0 hits=0 t=1s
  F2 c2/c3@t0=409: rank[2,2] g=2 src=pari sat=1 tors=4 st=3084 hmax=1197 pr=60 surv=26 ex=22 bad=0 hits=0 t=1s
  F2 c2/c5@t0=409: rank[2,2] g=2 src=pari sat=1 tors=4 st=3084 hmax=1197 pr=60 surv=25 ex=21 bad=0 hits=0 t=1s
  F2 c2/c6@t0=409: rank[3,3] g=3 src=pari sat=1 tors=4 st=12004 hmax=492 pr=60 surv=17 ex=13 bad=0 hits=0 t=1s
  F2 c2/c8@t0=409: rank[3,3] g=3 src=pari sat=1 tors=4 st=12004 hmax=492 pr=60 surv=17 ex=13 bad=0 hits=0 t=1s
  F2 c3/c5@t0=409: rank[3,3] g=3 src=pari sat=1 tors=4 st=12004 hmax=549 pr=60 surv=37 ex=33 bad=0 hits=0 t=0s
  F2 c3/c6@t0=409: rank[4,4] g=4 src=pari sat=1 tors=4 st=12004 hmax=141 pr=60 surv=31 ex=27 bad=0 hits=0 t=0s
  F2 c3/c8@t0=409: rank[2,2] g=2 src=pari sat=1 tors=8 st=4600 hmax=1196 pr=60 surv=34 ex=30 bad=0 hits=0 t=1s
  F2 c5/c6@t0=409: rank[2,2] g=2 src=pari sat=1 tors=8 st=3096 hmax=1193 pr=60 surv=33 ex=29 bad=0 hits=0 t=0s
  F2 c5/c8@t0=409: rank[2,2] g=2 src=pari sat=1 tors=8 st=3816 hmax=1199 pr=60 surv=19 ex=15 bad=0 hits=0 t=0s
  F2 c6/c8@t0=409: rank[3,3] g=3 src=pari sat=1 tors=4 st=11980 hmax=478 pr=60 surv=41 ex=37 bad=0 hits=0 t=0s
  F3 c1/c3@t0=409: rank[2,2] g=2 src=pari sat=1 tors=4 st=1132 hmax=1200 pr=60 surv=17 ex=15 bad=0 hits=0 t=1s
  F3 c1/c5@t0=409: rank[1,1] g=1 src=pari sat=1 tors=4 st=76 hmax=1177 pr=60 surv=9 ex=7 bad=0 hits=0 t=0s
  F3 c1/c6@t0=409: rank[3,3] g=3 src=pari sat=1 tors=4 st=12004 hmax=492 pr=60 surv=25 ex=21 bad=0 hits=0 t=0s
  F3 c1/c7@t0=409: rank[3,3] g=3 src=pari sat=1 tors=4 st=12004 hmax=492 pr=60 surv=29 ex=25 bad=0 hits=0 t=0s
  F3 c3/c5@t0=1189: rank[3,3] g=3 src=pari sat=1 tors=4 st=11980 hmax=478 pr=60 surv=25 ex=21 bad=0 hits=0 t=0s
  F3 c6/c3@t0=409: rank[3,3] g=3 src=pari sat=1 tors=4 st=12004 hmax=492 pr=60 surv=29 ex=27 bad=0 hits=0 t=0s
  F3 c7/c3@t0=409: rank[2,2] g=2 src=pari sat=1 tors=4 st=2828 hmax=1197 pr=60 surv=23 ex=17 bad=0 hits=0 t=0s
  F3 c6/c5@t0=409: rank[3,3] g=3 src=pari sat=1 tors=4 st=11980 hmax=478 pr=60 surv=25 ex=23 bad=0 hits=0 t=1s
  F3 c7/c5@t0=409: rank[2,2] g=2 src=pari sat=1 tors=4 st=1668 hmax=1200 pr=60 surv=9 ex=7 bad=0 hits=0 t=0s
  F3 c6/c7@t0=409: rank[3,3] g=3 src=pari sat=1 tors=4 st=11980 hmax=478 pr=60 surv=25 ex=21 bad=0 hits=0 t=0s
  F4 c2/c3@t0=409: rank[2,2] g=2 src=pari sat=1 tors=4 st=1132 hmax=1200 pr=60 surv=17 ex=13 bad=0 hits=0 t=0s
  F4 c2/c5@t0=409: rank[1,1] g=1 src=pari sat=1 tors=4 st=76 hmax=1177 pr=60 surv=9 ex=5 bad=0 hits=0 t=0s
  F4 c2/c6@t0=409: rank[3,3] g=3 src=pari sat=1 tors=4 st=12004 hmax=492 pr=60 surv=30 ex=26 bad=0 hits=0 t=0s
  F4 c2/c7@t0=409: rank[3,3] g=3 src=pari sat=1 tors=4 st=12004 hmax=492 pr=60 surv=44 ex=40 bad=0 hits=0 t=0s
  F4 c3/c5@t0=409: rank[1,1] g=1 src=pari sat=1 tors=4 st=100 hmax=1115 pr=60 surv=9 ex=5 bad=0 hits=0 t=0s
  F4 c3/c6@t0=409: rank[2,2] g=2 src=pari sat=1 tors=4 st=1132 hmax=1200 pr=60 surv=17 ex=13 bad=0 hits=0 t=1s
  F4 c3/c7@t0=409: rank[1,1] g=1 src=pari sat=1 tors=4 st=100 hmax=1115 pr=60 surv=9 ex=5 bad=0 hits=0 t=0s
  F4 c5/c6@t0=409: rank[2,2] g=2 src=pari sat=1 tors=4 st=2828 hmax=1197 pr=60 surv=15 ex=7 bad=0 hits=0 t=0s
  F4 c5/c7@t0=409: rank[3,3] g=3 src=pari sat=1 tors=4 st=12004 hmax=363 pr=60 surv=9 ex=5 bad=0 hits=0 t=1s
  F4 c6/c7@t0=409: rank[3,3] g=3 src=pari sat=1 tors=4 st=11980 hmax=478 pr=60 surv=25 ex=21 bad=0 hits=0 t=1s
== (P,Q)=(1631,911) C=1745041 SQ
  F1 c0/c2@t0=911: rank[4,4] g=4 src=pari sat=1 tors=4 st=11948 hmax=166 pr=60 surv=18 ex=14 bad=0 hits=0 t=1s
  F1 c0/c3@t0=911: rank[1,3] g=3 src=pari+mw sat=1 tors=4 st=12004 hmax=713 pr=60 surv=17 ex=13 bad=0 hits=0 t=4s
  F1 c0/c6@t0=911: rank[3,3] g=3 src=pari sat=1 tors=8 st=24008 hmax=710 pr=60 surv=53 ex=49 bad=0 hits=0 t=1s
  F1 c0/c8@t0=911: rank[2,2] g=2 src=pari+mw sat=1 tors=8 st=1544 hmax=1193 pr=60 surv=17 ex=13 bad=0 hits=0 t=1s
  F1 c2/c3@t0=911: rank[1,3] g=3 src=pari+mw sat=1 tors=4 st=12004 hmax=713 pr=60 surv=21 ex=17 bad=0 hits=0 t=1s
  F1 c2/c6@t0=911: rank[1,1] g=1 src=pari sat=1 tors=8 st=200 hmax=1024 pr=60 surv=17 ex=13 bad=0 hits=0 t=1s
  F1 c2/c8@t0=911: rank[3,3] g=3 src=pari sat=1 tors=4 st=11940 hmax=520 pr=60 surv=17 ex=13 bad=0 hits=0 t=1s
  F1 c3/c6@t0=911: rank[2,2] g=2 src=pari sat=1 tors=4 st=2748 hmax=1186 pr=60 surv=17 ex=13 bad=0 hits=0 t=1s
  F1 c3/c8@t0=911: rank[2,2] g=2 src=pari sat=1 tors=4 st=2748 hmax=1186 pr=60 surv=17 ex=13 bad=0 hits=0 t=0s
  F1 c6/c8@t0=911: rank[3,3] g=3 src=pari sat=1 tors=4 st=11996 hmax=584 pr=60 surv=21 ex=17 bad=0 hits=0 t=1s
  F2 c2/c3@t0=911: rank[4,4] g=4 src=pari sat=1 tors=4 st=11948 hmax=166 pr=60 surv=18 ex=14 bad=0 hits=0 t=1s
  F2 c2/c5@t0=911: rank[4,4] g=4 src=pari sat=1 tors=4 st=11948 hmax=166 pr=60 surv=19 ex=15 bad=0 hits=0 t=1s
  F2 c2/c6@t0=911: rank[3,3] g=3 src=pari sat=1 tors=4 st=11964 hmax=476 pr=60 surv=20 ex=16 bad=0 hits=0 t=1s
  F2 c2/c8@t0=911: rank[3,3] g=3 src=pari sat=1 tors=4 st=11964 hmax=476 pr=60 surv=25 ex=21 bad=0 hits=0 t=1s
  F2 c3/c5@t0=911: rank[1,3] g=3 src=pari+mw sat=1 tors=4 st=12004 hmax=713 pr=60 surv=25 ex=21 bad=0 hits=0 t=5s
  F2 c3/c6@t0=911: rank[3,3] g=3 src=pari sat=1 tors=4 st=11940 hmax=520 pr=60 surv=17 ex=13 bad=0 hits=0 t=1s
  F2 c3/c8@t0=911: rank[1,1] g=1 src=pari sat=1 tors=8 st=200 hmax=1024 pr=60 surv=17 ex=13 bad=0 hits=0 t=1s
  F2 c5/c6@t0=911: rank[3,3] g=3 src=pari sat=1 tors=8 st=24008 hmax=710 pr=60 surv=53 ex=49 bad=0 hits=0 t=1s
  F2 c5/c8@t0=911: rank[2,2] g=2 src=pari+mw sat=1 tors=8 st=1544 hmax=1193 pr=60 surv=17 ex=13 bad=0 hits=0 t=1s
  F2 c6/c8@t0=911: rank[1,3] g=3 src=pari+mw sat=1 tors=4 st=11940 hmax=488 pr=60 surv=17 ex=13 bad=0 hits=0 t=1s
  F3 c1/c3@t0=911: rank[2,2] g=2 src=pari sat=1 tors=4 st=1300 hmax=1185 pr=60 surv=12 ex=10 bad=0 hits=0 t=1s
  F3 c1/c5@t0=911: rank[3,3] g=3 src=pari sat=1 tors=4 st=8956 hmax=1200 pr=60 surv=10 ex=8 bad=0 hits=0 t=1s
  F3 c1/c6@t0=911: rank[3,3] g=3 src=pari sat=1 tors=4 st=11964 hmax=476 pr=60 surv=26 ex=22 bad=0 hits=0 t=1s
  F3 c1/c7@t0=911: rank[3,3] g=3 src=pari sat=1 tors=4 st=11964 hmax=476 pr=60 surv=41 ex=37 bad=0 hits=0 t=1s
  F3 c3/c5@t0=1321: rank[1,3] g=3 src=pari+mw sat=1 tors=4 st=11940 hmax=488 pr=60 surv=53 ex=49 bad=0 hits=0 t=1s
  F3 c6/c3@t0=911: rank[3,3] g=3 src=pari sat=1 tors=4 st=11964 hmax=476 pr=60 surv=25 ex=23 bad=0 hits=0 t=1s
  F3 c7/c3@t0=911: rank[2,2] g=2 src=pari+mw sat=1 tors=4 st=3572 hmax=1198 pr=60 surv=16 ex=10 bad=0 hits=0 t=1s
  F3 c6/c5@t0=911: rank[1,3] g=3 src=pari+mw sat=1 tors=4 st=11940 hmax=488 pr=60 surv=52 ex=50 bad=0 hits=0 t=1s
  F3 c7/c5@t0=911: rank[1,1] g=1 src=pari sat=1 tors=4 st=100 hmax=1095 pr=60 surv=9 ex=7 bad=0 hits=0 t=1s
  F3 c6/c7@t0=911: rank[1,3] g=3 src=pari+mw sat=1 tors=4 st=11940 hmax=488 pr=60 surv=52 ex=48 bad=0 hits=0 t=1s
  F4 c2/c3@t0=911: rank[2,2] g=2 src=pari sat=1 tors=4 st=1300 hmax=1185 pr=60 surv=12 ex=8 bad=0 hits=0 t=1s
  F4 c2/c5@t0=911: rank[3,3] g=3 src=pari sat=1 tors=4 st=8956 hmax=1200 pr=60 surv=10 ex=6 bad=0 hits=0 t=1s
  F4 c2/c6@t0=911: rank[3,3] g=3 src=pari sat=1 tors=4 st=11964 hmax=476 pr=60 surv=25 ex=21 bad=0 hits=0 t=1s
  F4 c2/c7@t0=911: rank[3,3] g=3 src=pari sat=1 tors=4 st=11964 hmax=476 pr=60 surv=45 ex=41 bad=0 hits=0 t=1s
  F4 c3/c5@t0=911: rank[2,2] g=2 src=pari sat=1 tors=4 st=1300 hmax=1188 pr=60 surv=9 ex=5 bad=0 hits=0 t=1s
  F4 c3/c6@t0=911: rank[2,2] g=2 src=pari sat=1 tors=4 st=1300 hmax=1185 pr=60 surv=12 ex=8 bad=0 hits=0 t=1s
  F4 c3/c7@t0=911: rank[2,2] g=2 src=pari sat=1 tors=4 st=1300 hmax=1188 pr=60 surv=9 ex=5 bad=0 hits=0 t=1s
  F4 c5/c6@t0=911: rank[2,2] g=2 src=pari+mw sat=1 tors=4 st=3572 hmax=1198 pr=60 surv=16 ex=8 bad=0 hits=0 t=1s
  F4 c5/c7@t0=911: rank[1,1] g=1 src=pari sat=1 tors=4 st=100 hmax=1082 pr=60 surv=9 ex=5 bad=0 hits=0 t=1s
  F4 c6/c7@t0=911: rank[1,3] g=3 src=pari+mw sat=1 tors=4 st=11940 hmax=488 pr=60 surv=53 ex=49 bad=0 hits=0 t=1s
== (P,Q)=(1633,103) C=1338649 SQ
  F1 c0/c2@t0=103: rank[3,3] g=3 src=pari sat=1 tors=4 st=11988 hmax=816 pr=60 surv=25 ex=21 bad=0 hits=0 t=1s
  F1 c0/c3@t0=103: rank[3,3] g=3 src=pari sat=1 tors=4 st=11980 hmax=413 pr=60 surv=31 ex=27 bad=0 hits=0 t=1s
  F1 c0/c6@t0=103: rank[1,1] g=1 src=pari sat=1 tors=8 st=216 hmax=1165 pr=60 surv=18 ex=14 bad=0 hits=0 t=1s
  F1 c0/c8@t0=103: rank[2,2] g=2 src=pari sat=1 tors=8 st=3800 hmax=1192 pr=60 surv=18 ex=14 bad=0 hits=0 t=1s
  F1 c2/c3@t0=103: rank[3,3] g=3 src=pari sat=1 tors=4 st=11980 hmax=413 pr=60 surv=31 ex=27 bad=0 hits=0 t=1s
  F1 c2/c6@t0=103: rank[2,2] g=2 src=pari sat=1 tors=8 st=3064 hmax=1196 pr=60 surv=66 ex=62 bad=0 hits=0 t=1s
  F1 c2/c8@t0=103: rank[2,2] g=2 src=pari sat=1 tors=4 st=2380 hmax=1197 pr=60 surv=17 ex=13 bad=0 hits=0 t=1s
  F1 c3/c6@t0=103: rank[3,3] g=3 src=pari sat=1 tors=4 st=12004 hmax=406 pr=60 surv=25 ex=21 bad=0 hits=0 t=1s
  F1 c3/c8@t0=103: rank[3,3] g=3 src=pari sat=1 tors=4 st=12004 hmax=406 pr=60 surv=25 ex=21 bad=0 hits=0 t=1s
  F1 c6/c8@t0=103: rank[2,2] g=2 src=pari+mw sat=1 tors=4 st=2964 hmax=1192 pr=60 surv=25 ex=21 bad=0 hits=0 t=66s
  F2 c2/c3@t0=103: rank[3,3] g=3 src=pari sat=1 tors=4 st=11988 hmax=816 pr=60 surv=25 ex=21 bad=0 hits=0 t=1s
  F2 c2/c5@t0=103: rank[3,3] g=3 src=pari sat=1 tors=4 st=11988 hmax=816 pr=60 surv=25 ex=21 bad=0 hits=0 t=1s
  F2 c2/c6@t0=103: rank[3,3] g=3 src=pari sat=1 tors=4 st=11964 hmax=501 pr=60 surv=25 ex=21 bad=0 hits=0 t=1s
  F2 c2/c8@t0=103: rank[3,3] g=3 src=pari sat=3 tors=4 st=11964 hmax=501 pr=60 surv=25 ex=21 bad=0 hits=0 t=1s
  F2 c3/c5@t0=103: rank[3,3] g=3 src=pari sat=1 tors=4 st=11980 hmax=413 pr=60 surv=39 ex=35 bad=0 hits=0 t=1s
  F2 c3/c6@t0=103: rank[2,2] g=2 src=pari sat=1 tors=4 st=2380 hmax=1197 pr=60 surv=17 ex=13 bad=0 hits=0 t=1s
  F2 c3/c8@t0=103: rank[2,2] g=2 src=pari sat=1 tors=8 st=3064 hmax=1196 pr=60 surv=66 ex=62 bad=0 hits=0 t=1s
  F2 c5/c6@t0=103: rank[1,1] g=1 src=pari sat=1 tors=8 st=216 hmax=1165 pr=60 surv=18 ex=14 bad=0 hits=0 t=1s
  F2 c5/c8@t0=103: rank[2,2] g=2 src=pari sat=1 tors=8 st=3800 hmax=1192 pr=60 surv=18 ex=14 bad=0 hits=0 t=1s
  F2 c6/c8@t0=103: rank[4,4] g=4 src=pari sat=1 tors=4 st=11868 hmax=155 pr=60 surv=18 ex=14 bad=0 hits=0 t=1s
  F3 c1/c3@t0=103: rank[1,1] g=1 src=pari sat=1 tors=4 st=100 hmax=1066 pr=60 surv=9 ex=7 bad=0 hits=0 t=1s
  F3 c1/c5@t0=103: rank[1,1] g=1 src=pari sat=1 tors=4 st=76 hmax=1171 pr=60 surv=9 ex=7 bad=0 hits=0 t=1s
  F3 c1/c6@t0=103: rank[3,3] g=3 src=pari sat=1 tors=4 st=11964 hmax=501 pr=60 surv=27 ex=23 bad=0 hits=0 t=1s
  F3 c1/c7@t0=103: rank[3,3] g=3 src=pari sat=1 tors=4 st=11964 hmax=501 pr=60 surv=18 ex=14 bad=0 hits=0 t=1s
  F3 c3/c5@t0=1157: rank[4,4] g=4 src=pari sat=1 tors=4 st=11868 hmax=155 pr=60 surv=17 ex=13 bad=0 hits=0 t=1s
  F3 c6/c3@t0=103: rank[3,3] g=3 src=pari sat=3 tors=4 st=11964 hmax=501 pr=60 surv=25 ex=23 bad=0 hits=0 t=1s
  F3 c7/c3@t0=103: rank[2,2] g=2 src=pari sat=1 tors=4 st=2252 hmax=1198 pr=60 surv=14 ex=8 bad=0 hits=0 t=1s
  F3 c6/c5@t0=103: rank[4,4] g=4 src=pari sat=1 tors=4 st=11868 hmax=155 pr=60 surv=17 ex=15 bad=0 hits=0 t=1s
  F3 c7/c5@t0=103: rank[2,2] g=2 src=pari sat=1 tors=4 st=924 hmax=1194 pr=60 surv=9 ex=7 bad=0 hits=0 t=1s
  F3 c6/c7@t0=103: rank[4,4] g=4 src=pari sat=1 tors=4 st=11868 hmax=155 pr=60 surv=17 ex=13 bad=0 hits=0 t=1s
  F4 c2/c3@t0=103: rank[1,1] g=1 src=pari sat=1 tors=4 st=100 hmax=1066 pr=60 surv=9 ex=5 bad=0 hits=0 t=1s
  F4 c2/c5@t0=103: rank[1,1] g=1 src=pari sat=1 tors=4 st=76 hmax=1171 pr=60 surv=9 ex=5 bad=0 hits=0 t=1s
  F4 c2/c6@t0=103: rank[3,3] g=3 src=pari sat=1 tors=4 st=11964 hmax=501 pr=60 surv=25 ex=21 bad=0 hits=0 t=1s
  F4 c2/c7@t0=103: rank[3,3] g=3 src=pari sat=1 tors=4 st=11964 hmax=501 pr=60 surv=25 ex=21 bad=0 hits=0 t=1s
  F4 c3/c5@t0=103: rank[1,1] g=1 src=pari sat=1 tors=4 st=100 hmax=1115 pr=60 surv=9 ex=5 bad=0 hits=0 t=1s
  F4 c3/c6@t0=103: rank[1,1] g=1 src=pari sat=1 tors=4 st=100 hmax=1066 pr=60 surv=9 ex=5 bad=0 hits=0 t=1s
  F4 c3/c7@t0=103: rank[1,1] g=1 src=pari sat=1 tors=4 st=100 hmax=1115 pr=60 surv=9 ex=5 bad=0 hits=0 t=1s
  F4 c5/c6@t0=103: rank[2,2] g=2 src=pari sat=1 tors=4 st=2252 hmax=1198 pr=60 surv=14 ex=6 bad=0 hits=0 t=1s
  F4 c5/c7@t0=103: rank[3,3] g=3 src=pari sat=1 tors=4 st=11996 hmax=498 pr=60 surv=10 ex=6 bad=0 hits=0 t=1s
  F4 c6/c7@t0=103: rank[4,4] g=4 src=pari sat=1 tors=4 st=11868 hmax=155 pr=60 surv=17 ex=13 bad=0 hits=0 t=1s
== (P,Q)=(1633,919) C=1755625 SQ
  F1 c0/c2@t0=919: rank[2,2] g=2 src=pari+mw sat=1 tors=4 st=3004 hmax=1198 pr=60 surv=17 ex=13 bad=0 hits=0 t=73s
  F1 c0/c3@t0=919: rank[3,3] g=3 src=pari sat=1 tors=4 st=11868 hmax=556 pr=60 surv=45 ex=41 bad=0 hits=0 t=1s
  F1 c0/c6@t0=919: rank[1,1] g=1 src=pari sat=1 tors=8 st=200 hmax=1033 pr=60 surv=17 ex=13 bad=0 hits=0 t=1s
  F1 c0/c8@t0=919: rank[2,2] g=2 src=pari+mw sat=1 tors=8 st=1496 hmax=1197 pr=60 surv=17 ex=13 bad=0 hits=0 t=14s
  F1 c2/c3@t0=919: rank[3,3] g=3 src=pari sat=1 tors=4 st=11868 hmax=556 pr=60 surv=40 ex=36 bad=0 hits=0 t=1s
  F1 c2/c6@t0=919: rank[1,1] g=1 src=pari sat=1 tors=8 st=200 hmax=1024 pr=60 surv=17 ex=13 bad=0 hits=0 t=1s
  F1 c2/c8@t0=919: rank[3,3] g=3 src=pari sat=1 tors=4 st=11956 hmax=469 pr=60 surv=40 ex=36 bad=0 hits=0 t=1s
  F1 c3/c6@t0=919: rank[4,4] g=4 src=pari sat=1 tors=4 st=11900 hmax=113 pr=60 surv=27 ex=23 bad=0 hits=0 t=1s
  F1 c3/c8@t0=919: rank[4,4] g=4 src=pari sat=1 tors=4 st=11900 hmax=113 pr=60 surv=25 ex=21 bad=0 hits=0 t=1s
  F1 c6/c8@t0=919: rank[2,2] g=2 src=pari sat=3 tors=4 st=2932 hmax=1200 pr=60 surv=25 ex=21 bad=0 hits=0 t=1s
  F2 c2/c3@t0=919: rank[2,2] g=2 src=pari+mw sat=1 tors=4 st=3004 hmax=1198 pr=60 surv=17 ex=13 bad=0 hits=0 t=1s
  F2 c2/c5@t0=919: rank[2,2] g=2 src=pari+mw sat=1 tors=4 st=3004 hmax=1198 pr=60 surv=17 ex=13 bad=0 hits=0 t=1s
  F2 c2/c6@t0=919: rank[4,4] g=4 src=pari sat=3 tors=4 st=11996 hmax=111 pr=60 surv=21 ex=17 bad=0 hits=0 t=1s
  F2 c2/c8@t0=919: rank[4,4] g=4 src=pari sat=3 tors=4 st=11996 hmax=111 pr=60 surv=22 ex=18 bad=0 hits=0 t=1s
  F2 c3/c5@t0=919: rank[3,3] g=3 src=pari sat=1 tors=4 st=11868 hmax=556 pr=60 surv=65 ex=61 bad=0 hits=0 t=1s
  F2 c3/c6@t0=919: rank[3,3] g=3 src=pari sat=1 tors=4 st=11956 hmax=469 pr=60 surv=41 ex=37 bad=0 hits=0 t=1s
  F2 c3/c8@t0=919: rank[1,1] g=1 src=pari sat=1 tors=8 st=200 hmax=1024 pr=60 surv=17 ex=13 bad=0 hits=0 t=1s
  F2 c5/c6@t0=919: rank[1,1] g=1 src=pari sat=1 tors=8 st=200 hmax=1033 pr=60 surv=17 ex=13 bad=0 hits=0 t=1s
  F2 c5/c8@t0=919: rank[2,2] g=2 src=pari+mw sat=1 tors=8 st=1496 hmax=1197 pr=60 surv=17 ex=13 bad=0 hits=0 t=14s
  F2 c6/c8@t0=919: rank[3,3] g=3 src=pari sat=1 tors=4 st=11908 hmax=350 pr=60 surv=17 ex=13 bad=0 hits=0 t=1s
  F3 c1/c3@t0=919: rank[2,2] g=2 src=pari sat=1 tors=4 st=948 hmax=1198 pr=60 surv=9 ex=7 bad=0 hits=0 t=1s
  F3 c1/c5@t0=919: rank[2,2] g=2 src=pari sat=1 tors=4 st=1620 hmax=1198 pr=60 surv=9 ex=7 bad=0 hits=0 t=1s
  F3 c1/c6@t0=919: rank[4,4] g=4 src=pari sat=3 tors=4 st=11996 hmax=111 pr=60 surv=18 ex=14 bad=0 hits=0 t=1s
  F3 c1/c7@t0=919: rank[4,4] g=4 src=pari sat=3 tors=4 st=11996 hmax=111 pr=60 surv=17 ex=13 bad=0 hits=0 t=1s
  F3 c3/c5@t0=1325: rank[3,3] g=3 src=pari sat=1 tors=4 st=11908 hmax=350 pr=60 surv=36 ex=32 bad=0 hits=0 t=1s
  F3 c6/c3@t0=919: rank[4,4] g=4 src=pari sat=3 tors=4 st=11996 hmax=111 pr=60 surv=20 ex=18 bad=0 hits=0 t=1s
  F3 c7/c3@t0=919: rank[1,1] g=1 src=pari sat=1 tors=4 st=148 hmax=1181 pr=60 surv=21 ex=15 bad=0 hits=0 t=1s
  F3 c6/c5@t0=919: rank[3,3] g=3 src=pari sat=1 tors=4 st=11908 hmax=350 pr=60 surv=29 ex=27 bad=0 hits=0 t=1s
  F3 c7/c5@t0=919: rank[1,1] g=1 src=pari sat=1 tors=4 st=100 hmax=1095 pr=60 surv=9 ex=7 bad=0 hits=0 t=1s
  F3 c6/c7@t0=919: rank[3,3] g=3 src=pari sat=1 tors=4 st=11908 hmax=350 pr=60 surv=26 ex=22 bad=0 hits=0 t=1s
  F4 c2/c3@t0=919: rank[2,2] g=2 src=pari sat=1 tors=4 st=948 hmax=1198 pr=60 surv=9 ex=5 bad=0 hits=0 t=1s
  F4 c2/c5@t0=919: rank[2,2] g=2 src=pari sat=1 tors=4 st=1620 hmax=1198 pr=60 surv=9 ex=5 bad=0 hits=0 t=1s
  F4 c2/c6@t0=919: rank[4,4] g=4 src=pari sat=3 tors=4 st=11996 hmax=111 pr=60 surv=17 ex=13 bad=0 hits=0 t=1s
  F4 c2/c7@t0=919: rank[4,4] g=4 src=pari sat=3 tors=4 st=11996 hmax=111 pr=60 surv=17 ex=13 bad=0 hits=0 t=1s
  F4 c3/c5@t0=919: rank[1,1] g=1 src=pari sat=1 tors=4 st=100 hmax=1114 pr=60 surv=9 ex=5 bad=0 hits=0 t=1s
  F4 c3/c6@t0=919: rank[2,2] g=2 src=pari sat=1 tors=4 st=948 hmax=1198 pr=60 surv=9 ex=5 bad=0 hits=0 t=1s
  F4 c3/c7@t0=919: rank[1,1] g=1 src=pari sat=1 tors=4 st=100 hmax=1114 pr=60 surv=9 ex=5 bad=0 hits=0 t=1s
  F4 c5/c6@t0=919: rank[1,1] g=1 src=pari sat=1 tors=4 st=148 hmax=1181 pr=60 surv=21 ex=13 bad=0 hits=0 t=1s
  F4 c5/c7@t0=919: rank[1,1] g=1 src=pari sat=1 tors=4 st=100 hmax=1083 pr=60 surv=9 ex=5 bad=0 hits=0 t=1s
  F4 c6/c7@t0=919: rank[3,3] g=3 src=pari sat=1 tors=4 st=11908 hmax=350 pr=60 surv=36 ex=32 bad=0 hits=0 t=1s
== (P,Q)=(1649,329) C=1413721 SQ
  F1 c0/c2@t0=329: rank[2,2] g=2 src=pari sat=1 tors=4 st=3100 hmax=1200 pr=60 surv=25 ex=21 bad=0 hits=0 t=1s
  F1 c0/c3@t0=329: rank[2,2] g=2 src=pari sat=1 tors=4 st=2820 hmax=1200 pr=60 surv=17 ex=13 bad=0 hits=0 t=1s
  F1 c0/c6@t0=329: rank[1,1] g=1 src=pari sat=1 tors=8 st=216 hmax=1181 pr=60 surv=17 ex=13 bad=0 hits=0 t=1s
  F1 c0/c8@t0=329: rank[2,2] g=2 src=pari sat=1 tors=8 st=3848 hmax=1191 pr=60 surv=17 ex=13 bad=0 hits=0 t=1s
  F1 c2/c3@t0=329: rank[2,2] g=2 src=pari sat=1 tors=4 st=2820 hmax=1200 pr=60 surv=18 ex=14 bad=0 hits=0 t=1s
  F1 c2/c6@t0=329: rank[2,2] g=2 src=pari sat=1 tors=8 st=2536 hmax=1189 pr=60 surv=17 ex=13 bad=0 hits=0 t=1s
  F1 c2/c8@t0=329: rank[2,2] g=2 src=pari+mw sat=2 tors=4 st=2364 hmax=1183 pr=60 surv=21 ex=17 bad=0 hits=0 t=1s
  F1 c3/c6@t0=329: rank[2,2] g=2 src=pari sat=1 tors=4 st=2780 hmax=1195 pr=60 surv=17 ex=13 bad=0 hits=0 t=1s
  F1 c3/c8@t0=329: rank[2,2] g=2 src=pari sat=1 tors=4 st=2780 hmax=1195 pr=60 surv=18 ex=14 bad=0 hits=0 t=1s
  F1 c6/c8@t0=329: rank[1,3] g=2 INC src=pari+mw sat=1 tors=4 st=2964 hmax=1198 pr=60 surv=21 ex=17 bad=0 hits=0 t=27s
  F2 c2/c3@t0=329: rank[2,2] g=2 src=pari sat=1 tors=4 st=3100 hmax=1200 pr=60 surv=25 ex=21 bad=0 hits=0 t=1s
  F2 c2/c5@t0=329: rank[2,2] g=2 src=pari sat=1 tors=4 st=3100 hmax=1200 pr=60 surv=21 ex=17 bad=0 hits=0 t=1s
  F2 c2/c6@t0=329: rank[5,5] g=5 src=pari sat=1 tors=4 st=11932 hmax=59 pr=60 surv=21 ex=17 bad=0 hits=0 t=1s
  F2 c2/c8@t0=329: rank[5,5] g=5 src=pari sat=1 tors=4 st=11932 hmax=59 pr=60 surv=25 ex=21 bad=0 hits=0 t=1s
  F2 c3/c5@t0=329: rank[2,2] g=2 src=pari sat=1 tors=4 st=2820 hmax=1200 pr=60 surv=17 ex=13 bad=0 hits=0 t=1s
  F2 c3/c6@t0=329: rank[2,2] g=2 src=pari+mw sat=2 tors=4 st=2364 hmax=1183 pr=60 surv=21 ex=17 bad=0 hits=0 t=1s
  F2 c3/c8@t0=329: rank[2,2] g=2 src=pari sat=1 tors=8 st=2536 hmax=1189 pr=60 surv=17 ex=13 bad=0 hits=0 t=1s
  F2 c5/c6@t0=329: rank[1,1] g=1 src=pari sat=1 tors=8 st=216 hmax=1181 pr=60 surv=17 ex=13 bad=0 hits=0 t=1s
  F2 c5/c8@t0=329: rank[2,2] g=2 src=pari sat=1 tors=8 st=3848 hmax=1191 pr=60 surv=17 ex=13 bad=0 hits=0 t=1s
  F2 c6/c8@t0=329: rank[4,4] g=4 src=pari sat=1 tors=4 st=11988 hmax=151 pr=60 surv=25 ex=21 bad=0 hits=0 t=1s
  F3 c1/c3@t0=329: rank[1,1] g=1 src=pari sat=1 tors=4 st=100 hmax=1069 pr=60 surv=9 ex=7 bad=0 hits=0 t=1s
  F3 c1/c5@t0=329: rank[3,3] g=3 src=pari sat=1 tors=4 st=12004 hmax=1182 pr=60 surv=9 ex=7 bad=0 hits=0 t=1s
  F3 c1/c6@t0=329: rank[5,5] g=5 src=pari sat=1 tors=4 st=11932 hmax=59 pr=60 surv=29 ex=25 bad=0 hits=0 t=1s
  F3 c1/c7@t0=329: rank[5,5] g=5 src=pari sat=1 tors=4 st=11932 hmax=59 pr=60 surv=17 ex=13 bad=0 hits=0 t=1s
  F3 c3/c5@t0=1189: rank[4,4] g=4 src=pari sat=1 tors=4 st=11988 hmax=151 pr=60 surv=21 ex=17 bad=0 hits=0 t=1s
  F3 c6/c3@t0=329: rank[5,5] g=5 src=pari sat=1 tors=4 st=11932 hmax=59 pr=60 surv=25 ex=23 bad=0 hits=0 t=1s
  F3 c7/c3@t0=329: rank[2,2] g=2 src=pari sat=1 tors=4 st=2540 hmax=1192 pr=60 surv=21 ex=15 bad=0 hits=0 t=1s
  F3 c6/c5@t0=329: rank[4,4] g=4 src=pari sat=1 tors=4 st=11988 hmax=151 pr=60 surv=34 ex=32 bad=0 hits=0 t=1s
  F3 c7/c5@t0=329: rank[2,2] g=2 src=pari sat=1 tors=4 st=1788 hmax=1183 pr=60 surv=9 ex=7 bad=0 hits=0 t=1s
  F3 c6/c7@t0=329: rank[4,4] g=4 src=pari sat=1 tors=4 st=11988 hmax=151 pr=60 surv=34 ex=30 bad=0 hits=0 t=1s
  F4 c2/c3@t0=329: rank[1,1] g=1 src=pari sat=1 tors=4 st=100 hmax=1069 pr=60 surv=9 ex=5 bad=0 hits=0 t=1s
  F4 c2/c5@t0=329: rank[3,3] g=3 src=pari sat=1 tors=4 st=12004 hmax=1182 pr=60 surv=9 ex=5 bad=0 hits=0 t=1s
  F4 c2/c6@t0=329: rank[5,5] g=5 src=pari sat=1 tors=4 st=11932 hmax=59 pr=60 surv=29 ex=25 bad=0 hits=0 t=1s
  F4 c2/c7@t0=329: rank[5,5] g=5 src=pari sat=1 tors=4 st=11932 hmax=59 pr=60 surv=17 ex=13 bad=0 hits=0 t=1s
  F4 c3/c5@t0=329: rank[1,1] g=1 src=pari sat=1 tors=4 st=100 hmax=1117 pr=60 surv=9 ex=5 bad=0 hits=0 t=1s
  F4 c3/c6@t0=329: rank[1,1] g=1 src=pari sat=1 tors=4 st=100 hmax=1069 pr=60 surv=9 ex=5 bad=0 hits=0 t=1s
  F4 c3/c7@t0=329: rank[1,1] g=1 src=pari sat=1 tors=4 st=100 hmax=1117 pr=60 surv=9 ex=5 bad=0 hits=0 t=1s
  F4 c5/c6@t0=329: rank[2,2] g=2 src=pari sat=1 tors=4 st=2540 hmax=1192 pr=60 surv=21 ex=13 bad=0 hits=0 t=1s
  F4 c5/c7@t0=329: rank[3,3] g=3 src=pari sat=3 tors=4 st=12004 hmax=384 pr=60 surv=9 ex=5 bad=0 hits=0 t=1s
  F4 c6/c7@t0=329: rank[4,4] g=4 src=pari sat=1 tors=4 st=11988 hmax=151 pr=60 surv=21 ex=17 bad=0 hits=0 t=1s
== (P,Q)=(1649,1057) C=1918225 SQ
  F1 c0/c2@t0=1057: rank[3,3] g=3 src=pari sat=1 tors=4 st=12004 hmax=373 pr=60 surv=18 ex=14 bad=0 hits=0 t=1s
  F1 c0/c3@t0=1057: rank[3,3] g=3 src=pari sat=1 tors=4 st=12004 hmax=477 pr=60 surv=25 ex=21 bad=0 hits=0 t=1s
  F1 c0/c6@t0=1057: rank[2,2] g=2 src=pari sat=1 tors=8 st=3448 hmax=1198 pr=60 surv=21 ex=17 bad=0 hits=0 t=1s
  F1 c0/c8@t0=1057: rank[1,1] g=1 src=pari sat=1 tors=8 st=200 hmax=1048 pr=60 surv=17 ex=13 bad=0 hits=0 t=1s
  F1 c2/c3@t0=1057: rank[3,3] g=3 src=pari sat=1 tors=4 st=12004 hmax=477 pr=60 surv=25 ex=21 bad=0 hits=0 t=1s
  F1 c2/c6@t0=1057: rank[2,2] g=2 src=pari sat=1 tors=8 st=2360 hmax=1195 pr=60 surv=17 ex=13 bad=0 hits=0 t=1s
  F1 c2/c8@t0=1057: rank[3,3] g=3 src=pari sat=1 tors=4 st=12004 hmax=484 pr=60 surv=18 ex=14 bad=0 hits=0 t=1s
  F1 c3/c6@t0=1057: rank[4,4] g=4 src=pari sat=1 tors=4 st=11932 hmax=181 pr=60 surv=17 ex=13 bad=0 hits=0 t=1s
  F1 c3/c8@t0=1057: rank[4,4] g=4 src=pari sat=1 tors=4 st=11932 hmax=181 pr=60 surv=18 ex=14 bad=0 hits=0 t=1s
  F1 c6/c8@t0=1057: rank[3,3] g=3 src=pari sat=1 tors=4 st=11948 hmax=574 pr=60 surv=19 ex=15 bad=0 hits=0 t=1s
  F2 c2/c3@t0=1057: rank[3,3] g=3 src=pari sat=1 tors=4 st=12004 hmax=373 pr=60 surv=19 ex=15 bad=0 hits=0 t=1s
  F2 c2/c5@t0=1057: rank[3,3] g=3 src=pari sat=1 tors=4 st=12004 hmax=373 pr=60 surv=18 ex=14 bad=0 hits=0 t=1s
  F2 c2/c6@t0=1057: rank[3,3] g=3 src=pari sat=1 tors=4 st=12004 hmax=397 pr=60 surv=55 ex=51 bad=0 hits=0 t=1s
  F2 c2/c8@t0=1057: rank[3,3] g=3 src=pari sat=1 tors=4 st=12004 hmax=397 pr=60 surv=54 ex=50 bad=0 hits=0 t=1s
  F2 c3/c5@t0=1057: rank[3,3] g=3 src=pari sat=1 tors=4 st=12004 hmax=477 pr=60 surv=25 ex=21 bad=0 hits=0 t=1s
  F2 c3/c6@t0=1057: rank[3,3] g=3 src=pari sat=1 tors=4 st=12004 hmax=484 pr=60 surv=18 ex=14 bad=0 hits=0 t=1s
  F2 c3/c8@t0=1057: rank[2,2] g=2 src=pari sat=1 tors=8 st=2360 hmax=1195 pr=60 surv=17 ex=13 bad=0 hits=0 t=1s
  F2 c5/c6@t0=1057: rank[2,2] g=2 src=pari sat=1 tors=8 st=3448 hmax=1198 pr=60 surv=21 ex=17 bad=0 hits=0 t=1s
  F2 c5/c8@t0=1057: rank[1,1] g=1 src=pari sat=1 tors=8 st=200 hmax=1048 pr=60 surv=17 ex=13 bad=0 hits=0 t=1s
  F2 c6/c8@t0=1057: rank[4,4] g=4 src=pari sat=1 tors=4 st=11924 hmax=126 pr=60 surv=33 ex=29 bad=0 hits=0 t=1s
  F3 c1/c3@t0=1057: rank[1,1] g=1 src=pari sat=1 tors=4 st=100 hmax=1088 pr=60 surv=9 ex=7 bad=0 hits=0 t=1s
  F3 c1/c5@t0=1057: rank[1,1] g=1 src=pari sat=1 tors=4 st=68 hmax=951 pr=60 surv=9 ex=7 bad=0 hits=0 t=1s
  F3 c1/c6@t0=1057: rank[3,3] g=3 src=pari sat=1 tors=4 st=12004 hmax=397 pr=60 surv=17 ex=13 bad=0 hits=0 t=1s
  F3 c1/c7@t0=1057: rank[3,3] g=3 src=pari sat=1 tors=4 st=12004 hmax=397 pr=60 surv=23 ex=19 bad=0 hits=0 t=1s
  F3 c3/c5@t0=1385: rank[4,4] g=4 src=pari sat=1 tors=4 st=11924 hmax=126 pr=60 surv=33 ex=29 bad=0 hits=0 t=1s
  F3 c6/c3@t0=1057: rank[3,3] g=3 src=pari sat=1 tors=4 st=12004 hmax=397 pr=60 surv=17 ex=15 bad=0 hits=0 t=1s
  F3 c7/c3@t0=1057: rank[3,3] g=3 src=pari sat=1 tors=4 st=11956 hmax=490 pr=60 surv=72 ex=66 bad=0 hits=0 t=1s
  F3 c6/c5@t0=1057: rank[4,4] g=4 src=pari sat=1 tors=4 st=11924 hmax=126 pr=60 surv=33 ex=31 bad=0 hits=0 t=1s
  F3 c7/c5@t0=1057: rank[2,2] g=2 src=pari sat=1 tors=4 st=1868 hmax=1200 pr=60 surv=9 ex=7 bad=0 hits=0 t=1s
  F3 c6/c7@t0=1057: rank[4,4] g=4 src=pari sat=1 tors=4 st=11924 hmax=126 pr=60 surv=23 ex=19 bad=0 hits=0 t=1s
  F4 c2/c3@t0=1057: rank[1,1] g=1 src=pari sat=1 tors=4 st=100 hmax=1088 pr=60 surv=9 ex=5 bad=0 hits=0 t=1s
  F4 c2/c5@t0=1057: rank[1,1] g=1 src=pari sat=1 tors=4 st=68 hmax=951 pr=60 surv=9 ex=5 bad=0 hits=0 t=1s
  F4 c2/c6@t0=1057: rank[3,3] g=3 src=pari sat=1 tors=4 st=12004 hmax=397 pr=60 surv=21 ex=17 bad=0 hits=0 t=1s
  F4 c2/c7@t0=1057: rank[3,3] g=3 src=pari sat=1 tors=4 st=12004 hmax=397 pr=60 surv=21 ex=17 bad=0 hits=0 t=1s
  F4 c3/c5@t0=1057: rank[2,2] g=2 src=pari sat=1 tors=4 st=1068 hmax=1191 pr=60 surv=9 ex=5 bad=0 hits=0 t=1s
  F4 c3/c6@t0=1057: rank[1,1] g=1 src=pari sat=1 tors=4 st=100 hmax=1088 pr=60 surv=9 ex=5 bad=0 hits=0 t=1s
  F4 c3/c7@t0=1057: rank[2,2] g=2 src=pari sat=1 tors=4 st=1068 hmax=1191 pr=60 surv=9 ex=5 bad=0 hits=0 t=1s
  F4 c5/c6@t0=1057: rank[3,3] g=3 src=pari sat=1 tors=4 st=11956 hmax=490 pr=60 surv=61 ex=53 bad=0 hits=0 t=1s
  F4 c5/c7@t0=1057: rank[2,2] g=2 src=pari sat=1 tors=4 st=2084 hmax=1194 pr=60 surv=9 ex=5 bad=0 hits=0 t=1s
  F4 c6/c7@t0=1057: rank[4,4] g=4 src=pari sat=1 tors=4 st=11924 hmax=126 pr=60 surv=33 ex=29 bad=0 hits=0 t=1s
== (P,Q)=(1657,1127) C=2007889 SQ
  F1 c0/c2@t0=1127: rank[3,3] g=3 src=pari sat=1 tors=4 st=12004 hmax=424 pr=60 surv=22 ex=18 bad=0 hits=0 t=1s
  F1 c0/c3@t0=1127: rank[3,3] g=3 src=pari sat=1 tors=4 st=12004 hmax=342 pr=60 surv=25 ex=21 bad=0 hits=0 t=1s
  F1 c0/c6@t0=1127: rank[2,2] g=2 src=pari sat=1 tors=8 st=2536 hmax=1196 pr=60 surv=17 ex=13 bad=0 hits=0 t=1s
  F1 c0/c8@t0=1127: rank[3,3] g=3 src=pari sat=1 tors=8 st=24008 hmax=461 pr=60 surv=59 ex=55 bad=0 hits=0 t=1s
  F1 c2/c3@t0=1127: rank[3,3] g=3 src=pari sat=1 tors=4 st=12004 hmax=342 pr=60 surv=29 ex=25 bad=0 hits=0 t=1s
  F1 c2/c6@t0=1127: rank[1,1] g=1 src=pari sat=1 tors=8 st=200 hmax=1037 pr=60 surv=17 ex=13 bad=0 hits=0 t=1s
  F1 c2/c8@t0=1127: rank[3,3] g=3 src=pari sat=1 tors=4 st=12004 hmax=536 pr=60 surv=45 ex=41 bad=0 hits=0 t=1s
  F1 c3/c6@t0=1127: rank[1,3] g=3 src=pari+mw sat=1 tors=4 st=12004 hmax=599 pr=60 surv=17 ex=13 bad=0 hits=0 t=1s
  F1 c3/c8@t0=1127: rank[1,3] g=3 src=pari+mw sat=1 tors=4 st=12004 hmax=599 pr=60 surv=18 ex=14 bad=0 hits=0 t=1s
  F1 c6/c8@t0=1127: rank[4,4] g=4 src=pari sat=3 tors=4 st=11924 hmax=262 pr=60 surv=18 ex=14 bad=0 hits=0 t=1s
  F2 c2/c3@t0=1127: rank[3,3] g=3 src=pari sat=1 tors=4 st=12004 hmax=424 pr=60 surv=32 ex=28 bad=0 hits=0 t=1s
  F2 c2/c5@t0=1127: rank[3,3] g=3 src=pari sat=1 tors=4 st=12004 hmax=424 pr=60 surv=29 ex=25 bad=0 hits=0 t=0s
  F2 c2/c6@t0=1127: rank[2,2] g=2 src=pari sat=1 tors=4 st=2852 hmax=1196 pr=60 surv=18 ex=14 bad=0 hits=0 t=1s
  F2 c2/c8@t0=1127: rank[2,2] g=2 src=pari sat=1 tors=4 st=2852 hmax=1196 pr=60 surv=18 ex=14 bad=0 hits=0 t=1s
  F2 c3/c5@t0=1127: rank[3,3] g=3 src=pari sat=1 tors=4 st=12004 hmax=342 pr=60 surv=25 ex=21 bad=0 hits=0 t=0s
  F2 c3/c6@t0=1127: rank[3,3] g=3 src=pari sat=1 tors=4 st=12004 hmax=536 pr=60 surv=29 ex=25 bad=0 hits=0 t=1s
  F2 c3/c8@t0=1127: rank[1,1] g=1 src=pari sat=1 tors=8 st=200 hmax=1037 pr=60 surv=17 ex=13 bad=0 hits=0 t=1s
  F2 c5/c6@t0=1127: rank[2,2] g=2 src=pari sat=1 tors=8 st=2536 hmax=1196 pr=60 surv=17 ex=13 bad=0 hits=0 t=0s
  F2 c5/c8@t0=1127: rank[3,3] g=3 src=pari sat=1 tors=8 st=24008 hmax=461 pr=60 surv=59 ex=55 bad=0 hits=0 t=0s
  F2 c6/c8@t0=1127: rank[3,3] g=3 src=pari sat=1 tors=4 st=11932 hmax=427 pr=60 surv=42 ex=38 bad=0 hits=0 t=1s
  F3 c1/c3@t0=1127: rank[2,2] g=1 INC src=pari+mw sat=1 tors=4 st=100 hmax=1090 pr=60 surv=9 ex=7 bad=0 hits=0 t=8s
  F3 c1/c5@t0=1127: rank[2,2] g=1 INC src=pari+mw sat=1 tors=4 st=68 hmax=953 pr=60 surv=9 ex=7 bad=0 hits=0 t=6s
  F3 c1/c6@t0=1127: rank[2,2] g=2 src=pari sat=1 tors=4 st=2852 hmax=1196 pr=60 surv=17 ex=13 bad=0 hits=0 t=0s
  F3 c1/c7@t0=1127: rank[2,2] g=2 src=pari sat=1 tors=4 st=2852 hmax=1196 pr=60 surv=17 ex=13 bad=0 hits=0 t=0s
  F3 c3/c5@t0=1417: rank[3,3] g=3 src=pari sat=1 tors=4 st=11932 hmax=427 pr=60 surv=26 ex=22 bad=0 hits=0 t=0s
  F3 c6/c3@t0=1127: rank[2,2] g=2 src=pari sat=1 tors=4 st=2852 hmax=1196 pr=60 surv=17 ex=15 bad=0 hits=0 t=0s
  F3 c7/c3@t0=1127: rank[1,1] g=1 src=pari sat=1 tors=4 st=148 hmax=1188 pr=60 surv=13 ex=7 bad=0 hits=0 t=0s
  F3 c6/c5@t0=1127: rank[3,3] g=3 src=pari sat=1 tors=4 st=11932 hmax=427 pr=60 surv=18 ex=16 bad=0 hits=0 t=0s
  F3 c7/c5@t0=1127: rank[2,2] g=2 src=pari sat=1 tors=4 st=1596 hmax=1188 pr=60 surv=9 ex=7 bad=0 hits=0 t=0s
  F3 c6/c7@t0=1127: rank[3,3] g=3 src=pari sat=1 tors=4 st=11932 hmax=427 pr=60 surv=18 ex=14 bad=0 hits=0 t=0s
  F4 c2/c3@t0=1127: rank[2,2] g=1 INC src=pari+mw sat=1 tors=4 st=100 hmax=1090 pr=60 surv=9 ex=5 bad=0 hits=0 t=0s
  F4 c2/c5@t0=1127: rank[2,2] g=1 INC src=pari+mw sat=1 tors=4 st=68 hmax=953 pr=60 surv=9 ex=5 bad=0 hits=0 t=0s
  F4 c2/c6@t0=1127: rank[2,2] g=2 src=pari sat=1 tors=4 st=2852 hmax=1196 pr=60 surv=17 ex=13 bad=0 hits=0 t=0s
  F4 c2/c7@t0=1127: rank[2,2] g=2 src=pari sat=1 tors=4 st=2852 hmax=1196 pr=60 surv=17 ex=13 bad=0 hits=0 t=0s
  F4 c3/c5@t0=1127: rank[1,1] g=1 src=pari sat=1 tors=4 st=100 hmax=1115 pr=60 surv=9 ex=5 bad=0 hits=0 t=0s
  F4 c3/c6@t0=1127: rank[2,2] g=1 INC src=pari+mw sat=1 tors=4 st=100 hmax=1090 pr=60 surv=9 ex=5 bad=0 hits=0 t=8s
  F4 c3/c7@t0=1127: rank[1,1] g=1 src=pari sat=1 tors=4 st=100 hmax=1115 pr=60 surv=9 ex=5 bad=0 hits=0 t=0s
  F4 c5/c6@t0=1127: rank[1,1] g=1 src=pari sat=1 tors=4 st=148 hmax=1188 pr=60 surv=13 ex=5 bad=0 hits=0 t=0s
  F4 c5/c7@t0=1127: rank[2,2] g=2 src=pari sat=1 tors=4 st=1716 hmax=1190 pr=60 surv=17 ex=13 bad=0 hits=0 t=0s
  F4 c6/c7@t0=1127: rank[3,3] g=3 src=pari sat=1 tors=4 st=11932 hmax=427 pr=60 surv=26 ex=22 bad=0 hits=0 t=0s
== (P,Q)=(1663,1207) C=2111209 SQ
  F1 c0/c2@t0=1207: rank[2,2] g=2 src=pari sat=1 tors=4 st=2940 hmax=1195 pr=60 surv=25 ex=21 bad=0 hits=0 t=0s
  F1 c0/c3@t0=1207: rank[2,2] g=2 src=pari sat=1 tors=4 st=2740 hmax=1193 pr=60 surv=17 ex=13 bad=0 hits=0 t=0s
  F1 c0/c6@t0=1207: rank[1,1] g=1 src=pari sat=1 tors=8 st=200 hmax=1048 pr=60 surv=17 ex=13 bad=0 hits=0 t=0s
  F1 c0/c8@t0=1207: rank[2,2] g=1 INC src=pari+mw sat=1 tors=8 st=200 hmax=1053 pr=60 surv=17 ex=13 bad=0 hits=0 t=9s
  F1 c2/c3@t0=1207: rank[2,2] g=2 src=pari sat=1 tors=4 st=2740 hmax=1193 pr=60 surv=17 ex=13 bad=0 hits=0 t=0s
  F1 c2/c6@t0=1207: rank[1,3] g=1 INC src=pari+mw sat=1 tors=8 st=200 hmax=1042 pr=60 surv=17 ex=13 bad=0 hits=0 t=38s
  F1 c2/c8@t0=1207: rank[4,4] g=4 src=pari sat=1 tors=4 st=12004 hmax=161 pr=60 surv=33 ex=29 bad=0 hits=0 t=1s
  F1 c3/c6@t0=1207: rank[1,3] g=2 INC src=pari+mw sat=1 tors=4 st=2740 hmax=1192 pr=60 surv=18 ex=14 bad=0 hits=0 t=27s
  F1 c3/c8@t0=1207: rank[1,3] g=2 INC src=pari+mw sat=1 tors=4 st=2740 hmax=1192 pr=60 surv=17 ex=13 bad=0 hits=0 t=1s
  F1 c6/c8@t0=1207: rank[4,4] g=4 src=pari sat=1 tors=4 st=11868 hmax=214 pr=60 surv=27 ex=23 bad=0 hits=0 t=1s
  F2 c2/c3@t0=1207: rank[2,2] g=2 src=pari sat=1 tors=4 st=2940 hmax=1195 pr=60 surv=25 ex=21 bad=0 hits=0 t=1s
  F2 c2/c5@t0=1207: rank[2,2] g=2 src=pari sat=1 tors=4 st=2940 hmax=1195 pr=60 surv=25 ex=21 bad=0 hits=0 t=1s
  F2 c2/c6@t0=1207: rank[2,2] g=2 src=pari sat=1 tors=4 st=2852 hmax=1197 pr=60 surv=17 ex=13 bad=0 hits=0 t=1s
  F2 c2/c8@t0=1207: rank[2,2] g=2 src=pari sat=1 tors=4 st=2852 hmax=1197 pr=60 surv=18 ex=14 bad=0 hits=0 t=1s
  F2 c3/c5@t0=1207: rank[2,2] g=2 src=pari sat=1 tors=4 st=2740 hmax=1193 pr=60 surv=17 ex=13 bad=0 hits=0 t=1s
  F2 c3/c6@t0=1207: rank[4,4] g=4 src=pari sat=1 tors=4 st=12004 hmax=161 pr=60 surv=33 ex=29 bad=0 hits=0 t=1s
  F2 c3/c8@t0=1207: rank[1,3] g=1 INC src=pari+mw sat=1 tors=8 st=200 hmax=1042 pr=60 surv=17 ex=13 bad=0 hits=0 t=29s
  F2 c5/c6@t0=1207: rank[1,1] g=1 src=pari sat=1 tors=8 st=200 hmax=1048 pr=60 surv=17 ex=13 bad=0 hits=0 t=0s
  F2 c5/c8@t0=1207: rank[2,2] g=1 INC src=pari+mw sat=1 tors=8 st=200 hmax=1053 pr=60 surv=17 ex=13 bad=0 hits=0 t=9s
  F2 c6/c8@t0=1207: rank[3,3] g=3 src=pari sat=1 tors=4 st=12004 hmax=570 pr=60 surv=18 ex=14 bad=0 hits=0 t=1s
  F3 c1/c3@t0=1207: rank[2,2] g=2 src=pari sat=1 tors=4 st=1868 hmax=1199 pr=60 surv=9 ex=7 bad=0 hits=0 t=1s
  F3 c1/c5@t0=1207: rank[2,2] g=2 src=pari sat=1 tors=4 st=1292 hmax=1187 pr=60 surv=9 ex=7 bad=0 hits=0 t=0s
  F3 c1/c6@t0=1207: rank[2,2] g=2 src=pari sat=1 tors=4 st=2852 hmax=1197 pr=60 surv=17 ex=13 bad=0 hits=0 t=0s
  F3 c1/c7@t0=1207: rank[2,2] g=2 src=pari sat=1 tors=4 st=2852 hmax=1197 pr=60 surv=17 ex=13 bad=0 hits=0 t=0s
  F3 c3/c5@t0=1453: rank[3,3] g=3 src=pari sat=1 tors=4 st=12004 hmax=570 pr=60 surv=17 ex=13 bad=0 hits=0 t=0s
  F3 c6/c3@t0=1207: rank[2,2] g=2 src=pari sat=1 tors=4 st=2852 hmax=1197 pr=60 surv=19 ex=17 bad=0 hits=0 t=0s
  F3 c7/c3@t0=1207: rank[3,3] g=3 src=pari sat=1 tors=4 st=12004 hmax=344 pr=60 surv=65 ex=59 bad=0 hits=0 t=0s
  F3 c6/c5@t0=1207: rank[3,3] g=3 src=pari sat=1 tors=4 st=12004 hmax=570 pr=60 surv=21 ex=19 bad=0 hits=0 t=0s
  F3 c7/c5@t0=1207: rank[2,2] g=2 src=pari sat=1 tors=4 st=1204 hmax=1185 pr=60 surv=9 ex=7 bad=0 hits=0 t=0s
  F3 c6/c7@t0=1207: rank[3,3] g=3 src=pari sat=1 tors=4 st=12004 hmax=570 pr=60 surv=21 ex=17 bad=0 hits=0 t=0s
  F4 c2/c3@t0=1207: rank[2,2] g=2 src=pari sat=1 tors=4 st=1868 hmax=1199 pr=60 surv=9 ex=5 bad=0 hits=0 t=0s
  F4 c2/c5@t0=1207: rank[2,2] g=2 src=pari sat=1 tors=4 st=1292 hmax=1187 pr=60 surv=9 ex=5 bad=0 hits=0 t=0s
  F4 c2/c6@t0=1207: rank[2,2] g=2 src=pari sat=1 tors=4 st=2852 hmax=1197 pr=60 surv=19 ex=15 bad=0 hits=0 t=0s
  F4 c2/c7@t0=1207: rank[2,2] g=2 src=pari sat=1 tors=4 st=2852 hmax=1197 pr=60 surv=17 ex=13 bad=0 hits=0 t=0s
  F4 c3/c5@t0=1207: rank[2,2] g=2 src=pari sat=1 tors=4 st=1628 hmax=1199 pr=60 surv=9 ex=5 bad=0 hits=0 t=0s
  F4 c3/c6@t0=1207: rank[2,2] g=2 src=pari sat=1 tors=4 st=1868 hmax=1199 pr=60 surv=9 ex=5 bad=0 hits=0 t=0s
  F4 c3/c7@t0=1207: rank[2,2] g=2 src=pari sat=1 tors=4 st=1628 hmax=1199 pr=60 surv=9 ex=5 bad=0 hits=0 t=0s
  F4 c5/c6@t0=1207: rank[3,3] g=3 src=pari sat=1 tors=4 st=12004 hmax=344 pr=60 surv=57 ex=49 bad=0 hits=0 t=0s
  F4 c5/c7@t0=1207: rank[1,1] g=1 src=pari sat=1 tors=4 st=100 hmax=1094 pr=60 surv=9 ex=5 bad=0 hits=0 t=0s
  F4 c6/c7@t0=1207: rank[3,3] g=3 src=pari sat=1 tors=4 st=12004 hmax=570 pr=60 surv=17 ex=13 bad=0 hits=0 t=0s
== (P,Q)=(1673,1343) C=2301289 SQ
  F1 c0/c2@t0=1343: rank[3,3] g=3 src=pari sat=1 tors=4 st=12004 hmax=699 pr=60 surv=17 ex=13 bad=0 hits=0 t=0s
  F1 c0/c3@t0=1343: rank[3,3] g=3 src=pari sat=1 tors=4 st=11900 hmax=665 pr=60 surv=18 ex=14 bad=0 hits=0 t=0s
  F1 c0/c6@t0=1343: rank[1,1] g=1 src=pari sat=1 tors=8 st=200 hmax=1054 pr=60 surv=17 ex=13 bad=0 hits=0 t=0s
  F1 c0/c8@t0=1343: rank[3,3] g=3 src=pari sat=1 tors=8 st=23944 hmax=673 pr=60 surv=84 ex=80 bad=0 hits=0 t=0s
  F1 c2/c3@t0=1343: rank[3,3] g=3 src=pari sat=1 tors=4 st=11900 hmax=665 pr=60 surv=20 ex=16 bad=0 hits=0 t=0s
  F1 c2/c6@t0=1343: rank[1,1] g=1 src=pari sat=1 tors=8 st=200 hmax=1051 pr=60 surv=17 ex=13 bad=0 hits=0 t=0s
  F1 c2/c8@t0=1343: rank[3,3] g=3 src=pari sat=1 tors=4 st=12004 hmax=557 pr=60 surv=66 ex=62 bad=0 hits=0 t=0s
  F1 c3/c6@t0=1343: rank[3,3] g=3 src=pari sat=1 tors=4 st=12004 hmax=416 pr=60 surv=19 ex=15 bad=0 hits=0 t=0s
  F1 c3/c8@t0=1343: rank[3,3] g=3 src=pari sat=1 tors=4 st=12004 hmax=416 pr=60 surv=19 ex=15 bad=0 hits=0 t=0s
  F1 c6/c8@t0=1343: rank[2,2] g=2 src=pari sat=1 tors=4 st=2900 hmax=1196 pr=60 surv=17 ex=13 bad=0 hits=0 t=0s
  F2 c2/c3@t0=1343: rank[3,3] g=3 src=pari sat=1 tors=4 st=12004 hmax=699 pr=60 surv=17 ex=13 bad=0 hits=0 t=0s
  F2 c2/c5@t0=1343: rank[3,3] g=3 src=pari sat=1 tors=4 st=12004 hmax=699 pr=60 surv=17 ex=13 bad=0 hits=0 t=0s
  F2 c2/c6@t0=1343: rank[4,4] g=4 src=pari sat=1 tors=4 st=12004 hmax=118 pr=60 surv=19 ex=15 bad=0 hits=0 t=1s
  F2 c2/c8@t0=1343: rank[4,4] g=4 src=pari sat=1 tors=4 st=12004 hmax=118 pr=60 surv=19 ex=15 bad=0 hits=0 t=0s
  F2 c3/c5@t0=1343: rank[3,3] g=3 src=pari sat=1 tors=4 st=11900 hmax=665 pr=60 surv=26 ex=22 bad=0 hits=0 t=0s
  F2 c3/c6@t0=1343: rank[3,3] g=3 src=pari sat=1 tors=4 st=12004 hmax=557 pr=60 surv=66 ex=62 bad=0 hits=0 t=1s
  F2 c3/c8@t0=1343: rank[1,1] g=1 src=pari sat=1 tors=8 st=200 hmax=1051 pr=60 surv=17 ex=13 bad=0 hits=0 t=0s
  F2 c5/c6@t0=1343: rank[1,1] g=1 src=pari sat=1 tors=8 st=200 hmax=1054 pr=60 surv=17 ex=13 bad=0 hits=0 t=0s
  F2 c5/c8@t0=1343: rank[3,3] g=3 src=pari sat=1 tors=8 st=23944 hmax=673 pr=60 surv=84 ex=80 bad=0 hits=0 t=0s
  F2 c6/c8@t0=1343: rank[3,3] g=3 src=pari sat=1 tors=4 st=11996 hmax=343 pr=60 surv=27 ex=23 bad=0 hits=0 t=0s
  F3 c1/c3@t0=1343: rank[1,1] g=1 src=pari sat=1 tors=4 st=100 hmax=1097 pr=60 surv=9 ex=7 bad=0 hits=0 t=0s
  F3 c1/c5@t0=1343: rank[2,2] g=2 src=pari sat=1 tors=4 st=1372 hmax=1191 pr=60 surv=9 ex=7 bad=0 hits=0 t=1s
  F3 c1/c6@t0=1343: rank[4,4] g=4 src=pari sat=3 tors=4 st=12004 hmax=118 pr=60 surv=17 ex=13 bad=0 hits=0 t=1s
  F3 c1/c7@t0=1343: rank[4,4] g=4 src=pari sat=3 tors=4 st=12004 hmax=118 pr=60 surv=21 ex=17 bad=0 hits=0 t=1s
  F3 c3/c5@t0=1517: rank[3,3] g=3 src=pari sat=1 tors=4 st=11996 hmax=343 pr=60 surv=27 ex=23 bad=0 hits=0 t=1s
  F3 c6/c3@t0=1343: rank[4,4] g=4 src=pari sat=3 tors=4 st=12004 hmax=118 pr=60 surv=17 ex=15 bad=0 hits=0 t=1s
  F3 c7/c3@t0=1343: rank[2,2] g=2 src=pari sat=1 tors=4 st=3700 hmax=1199 pr=60 surv=13 ex=7 bad=0 hits=0 t=1s
  F3 c6/c5@t0=1343: rank[3,3] g=3 src=pari sat=1 tors=4 st=11996 hmax=343 pr=60 surv=17 ex=15 bad=0 hits=0 t=1s
  F3 c7/c5@t0=1343: rank[3,3] g=3 src=pari sat=1 tors=4 st=11988 hmax=555 pr=60 surv=17 ex=15 bad=0 hits=0 t=0s
  F3 c6/c7@t0=1343: rank[3,3] g=3 src=pari sat=1 tors=4 st=11996 hmax=343 pr=60 surv=17 ex=13 bad=0 hits=0 t=0s
  F4 c2/c3@t0=1343: rank[1,1] g=1 src=pari sat=1 tors=4 st=100 hmax=1097 pr=60 surv=9 ex=5 bad=0 hits=0 t=0s
  F4 c2/c5@t0=1343: rank[2,2] g=2 src=pari sat=1 tors=4 st=1372 hmax=1191 pr=60 surv=9 ex=5 bad=0 hits=0 t=0s
  F4 c2/c6@t0=1343: rank[4,4] g=4 src=pari sat=1 tors=4 st=12004 hmax=118 pr=60 surv=17 ex=13 bad=0 hits=0 t=0s
  F4 c2/c7@t0=1343: rank[4,4] g=4 src=pari sat=1 tors=4 st=12004 hmax=118 pr=60 surv=26 ex=22 bad=0 hits=0 t=0s
  F4 c3/c5@t0=1343: rank[3,3] g=3 src=pari sat=1 tors=4 st=12004 hmax=402 pr=60 surv=25 ex=21 bad=0 hits=0 t=0s
  F4 c3/c6@t0=1343: rank[1,1] g=1 src=pari sat=1 tors=4 st=100 hmax=1097 pr=60 surv=9 ex=5 bad=0 hits=0 t=0s
  F4 c3/c7@t0=1343: rank[3,3] g=3 src=pari sat=1 tors=4 st=12004 hmax=402 pr=60 surv=14 ex=10 bad=0 hits=0 t=0s
  F4 c5/c6@t0=1343: rank[2,2] g=2 src=pari sat=1 tors=4 st=3700 hmax=1199 pr=60 surv=13 ex=5 bad=0 hits=0 t=0s
  F4 c5/c7@t0=1343: rank[2,2] g=2 src=pari sat=1 tors=4 st=2340 hmax=1200 pr=60 surv=9 ex=5 bad=0 hits=0 t=0s
  F4 c6/c7@t0=1343: rank[3,3] g=3 src=pari sat=1 tors=4 st=11996 hmax=343 pr=60 surv=27 ex=23 bad=0 hits=0 t=0s
== (P,Q)=(1673,1361) C=2325625 SQ
  F1 c0/c2@t0=1361: rank[1,3] g=3 src=pari+mw sat=1 tors=4 st=12004 hmax=1150 pr=60 surv=23 ex=19 bad=0 hits=0 t=2s
  F1 c0/c3@t0=1361: rank[3,3] g=3 src=pari sat=1 tors=4 st=11860 hmax=786 pr=60 surv=33 ex=29 bad=0 hits=0 t=0s
  F1 c0/c6@t0=1361: rank[2,2] g=2 src=pari sat=1 tors=8 st=2248 hmax=1191 pr=60 surv=17 ex=13 bad=0 hits=0 t=0s
  F1 c0/c8@t0=1361: rank[2,2] g=2 src=pari sat=1 tors=8 st=2360 hmax=1195 pr=60 surv=17 ex=13 bad=0 hits=0 t=0s
  F1 c2/c3@t0=1361: rank[3,3] g=3 src=pari sat=1 tors=4 st=11860 hmax=786 pr=60 surv=33 ex=29 bad=0 hits=0 t=0s
  F1 c2/c6@t0=1361: rank[1,1] g=1 src=pari sat=1 tors=8 st=200 hmax=1052 pr=60 surv=17 ex=13 bad=0 hits=0 t=0s
  F1 c2/c8@t0=1361: rank[3,3] g=3 src=pari sat=1 tors=4 st=11948 hmax=542 pr=60 surv=17 ex=13 bad=0 hits=0 t=0s
  F1 c3/c6@t0=1361: rank[2,2] g=2 src=pari+mw sat=1 tors=4 st=2732 hmax=1197 pr=60 surv=18 ex=14 bad=0 hits=0 t=59s
  F1 c3/c8@t0=1361: rank[2,2] g=2 src=pari+mw sat=1 tors=4 st=2732 hmax=1197 pr=60 surv=17 ex=13 bad=0 hits=0 t=1s
  F1 c6/c8@t0=1361: rank[4,4] g=4 src=pari sat=1 tors=4 st=11900 hmax=208 pr=60 surv=17 ex=13 bad=0 hits=0 t=1s
  F2 c2/c3@t0=1361: rank[1,3] g=3 src=pari+mw sat=1 tors=4 st=12004 hmax=1150 pr=60 surv=23 ex=19 bad=0 hits=0 t=4s
  F2 c2/c5@t0=1361: rank[1,3] g=3 src=pari+mw sat=1 tors=4 st=12004 hmax=1150 pr=60 surv=22 ex=18 bad=0 hits=0 t=1s
  F2 c2/c6@t0=1361: rank[4,4] g=4 src=pari sat=1 tors=4 st=11916 hmax=129 pr=60 surv=17 ex=13 bad=0 hits=0 t=1s
  F2 c2/c8@t0=1361: rank[4,4] g=4 src=pari sat=1 tors=4 st=11916 hmax=129 pr=60 surv=17 ex=13 bad=0 hits=0 t=1s
  F2 c3/c5@t0=1361: rank[3,3] g=3 src=pari sat=1 tors=4 st=11860 hmax=786 pr=60 surv=34 ex=30 bad=0 hits=0 t=1s
  F2 c3/c6@t0=1361: rank[3,3] g=3 src=pari sat=1 tors=4 st=11948 hmax=542 pr=60 surv=22 ex=18 bad=0 hits=0 t=1s
  F2 c3/c8@t0=1361: rank[1,1] g=1 src=pari sat=1 tors=8 st=200 hmax=1052 pr=60 surv=17 ex=13 bad=0 hits=0 t=1s
  F2 c5/c6@t0=1361: rank[2,2] g=2 src=pari sat=1 tors=8 st=2248 hmax=1191 pr=60 surv=17 ex=13 bad=0 hits=0 t=1s
  F2 c5/c8@t0=1361: rank[2,2] g=2 src=pari sat=1 tors=8 st=2360 hmax=1195 pr=60 surv=17 ex=13 bad=0 hits=0 t=1s
  F2 c6/c8@t0=1361: rank[4,4] g=4 src=pari sat=1 tors=4 st=11996 hmax=151 pr=60 surv=18 ex=14 bad=0 hits=0 t=1s
  F3 c1/c3@t0=1361: rank[3,3] g=3 src=pari sat=1 tors=4 st=11948 hmax=920 pr=60 surv=27 ex=25 bad=0 hits=0 t=1s
  F3 c1/c5@t0=1361: rank[2,2] g=1 INC src=pari+mw sat=1 tors=4 st=68 hmax=960 pr=60 surv=9 ex=7 bad=0 hits=0 t=11s
  F3 c1/c6@t0=1361: rank[4,4] g=4 src=pari sat=1 tors=4 st=11916 hmax=129 pr=60 surv=20 ex=16 bad=0 hits=0 t=1s
  F3 c1/c7@t0=1361: rank[4,4] g=4 src=pari sat=1 tors=4 st=11916 hmax=129 pr=60 surv=17 ex=13 bad=0 hits=0 t=1s
  F3 c3/c5@t0=1525: rank[4,4] g=4 src=pari sat=1 tors=4 st=11996 hmax=151 pr=60 surv=30 ex=26 bad=0 hits=0 t=1s
  F3 c6/c3@t0=1361: rank[4,4] g=4 src=pari sat=1 tors=4 st=11916 hmax=129 pr=60 surv=17 ex=15 bad=0 hits=0 t=1s
  F3 c7/c3@t0=1361: rank[1,1] g=1 src=pari sat=1 tors=4 st=148 hmax=1194 pr=60 surv=13 ex=7 bad=0 hits=0 t=1s
  F3 c6/c5@t0=1361: rank[4,4] g=4 src=pari sat=1 tors=4 st=11996 hmax=151 pr=60 surv=25 ex=23 bad=0 hits=0 t=1s
  F3 c7/c5@t0=1361: rank[2,2] g=2 src=pari sat=1 tors=4 st=900 hmax=1184 pr=60 surv=9 ex=7 bad=0 hits=0 t=1s
  F3 c6/c7@t0=1361: rank[4,4] g=4 src=pari sat=1 tors=4 st=11996 hmax=151 pr=60 surv=25 ex=21 bad=0 hits=0 t=1s
  F4 c2/c3@t0=1361: rank[3,3] g=3 src=pari sat=1 tors=4 st=11948 hmax=920 pr=60 surv=27 ex=23 bad=0 hits=0 t=1s
  F4 c2/c5@t0=1361: rank[2,2] g=1 INC src=pari+mw sat=1 tors=4 st=68 hmax=960 pr=60 surv=9 ex=5 bad=0 hits=0 t=10s
  F4 c2/c6@t0=1361: rank[4,4] g=4 src=pari sat=1 tors=4 st=11916 hmax=129 pr=60 surv=17 ex=13 bad=0 hits=0 t=1s
  F4 c2/c7@t0=1361: rank[4,4] g=4 src=pari sat=1 tors=4 st=11916 hmax=129 pr=60 surv=19 ex=15 bad=0 hits=0 t=1s
  F4 c3/c5@t0=1361: rank[3,3] g=3 src=pari sat=1 tors=4 st=12004 hmax=695 pr=60 surv=17 ex=13 bad=0 hits=0 t=1s
  F4 c3/c6@t0=1361: rank[3,3] g=3 src=pari sat=1 tors=4 st=11948 hmax=920 pr=60 surv=27 ex=23 bad=0 hits=0 t=1s
  F4 c3/c7@t0=1361: rank[3,3] g=3 src=pari sat=1 tors=4 st=12004 hmax=695 pr=60 surv=17 ex=13 bad=0 hits=0 t=1s
  F4 c5/c6@t0=1361: rank[1,1] g=1 src=pari sat=1 tors=4 st=148 hmax=1194 pr=60 surv=13 ex=5 bad=0 hits=0 t=1s
  F4 c5/c7@t0=1361: rank[2,2] g=2 src=pari+mw sat=1 tors=4 st=916 hmax=1192 pr=60 surv=9 ex=5 bad=0 hits=0 t=1s
  F4 c6/c7@t0=1361: rank[4,4] g=4 src=pari sat=1 tors=4 st=11996 hmax=151 pr=60 surv=30 ex=26 bad=0 hits=0 t=1s
== (P,Q)=(1679,601) C=1590121 SQ
  F1 c0/c2@t0=601: rank[2,2] g=2 src=pari+mw sat=1 tors=4 st=3060 hmax=1198 pr=60 surv=17 ex=13 bad=0 hits=0 t=1s
  F1 c0/c3@t0=601: rank[3,3] g=3 src=pari sat=1 tors=4 st=12004 hmax=615 pr=60 surv=41 ex=37 bad=0 hits=0 t=1s
  F1 c0/c6@t0=601: rank[2,2] g=2 src=pari sat=1 tors=8 st=2568 hmax=1198 pr=60 surv=25 ex=21 bad=0 hits=0 t=1s
  F1 c0/c8@t0=601: rank[1,1] g=1 src=pari sat=1 tors=8 st=200 hmax=1036 pr=60 surv=17 ex=13 bad=0 hits=0 t=1s
  F1 c2/c3@t0=601: rank[3,3] g=3 src=pari sat=1 tors=4 st=12004 hmax=615 pr=60 surv=41 ex=37 bad=0 hits=0 t=1s
  F1 c2/c6@t0=601: rank[2,2] g=2 src=pari+mw sat=1 tors=8 st=1752 hmax=1186 pr=60 surv=17 ex=13 bad=0 hits=0 t=1s
  F1 c2/c8@t0=601: rank[2,2] g=2 src=pari sat=1 tors=4 st=2364 hmax=1194 pr=60 surv=17 ex=13 bad=0 hits=0 t=1s
  F1 c3/c6@t0=601: rank[2,2] g=2 src=pari sat=1 tors=4 st=2764 hmax=1200 pr=60 surv=19 ex=15 bad=0 hits=0 t=1s
  F1 c3/c8@t0=601: rank[2,2] g=2 src=pari sat=1 tors=4 st=2764 hmax=1200 pr=60 surv=19 ex=15 bad=0 hits=0 t=1s
  F1 c6/c8@t0=601: rank[2,2] g=2 src=pari+mw sat=1 tors=4 st=2932 hmax=1195 pr=60 surv=17 ex=13 bad=0 hits=0 t=73s
  F2 c2/c3@t0=601: rank[2,2] g=2 src=pari+mw sat=1 tors=4 st=3060 hmax=1198 pr=60 surv=17 ex=13 bad=0 hits=0 t=1s
  F2 c2/c5@t0=601: rank[2,2] g=2 src=pari+mw sat=1 tors=4 st=3060 hmax=1198 pr=60 surv=18 ex=14 bad=0 hits=0 t=1s
  F2 c2/c6@t0=601: rank[2,2] g=2 src=pari sat=1 tors=4 st=2948 hmax=1195 pr=60 surv=18 ex=14 bad=0 hits=0 t=1s
  F2 c2/c8@t0=601: rank[2,2] g=2 src=pari sat=1 tors=4 st=2948 hmax=1195 pr=60 surv=18 ex=14 bad=0 hits=0 t=1s
  F2 c3/c5@t0=601: rank[3,3] g=3 src=pari sat=1 tors=4 st=12004 hmax=615 pr=60 surv=41 ex=37 bad=0 hits=0 t=1s
  F2 c3/c6@t0=601: rank[2,2] g=2 src=pari sat=1 tors=4 st=2364 hmax=1194 pr=60 surv=17 ex=13 bad=0 hits=0 t=1s
  F2 c3/c8@t0=601: rank[2,2] g=2 src=pari+mw sat=1 tors=8 st=1752 hmax=1186 pr=60 surv=17 ex=13 bad=0 hits=0 t=1s
  F2 c5/c6@t0=601: rank[2,2] g=2 src=pari sat=1 tors=8 st=2568 hmax=1198 pr=60 surv=25 ex=21 bad=0 hits=0 t=1s
  F2 c5/c8@t0=601: rank[1,1] g=1 src=pari sat=1 tors=8 st=200 hmax=1036 pr=60 surv=17 ex=13 bad=0 hits=0 t=1s
  F2 c6/c8@t0=601: rank[3,3] g=3 src=pari sat=1 tors=4 st=11964 hmax=275 pr=60 surv=17 ex=13 bad=0 hits=0 t=1s
  F3 c1/c3@t0=601: rank[1,1] g=1 src=pari sat=1 tors=4 st=100 hmax=1078 pr=60 surv=9 ex=7 bad=0 hits=0 t=1s
  F3 c1/c5@t0=601: rank[1,1] g=1 src=pari sat=1 tors=4 st=76 hmax=1188 pr=60 surv=9 ex=7 bad=0 hits=0 t=1s
  F3 c1/c6@t0=601: rank[2,2] g=2 src=pari sat=1 tors=4 st=2948 hmax=1195 pr=60 surv=17 ex=13 bad=0 hits=0 t=1s
  F3 c1/c7@t0=601: rank[2,2] g=2 src=pari sat=1 tors=4 st=2948 hmax=1195 pr=60 surv=17 ex=13 bad=0 hits=0 t=1s
  F3 c3/c5@t0=1261: rank[3,3] g=3 src=pari sat=1 tors=4 st=11964 hmax=275 pr=60 surv=21 ex=17 bad=0 hits=0 t=1s
  F3 c6/c3@t0=601: rank[2,2] g=2 src=pari sat=1 tors=4 st=2948 hmax=1195 pr=60 surv=17 ex=15 bad=0 hits=0 t=1s
  F3 c7/c3@t0=601: rank[1,1] g=1 src=pari sat=1 tors=4 st=148 hmax=1179 pr=60 surv=13 ex=7 bad=0 hits=0 t=1s
  F3 c6/c5@t0=601: rank[3,3] g=3 src=pari sat=1 tors=4 st=11964 hmax=275 pr=60 surv=34 ex=32 bad=0 hits=0 t=1s
  F3 c7/c5@t0=601: rank[2,2] g=2 src=pari sat=1 tors=4 st=1460 hmax=1194 pr=60 surv=17 ex=15 bad=0 hits=0 t=1s
  F3 c6/c7@t0=601: rank[3,3] g=3 src=pari sat=1 tors=4 st=11964 hmax=275 pr=60 surv=34 ex=30 bad=0 hits=0 t=1s
  F4 c2/c3@t0=601: rank[1,1] g=1 src=pari sat=1 tors=4 st=100 hmax=1078 pr=60 surv=9 ex=5 bad=0 hits=0 t=1s
  F4 c2/c5@t0=601: rank[1,1] g=1 src=pari sat=1 tors=4 st=76 hmax=1188 pr=60 surv=9 ex=5 bad=0 hits=0 t=1s
  F4 c2/c6@t0=601: rank[2,2] g=2 src=pari sat=1 tors=4 st=2948 hmax=1195 pr=60 surv=17 ex=13 bad=0 hits=0 t=1s
  F4 c2/c7@t0=601: rank[2,2] g=2 src=pari sat=1 tors=4 st=2948 hmax=1195 pr=60 surv=17 ex=13 bad=0 hits=0 t=1s
  F4 c3/c5@t0=601: rank[2,2] g=2 src=pari sat=1 tors=4 st=3012 hmax=1198 pr=60 surv=9 ex=5 bad=0 hits=0 t=1s
  F4 c3/c6@t0=601: rank[1,1] g=1 src=pari sat=1 tors=4 st=100 hmax=1078 pr=60 surv=9 ex=5 bad=0 hits=0 t=1s
  F4 c3/c7@t0=601: rank[2,2] g=2 src=pari sat=1 tors=4 st=3012 hmax=1198 pr=60 surv=9 ex=5 bad=0 hits=0 t=1s
  F4 c5/c6@t0=601: rank[1,1] g=1 src=pari sat=1 tors=4 st=148 hmax=1179 pr=60 surv=13 ex=5 bad=0 hits=0 t=1s
  F4 c5/c7@t0=601: rank[2,2] g=2 src=pari sat=3 tors=4 st=3084 hmax=1192 pr=60 surv=9 ex=5 bad=0 hits=0 t=1s
  F4 c6/c7@t0=601: rank[3,3] g=3 src=pari sat=1 tors=4 st=11964 hmax=275 pr=60 surv=21 ex=17 bad=0 hits=0 t=1s
== (P,Q)=(1679,1519) C=2563201 SQ
  F1 c0/c2@t0=1519: rank[3,3] g=3 src=pari sat=1 tors=4 st=11988 hmax=662 pr=60 surv=19 ex=15 bad=0 hits=0 t=1s
  F1 c0/c3@t0=1519: rank[2,2] g=2 src=pari sat=1 tors=4 st=2724 hmax=1199 pr=60 surv=17 ex=13 bad=0 hits=0 t=1s
  F1 c0/c6@t0=1519: rank[1,1] g=1 src=pari sat=1 tors=8 st=200 hmax=1062 pr=60 surv=17 ex=13 bad=0 hits=0 t=1s
  F1 c0/c8@t0=1519: rank[1,1] g=1 src=pari sat=1 tors=8 st=200 hmax=1064 pr=60 surv=17 ex=13 bad=0 hits=0 t=1s
  F1 c2/c3@t0=1519: rank[2,2] g=2 src=pari sat=1 tors=4 st=2724 hmax=1199 pr=60 surv=18 ex=14 bad=0 hits=0 t=1s
  F1 c2/c6@t0=1519: rank[1,1] g=1 src=pari sat=1 tors=8 st=200 hmax=1061 pr=60 surv=17 ex=13 bad=0 hits=0 t=1s
  F1 c2/c8@t0=1519: rank[2,2] g=2 src=pari sat=1 tors=4 st=2316 hmax=1195 pr=60 surv=17 ex=13 bad=0 hits=0 t=1s
  F1 c3/c6@t0=1519: rank[2,2] g=2 src=pari+mw sat=1 tors=4 st=2724 hmax=1198 pr=60 surv=17 ex=13 bad=0 hits=0 t=78s
  F1 c3/c8@t0=1519: rank[2,2] g=2 src=pari+mw sat=1 tors=4 st=2724 hmax=1198 pr=60 surv=18 ex=14 bad=0 hits=0 t=1s
  F1 c6/c8@t0=1519: rank[2,2] g=2 src=pari sat=1 tors=4 st=2892 hmax=1199 pr=60 surv=18 ex=14 bad=0 hits=0 t=1s
  F2 c2/c3@t0=1519: rank[3,3] g=3 src=pari sat=1 tors=4 st=11988 hmax=662 pr=60 surv=19 ex=15 bad=0 hits=0 t=1s
  F2 c2/c5@t0=1519: rank[3,3] g=3 src=pari sat=1 tors=4 st=11988 hmax=662 pr=60 surv=18 ex=14 bad=0 hits=0 t=1s
  F2 c2/c6@t0=1519: rank[2,2] g=2 src=pari+mw sat=1 tors=4 st=2828 hmax=1199 pr=60 surv=17 ex=13 bad=0 hits=0 t=1s
  F2 c2/c8@t0=1519: rank[2,2] g=2 src=pari+mw sat=1 tors=4 st=2828 hmax=1199 pr=60 surv=17 ex=13 bad=0 hits=0 t=1s
  F2 c3/c5@t0=1519: rank[2,2] g=2 src=pari sat=1 tors=4 st=2724 hmax=1199 pr=60 surv=18 ex=14 bad=0 hits=0 t=1s
  F2 c3/c6@t0=1519: rank[2,2] g=2 src=pari sat=1 tors=4 st=2316 hmax=1195 pr=60 surv=17 ex=13 bad=0 hits=0 t=1s
  F2 c3/c8@t0=1519: rank[1,1] g=1 src=pari sat=1 tors=8 st=200 hmax=1061 pr=60 surv=17 ex=13 bad=0 hits=0 t=1s
  F2 c5/c6@t0=1519: rank[1,1] g=1 src=pari sat=1 tors=8 st=200 hmax=1062 pr=60 surv=17 ex=13 bad=0 hits=0 t=1s
  F2 c5/c8@t0=1519: rank[1,1] g=1 src=pari sat=1 tors=8 st=200 hmax=1064 pr=60 surv=17 ex=13 bad=0 hits=0 t=1s
  F2 c6/c8@t0=1519: rank[3,3] g=3 src=pari sat=1 tors=4 st=11948 hmax=437 pr=60 surv=29 ex=25 bad=0 hits=0 t=1s
  F3 c1/c3@t0=1519: rank[1,1] g=1 src=pari sat=1 tors=4 st=100 hmax=1100 pr=60 surv=9 ex=7 bad=0 hits=0 t=1s
  F3 c1/c5@t0=1519: rank[1,1] g=1 src=pari sat=1 tors=4 st=68 hmax=964 pr=60 surv=9 ex=7 bad=0 hits=0 t=1s
  F3 c1/c6@t0=1519: rank[2,2] g=2 src=pari+mw sat=1 tors=4 st=2828 hmax=1199 pr=60 surv=25 ex=21 bad=0 hits=0 t=1s
  F3 c1/c7@t0=1519: rank[2,2] g=2 src=pari+mw sat=1 tors=4 st=2828 hmax=1199 pr=60 surv=17 ex=13 bad=0 hits=0 t=1s
  F3 c3/c5@t0=1601: rank[3,3] g=3 src=pari sat=1 tors=4 st=11948 hmax=437 pr=60 surv=34 ex=30 bad=0 hits=0 t=1s
  F3 c6/c3@t0=1519: rank[2,2] g=2 src=pari+mw sat=1 tors=4 st=2828 hmax=1199 pr=60 surv=25 ex=23 bad=0 hits=0 t=1s
  F3 c7/c3@t0=1519: rank[1,1] g=1 src=pari sat=1 tors=4 st=148 hmax=1199 pr=60 surv=13 ex=7 bad=0 hits=0 t=1s
  F3 c6/c5@t0=1519: rank[3,3] g=3 src=pari sat=1 tors=4 st=11948 hmax=437 pr=60 surv=50 ex=48 bad=0 hits=0 t=1s
  F3 c7/c5@t0=1519: rank[3,3] g=3 src=pari sat=1 tors=4 st=11916 hmax=818 pr=60 surv=27 ex=25 bad=0 hits=0 t=1s
  F3 c6/c7@t0=1519: rank[3,3] g=3 src=pari sat=1 tors=4 st=11948 hmax=437 pr=60 surv=50 ex=46 bad=0 hits=0 t=1s
