### сечение (41,1,29): A=421, C=1261, beta'=420/841
известная точка: u0 = b/n = 41/29, z = 21/29, t = X^2 = 25/4, X = 5/2
класс D = sqfree(f(t)) = 609
k = Q(sqrt(105)), E1 = (0, -70644*w, 0, -589745666601, 41661992871361044*w)
корни 2-кручения: [-767949, 767949, 70644*w];  x = -512169 * u
torsion (2, 2); G: x=-724101, u=41/29, порядок бесконечен: True
h(G) = 6.57388902409535
насыщенность: точно (division_points) для l in [2, 3, 5, 7, 11, 13]; всего исключены l in [2, 3, 5, 7, 11, 13, 17, 19, 29, 31, 37, 41, 43, 71, 157, 193, 353, 1093, 1301]
   => все l <= 19 исключены; для l > 19 потребовалась бы точка с h <= 0.01821
кандидаты (N, p): [(11, 73), (14, 113), (15, 53), (18, 41), (18, 137), (24, 103), (28, 109), (29, 101)]
p=73: |E(F_P)|=[88, 88], ord(Gbar)=[11, 11], N=11, линий 44, нулей <= 10, известных 8, проверки True  [18s]
      линия ('(0 : 1 : 0)', '(0 : 1 : 0)'): Strassmann 2, известных 2 [(0, None, 2)]
      линия ('(11 : 0 : 1)', '(11 : 0 : 1)'): Strassmann 2, известных 2 [(0, 1261/841, 2)]
      линия ('(13 : 26 : 1)', '(13 : 39 : 1)'): Strassmann 1, известных 0 []   <-- ЛИШНИХ 1
      линия ('(13 : 47 : 1)', '(13 : 34 : 1)'): Strassmann 1, известных 0 []   <-- ЛИШНИХ 1
      линия ('(59 : 20 : 1)', '(59 : 37 : 1)'): Strassmann 1, известных 1 [(1, 41/29, 1)]
      линия ('(59 : 53 : 1)', '(59 : 36 : 1)'): Strassmann 1, известных 1 [(-1, 41/29, 1)]
      линия ('(62 : 0 : 1)', '(62 : 0 : 1)'): Strassmann 2, известных 2 [(0, -1261/841, 2)]
p=113: |E(F_P)|=[112, 112], ord(Gbar)=[14, 7], N=14, линий 56, нулей <= 10, известных 8, проверки True  [31s]
      линия ('(0 : 1 : 0)', '(0 : 1 : 0)'): Strassmann 2, известных 2 [(0, None, 2)]
      линия ('(1 : 0 : 1)', '(1 : 0 : 1)'): Strassmann 2, известных 2 [(0, -1261/841, 2)]
      линия ('(112 : 0 : 1)', '(112 : 0 : 1)'): Strassmann 2, известных 2 [(0, 1261/841, 2)]
      линия ('(27 : 38 : 1)', '(27 : 76 : 1)'): Strassmann 1, известных 0 []   <-- ЛИШНИХ 1
      линия ('(27 : 75 : 1)', '(27 : 37 : 1)'): Strassmann 1, известных 0 []   <-- ЛИШНИХ 1
      линия ('(3 : 16 : 1)', '(3 : 40 : 1)'): Strassmann 1, известных 1 [(-1, 41/29, 1)]
      линия ('(3 : 97 : 1)', '(3 : 73 : 1)'): Strassmann 1, известных 1 [(1, 41/29, 1)]
p=53: |E(F_P)|=[60, 60], ord(Gbar)=[5, 3], N=15, линий 60, нулей <= 10, известных 8, проверки True  [32s]
      линия ('(0 : 1 : 0)', '(0 : 1 : 0)'): Strassmann 2, известных 2 [(0, None, 2)]
      линия ('(21 : 0 : 1)', '(21 : 0 : 1)'): Strassmann 2, известных 2 [(0, 1261/841, 2)]
      линия ('(32 : 0 : 1)', '(32 : 0 : 1)'): Strassmann 2, известных 2 [(0, -1261/841, 2)]
      линия ('(38 : 17 : 1)', '(38 : 19 : 1)'): Strassmann 1, известных 0 []   <-- ЛИШНИХ 1
      линия ('(38 : 17 : 1)', '(38 : 34 : 1)'): Strassmann 1, известных 1 [(1, 41/29, 1)]
      линия ('(38 : 36 : 1)', '(38 : 19 : 1)'): Strassmann 1, известных 1 [(-1, 41/29, 1)]
      линия ('(38 : 36 : 1)', '(38 : 34 : 1)'): Strassmann 1, известных 0 []   <-- ЛИШНИХ 1
p=41: |E(F_P)|=[36, 36], ord(Gbar)=[18, 18], N=18, линий 36, нулей <= 8, известных 8, проверки True  [70s]
      линия ('(0 : 1 : 0)', '(0 : 1 : 0)'): Strassmann 2, известных 2 [(0, None, 2)]
      линия ('(0 : 10 : 1)', '(0 : 8 : 1)'): Strassmann 1, известных 1 [(-1, 41/29, 1)]
      линия ('(0 : 31 : 1)', '(0 : 33 : 1)'): Strassmann 1, известных 1 [(1, 41/29, 1)]
      линия ('(19 : 0 : 1)', '(19 : 0 : 1)'): Strassmann 2, известных 2 [(0, -1261/841, 2)]
      линия ('(22 : 0 : 1)', '(22 : 0 : 1)'): Strassmann 2, известных 2 [(0, 1261/841, 2)]
*** ПОЛНЫЙ УЧЁТ при p = 41
ИТОГ (41,1,29): D=609, k=Q(sqrt(105)), tors=(2, 2), h(G)=6.57388902409535, sat<= l<= 19, result=(41, 36, 8, 8)  [155s]
