### сечение (73,17,53): A=1549, C=4069, beta'=1260/2809
известная точка: u0 = b/n = 73/53, z = 45/53, t = X^2 = 49/4, X = 7/2
класс D = sqfree(f(t)) = 265
k = Q(sqrt(35)), E1 = (0, -168540*w, 0, -1162698541225, 195961212138061500*w)
корни 2-кручения: [-1078285, 1078285, 168540*w];  x = -744385 * u
torsion (2, 2); G: x=-1025285, u=73/53, порядок бесконечен: True
h(G) = 7.81356402957989
насыщенность: точно (division_points) для l in [2, 3, 5, 7, 11, 13]; всего исключены l in [2, 3, 5, 7, 11, 13, 17, 19, 23, 29, 37, 41, 43, 53, 157, 163, 593, 3253]
   => все l <= 29 исключены; для l > 29 потребовалась бы точка с h <= 0.00929
кандидаты (N, p): [(8, 29), (8, 31), (10, 17), (10, 73), (16, 43), (24, 19), (27, 109), (30, 59)]
p=29: |E(F_P)|=[32, 32], ord(Gbar)=[8, 4], N=8, линий 32, нулей <= 10, известных 8, проверки True  [4s]
      линия ('(0 : 1 : 0)', '(0 : 1 : 0)'): Strassmann 2, известных 2 [(0, None, 2)]
      линия ('(10 : 2 : 1)', '(10 : 1 : 1)'): Strassmann 1, известных 0 []   <-- ЛИШНИХ 1
      линия ('(10 : 2 : 1)', '(10 : 28 : 1)'): Strassmann 1, известных 1 [(1, 73/53, 1)]
      линия ('(10 : 27 : 1)', '(10 : 1 : 1)'): Strassmann 1, известных 1 [(-1, 73/53, 1)]
      линия ('(10 : 27 : 1)', '(10 : 28 : 1)'): Strassmann 1, известных 0 []   <-- ЛИШНИХ 1
      линия ('(22 : 0 : 1)', '(22 : 0 : 1)'): Strassmann 2, известных 2 [(0, 4069/2809, 2)]
      линия ('(7 : 0 : 1)', '(7 : 0 : 1)'): Strassmann 2, известных 2 [(0, -4069/2809, 2)]
p=31: |E(F_P)|=[32, 32], ord(Gbar)=[8, 8], N=8, линий 16, нулей <= 8, известных 8, проверки True  [5s]
      линия ('(0 : 1 : 0)', '(0 : 1 : 0)'): Strassmann 2, известных 2 [(0, None, 2)]
      линия ('(12 : 0 : 1)', '(12 : 0 : 1)'): Strassmann 2, известных 2 [(0, -4069/2809, 2)]
      линия ('(19 : 0 : 1)', '(19 : 0 : 1)'): Strassmann 2, известных 2 [(0, 4069/2809, 2)]
      линия ('(9 : 15 : 1)', '(9 : 25 : 1)'): Strassmann 1, известных 1 [(-1, 73/53, 1)]
      линия ('(9 : 16 : 1)', '(9 : 6 : 1)'): Strassmann 1, известных 1 [(1, 73/53, 1)]
*** ПОЛНЫЙ УЧЁТ при p = 31
ИТОГ (73,17,53): D=265, k=Q(sqrt(35)), tors=(2, 2), h(G)=7.81356402957989, sat<= l<= 29, result=(31, 16, 8, 8)  [12s]
