### сечение (79,47,65): A=3217, C=5233, beta'=1008/4225
известная точка: u0 = b/n = 79/65, z = 63/65, t = X^2 = 64, X = 8
класс D = sqfree(f(t)) = 455
k = Q(sqrt(7)), E1 = (0, -709800*w, 0, -5669232430225, 4024021178973705000*w)
корни 2-кручения: [-2381015, 2381015, 709800*w];  x = -1922375 * u
torsion (2, 2); G: x=-2336425, u=79/65, порядок бесконечен: True
h(G) = 8.31411929517077
насыщенность: точно (division_points) для l in [2, 3, 5, 7, 11, 13]; всего исключены l in [2, 3, 5, 7, 11, 13, 17, 19, 29, 31, 37, 61, 67, 109, 709]
   => все l <= 19 исключены; для l > 19 потребовалась бы точка с h <= 0.02303
кандидаты (N, p): [(8, 29), (8, 31), (8, 37), (14, 47), (15, 53), (19, 137), (24, 19), (27, 109)]
p=29: |E(F_P)|=[32, 32], ord(Gbar)=[4, 8], N=8, линий 32, нулей <= 10, известных 8, проверки True  [4s]
      линия ('(0 : 1 : 0)', '(0 : 1 : 0)'): Strassmann 2, известных 2 [(0, None, 2)]
      линия ('(1 : 0 : 1)', '(1 : 0 : 1)'): Strassmann 2, известных 2 [(0, 5233/4225, 2)]
      линия ('(18 : 20 : 1)', '(18 : 11 : 1)'): Strassmann 1, известных 0 []   <-- ЛИШНИХ 1
      линия ('(18 : 20 : 1)', '(18 : 18 : 1)'): Strassmann 1, известных 1 [(-1, 79/65, 1)]
      линия ('(18 : 9 : 1)', '(18 : 11 : 1)'): Strassmann 1, известных 1 [(1, 79/65, 1)]
      линия ('(18 : 9 : 1)', '(18 : 18 : 1)'): Strassmann 1, известных 0 []   <-- ЛИШНИХ 1
      линия ('(28 : 0 : 1)', '(28 : 0 : 1)'): Strassmann 2, известных 2 [(0, -5233/4225, 2)]
p=31: |E(F_P)|=[32, 32], ord(Gbar)=[8, 8], N=8, линий 16, нулей <= 8, известных 8, проверки True  [4s]
      линия ('(0 : 1 : 0)', '(0 : 1 : 0)'): Strassmann 2, известных 2 [(0, None, 2)]
      линия ('(14 : 15 : 1)', '(14 : 6 : 1)'): Strassmann 1, известных 1 [(1, 79/65, 1)]
      линия ('(14 : 16 : 1)', '(14 : 25 : 1)'): Strassmann 1, известных 1 [(-1, 79/65, 1)]
      линия ('(2 : 0 : 1)', '(2 : 0 : 1)'): Strassmann 2, известных 2 [(0, 5233/4225, 2)]
      линия ('(29 : 0 : 1)', '(29 : 0 : 1)'): Strassmann 2, известных 2 [(0, -5233/4225, 2)]
*** ПОЛНЫЙ УЧЁТ при p = 31
ИТОГ (79,47,65): D=455, k=Q(sqrt(7)), tors=(2, 2), h(G)=8.31411929517077, sat<= l<= 19, result=(31, 16, 8, 8)  [12s]
