=== сечение (17,7,13), D=65, k=Q(sqrt(15)), p=11, prec=60, M=24
E = (0, -3380*w, 0, -221563225, 748883700500*w);  G: u=17/13, h(G)=5.05229749087292
|E(F_P_i)| = [12, 12], ord(Gbar) = [6, 6], N = 6
v_p(t_R) = [1, 1], v = 1
известные точки с u in P^1(Q) (|m| <= 40):
    ('(1 : 2 : 1)', '(1 : 10 : 1)'): [(-1, 'O', 17/13, 1)]
    ('(0 : 1 : 0)', '(0 : 1 : 0)'): [(0, 'O', None, 2)]
    ('(1 : 9 : 1)', '(1 : 1 : 1)'): [(1, 'O', 17/13, 1)]
    ('(9 : 0 : 1)', '(9 : 0 : 1)'): [(0, '-14885', 229/169, 2)]
    ('(2 : 0 : 1)', '(2 : 0 : 1)'): [(0, '14885', -229/169, 2)]
различных линий: 12  (из 24 пар (T,m0))
  линия ('(0 : 1 : 0)', '(0 : 1 : 0)'): Strassmann 2 (дубли [('14885', 3), ('O', 0)], согласованы=True), известных 2 OK
  линия ('(1 : 2 : 1)', '(1 : 10 : 1)'): Strassmann 1 (дубли [('14885', 2), ('O', 5)], согласованы=True), известных 1 OK
  линия ('(1 : 9 : 1)', '(1 : 1 : 1)'): Strassmann 1 (дубли [('14885', 4), ('O', 1)], согласованы=True), известных 1 OK
  линия ('(2 : 0 : 1)', '(2 : 0 : 1)'): Strassmann 2 (дубли [('14885', 0), ('O', 3)], согласованы=True), известных 2 OK
  линия ('(4 : 3 : 1)', '(8 : 9 : 1)'): Strassmann 0 (дубли [('-14885', 4), ('3380*w', 1)], согласованы=True), известных 0 OK
  линия ('(4 : 8 : 1)', '(8 : 2 : 1)'): Strassmann 0 (дубли [('-14885', 2), ('3380*w', 5)], согласованы=True), известных 0 OK
  линия ('(5 : 1 : 1)', '(0 : 3 : 1)'): Strassmann 0 (дубли [('-14885', 1), ('3380*w', 4)], согласованы=True), известных 0 OK
  линия ('(5 : 10 : 1)', '(0 : 8 : 1)'): Strassmann 0 (дубли [('-14885', 5), ('3380*w', 2)], согласованы=True), известных 0 OK
  линия ('(6 : 0 : 1)', '(5 : 0 : 1)'): Strassmann 0 (дубли [('-14885', 3), ('3380*w', 0)], согласованы=True), известных 0 OK
  линия ('(7 : 1 : 1)', '(3 : 1 : 1)'): Strassmann 0 (дубли [('14885', 1), ('O', 4)], согласованы=True), известных 0 OK
  линия ('(7 : 10 : 1)', '(3 : 10 : 1)'): Strassmann 0 (дубли [('14885', 5), ('O', 2)], согласованы=True), известных 0 OK
  линия ('(9 : 0 : 1)', '(9 : 0 : 1)'): Strassmann 2 (дубли [('-14885', 0), ('3380*w', 3)], согласованы=True), известных 2 OK
ИТОГО: нулей <= 8; известные точки дают >= 8
технические проверки (хвост, целость коэффициентов, оценка v_p(c_n) >= n*v - v_p(n!)): True
ВЫВОД: полный учёт -- все нули объяснены известными точками.
