=== сечение (71,49,61), D=671, k=Q(sqrt(165)), p=29, prec=60, M=22
E = (0, -163724*w, 0, -8641548001801, 1414828805046866924*w);  G: u=71/61, h(G)=8.20254500578807
|E(F_P_i)| = [32, 32], ord(Gbar) = [8, 8], N = 8
v_p(t_R) = [1, 1], v = 1
известные точки с u in P^1(Q) (|m| <= 40):
    ('(18 : 12 : 1)', '(18 : 9 : 1)'): [(-1, 'O', 71/61, 1)]
    ('(0 : 1 : 0)', '(0 : 1 : 0)'): [(0, 'O', None, 2)]
    ('(18 : 17 : 1)', '(18 : 20 : 1)'): [(1, 'O', 71/61, 1)]
    ('(21 : 0 : 1)', '(21 : 0 : 1)'): [(0, '-2939651', 4381/3721, 2)]
    ('(8 : 0 : 1)', '(8 : 0 : 1)'): [(0, '2939651', -4381/3721, 2)]
различных линий: 32  (из 32 пар (T,m0))
  линия ('(0 : 1 : 0)', '(0 : 1 : 0)'): Strassmann 2 (дубли [('O', 0)], согласованы=True), известных 2 OK
  линия ('(0 : 1 : 0)', '(12 : 0 : 1)'): Strassmann 0 (дубли [('-2939651', 4)], согласованы=True), известных 0 OK
  линия ('(1 : 14 : 1)', '(17 : 20 : 1)'): Strassmann 0 (дубли [('-2939651', 2)], согласованы=True), известных 0 OK
  линия ('(1 : 14 : 1)', '(28 : 23 : 1)'): Strassmann 0 (дубли [('O', 6)], согласованы=True), известных 0 OK
  линия ('(1 : 15 : 1)', '(17 : 9 : 1)'): Strassmann 0 (дубли [('-2939651', 6)], согласованы=True), известных 0 OK
  линия ('(1 : 15 : 1)', '(28 : 6 : 1)'): Strassmann 0 (дубли [('O', 2)], согласованы=True), известных 0 OK
  линия ('(10 : 26 : 1)', '(18 : 9 : 1)'): Strassmann 0 (дубли [('2939651', 3)], согласованы=True), известных 0 OK
  линия ('(10 : 26 : 1)', '(6 : 9 : 1)'): Strassmann 0 (дубли [('163724*w', 7)], согласованы=True), известных 0 OK
  линия ('(10 : 3 : 1)', '(18 : 20 : 1)'): Strassmann 0 (дубли [('2939651', 5)], согласованы=True), известных 0 OK
  линия ('(10 : 3 : 1)', '(6 : 20 : 1)'): Strassmann 0 (дубли [('163724*w', 1)], согласованы=True), известных 0 OK
  линия ('(11 : 21 : 1)', '(11 : 1 : 1)'): Strassmann 1 (дубли [('163724*w', 5)], согласованы=True), известных 0 !!! ЛИШНИХ 1
  линия ('(11 : 21 : 1)', '(19 : 7 : 1)'): Strassmann 0 (дубли [('2939651', 1)], согласованы=True), известных 0 OK
  линия ('(11 : 8 : 1)', '(11 : 28 : 1)'): Strassmann 1 (дубли [('163724*w', 3)], согласованы=True), известных 0 !!! ЛИШНИХ 1
  линия ('(11 : 8 : 1)', '(19 : 22 : 1)'): Strassmann 0 (дубли [('2939651', 7)], согласованы=True), известных 0 OK
  линия ('(12 : 21 : 1)', '(17 : 20 : 1)'): Strassmann 0 (дубли [('163724*w', 6)], согласованы=True), известных 0 OK
  линия ('(12 : 21 : 1)', '(28 : 23 : 1)'): Strassmann 0 (дубли [('2939651', 2)], согласованы=True), известных 0 OK
  линия ('(12 : 8 : 1)', '(17 : 9 : 1)'): Strassmann 0 (дубли [('163724*w', 2)], согласованы=True), известных 0 OK
  линия ('(12 : 8 : 1)', '(28 : 6 : 1)'): Strassmann 0 (дубли [('2939651', 6)], согласованы=True), известных 0 OK
  линия ('(17 : 0 : 1)', '(0 : 1 : 0)'): Strassmann 0 (дубли [('2939651', 4)], согласованы=True), известных 0 OK
  линия ('(17 : 0 : 1)', '(12 : 0 : 1)'): Strassmann 0 (дубли [('163724*w', 0)], согласованы=True), известных 0 OK
  линия ('(18 : 12 : 1)', '(18 : 9 : 1)'): Strassmann 1 (дубли [('O', 7)], согласованы=True), известных 1 OK
  линия ('(18 : 12 : 1)', '(6 : 9 : 1)'): Strassmann 0 (дубли [('-2939651', 3)], согласованы=True), известных 0 OK
  линия ('(18 : 17 : 1)', '(18 : 20 : 1)'): Strassmann 1 (дубли [('O', 1)], согласованы=True), известных 1 OK
  линия ('(18 : 17 : 1)', '(6 : 20 : 1)'): Strassmann 0 (дубли [('-2939651', 5)], согласованы=True), известных 0 OK
  линия ('(21 : 0 : 1)', '(21 : 0 : 1)'): Strassmann 2 (дубли [('-2939651', 0)], согласованы=True), известных 2 OK
  линия ('(21 : 0 : 1)', '(8 : 0 : 1)'): Strassmann 0 (дубли [('O', 4)], согласованы=True), известных 0 OK
  линия ('(23 : 21 : 1)', '(11 : 1 : 1)'): Strassmann 0 (дубли [('-2939651', 1)], согласованы=True), известных 0 OK
  линия ('(23 : 21 : 1)', '(19 : 7 : 1)'): Strassmann 0 (дубли [('O', 5)], согласованы=True), известных 0 OK
  линия ('(23 : 8 : 1)', '(11 : 28 : 1)'): Strassmann 0 (дубли [('-2939651', 7)], согласованы=True), известных 0 OK
  линия ('(23 : 8 : 1)', '(19 : 22 : 1)'): Strassmann 0 (дубли [('O', 3)], согласованы=True), известных 0 OK
  линия ('(8 : 0 : 1)', '(21 : 0 : 1)'): Strassmann 0 (дубли [('163724*w', 4)], согласованы=True), известных 0 OK
  линия ('(8 : 0 : 1)', '(8 : 0 : 1)'): Strassmann 2 (дубли [('2939651', 0)], согласованы=True), известных 2 OK
ИТОГО: нулей <= 10; известные точки дают >= 8
технические проверки (хвост, целость коэффициентов, оценка v_p(c_n) >= n*v - v_p(n!)): True
ВЫВОД: НЕ полный учёт, необъяснённых нулей 2.
