=== сечение (17,7,13), D=65, k=Q(sqrt(15)), p=17, prec=60, M=24
E = (0, -3380*w, 0, -221563225, 748883700500*w);  G: u=17/13, h(G)=5.05229749087292
|E(F_P_i)| = [20, 20], ord(Gbar) = [10, 10], N = 10
v_p(t_R) = [1, 1], v = 1
известные точки с u in P^1(Q) (|m| <= 40):
    ('(0 : 5 : 1)', '(0 : 3 : 1)'): [(-1, 'O', 17/13, 1)]
    ('(0 : 1 : 0)', '(0 : 1 : 0)'): [(0, 'O', None, 2)]
    ('(0 : 12 : 1)', '(0 : 14 : 1)'): [(1, 'O', 17/13, 1)]
    ('(7 : 0 : 1)', '(7 : 0 : 1)'): [(0, '-14885', 229/169, 2)]
    ('(10 : 0 : 1)', '(10 : 0 : 1)'): [(0, '14885', -229/169, 2)]
различных линий: 20  (из 40 пар (T,m0))
  линия ('(0 : 1 : 0)', '(0 : 1 : 0)'): Strassmann 2 (дубли [('3380*w', 5), ('O', 0)], согласованы=True), известных 2 OK
  линия ('(0 : 12 : 1)', '(0 : 14 : 1)'): Strassmann 1 (дубли [('3380*w', 6), ('O', 1)], согласованы=True), известных 1 OK
  линия ('(0 : 5 : 1)', '(0 : 3 : 1)'): Strassmann 1 (дубли [('3380*w', 4), ('O', 9)], согласованы=True), известных 1 OK
  линия ('(1 : 10 : 1)', '(14 : 12 : 1)'): Strassmann 0 (дубли [('-14885', 3), ('14885', 8)], согласованы=True), известных 0 OK
  линия ('(1 : 7 : 1)', '(14 : 5 : 1)'): Strassmann 0 (дубли [('-14885', 7), ('14885', 2)], согласованы=True), известных 0 OK
  линия ('(10 : 0 : 1)', '(10 : 0 : 1)'): Strassmann 2 (дубли [('-14885', 5), ('14885', 0)], согласованы=True), известных 2 OK
  линия ('(11 : 14 : 1)', '(6 : 5 : 1)'): Strassmann 0 (дубли [('3380*w', 7), ('O', 2)], согласованы=True), известных 0 OK
  линия ('(11 : 3 : 1)', '(6 : 12 : 1)'): Strassmann 0 (дубли [('3380*w', 3), ('O', 8)], согласованы=True), известных 0 OK
  линия ('(13 : 0 : 1)', '(4 : 0 : 1)'): Strassmann 0 (дубли [('3380*w', 0), ('O', 5)], согласованы=True), известных 0 OK
  линия ('(16 : 14 : 1)', '(15 : 7 : 1)'): Strassmann 0 (дубли [('-14885', 6), ('14885', 1)], согласованы=True), известных 0 OK
  линия ('(16 : 3 : 1)', '(15 : 10 : 1)'): Strassmann 0 (дубли [('-14885', 4), ('14885', 9)], согласованы=True), известных 0 OK
  линия ('(2 : 11 : 1)', '(1 : 12 : 1)'): Strassmann 0 (дубли [('-14885', 9), ('14885', 4)], согласованы=True), известных 0 OK
  линия ('(2 : 6 : 1)', '(1 : 5 : 1)'): Strassmann 0 (дубли [('-14885', 1), ('14885', 6)], согласованы=True), известных 0 OK
  линия ('(3 : 14 : 1)', '(16 : 11 : 1)'): Strassmann 0 (дубли [('-14885', 2), ('14885', 7)], согласованы=True), известных 0 OK
  линия ('(3 : 3 : 1)', '(16 : 6 : 1)'): Strassmann 0 (дубли [('-14885', 8), ('14885', 3)], согласованы=True), известных 0 OK
  линия ('(4 : 12 : 1)', '(13 : 14 : 1)'): Strassmann 0 (дубли [('3380*w', 8), ('O', 3)], согласованы=True), известных 0 OK
  линия ('(4 : 5 : 1)', '(13 : 3 : 1)'): Strassmann 0 (дубли [('3380*w', 2), ('O', 7)], согласованы=True), известных 0 OK
  линия ('(7 : 0 : 1)', '(7 : 0 : 1)'): Strassmann 2 (дубли [('-14885', 0), ('14885', 5)], согласованы=True), известных 2 OK
  линия ('(9 : 12 : 1)', '(8 : 14 : 1)'): Strassmann 0 (дубли [('3380*w', 1), ('O', 6)], согласованы=True), известных 0 OK
  линия ('(9 : 5 : 1)', '(8 : 3 : 1)'): Strassmann 0 (дубли [('3380*w', 9), ('O', 4)], согласованы=True), известных 0 OK
ИТОГО: нулей <= 8; известные точки дают >= 8
технические проверки (хвост, целость коэффициентов, оценка v_p(c_n) >= n*v - v_p(n!)): True
ВЫВОД: полный учёт -- все нули объяснены известными точками.
