=== сечение (71,49,61), D=671, k=Q(sqrt(165)), p=7, prec=60, M=24
E = (0, -163724*w, 0, -8641548001801, 1414828805046866924*w);  G: u=71/61, h(G)=8.20254500578807
|E(F_P_i)| = [12, 4], ord(Gbar) = [6, 2], N = 6
v_p(t_R) = [1, 2], v = 1
известные точки с u in P^1(Q) (|m| <= 40):
    ('(5 : 3 : 1)', '(5 : 0 : 1)'): [(-1, 'O', 71/61, 1)]
    ('(0 : 1 : 0)', '(0 : 1 : 0)'): [(0, 'O', None, 2)]
    ('(5 : 4 : 1)', '(5 : 0 : 1)'): [(1, 'O', 71/61, 1)]
    ('(6 : 0 : 1)', '(6 : 0 : 1)'): [(0, '-2939651', 4381/3721, 2)]
    ('(1 : 0 : 1)', '(1 : 0 : 1)'): [(0, '2939651', -4381/3721, 2)]
различных линий: 12  (из 24 пар (T,m0))
  линия ('(0 : 1 : 0)', '(0 : 1 : 0)'): Strassmann 2 (дубли [('163724*w', 3), ('O', 0)], согласованы=True), известных 2 OK
  линия ('(0 : 3 : 1)', '(1 : 0 : 1)'): Strassmann 0 (дубли [('-2939651', 5), ('2939651', 2)], согласованы=True), известных 0 OK
  линия ('(0 : 4 : 1)', '(1 : 0 : 1)'): Strassmann 0 (дубли [('-2939651', 1), ('2939651', 4)], согласованы=True), известных 0 OK
  линия ('(1 : 0 : 1)', '(1 : 0 : 1)'): Strassmann 2 (дубли [('-2939651', 3), ('2939651', 0)], согласованы=True), известных 2 OK
  линия ('(2 : 0 : 1)', '(5 : 0 : 1)'): Strassmann 0 (дубли [('163724*w', 0), ('O', 3)], согласованы=True), известных 0 OK
  линия ('(3 : 1 : 1)', '(0 : 1 : 0)'): Strassmann 0 (дубли [('163724*w', 1), ('O', 4)], согласованы=True), известных 0 OK
  линия ('(3 : 6 : 1)', '(0 : 1 : 0)'): Strassmann 0 (дубли [('163724*w', 5), ('O', 2)], согласованы=True), известных 0 OK
  линия ('(4 : 3 : 1)', '(6 : 0 : 1)'): Strassmann 0 (дубли [('-2939651', 2), ('2939651', 5)], согласованы=True), известных 0 OK
  линия ('(4 : 4 : 1)', '(6 : 0 : 1)'): Strassmann 0 (дубли [('-2939651', 4), ('2939651', 1)], согласованы=True), известных 0 OK
  линия ('(5 : 3 : 1)', '(5 : 0 : 1)'): Strassmann 1 (дубли [('163724*w', 2), ('O', 5)], согласованы=True), известных 1 OK
  линия ('(5 : 4 : 1)', '(5 : 0 : 1)'): Strassmann 1 (дубли [('163724*w', 4), ('O', 1)], согласованы=True), известных 1 OK
  линия ('(6 : 0 : 1)', '(6 : 0 : 1)'): Strassmann 2 (дубли [('-2939651', 0), ('2939651', 3)], согласованы=True), известных 2 OK
ИТОГО: нулей <= 8; известные точки дают >= 8
технические проверки (хвост, целость коэффициентов, оценка v_p(c_n) >= n*v - v_p(n!)): True
ВЫВОД: полный учёт -- все нули объяснены известными точками.
