N = 6, orders = [6, 2], v = 1
  class T=O m0=0: red1=(0 : 1 : 0), red2=(0 : 1 : 0)
  class T=O m0=1: red1=(5 : 4 : 1), red2=(5 : 0 : 1)
  class T=O m0=2: red1=(3 : 6 : 1), red2=(0 : 1 : 0)
  class T=O m0=3: red1=(2 : 0 : 1), red2=(5 : 0 : 1)
  class T=O m0=4: red1=(3 : 1 : 1), red2=(0 : 1 : 0)
  class T=O m0=5: red1=(5 : 3 : 1), red2=(5 : 0 : 1)
  class T=-2939651 m0=0: red1=(6 : 0 : 1), red2=(6 : 0 : 1)
  class T=-2939651 m0=1: red1=(0 : 4 : 1), red2=(1 : 0 : 1)
  class T=-2939651 m0=2: red1=(4 : 3 : 1), red2=(6 : 0 : 1)
  class T=-2939651 m0=3: red1=(1 : 0 : 1), red2=(1 : 0 : 1)
  class T=-2939651 m0=4: red1=(4 : 4 : 1), red2=(6 : 0 : 1)
  class T=-2939651 m0=5: red1=(0 : 3 : 1), red2=(1 : 0 : 1)
  class T=163724*w m0=0: red1=(2 : 0 : 1), red2=(5 : 0 : 1)
  class T=163724*w m0=1: red1=(3 : 1 : 1), red2=(0 : 1 : 0)
  class T=163724*w m0=2: red1=(5 : 3 : 1), red2=(5 : 0 : 1)
  class T=163724*w m0=3: red1=(0 : 1 : 0), red2=(0 : 1 : 0)
  class T=163724*w m0=4: red1=(5 : 4 : 1), red2=(5 : 0 : 1)
  class T=163724*w m0=5: red1=(3 : 6 : 1), red2=(0 : 1 : 0)
  class T=2939651 m0=0: red1=(1 : 0 : 1), red2=(1 : 0 : 1)
  class T=2939651 m0=1: red1=(4 : 4 : 1), red2=(6 : 0 : 1)
  class T=2939651 m0=2: red1=(0 : 3 : 1), red2=(1 : 0 : 1)
  class T=2939651 m0=3: red1=(6 : 0 : 1), red2=(6 : 0 : 1)
  class T=2939651 m0=4: red1=(0 : 4 : 1), red2=(1 : 0 : 1)
  class T=2939651 m0=5: red1=(4 : 3 : 1), red2=(6 : 0 : 1)
end-to-end test: theta(s) vs прямое вычисление sigma1 x - sigma2 x
  MISMATCH T=O m0=5 s=-1: ser=7^18 + 4*7^19 + 2*7^20 + 4*7^21 + 4*7^22 + 6*7^23 + 6*7^24 + 3*7^25 + 3*7^26 + 6*7^27 + 7^28 + 3*7^29 + 6*7^30 + 4*7^31 + 3*7^32 + 7^33 + 5*7^34 + 6*7^35 + 6*7^36 + 7^37 + 7^38 + 5*7^40 + 4*7^41 + 4*7^42 + 2*7^43 + 3*7^44 + 4*7^45 + 2*7^46 + 4*7^47 + 2*7^51 + 7^52 + 3*7^53 + 5*7^54 + 3*7^56 + 5*7^57 + O(7^58), direct=O(7^60)
end-to-end mismatches: 1
