--- j-инварианты 12 классов как функции наклона k ---
(r,s)      j непостоянен: True, deg num/den = 12/8
(r,s-r)    j непостоянен: True, deg num/den = 12/10
(s,s-r)    j непостоянен: True, deg num/den = 12/8
(s,r+s)    j непостоянен: True, deg num/den = 12/8
(r,r+s)    j непостоянен: True, deg num/den = 12/10
(s-r,r+s)  j непостоянен: True, deg num/den = 12/10
(s,2r-s)   j непостоянен: True, deg num/den = 12/8
(s,2r+s)   j непостоянен: True, deg num/den = 12/8
(r,2s-r)   j непостоянен: True, deg num/den = 12/10
(r,2s+r)   j непостоянен: True, deg num/den = 12/10
(s,2r)     j непостоянен: True, deg num/den = 12/8
(r,2s)     j непостоянен: True, deg num/den = 12/8
--- инварианты Игузы пятиклеточной кривой y^2=(1+cz)(1-a^2z^2)(1-b^2z^2) ---
I2^5/I10 = (33554432) * (3*c^2*a^4 + 26*c^2*a^2*b^2 + 8*a^4*b^2 + 3*c^2*b^4 + 8*a^2*b^4)^5 / (16777216) * (-c + a)^2 * (c - b)^2 * c^2 * (c + b)^2 * (c + a)^2 * (a - b)^4 * (a + b)^4 * b^6 * a^6
  (c;a,b)=(kk;1,kk + 1): I2^5/I10 непостоянен по k: True
  (c;a,b)=(1;kk,kk + 1): I2^5/I10 непостоянен по k: True
  (c;a,b)=(kk + 1;kk,-kk + 1): I2^5/I10 непостоянен по k: True
  (c;a,b)=(-kk + 1;kk,kk + 1): I2^5/I10 непостоянен по k: True
  (c;a,b)=(kk;-kk + 1,kk + 1): I2^5/I10 непостоянен по k: True
  (c;a,b)=(1;-kk + 1,kk + 1): I2^5/I10 непостоянен по k: True
  шесть клеток (kk;1,kk + 1): I2^5/I10 непостоянен по k: True
  шесть клеток (1;kk,kk + 1): I2^5/I10 непостоянен по k: True
  шесть клеток (kk + 1;kk,-kk + 1): I2^5/I10 непостоянен по k: True
--- простота якобианов пятиклеточных кривых (многочлены Фробениуса, наблюдение) ---
  пять клеток 79/110 (79;31,189): простых 54, L_p неприводим над Q у 38, приводим у 16
  пять клеток 79/110 (79;110,189): простых 52, L_p неприводим над Q у 40, приводим у 12
  пять клеток 11/142 (131;142,153): простых 53, L_p неприводим над Q у 32, приводим у 21
  пять клеток 48/163 (115;48,163): простых 54, L_p неприводим над Q у 34, приводим у 20
  пять клеток 67/168 (235;67,101): простых 54, L_p неприводим над Q у 45, приводим у 9
  пять клеток случайная (5;7,11): простых 57, L_p неприводим над Q у 47, приводим у 10
  контроль, шесть клеток 79/110 (79;31,189): простых 54, неприводим у 0, приводим у 54 (ожидается: всегда приводим — якобиан расщеплён)
  контроль, шесть клеток 79/110 (79;110,189): простых 52, неприводим у 0, приводим у 52 (ожидается: всегда приводим — якобиан расщеплён)
--- PARI ellrank для пар Бремнера–Саллоуса (ожидается ранг >= 1) ---
  (247,578): rank = 2
  (247,825): rank = 2
  (578,825): rank = 2
  (825,1072): rank = 1
