простые ell<=3000 с условием теоремы: [3, 5, 13, 37, 43, 197, 277, 283, 397, 557, 643, 683, 757, 797, 827, 907, 947, 997, 1237, 1453, 1693, 1867, 1933, 1987, 2267, 2357, 2477, 2557, 2917]
всего различных наклонов от девятикратного расширения: 246
статусы в переписи:
   56 точный Селмер 12 пар (coverage_exact)
   45 census_300:g1
   153 вне переписи (s>500)
первые 30 строк:
   (3, '1/3', 'точный Селмер 12 пар (coverage_exact)')
   (3, '2/3', 'точный Селмер 12 пар (coverage_exact)')
   (3, '1/4', 'точный Селмер 12 пар (coverage_exact)')
   (5, '1/5', 'точный Селмер 12 пар (coverage_exact)')
   (5, '4/5', 'точный Селмер 12 пар (coverage_exact)')
   (5, '1/6', 'точный Селмер 12 пар (coverage_exact)')
   (5, '1/4', 'точный Селмер 12 пар (coverage_exact)')
   (5, '2/3', 'точный Селмер 12 пар (coverage_exact)')
   (5, '2/5', 'точный Селмер 12 пар (coverage_exact)')
   (5, '3/5', 'точный Селмер 12 пар (coverage_exact)')
   (5, '1/3', 'точный Селмер 12 пар (coverage_exact)')
   (13, '1/13', 'точный Селмер 12 пар (coverage_exact)')
   (13, '12/13', 'точный Селмер 12 пар (coverage_exact)')
   (13, '1/14', 'точный Селмер 12 пар (coverage_exact)')
   (13, '1/12', 'точный Селмер 12 пар (coverage_exact)')
   (13, '6/7', 'точный Селмер 12 пар (coverage_exact)')
   (13, '6/13', 'точный Селмер 12 пар (coverage_exact)')
   (13, '7/13', 'точный Селмер 12 пар (coverage_exact)')
   (13, '1/7', 'точный Селмер 12 пар (coverage_exact)')
   (13, '1/6', 'точный Селмер 12 пар (coverage_exact)')
   (37, '1/37', 'точный Селмер 12 пар (coverage_exact)')
   (37, '36/37', 'точный Селмер 12 пар (coverage_exact)')
   (37, '1/38', 'точный Селмер 12 пар (coverage_exact)')
   (37, '1/36', 'точный Селмер 12 пар (coverage_exact)')
   (37, '18/19', 'точный Селмер 12 пар (coverage_exact)')
   (37, '18/37', 'точный Селмер 12 пар (coverage_exact)')
   (37, '19/37', 'точный Селмер 12 пар (coverage_exact)')
   (37, '1/19', 'точный Селмер 12 пар (coverage_exact)')
   (37, '1/18', 'точный Селмер 12 пар (coverage_exact)')
   (43, '1/43', 'точный Селмер 12 пар (coverage_exact)')
противоречий с переписью (наклон s<=500, не закрытый там): 0 []

--- отрицательный контроль: квадрат Бремнера–Саллоуса ---
наклон Бремнера–Саллоуса k = y/x = 247/825  s-r = 578  s+r = 1072
клетки-квадраты по коэффициентам c (1+cz): {825: True, -825: True, 247: False, -247: True, 578: True, -578: True, 1072: False, -1072: True}
пары (m,n) с невырожденной точкой: [(247, 578), (247, 825), (578, 825), (825, 1072)]
  (247,578): |Sphi|=16 |Sphihat|=1 граница ранга 2  -> критерий не прошёл, как и должен
  (247,825): |Sphi|=32 |Sphihat|=1 граница ранга 3  -> критерий не прошёл, как и должен
  (578,825): |Sphi|=16 |Sphihat|=1 граница ранга 2  -> критерий не прошёл, как и должен
  (825,1072): |Sphi|=32 |Sphihat|=1 граница ранга 3  -> критерий не прошёл, как и должен
