/usr/lib/python3.14/site-packages/sage/schemes/elliptic_curves/ell_number_field.py:303: DeprecationWarning: please use the 2-descent algorithm over QQ inside pari
See https://github.com/sagemath/sage/issues/38461 for details.
  t = simon_two_descent(self, verbose=verbose,
--- n-m=1, n+m=3^j: n^2-m^2=3^j, Sphihat={1} принудительно; Sphi — все делители mn ---
(3^j-1)/2,(3^j+1)/2          (m,n)=(4,5) |Sphi|=  4 |Sphihat|= 1 граница=0  PARI ранг [0,0]  omega(mn)=2 t=0
(3^j-1)/2,(3^j+1)/2          (m,n)=(13,14) |Sphi|= 16 |Sphihat|= 1 граница=2  PARI ранг [0,2]  omega(mn)=3 t=0
(3^j-1)/2,(3^j+1)/2          (m,n)=(40,41) |Sphi|= 16 |Sphihat|= 1 граница=2  PARI ранг [0,2]  omega(mn)=3 t=0
(3^j-1)/2,(3^j+1)/2          (m,n)=(121,122) |Sphi|= 16 |Sphihat|= 1 граница=2  PARI ранг [0,2]  omega(mn)=3 t=0
(3^j-1)/2,(3^j+1)/2          (m,n)=(364,365) |Sphi|= 32 |Sphihat|= 1 граница=3  PARI ранг [1,3]  omega(mn)=5 t=0
(3^j-1)/2,(3^j+1)/2          (m,n)=(1093,1094) |Sphi|= 16 |Sphihat|= 1 граница=2  PARI ранг [0,2]  omega(mn)=3 t=0
(3^j-1)/2,(3^j+1)/2          (m,n)=(3280,3281) |Sphi|= 64 |Sphihat|= 1 граница=4  PARI ранг [0,4]  omega(mn)=5 t=0
--- (2^j-1, 2^j+1): n^2-m^2=2^(j+2), ни одного q=1(4); Sphi — все делители 4^j-1 ---
(2^j-1,2^j+1)                (m,n)=(3,5) |Sphi|=  4 |Sphihat|= 1 граница=0  PARI ранг [0,0]  omega(mn)=2 t=0
(2^j-1,2^j+1)                (m,n)=(7,9) |Sphi|=  4 |Sphihat|= 1 граница=0  PARI ранг [0,0]  omega(mn)=2 t=0
(2^j-1,2^j+1)                (m,n)=(15,17) |Sphi|=  8 |Sphihat|= 1 граница=1  PARI ранг [1,1]  omega(mn)=3 t=0
(2^j-1,2^j+1)                (m,n)=(31,33) |Sphi|=  8 |Sphihat|= 1 граница=1  PARI ранг [1,1]  omega(mn)=3 t=0
(2^j-1,2^j+1)                (m,n)=(63,65) |Sphi|= 16 |Sphihat|= 1 граница=2  PARI ранг [0,2]  omega(mn)=4 t=0
(2^j-1,2^j+1)                (m,n)=(127,129) |Sphi|=  8 |Sphihat|= 1 граница=1  PARI ранг [1,1]  omega(mn)=3 t=0
(2^j-1,2^j+1)                (m,n)=(255,257) |Sphi|= 16 |Sphihat|= 1 граница=2  PARI ранг [0,2]  omega(mn)=4 t=0
--- n-m=1, n+m=ell простое 5 mod 8: Sphihat={1} принудительно; Sphi — делители (ell^2-1)/4 ---
((ell-1)/2,(ell+1)/2)        (m,n)=(2,3) |Sphi|=  4 |Sphihat|= 1 граница=0  PARI ранг [0,0]  omega(mn)=2 t=1
((ell-1)/2,(ell+1)/2)        (m,n)=(6,7) |Sphi|=  8 |Sphihat|= 1 граница=1  PARI ранг [1,1]  omega(mn)=3 t=1
((ell-1)/2,(ell+1)/2)        (m,n)=(14,15) |Sphi|= 16 |Sphihat|= 1 граница=2  PARI ранг [0,2]  omega(mn)=4 t=1
((ell-1)/2,(ell+1)/2)        (m,n)=(18,19) |Sphi|=  8 |Sphihat|= 1 граница=1  PARI ранг [1,1]  omega(mn)=3 t=1
((ell-1)/2,(ell+1)/2)        (m,n)=(26,27) |Sphi|=  8 |Sphihat|= 1 граница=1  PARI ранг [1,1]  omega(mn)=3 t=1
((ell-1)/2,(ell+1)/2)        (m,n)=(30,31) |Sphi|= 16 |Sphihat|= 1 граница=2  PARI ранг [0,2]  omega(mn)=4 t=1
((ell-1)/2,(ell+1)/2)        (m,n)=(50,51) |Sphi|= 16 |Sphihat|= 1 граница=2  PARI ранг [0,2]  omega(mn)=4 t=1
((ell-1)/2,(ell+1)/2)        (m,n)=(54,55) |Sphi|= 16 |Sphihat|= 1 граница=2  PARI ранг [0,2]  omega(mn)=4 t=1
((ell-1)/2,(ell+1)/2)        (m,n)=(74,75) |Sphi|= 16 |Sphihat|= 1 граница=2  PARI ранг [0,2]  omega(mn)=4 t=1
((ell-1)/2,(ell+1)/2)        (m,n)=(78,79) |Sphi|= 16 |Sphihat|= 1 граница=2  PARI ранг [0,2]  omega(mn)=4 t=1
((ell-1)/2,(ell+1)/2)        (m,n)=(86,87) |Sphi|= 16 |Sphihat|= 1 граница=2  PARI ранг [0,2]  omega(mn)=4 t=1
((ell-1)/2,(ell+1)/2)        (m,n)=(90,91) |Sphi|= 32 |Sphihat|= 1 граница=3  PARI ранг [1,3]  omega(mn)=5 t=1
((ell-1)/2,(ell+1)/2)        (m,n)=(98,99) |Sphi|= 16 |Sphihat|= 1 граница=2  PARI ранг [0,2]  omega(mn)=4 t=1
((ell-1)/2,(ell+1)/2)        (m,n)=(114,115) |Sphi|= 32 |Sphihat|= 1 граница=3  PARI ранг [1,3]  omega(mn)=5 t=1
--- (1,ell), ell с условием теоремы 1/ell (контроль: ранг 0) ---
(1,ell)                      (m,n)=(1,13) |Sphi|=  4 |Sphihat|= 1 граница=0  PARI ранг [0,0]  omega(mn)=1 t=0
(1,ell)                      (m,n)=(1,37) |Sphi|=  4 |Sphihat|= 1 граница=0  PARI ранг [0,0]  omega(mn)=1 t=0
(1,ell)                      (m,n)=(1,43) |Sphi|=  4 |Sphihat|= 1 граница=0  PARI ранг [0,0]  omega(mn)=1 t=0
(1,ell)                      (m,n)=(1,197) |Sphi|=  4 |Sphihat|= 1 граница=0  PARI ранг [0,0]  omega(mn)=1 t=0
(1,ell)                      (m,n)=(1,277) |Sphi|=  4 |Sphihat|= 1 граница=0  PARI ранг [0,0]  omega(mn)=1 t=0
