M = (0, 0, 0, -4644297081900, 3655579703416830000)
minimal roots = [1006950, -2474220, 1467270]
I = 222926259931200 J = -6316841727504282240000
order = [1, 0, 2]  delta = 13/10988243481600*ph^2 - 91/6365568*ph - 333457/968
TARGET g1 = [-31441500, -3320880, 14820660, 1496040, 30825]
z(g1) = -41922000*ph + 1253651661014400
ell2cover count = 5
      a = g(1,0): |N| цифр 5
    места: 10, нетривиальные: ['23', '743']
    места: 10, нетривиальные: ['23', '743']
PAIR 0 value 0 places 10
      a = g(1,0): |N| цифр 9
    места: 11, нетривиальные: ['173', '937']
    места: 11, нетривиальные: ['173', '937']
PAIR 1 value 0 places 11
      a = g(1,0): |N| цифр 3
    места: 8, нетривиальные: ['2', '137']
    места: 8, нетривиальные: ['2', '137']
PAIR 2 value 0 places 8
      a = g(1,0): |N| цифр 4
    места: 9, нетривиальные: ['real']
    места: 9, нетривиальные: ['real']
PAIR 3 value 1 places 9
NONZERO FOUND at i = 3
DONE
