Саллоус: a,b,c,lam = 4420 -3360 1056 8349
клетки: [[16129, 2116, 3364], [4, 12769, 8836], [5476, 6724, 9409]] все квадраты: True
2P : шесть клеток вне главной диагонали те же: True ; lam = -3866836980979599/7751179400836 (≠0)
3P : шесть клеток вне главной диагонали те же: True ; lam = -3074616552081554563133926315358123651/4703413061866180537911414234965769 (≠0)
--- Саллоус, 6 клеток, a=4420: a=4420 (не квадрат) = {2: 2, 5: 1, 13: 1, 17: 1}, u=[1056, -2304, -4416], связь n=[-2, 1, -1]
   p=5 e=1:  {1056: (0, 2, 'чист', -1), -2304: (0, 2, 'чист', -1), -4416: (0, 2, 'чист', -1)}
   p=13 e=1:  {1056: (0, 2, 'чист', -1), -2304: (2, 0, 'чист', 1), -4416: (2, 0, 'чист', 1)}
   p=17 e=1:  {1056: (0, 2, 'чист', -1), -2304: (0, 2, 'чист', -1), -4416: (2, 0, 'чист', 1)}
   ранг <w_u> в S^1(Q): 3; матрица v_pi(w_u): [[-1, -1, -1], [-1, 1, -1], [-1, 1, 1]]
   лемма (min t достигается ≥2 раз): True []
   теорема D: True; классы (ориентация, простые, Pi, Pi^2/(N_L a)): [((1, 1, 1), [5], 5, '5/3536'), ((1, -1, -1), [13], 13, '13/1360'), ((1, 1, -1), [17], 17, '17/1040')]
   Z-контроль: {'cls': [5], 'Z': (-600, -800), 'NZ': 1000000, 'Pi2': 25, 'divisible': True, 'NZ_ge_Pi2': True, 'NZ_le_bound': True}
   Z-контроль: {'cls': [13], 'Z': (360, -864), 'NZ': 876096, 'Pi2': 169, 'divisible': True, 'NZ_ge_Pi2': True, 'NZ_le_bound': True}
   Z-контроль: {'cls': [17], 'Z': (-240, -128), 'NZ': 73984, 'Pi2': 289, 'divisible': True, 'NZ_ge_Pi2': True, 'NZ_le_bound': True}
--- Саллоус, 6 клеток /4, a=1105: a=1105 (не квадрат) = {5: 1, 13: 1, 17: 1}, u=[264, -576, -1104], связь n=[-2, 1, -1]
   p=5 e=1:  {264: (0, 2, 'чист', -1), -576: (0, 2, 'чист', -1), -1104: (0, 2, 'чист', -1)}
   p=13 e=1:  {264: (0, 2, 'чист', -1), -576: (2, 0, 'чист', 1), -1104: (2, 0, 'чист', 1)}
   p=17 e=1:  {264: (0, 2, 'чист', -1), -576: (0, 2, 'чист', -1), -1104: (2, 0, 'чист', 1)}
   ранг <w_u> в S^1(Q): 3; матрица v_pi(w_u): [[-1, -1, -1], [-1, 1, -1], [-1, 1, 1]]
   лемма (min t достигается ≥2 раз): True []
   теорема D: True; классы (ориентация, простые, Pi, Pi^2/(N_L a)): [((1, 1, 1), [5], 5, '5/884'), ((1, -1, -1), [13], 13, '13/340'), ((1, 1, -1), [17], 17, '17/260')]
   Z-контроль: {'cls': [5], 'Z': (-150, -200), 'NZ': 62500, 'Pi2': 25, 'divisible': True, 'NZ_ge_Pi2': True, 'NZ_le_bound': True}
   Z-контроль: {'cls': [13], 'Z': (90, -216), 'NZ': 54756, 'Pi2': 169, 'divisible': True, 'NZ_ge_Pi2': True, 'NZ_le_bound': True}
   Z-контроль: {'cls': [17], 'Z': (-60, -32), 'NZ': 4624, 'Pi2': 289, 'divisible': True, 'NZ_ge_Pi2': True, 'NZ_le_bound': True}
Прогноз D для a=1105: допустимые классы Pi: 5,13,17,65 (65^2=4225<=4420); запрещены 85,221,1105
AB1: полные линии через квадратный центр: [-138600, -97104] (две — гипотезы теорем B/D не выполнены)
AB1: ранг двух точек окружности 2 [[2, -2], [4, 0]]
