{'slope_fixed_projective_9forms': 321, 'slope_fixed_affine_a=1_check': 321, 'b_over_a_fixed_projective_7forms': 49, 'b_fixed_affine_a=1_check': 49}
кривая наклона 3/7: {'n_quadrics': 7, 'dim': 2, 'hilbert_polynomial': '128*t - 320', 'degree': 128, 'genus': 321} 0.0s
D4: сумма родов компонент 25  RH: 25
{'sage': '2533446736/275625', 'formula': '2533446736/275625', 'equal': True}
{
 "RH": {
  "slope_fixed_projective_9forms": 321,
  "slope_fixed_affine_a=1_check": 321,
  "b_over_a_fixed_projective_7forms": 49,
  "b_fixed_affine_a=1_check": 49
 },
 "slope_curve_k=3/7": {
  "n_quadrics": 7,
  "dim": "2",
  "hilbert_polynomial": "128*t - 320",
  "degree": 128,
  "genus": 321
 },
 "D4": {
  "b": 7,
  "c": 3,
  "genus_sum": 25,
  "RH_genus": 25,
  "components": [
   {
    "S": [
     "b"
    ],
    "deg": 3,
    "genus": 1
   },
   {
    "S": [
     "c"
    ],
    "deg": 3,
    "genus": 1
   },
   {
    "S": [
     "b+c"
    ],
    "deg": 3,
    "genus": 1
   },
   {
    "S": [
     "b-c"
    ],
    "deg": 3,
    "genus": 1
   },
   {
    "S": [
     "b",
     "c"
    ],
    "deg": 4,
    "genus": 1
   },
   {
    "S": [
     "b",
     "b+c"
    ],
    "deg": 4,
    "genus": 1
   },
   {
    "S": [
     "b",
     "b-c"
    ],
    "deg": 4,
    "genus": 1
   },
   {
    "S": [
     "c",
     "b+c"
    ],
    "deg": 4,
    "genus": 1
   },
   {
    "S": [
     "c",
     "b-c"
    ],
    "deg": 4,
    "genus": 1
   },
   {
    "S": [
     "b+c",
     "b-c"
    ],
    "deg": 4,
    "genus": 1
   },
   {
    "S": [
     "b",
     "c",
     "b+c"
    ],
    "deg": 7,
    "genus": 3
   },
   {
    "S": [
     "b",
     "c",
     "b-c"
    ],
    "deg": 7,
    "genus": 3
   },
   {
    "S": [
     "b",
     "b+c",
     "b-c"
    ],
    "deg": 7,
    "genus": 3
   },
   {
    "S": [
     "c",
     "b+c",
     "b-c"
    ],
    "deg": 7,
    "genus": 3
   },
   {
    "S": [
     "b",
     "c",
     "b+c",
     "b-c"
    ],
    "deg": 8,
    "genus": 3
   }
  ]
 },
 "j_F_bc_as_function_of_k=c/b": "(16) * (k - 1)^-4 * (k + 1)^-4 * k^-2 * (k^4 + 14*k^2 + 1)^3",
 "j_check_k=3/7": {
  "sage": "2533446736/275625",
  "formula": "2533446736/275625",
  "equal": true
 },
 "time_s": "0.0"
}
