к расчёту 15166
500 / 15166 закрыто 500
1000 / 15166 закрыто 999
1500 / 15166 закрыто 1498
2000 / 15166 закрыто 1998
2500 / 15166 закрыто 2497
3000 / 15166 закрыто 2995
3500 / 15166 закрыто 3495
4000 / 15166 закрыто 3994
4500 / 15166 закрыто 4494
5000 / 15166 закрыто 4994
5500 / 15166 закрыто 5493
6000 / 15166 закрыто 5993
6500 / 15166 закрыто 6492
7000 / 15166 закрыто 6991
7500 / 15166 закрыто 7491
8000 / 15166 закрыто 7991
8500 / 15166 закрыто 8490
9000 / 15166 закрыто 8990
9500 / 15166 закрыто 9490
10000 / 15166 закрыто 9990
10500 / 15166 закрыто 10490
11000 / 15166 закрыто 10990
11500 / 15166 закрыто 11489
12000 / 15166 закрыто 11989
12500 / 15166 закрыто 12489
13000 / 15166 закрыто 12989
13500 / 15166 закрыто 13489
14000 / 15166 закрыто 13989
14500 / 15166 закрыто 14489
15000 / 15166 закрыто 14988
готово 15166 закрыто 15154
