к расчёту 21280
500 / 21280 закрыто 499
1000 / 21280 закрыто 999
1500 / 21280 закрыто 1499
2000 / 21280 закрыто 1998
2500 / 21280 закрыто 2498
3000 / 21280 закрыто 2998
3500 / 21280 закрыто 3497
4000 / 21280 закрыто 3996
4500 / 21280 закрыто 4496
5000 / 21280 закрыто 4995
5500 / 21280 закрыто 5495
6000 / 21280 закрыто 5993
6500 / 21280 закрыто 6493
7000 / 21280 закрыто 6993
7500 / 21280 закрыто 7492
8000 / 21280 закрыто 7992
8500 / 21280 закрыто 8492
9000 / 21280 закрыто 8992
9500 / 21280 закрыто 9492
10000 / 21280 закрыто 9991
10500 / 21280 закрыто 10491
11000 / 21280 закрыто 10991
11500 / 21280 закрыто 11491
12000 / 21280 закрыто 11991
12500 / 21280 закрыто 12490
13000 / 21280 закрыто 12990
13500 / 21280 закрыто 13490
14000 / 21280 закрыто 13989
14500 / 21280 закрыто 14489
15000 / 21280 закрыто 14989
15500 / 21280 закрыто 15488
16000 / 21280 закрыто 15988
16500 / 21280 закрыто 16488
17000 / 21280 закрыто 16987
17500 / 21280 закрыто 17486
18000 / 21280 закрыто 17984
18500 / 21280 закрыто 18483
19000 / 21280 закрыто 18983
19500 / 21280 закрыто 19483
20000 / 21280 закрыто 19982
20500 / 21280 закрыто 20481
21000 / 21280 закрыто 20980
готово 21280 закрыто 21259
