наклон 126/451: простых 14; всего тестов 54600, прошло 25757, нетрив 1031, нарушений 0  t=0s
наклон 73/362: простых 15; всего тестов 113100, прошло 54097, нетрив 2780, нарушений 0  t=1s
наклон 265/298: простых 16; всего тестов 175500, прошло 83389, нетрив 3709, нарушений 0  t=2s
наклон 12/85: простых 15; всего тестов 234000, прошло 111908, нетрив 5340, нарушений 0  t=2s
наклон 1/4: простых 13; всего тестов 284700, прошло 137351, нетрив 7983, нарушений 0  t=3s
наклон 2/3: простых 13; всего тестов 335400, прошло 160906, нетрив 8738, нарушений 0  t=3s
наклон 1/6: простых 13; всего тестов 386100, прошло 184427, нетрив 9031, нарушений 0  t=3s
наклон 4/9: простых 13; всего тестов 436800, прошло 209727, нетрив 11067, нарушений 0  t=4s
наклон 3/10: простых 13; всего тестов 487500, прошло 234207, нетрив 12747, нарушений 0  t=4s
наклон 7/10: простых 13; всего тестов 538200, прошло 257767, нетрив 13507, нарушений 0  t=5s
наклон 12/17: простых 13; всего тестов 588900, прошло 282215, нетрив 15129, нарушений 0  t=5s
наклон 1/12: простых 13; всего тестов 639600, прошло 305819, нетрив 15933, нарушений 0  t=6s
наклон 8/21: простых 13; всего тестов 690300, прошло 330213, нетрив 17527, нарушений 0  t=6s
наклон 5/13: простых 13; всего тестов 741000, прошло 353936, нетрив 17945, нарушений 0  t=7s
наклон 1/3: простых 13; всего тестов 791700, прошло 377637, нетрив 18846, нарушений 0  t=7s
наклон 3/5: простых 13; всего тестов 842400, прошло 400904, нетрив 19313, нарушений 0  t=7s
наклон 1/24: простых 13; всего тестов 893100, прошло 424511, нетрив 19673, нарушений 0  t=8s
наклон 2/27: простых 13; всего тестов 943800, прошло 447998, нетрив 20360, нарушений 0  t=8s
наклон 7/24: простых 13; всего тестов 994500, прошло 472552, нетрив 22114, нарушений 0  t=9s
наклон 13/24: простых 13; всего тестов 1045200, прошло 496696, нетрив 23410, нарушений 0  t=9s
наклон 5/12: простых 13; всего тестов 1095900, прошло 519842, нетрив 23756, нарушений 0  t=10s
наклон 5/8: простых 13; всего тестов 1146600, прошло 543911, нетрив 25025, нарушений 0  t=10s
наклон -126/451: простых 14; всего тестов 1201200, прошло 569693, нетрив 26082, нарушений 0  t=11s
наклон -73/362: простых 15; всего тестов 1259700, прошло 597968, нетрив 27796, нарушений 0  t=11s
наклон 9/16: простых 13; всего тестов 1310400, прошло 623364, нетрив 29467, нарушений 0  t=12s
наклон 11/14: простых 13; всего тестов 1361100, прошло 647916, нетрив 31150, нарушений 0  t=12s
наклон 1/26: простых 13; всего тестов 1411800, прошло 671986, нетрив 31920, нарушений 0  t=13s
наклон 7/32: простых 13; всего тестов 1462500, прошло 695447, нетрив 32581, нарушений 0  t=13s
наклон 1/170: простых 13; всего тестов 1513200, прошло 719069, нетрив 33357, нарушений 0  t=13s
наклон 1/290: простых 14; всего тестов 1567800, прошло 745239, нетрив 34548, нарушений 0  t=14s
наклон 12/13: простых 13; всего тестов 1618500, прошло 768869, нетрив 35331, нарушений 0  t=14s
наклон 2/23: простых 13; всего тестов 1669200, прошло 792958, нетрив 36108, нарушений 0  t=15s
наклон 4/29: простых 13; всего тестов 1719900, прошло 816580, нетрив 36863, нарушений 0  t=15s
по простым [тестов, прошло, нетрив. прошло]:
{2: [128700, 39600, 0], 3: [128700, 59400, 0], 5: [128700, 65047, 5647], 7: [128700, 59400, 0], 11: [128700, 59596, 11], 13: [128700, 66794, 7198], 17: [128700, 66042, 6163], 19: [128700, 59408, 8], 23: [128700, 59471, 4], 29: [128700, 67195, 5423], 31: [128700, 59455, 55], 37: [128700, 65720, 4950], 41: [128700, 65408, 5457]}
где встретились нечётные v_p(T) / v_p(L) (число случаев): {'126/451@13': [346, 0], '126/451@577': [0, 357], '73/362@5': [0, 327], '73/362@17': [300, 0], '73/362@29': [0, 354], '12/85@73': [358, 0], '12/85@97': [0, 381], '1/4@5': [0, 330], '2/3@5': [0, 307], '1/6@5': [292, 0], '4/9@5': [295, 0], '4/9@13': [0, 360], '3/10@13': [0, 362], '7/10@17': [0, 315], '12/17@5': [296, 0], '12/17@29': [0, 394], '1/12@13': [0, 339], '8/21@13': [340, 0], '8/21@29': [0, 358], '2/27@29': [0, 344], '7/24@17': [349, 0], '13/24@37': [0, 372], '5/12@17': [0, 346], '5/8@13': [0, 356], '-126/451@13': [0, 335], '-126/451@577': [386, 0], '-73/362@5': [313, 0], '-73/362@17': [0, 300], '-73/362@29': [363, 0], '7/32@13': [0, 337], '1/290@17': [300, 0], '1/290@97': [0, 369]}
R: тестов 132000, 8 произведений >0: 38385, из них с отрицательной клеткой: 0
CRT L нечётна при 577 -> {'slope': '126/451', 'z_num_digits': 148, 'z_den_digits': 174, 'T_square_Q2': True, 'T_square_Q3': True, 'L_square_Q2': True, 'L_square_Q3': True, 'T_pos': True, 'L_pos': True, 'violations': []}
     нечётные v_p(T) при p из P: [13] ; нечётные v_p(L): [577]
CRT T нечётна при 5 (локально) -> нет локального кандидата при p=5
CRT T нечётна при 13 (локально) -> {'slope': '126/451', 'z_num_digits': 145, 'z_den_digits': 169, 'T_square_Q2': True, 'T_square_Q3': True, 'L_square_Q2': True, 'L_square_Q3': True, 'T_pos': True, 'L_pos': True, 'violations': []}
     нечётные v_p(T) при p из P: [13] ; нечётные v_p(L): [577]
CRT L нечётна при 5 и 29 -> {'slope': '73/362', 'z_num_digits': 173, 'z_den_digits': 190, 'T_square_Q2': True, 'T_square_Q3': True, 'L_square_Q2': True, 'L_square_Q3': True, 'T_pos': True, 'L_pos': True, 'violations': []}
     нечётные v_p(T) при p из P: [] ; нечётные v_p(L): [5, 29]
CRT T нечётна при 17 -> {'slope': '73/362', 'z_num_digits': 172, 'z_den_digits': 191, 'T_square_Q2': True, 'T_square_Q3': True, 'L_square_Q2': True, 'L_square_Q3': True, 'T_pos': True, 'L_pos': True, 'violations': []}
     нечётные v_p(T) при p из P: [17] ; нечётные v_p(L): [5, 29]
CRT T при 73, L при 97 -> {'slope': '12/85', 'z_num_digits': 139, 'z_den_digits': 146, 'T_square_Q2': True, 'T_square_Q3': True, 'L_square_Q2': True, 'L_square_Q3': True, 'T_pos': True, 'L_pos': True, 'violations': []}
     нечётные v_p(T) при p из P: [73] ; нечётные v_p(L): [97]
CRT общий нетривиальный -> {'slope': '265/298', 'z_num_digits': 158, 'z_den_digits': 161, 'T_square_Q2': True, 'T_square_Q3': True, 'L_square_Q2': True, 'L_square_Q3': True, 'T_pos': True, 'L_pos': True, 'violations': []}
     нечётные v_p(T) при p из P: [] ; нечётные v_p(L): []
ИТОГ: {'tested': 1719900, 'passed': 816580, 'passed_nontrivial': 36863, 'violations': 0, 'real_violations': 0, 'time_s': 15.6}
