3 3/5 ЗАКРЫТ ['g1', [-8, -5, -3]]
4 5/8 ЗАКРЫТ ['g1', [-13, -8, -5]]
5 8/13 ЗАКРЫТ ['g1', [-21, -13, -8]]
6 13/21 ЗАКРЫТ ['g1', [-34, -21, -13]]
7 21/34 ЗАКРЫТ ['g1', [-34, -21, -13]]
8 34/55 ЗАКРЫТ ['g1', [-89, -55, 34]]
9 55/89 ЗАКРЫТ ['g1', [-144, -89, -55]]
10 89/144 ЗАКРЫТ ['g1', [-233, -144, -89]]
11 144/233 ЗАКРЫТ ['g1', [-233, -144, -89]]
12 233/377 ЗАКРЫТ ['g1', [-610, -377, 233]]
13 377/610 ЗАКРЫТ ['g1', [-987, -377, 610]]
14 610/987 ЗАКРЫТ ['g1', [-1597, -987, -610]]
15 987/1597 ЗАКРЫТ ['g1', [-2584, -1597, 987]]
16 1597/2584 ЗАКРЫТ ['g1', [-4181, -2584, 1597]]
17 2584/4181 ЗАКРЫТ ['g1', [-4181, -2584, 1597]]
18 4181/6765 ЗАКРЫТ ['g1', [-10946, -6765, 2584, 6765]]
19 6765/10946 ЗАКРЫТ ['g1', [-17711, -10946, 6765]]
20 10946/17711 ЗАКРЫТ ['g1', [-28657, -17711, 10946]]
21 17711/28657 ЗАКРЫТ ['g1', [-28657, -17711, 10946]]
22 28657/46368 ЗАКРЫТ ['g1', [-75025, -28657, 46368]]
23 46368/75025 ЗАКРЫТ ['g1', [-121393, -75025, -46368]]
24 75025/121393 ЗАКРЫТ ['g1', [-196418, -121393, 75025]]
25 121393/196418 ЗАКРЫТ ['g1', [-317811, -196418, -121393]]
26 196418/317811 ЗАКРЫТ ['g1', [-514229, -317811, -196418]]
27 317811/514229 ЗАКРЫТ ['g1', [-832040, -514229, -317811]]
28 514229/832040 ЗАКРЫТ ['g1', [-1346269, -832040, -514229]]
29 832040/1346269 ЗАКРЫТ ['g1', [-1346269, -832040, -514229]]
30 1346269/2178309 ЗАКРЫТ ['g1', [-3524578, -2178309, 832040, 2178309]]
31 2178309/3524578 ЗАКРЫТ ['six', [1346269, 2178309, 3524578], '+']
32 3524578/5702887 ЗАКРЫТ ['g1', [-9227465, -3524578, 5702887]]
33 5702887/9227465 ЗАКРЫТ ['g1', [-14930352, -9227465, -5702887]]
34 9227465/14930352 ЗАКРЫТ ['g1', [-14930352, -9227465, -5702887]]
35 14930352/24157817 ЗАКРЫТ ['g1', [-39088169, -24157817, 9227465, 24157817]]
36 24157817/39088169 ЗАКРЫТ ['g1', [-63245986, -39088169, 14930352, 39088169]]
37 39088169/63245986 ЗАКРЫТ ['six', [39088169, 63245986, 102334155], '-']
38 63245986/102334155 ЗАКРЫТ ['g1', [-165580141, -102334155, 102334155, 165580141]]
39 102334155/165580141 ЗАКРЫТ ['g1', [-267914296, -102334155, 165580141]]
40 165580141/267914296 ЗАКРЫТ ['g1', [-433494437, -267914296, -165580141]]
41 267914296/433494437 ЗАКРЫТ ['g1', [-701408733, -433494437, 267914296]]
42 433494437/701408733 ЗАКРЫТ ['g1', [-701408733, -433494437, 267914296]]
43 701408733/1134903170 ЗАКРЫТ ['g1', [-1836311903, -701408733, 701408733, 1836311903]]
44 1134903170/1836311903 ЗАКРЫТ ['g1', [-1836311903, -701408733, 701408733, 1836311903]]
готово
