M = Elliptic Curve defined by y^2 = x^3 - 4644297081900*x + 3655579703416830000 over Rational Field
minimal roots = [1006950, -2474220, 1467270]
I,J = 222926259931200 -6316841727504282240000
TARGET [-31441500, -3320880, 14820660, 1496040, 30825]
ell2cover: получено 5 накрытий
      a = g(1,0): |N| цифр 5
    места: 10, нетривиальные: ['23', '743']
    места: 10, нетривиальные: ['23', '743']
PAIR {'i': 0, 'g2': ['19694284', '48910096', '43674504', '19219456', '4804864'], 'g3': ['392910715225/825930121', '-3167864700/28739', '6841170', '56960123220/137', '127028878539921/18769'], 'pair': 0, 'places': 10}
      a = g(1,0): |N| цифр 9
    места: 11, нетривиальные: ['173', '937']
    места: 11, нетривиальные: ['173', '937']
PAIR {'i': 1, 'g2': ['821689969', '3298768200', '4960235700', '3310851600', '827712900'], 'g3': ['9592626484316416/36735721', '-517652856000/43681', '-248664288600/43681', '10162139400/43681', '2540534850/43681'], 'pair': 0, 'places': 11}
      a = g(1,0): |N| цифр 3
    места: 8, нетривиальные: ['2', '137']
    места: 8, нетривиальные: ['2', '137']
PAIR {'i': 2, 'g2': ['530464', '2121856', '15266184', '2121856', '530464'], 'g3': ['5849176883449/841', '27832178556', '41760351234', '27844261956', '6961065489'], 'pair': 0, 'places': 8}
      a = g(1,0): |N| цифр 4
    места: 9, нетривиальные: ['real']
    места: 9, нетривиальные: ['real']
PAIR {'i': 3, 'g2': ['-1984304', '-37577456', '-86056824', '-67268096', '-16817024'], 'g3': ['4281138047025/266570929', '-48875626800/16327', '200084220', '-776634899040/137', '1080956846215876/18769'], 'pair': 1, 'places': 9}
DONE
