   [-k - 1, -1, -k] [-1, k - 1, k] Δ = [-k - 1, -k, k - 1, k]  корней-ветвлений 0; сумма непарных полюсов S₁+S₂ ∈ E₃[2]: True (= O: False )
   [-k - 1, -1, -k] [-k, -k + 1, 1] Δ = [-k - 1, -1, -k + 1, 1]  корней-ветвлений 0; сумма непарных полюсов S₁+S₂ ∈ E₃[2]: True (= O: False )
   [-1, k - 1, k] [k, 1, k + 1] Δ = [-1, k - 1, 1, k + 1]  корней-ветвлений 0; сумма непарных полюсов S₁+S₂ ∈ E₃[2]: True (= O: False )
   [-k, -k + 1, 1] [k, 1, k + 1] Δ = [-k, -k + 1, k, k + 1]  deg q = 1: z₁ = −1/λ, λ ∈ T_a∩T_b, второй полюс над ∞ или над общим O (пары ±R): True
   [-k - 1, -1, k - 1, -k] [k - 1, -k, k] Δ = [-k - 1, -1, k]  корней-ветвлений 0; сумма непарных полюсов S₁+S₂ ∈ E₃[2]: True (= O: False )
   [-k, k, -k + 1] [k, -k + 1, 1, k + 1] Δ = [-k, 1, k + 1]  корней-ветвлений 0; сумма непарных полюсов S₁+S₂ ∈ E₃[2]: True (= O: False )
   [-k - 1, -1, k - 1] [-1, -k, k] Δ = [-k - 1, k - 1, -k, k]  корней-ветвлений 0; сумма непарных полюсов S₁+S₂ ∈ E₃[2]: True (= O: False )
   [-k, k, 1] [-k + 1, 1, k + 1] Δ = [-k, k, -k + 1, k + 1]  deg q = 1: z₁ = −1/λ, λ ∈ T_a∩T_b, второй полюс над ∞ или над общим O (пары ±R): True
   [-k - 1, -1, k - 1, k] [-k - 1, -k, k] Δ = [-1, k - 1, -k]  deg q = 1: z₁ = −1/λ, λ ∈ T_a∩T_b, второй полюс над ∞ или над общим O (пары ±R): True
   [-k, k, k + 1] [-k, -k + 1, 1, k + 1] Δ = [k, -k + 1, 1]  deg q = 1: z₁ = −1/λ, λ ∈ T_a∩T_b, второй полюс над ∞ или над общим O (пары ±R): True
   [-k - 1, -1, -k, k] [-k - 1, k - 1, k] Δ = [-1, -k, k - 1]  deg q = 1: z₁ = −1/λ, λ ∈ T_a∩T_b, второй полюс над ∞ или над общим O (пары ±R): True
   [-k - 1, -1, -k, k] [-k, k, 1, k + 1] Δ = [-k - 1, -1, 1, k + 1]  корней-ветвлений 0; сумма непарных полюсов S₁+S₂ ∈ E₃[2]: True (= O: False )
   [-k, -k + 1, k + 1] [-k, k, 1, k + 1] Δ = [-k + 1, k, 1]  deg q = 1: z₁ = −1/λ, λ ∈ T_a∩T_b, второй полюс над ∞ или над общим O (пары ±R): True
   [-k - 1, -1, -k, -k + 1] [-1, -k + 1, 1] Δ = [-k - 1, -k, 1]  корней-ветвлений 0; сумма непарных полюсов S₁+S₂ ∈ E₃[2]: True (= O: False )
   [-1, k - 1, 1] [k - 1, k, 1, k + 1] Δ = [-1, k, k + 1]  корней-ветвлений 0; сумма непарных полюсов S₁+S₂ ∈ E₃[2]: True (= O: False )
   [-k - 1, -1, -k, 1] [-k - 1, -k + 1, 1] Δ = [-1, -k, -k + 1]  deg q = 1: z₁ = −1/λ, λ ∈ T_a∩T_b, второй полюс над ∞ или над общим O (пары ±R): True
   [-k - 1, -1, -k, 1] [-1, k, 1, k + 1] Δ = [-k - 1, -k, k, k + 1]  корней-ветвлений 0; сумма непарных полюсов S₁+S₂ ∈ E₃[2]: True (= O: False )
   [-1, k - 1, k + 1] [-1, k, 1, k + 1] Δ = [k - 1, k, 1]  deg q = 1: z₁ = −1/λ, λ ∈ T_a∩T_b, второй полюс над ∞ или над общим O (пары ±R): True
   [-k - 1, -1, -k + 1] [-1, -k, -k + 1, 1] Δ = [-k - 1, -k, 1]  корней-ветвлений 0; сумма непарных полюсов S₁+S₂ ∈ E₃[2]: True (= O: False )
   [-1, k - 1, k, 1] [-1, -k, -k + 1, 1] Δ = [k - 1, k, -k, -k + 1]  deg q = 1: z₁ = −1/λ, λ ∈ T_a∩T_b, второй полюс над ∞ или над общим O (пары ±R): True
   [-1, k - 1, k, 1] [k - 1, 1, k + 1] Δ = [-1, k, k + 1]  корней-ветвлений 0; сумма непарных полюсов S₁+S₂ ∈ E₃[2]: True (= O: False )
   [-k - 1, -1, 1] [-k - 1, -k, -k + 1, 1] Δ = [-1, -k, -k + 1]  deg q = 1: z₁ = −1/λ, λ ∈ T_a∩T_b, второй полюс над ∞ или над общим O (пары ±R): True
   [-1, k - 1, k, k + 1] [-1, 1, k + 1] Δ = [k - 1, k, 1]  deg q = 1: z₁ = −1/λ, λ ∈ T_a∩T_b, второй полюс над ∞ или над общим O (пары ±R): True
   [-k - 1, k - 1, -k] [-1, k - 1, -k, k] Δ = [-k - 1, -1, k]  корней-ветвлений 2; сумма непарных полюсов S₁+S₂ ∈ E₃[2]: True (= O: True )
   [-1, k - 1, -k, k] [-k, k, -k + 1, 1] Δ = [-1, k - 1, -k + 1, 1]  корней-ветвлений 0; сумма непарных полюсов S₁+S₂ ∈ E₃[2]: True (= O: False )
   [-k, k, -k + 1, 1] [k, -k + 1, k + 1] Δ = [-k, 1, k + 1]  корней-ветвлений 0; сумма непарных полюсов S₁+S₂ ∈ E₃[2]: True (= O: False )
   [-k - 1, -k, -k + 1] [-1, -k, 1] Δ = [-k - 1, -k + 1, -1, 1]  deg q = 1: z₁ = −1/λ, λ ∈ T_a∩T_b, второй полюс над ∞ или над общим O (пары ±R): True
   [-1, k, 1] [k - 1, k, k + 1] Δ = [-1, 1, k - 1, k + 1]  deg q = 1: z₁ = −1/λ, λ ∈ T_a∩T_b, второй полюс над ∞ или над общим O (пары ±R): True
пар рода 1 проверено: 28 все S₁+S₂ ∈ E₃[2]: True
