GNU gdb (GDB) 17.2
Copyright (C) 2025 Free Software Foundation, Inc.
License GPLv3+: GNU GPL version 3 or later <http://gnu.org/licenses/gpl.html>
This is free software: you are free to change and redistribute it.
There is NO WARRANTY, to the extent permitted by law.
Type "show copying" and "show warranty" for details.
This GDB was configured as "x86_64-pc-linux-gnu".
Type "show configuration" for configuration details.
For bug reporting instructions, please see:
<https://www.gnu.org/software/gdb/bugs/>.
Find the GDB manual and other documentation resources online at:
    <http://www.gnu.org/software/gdb/documentation/>.

For help, type "help".
Type "apropos word" to search for commands related to "word".
[New LWP 1065432]
[New LWP 1065431]
[New LWP 1065430]
[New LWP 1065429]
[New LWP 1065428]
[New LWP 1065427]
[New LWP 1065426]
[New LWP 1065425]
[New LWP 1065424]
[New LWP 1065423]
[New LWP 1065422]
[New LWP 1065421]
[New LWP 1065420]
[New LWP 1065419]
[New LWP 1065418]

This GDB supports auto-downloading debuginfo from the following URLs:
  <https://debuginfod.archlinux.org>
Enable debuginfod for this session? (y or [n]) [answered N; input not from terminal]
Debuginfod has been disabled.
To make this setting permanent, add 'set debuginfod enabled off' to .gdbinit.
[Thread debugging using libthread_db enabled]
Using host libthread_db library "/usr/lib/libthread_db.so.1".
0x00007f0fe26a0952 in ?? () from /usr/lib/libc.so.6

Stack backtrace
---------------
No symbol table info available.
#1  0x00007f0fe270550b in wait4 () from /usr/lib/libc.so.6
No symbol table info available.
#2  0x00007f0fe1c50ea9 in ?? ()
   from /usr/lib/python3.14/site-packages/cysignals/signals.cpython-314-x86_64-linux-gnu.so
No symbol table info available.
#3  0x00007f0fe1c51206 in ?? ()
   from /usr/lib/python3.14/site-packages/cysignals/signals.cpython-314-x86_64-linux-gnu.so
No symbol table info available.
#4  <signal handler called>
No symbol table info available.
#5  0x00007f0fe263e8fb in kill () from /usr/lib/libc.so.6
No symbol table info available.
#6  0x00007f0fdaf79e94 in ?? ()
   from /usr/lib/python3.14/site-packages/sage/ext/memory.cpython-314-x86_64-linux-gnu.so
No symbol table info available.
#7  0x00007f0fe116336e in __gmp_tmp_reentrant_alloc ()
   from /usr/lib/libgmp.so.10
No symbol table info available.
#8  0x00007f0fe118cf3d in __gmpn_mul_fft () from /usr/lib/libgmp.so.10
No symbol table info available.
#9  0x00007f0fe11ae8af in __gmpn_mulmod_bnm1 () from /usr/lib/libgmp.so.10
No symbol table info available.
#10 0x00007f0fe11ae45d in __gmpn_mulmod_bnm1 () from /usr/lib/libgmp.so.10
No symbol table info available.
#11 0x00007f0fe1189779 in __gmpn_nussbaumer_mul () from /usr/lib/libgmp.so.10
No symbol table info available.
#12 0x00007f0fe118aa3d in __gmpn_mul () from /usr/lib/libgmp.so.10
No symbol table info available.
#13 0x00007f0fe119610a in __gmpn_tdiv_qr () from /usr/lib/libgmp.so.10
No symbol table info available.
#14 0x00007f0fe1199015 in __gmpn_gcd () from /usr/lib/libgmp.so.10
No symbol table info available.
#15 0x00007f0fe1173f8a in __gmpz_gcd () from /usr/lib/libgmp.so.10
No symbol table info available.
#16 0x00007f0fe11816dd in ?? () from /usr/lib/libgmp.so.10
No symbol table info available.
#17 0x00007f0fdbb0bb33 in ?? ()
   from /usr/lib/python3.14/site-packages/sage/rings/rational.cpython-314-x86_64-linux-gnu.so
No symbol table info available.
#18 0x00007f0fe2c34855 in PyNumber_Add () from /usr/lib/libpython3.14.so.1.0
No symbol table info available.
#19 0x00007f0fe2a5e7c3 in ?? () from /usr/lib/libpython3.14.so.1.0
No symbol table info available.
#20 0x00007f0fe2be478b in ?? () from /usr/lib/libpython3.14.so.1.0
No symbol table info available.
#21 0x00007f0fe1bc88b5 in ?? ()
   from /usr/lib/python3.14/site-packages/sage/structure/element.cpython-314-x86_64-linux-gnu.so
No symbol table info available.
#22 0x00007f0fe1bc3705 in ?? ()
   from /usr/lib/python3.14/site-packages/sage/structure/element.cpython-314-x86_64-linux-gnu.so
No symbol table info available.
#23 0x00007f0fe2c710d9 in ?? () from /usr/lib/libpython3.14.so.1.0
No symbol table info available.
#24 0x00007f0fe2c8e513 in ?? () from /usr/lib/libpython3.14.so.1.0
No symbol table info available.
#25 0x00007f0fe2c15df2 in PyNumber_InPlaceAdd ()
   from /usr/lib/libpython3.14.so.1.0
No symbol table info available.
#26 0x00007f0fe0bc449d in ?? ()
   from /usr/lib/python3.14/site-packages/sage/structure/coerce_actions.cpython-314-x86_64-linux-gnu.so
No symbol table info available.
#27 0x00007f0fe0bc54ff in ?? ()
   from /usr/lib/python3.14/site-packages/sage/structure/coerce_actions.cpython-314-x86_64-linux-gnu.so
No symbol table info available.
#28 0x00007f0fe2a69935 in ?? () from /usr/lib/libpython3.14.so.1.0
No symbol table info available.
#29 0x00007f0fe2be478b in ?? () from /usr/lib/libpython3.14.so.1.0
No symbol table info available.
#30 0x00007f0fe1bbd1f4 in ?? ()
   from /usr/lib/python3.14/site-packages/sage/structure/element.cpython-314-x86_64-linux-gnu.so
No symbol table info available.
#31 0x00007f0fe0bae769 in ?? ()
   from /usr/lib/python3.14/site-packages/sage/structure/coerce_actions.cpython-314-x86_64-linux-gnu.so
No symbol table info available.
#32 0x00007f0fe0e26470 in ?? ()
   from /usr/lib/python3.14/site-packages/sage/categories/action.cpython-314-x86_64-linux-gnu.so
No symbol table info available.
#33 0x00007f0fe10f6b6a in ?? ()
   from /usr/lib/python3.14/site-packages/sage/structure/coerce.cpython-314-x86_64-linux-gnu.so
No symbol table info available.
#34 0x00007f0fe1bc9820 in ?? ()
   from /usr/lib/python3.14/site-packages/sage/structure/element.cpython-314-x86_64-linux-gnu.so
No symbol table info available.
#35 0x00007f0fe1bc3d99 in ?? ()
   from /usr/lib/python3.14/site-packages/sage/structure/element.cpython-314-x86_64-linux-gnu.so
No symbol table info available.
#36 0x00007f0fe2c31df2 in ?? () from /usr/lib/libpython3.14.so.1.0
No symbol table info available.
#37 0x00007f0fe2ba6632 in ?? () from /usr/lib/libpython3.14.so.1.0
No symbol table info available.
#38 0x00007f0fe2c71292 in ?? () from /usr/lib/libpython3.14.so.1.0
No symbol table info available.
#39 0x00007f0fe2d511f4 in ?? () from /usr/lib/libpython3.14.so.1.0
No symbol table info available.
#40 0x00007f0fe2c3bcb0 in PyNumber_Multiply ()
   from /usr/lib/libpython3.14.so.1.0
No symbol table info available.
#41 0x00007f0fe2a5e7c3 in ?? () from /usr/lib/libpython3.14.so.1.0
No symbol table info available.
#42 0x00007f0fe2c1cae8 in ?? () from /usr/lib/libpython3.14.so.1.0
No symbol table info available.
#43 0x00007f0fe2ba31e6 in PyIter_Next () from /usr/lib/libpython3.14.so.1.0
No symbol table info available.
#44 0x00007f0fe2d30d62 in ?? () from /usr/lib/libpython3.14.so.1.0
No symbol table info available.
#45 0x00007f0fe2a693f9 in ?? () from /usr/lib/libpython3.14.so.1.0
No symbol table info available.
#46 0x00007f0fe2bb9172 in ?? () from /usr/lib/libpython3.14.so.1.0
No symbol table info available.
#47 0x00007f0fe2cbc2a4 in PyEval_EvalCode () from /usr/lib/libpython3.14.so.1.0
No symbol table info available.
#48 0x00007f0fe2ab8375 in ?? () from /usr/lib/libpython3.14.so.1.0
No symbol table info available.
#49 0x00007f0fe2a5dfc1 in ?? () from /usr/lib/libpython3.14.so.1.0
No symbol table info available.
#50 0x00007f0fe2bb9172 in ?? () from /usr/lib/libpython3.14.so.1.0
No symbol table info available.
#51 0x00007f0fe2cbc2a4 in PyEval_EvalCode () from /usr/lib/libpython3.14.so.1.0
No symbol table info available.
#52 0x00007f0fe2cdfd76 in ?? () from /usr/lib/libpython3.14.so.1.0
No symbol table info available.
#53 0x00007f0fe2a693f9 in ?? () from /usr/lib/libpython3.14.so.1.0
No symbol table info available.
#54 0x00007f0fe2be478b in ?? () from /usr/lib/libpython3.14.so.1.0
No symbol table info available.
#55 0x00007f0fe2bd6ef0 in ?? () from /usr/lib/libpython3.14.so.1.0
No symbol table info available.
#56 0x00007f0fe2c25a65 in PyObject_CallMethodObjArgs ()
   from /usr/lib/libpython3.14.so.1.0
No symbol table info available.
#57 0x00007f0fe2cdb9c6 in ?? () from /usr/lib/libpython3.14.so.1.0
No symbol table info available.
#58 0x00007f0fe2c251f1 in PyImport_ImportModuleLevelObject ()
   from /usr/lib/libpython3.14.so.1.0
No symbol table info available.
#59 0x00007f0fe2a5d945 in ?? () from /usr/lib/libpython3.14.so.1.0
No symbol table info available.
#60 0x00007f0fe2bb9172 in ?? () from /usr/lib/libpython3.14.so.1.0
No symbol table info available.
#61 0x00007f0fe2cbc2a4 in PyEval_EvalCode () from /usr/lib/libpython3.14.so.1.0
No symbol table info available.
#62 0x00007f0fe2d0571f in ?? () from /usr/lib/libpython3.14.so.1.0
No symbol table info available.
#63 0x00007f0fe2d05d7e in ?? () from /usr/lib/libpython3.14.so.1.0
No symbol table info available.
#64 0x00007f0fe2d04dfb in ?? () from /usr/lib/libpython3.14.so.1.0
No symbol table info available.
#65 0x00007f0fe2d04c07 in ?? () from /usr/lib/libpython3.14.so.1.0
No symbol table info available.
#66 0x00007f0fe2ca9fde in Py_RunMain () from /usr/lib/libpython3.14.so.1.0
No symbol table info available.
#67 0x00007f0fe2ca3efc in Py_BytesMain () from /usr/lib/libpython3.14.so.1.0
No symbol table info available.
#68 0x00007f0fe2627781 in ?? () from /usr/lib/libc.so.6
No symbol table info available.
#69 0x00007f0fe26278b9 in __libc_start_main () from /usr/lib/libc.so.6
No symbol table info available.
#70 0x0000561381e16045 in _start ()
No symbol table info available.


Cython backtrace
----------------
#0  0x0000000000000000 in ?? ()
#1  0x00007f0fe27054b0 in wait4 ()
#2  0x0000000000000000 in ?? ()
#3  0x0000000000000000 in ?? ()
#4  0x0000000000000000 in ?? ()
#5  0x00007f0fe263e8f0 in kill ()
#6  0x0000000000000000 in ?? ()
#7  0x00007f0fe1163350 in __gmp_tmp_reentrant_alloc ()
#8  0x00007f0fe118cc60 in __gmpn_mul_fft ()
#9  0x00007f0fe11ae290 in __gmpn_mulmod_bnm1 ()
#10 0x00007f0fe11ae290 in __gmpn_mulmod_bnm1 ()
#11 0x00007f0fe11895f0 in __gmpn_nussbaumer_mul ()
#12 0x00007f0fe1189c40 in __gmpn_mul ()
#13 0x00007f0fe11953a0 in __gmpn_tdiv_qr ()
#14 0x00007f0fe1198c00 in __gmpn_gcd ()
#15 0x00007f0fe1173c80 in __gmpz_gcd ()
#16 0x0000000000000000 in ?? ()
#17 0x0000000000000000 in ?? ()
#18 0x00007f0fe2c34810 in PyNumber_Add ()
#19 0x0000000000000000 in ?? ()
#20 0x0000000000000000 in ?? ()
#21 0x0000000000000000 in ?? ()
#22 0x0000000000000000 in ?? ()
#23 0x0000000000000000 in ?? ()
#24 0x0000000000000000 in ?? ()
#25 0x00007f0fe2c15d90 in PyNumber_InPlaceAdd ()
#26 0x0000000000000000 in ?? ()
#27 0x0000000000000000 in ?? ()
#28 0x0000000000000000 in ?? ()
#29 0x0000000000000000 in ?? ()
#30 0x0000000000000000 in ?? ()
#31 0x0000000000000000 in ?? ()
#32 0x0000000000000000 in ?? ()
#33 0x0000000000000000 in ?? ()
#34 0x0000000000000000 in ?? ()
#35 0x0000000000000000 in ?? ()
#36 0x0000000000000000 in ?? ()
#37 0x0000000000000000 in ?? ()
#38 0x0000000000000000 in ?? ()
#39 0x0000000000000000 in ?? ()
#40 0x00007f0fe2c3baa0 in PyNumber_Multiply ()
#41 0x0000000000000000 in ?? ()
#42 0x0000000000000000 in ?? ()
#43 0x00007f0fe2ba31d0 in PyIter_Next ()
#44 0x0000000000000000 in ?? ()
#45 0x0000000000000000 in ?? ()
#46 0x0000000000000000 in ?? ()
#47 0x00007f0fe2cbc1f0 in PyEval_EvalCode ()
#48 0x0000000000000000 in ?? ()
#49 0x0000000000000000 in ?? ()
#50 0x0000000000000000 in ?? ()
#51 0x00007f0fe2cbc1f0 in PyEval_EvalCode ()
#52 0x0000000000000000 in ?? ()
#53 0x0000000000000000 in ?? ()
#54 0x0000000000000000 in ?? ()
#55 0x0000000000000000 in ?? ()
#56 0x00007f0fe2c25940 in PyObject_CallMethodObjArgs ()
#57 0x0000000000000000 in ?? ()
#58 0x00007f0fe2c24ac0 in PyImport_ImportModuleLevelObject ()
#59 0x0000000000000000 in ?? ()
#60 0x0000000000000000 in ?? ()
#61 0x00007f0fe2cbc1f0 in PyEval_EvalCode ()
#62 0x0000000000000000 in ?? ()
#63 0x0000000000000000 in ?? ()
#64 0x0000000000000000 in ?? ()
#65 0x0000000000000000 in ?? ()
#66 0x00007f0fe2ca9cc0 in Py_RunMain ()
#67 0x00007f0fe2ca3ec0 in Py_BytesMain ()
#68 0x0000000000000000 in ?? ()
#69 0x00007f0fe2627830 in __libc_start_main ()
#70 0x0000561381e16020 in _start ()

[Inferior 1 (process 1065410) detached]
