GNU gdb (GDB) 17.2
Copyright (C) 2025 Free Software Foundation, Inc.
License GPLv3+: GNU GPL version 3 or later <http://gnu.org/licenses/gpl.html>
This is free software: you are free to change and redistribute it.
There is NO WARRANTY, to the extent permitted by law.
Type "show copying" and "show warranty" for details.
This GDB was configured as "x86_64-pc-linux-gnu".
Type "show configuration" for configuration details.
For bug reporting instructions, please see:
<https://www.gnu.org/software/gdb/bugs/>.
Find the GDB manual and other documentation resources online at:
    <http://www.gnu.org/software/gdb/documentation/>.

For help, type "help".
Type "apropos word" to search for commands related to "word".
[New LWP 1070382]
[New LWP 1070381]
[New LWP 1070380]
[New LWP 1070379]
[New LWP 1070378]
[New LWP 1070377]
[New LWP 1070376]
[New LWP 1070375]
[New LWP 1070374]
[New LWP 1070373]
[New LWP 1070372]
[New LWP 1070371]
[New LWP 1070370]
[New LWP 1070369]
[New LWP 1070368]

This GDB supports auto-downloading debuginfo from the following URLs:
  <https://debuginfod.archlinux.org>
Enable debuginfod for this session? (y or [n]) [answered N; input not from terminal]
Debuginfod has been disabled.
To make this setting permanent, add 'set debuginfod enabled off' to .gdbinit.
[Thread debugging using libthread_db enabled]
Using host libthread_db library "/usr/lib/libthread_db.so.1".
0x00007f89d84a0952 in ?? () from /usr/lib/libc.so.6

Stack backtrace
---------------
No symbol table info available.
#1  0x00007f89d850550b in wait4 () from /usr/lib/libc.so.6
No symbol table info available.
#2  0x00007f89d7a76ea9 in ?? ()
   from /usr/lib/python3.14/site-packages/cysignals/signals.cpython-314-x86_64-linux-gnu.so
No symbol table info available.
#3  0x00007f89d7a77206 in ?? ()
   from /usr/lib/python3.14/site-packages/cysignals/signals.cpython-314-x86_64-linux-gnu.so
No symbol table info available.
#4  <signal handler called>
No symbol table info available.
#5  0x00007f89d843e8fb in kill () from /usr/lib/libc.so.6
No symbol table info available.
#6  0x00007f89d410be94 in ?? ()
   from /usr/lib/python3.14/site-packages/sage/ext/memory.cpython-314-x86_64-linux-gnu.so
No symbol table info available.
#7  0x00007f89d6f8336e in __gmp_tmp_reentrant_alloc ()
   from /usr/lib/libgmp.so.10
No symbol table info available.
#8  0x00007f89d6facf3d in __gmpn_mul_fft () from /usr/lib/libgmp.so.10
No symbol table info available.
#9  0x00007f89d6fce8af in __gmpn_mulmod_bnm1 () from /usr/lib/libgmp.so.10
No symbol table info available.
#10 0x00007f89d6fa9779 in __gmpn_nussbaumer_mul () from /usr/lib/libgmp.so.10
No symbol table info available.
#11 0x00007f89d6faaa3d in __gmpn_mul () from /usr/lib/libgmp.so.10
No symbol table info available.
#12 0x00007f89d6fb3fde in __gmpn_hgcd_matrix_adjust ()
   from /usr/lib/libgmp.so.10
No symbol table info available.
#13 0x00007f89d6fb8da5 in __gmpn_gcd () from /usr/lib/libgmp.so.10
No symbol table info available.
#14 0x00007f89d6f9411e in __gmpz_gcd () from /usr/lib/libgmp.so.10
No symbol table info available.
#15 0x00007f89d6fa1e7b in __gmpq_mul () from /usr/lib/libgmp.so.10
No symbol table info available.
#16 0x00007f89d59c2c63 in ?? ()
   from /usr/lib/python3.14/site-packages/sage/rings/rational.cpython-314-x86_64-linux-gnu.so
No symbol table info available.
#17 0x00007f89d8a3baee in PyNumber_Multiply ()
   from /usr/lib/libpython3.14.so.1.0
No symbol table info available.
#18 0x00007f89d885e7c3 in ?? () from /usr/lib/libpython3.14.so.1.0
No symbol table info available.
#19 0x00007f89d89e478b in ?? () from /usr/lib/libpython3.14.so.1.0
No symbol table info available.
#20 0x00007f89d79ee8b5 in ?? ()
   from /usr/lib/python3.14/site-packages/sage/structure/element.cpython-314-x86_64-linux-gnu.so
No symbol table info available.
#21 0x00007f89d79e9705 in ?? ()
   from /usr/lib/python3.14/site-packages/sage/structure/element.cpython-314-x86_64-linux-gnu.so
No symbol table info available.
#22 0x00007f89d8a710d9 in ?? () from /usr/lib/libpython3.14.so.1.0
No symbol table info available.
#23 0x00007f89d8a8e513 in ?? () from /usr/lib/libpython3.14.so.1.0
No symbol table info available.
#24 0x00007f89d8a15df2 in PyNumber_InPlaceAdd ()
   from /usr/lib/libpython3.14.so.1.0
No symbol table info available.
#25 0x00007f89d69e449d in ?? ()
   from /usr/lib/python3.14/site-packages/sage/structure/coerce_actions.cpython-314-x86_64-linux-gnu.so
No symbol table info available.
#26 0x00007f89d69e54ff in ?? ()
   from /usr/lib/python3.14/site-packages/sage/structure/coerce_actions.cpython-314-x86_64-linux-gnu.so
No symbol table info available.
#27 0x00007f89d8869935 in ?? () from /usr/lib/libpython3.14.so.1.0
No symbol table info available.
#28 0x00007f89d89e478b in ?? () from /usr/lib/libpython3.14.so.1.0
No symbol table info available.
#29 0x00007f89d79e31f4 in ?? ()
   from /usr/lib/python3.14/site-packages/sage/structure/element.cpython-314-x86_64-linux-gnu.so
No symbol table info available.
#30 0x00007f89d69ce769 in ?? ()
   from /usr/lib/python3.14/site-packages/sage/structure/coerce_actions.cpython-314-x86_64-linux-gnu.so
No symbol table info available.
#31 0x00007f89d6c46470 in ?? ()
   from /usr/lib/python3.14/site-packages/sage/categories/action.cpython-314-x86_64-linux-gnu.so
No symbol table info available.
#32 0x00007f89d6f16b6a in ?? ()
   from /usr/lib/python3.14/site-packages/sage/structure/coerce.cpython-314-x86_64-linux-gnu.so
No symbol table info available.
#33 0x00007f89d79ef820 in ?? ()
   from /usr/lib/python3.14/site-packages/sage/structure/element.cpython-314-x86_64-linux-gnu.so
No symbol table info available.
#34 0x00007f89d79e9d99 in ?? ()
   from /usr/lib/python3.14/site-packages/sage/structure/element.cpython-314-x86_64-linux-gnu.so
No symbol table info available.
#35 0x00007f89d8a31df2 in ?? () from /usr/lib/libpython3.14.so.1.0
No symbol table info available.
#36 0x00007f89d89a6632 in ?? () from /usr/lib/libpython3.14.so.1.0
No symbol table info available.
#37 0x00007f89d8a71292 in ?? () from /usr/lib/libpython3.14.so.1.0
No symbol table info available.
#38 0x00007f89d8b511f4 in ?? () from /usr/lib/libpython3.14.so.1.0
No symbol table info available.
#39 0x00007f89d8a3bcb0 in PyNumber_Multiply ()
   from /usr/lib/libpython3.14.so.1.0
No symbol table info available.
#40 0x00007f89d885e7c3 in ?? () from /usr/lib/libpython3.14.so.1.0
No symbol table info available.
#41 0x00007f89d8a1cae8 in ?? () from /usr/lib/libpython3.14.so.1.0
No symbol table info available.
#42 0x00007f89d89a31e6 in PyIter_Next () from /usr/lib/libpython3.14.so.1.0
No symbol table info available.
#43 0x00007f89d8b30d62 in ?? () from /usr/lib/libpython3.14.so.1.0
No symbol table info available.
#44 0x00007f89d88693f9 in ?? () from /usr/lib/libpython3.14.so.1.0
No symbol table info available.
#45 0x00007f89d89b9172 in ?? () from /usr/lib/libpython3.14.so.1.0
No symbol table info available.
#46 0x00007f89d8abc2a4 in PyEval_EvalCode () from /usr/lib/libpython3.14.so.1.0
No symbol table info available.
#47 0x00007f89d88b8375 in ?? () from /usr/lib/libpython3.14.so.1.0
No symbol table info available.
#48 0x00007f89d885dfc1 in ?? () from /usr/lib/libpython3.14.so.1.0
No symbol table info available.
#49 0x00007f89d89b9172 in ?? () from /usr/lib/libpython3.14.so.1.0
No symbol table info available.
#50 0x00007f89d8abc2a4 in PyEval_EvalCode () from /usr/lib/libpython3.14.so.1.0
No symbol table info available.
#51 0x00007f89d8adfd76 in ?? () from /usr/lib/libpython3.14.so.1.0
No symbol table info available.
#52 0x00007f89d88693f9 in ?? () from /usr/lib/libpython3.14.so.1.0
No symbol table info available.
#53 0x00007f89d89e478b in ?? () from /usr/lib/libpython3.14.so.1.0
No symbol table info available.
#54 0x00007f89d89d6ef0 in ?? () from /usr/lib/libpython3.14.so.1.0
No symbol table info available.
#55 0x00007f89d8a25a65 in PyObject_CallMethodObjArgs ()
   from /usr/lib/libpython3.14.so.1.0
No symbol table info available.
#56 0x00007f89d8adb9c6 in ?? () from /usr/lib/libpython3.14.so.1.0
No symbol table info available.
#57 0x00007f89d8a251f1 in PyImport_ImportModuleLevelObject ()
   from /usr/lib/libpython3.14.so.1.0
No symbol table info available.
#58 0x00007f89d885d945 in ?? () from /usr/lib/libpython3.14.so.1.0
No symbol table info available.
#59 0x00007f89d89b9172 in ?? () from /usr/lib/libpython3.14.so.1.0
No symbol table info available.
#60 0x00007f89d8abc2a4 in PyEval_EvalCode () from /usr/lib/libpython3.14.so.1.0
No symbol table info available.
#61 0x00007f89d8b0571f in ?? () from /usr/lib/libpython3.14.so.1.0
No symbol table info available.
#62 0x00007f89d8b05d7e in ?? () from /usr/lib/libpython3.14.so.1.0
No symbol table info available.
#63 0x00007f89d8b04dfb in ?? () from /usr/lib/libpython3.14.so.1.0
No symbol table info available.
#64 0x00007f89d8b04c07 in ?? () from /usr/lib/libpython3.14.so.1.0
No symbol table info available.
#65 0x00007f89d8aa9fde in Py_RunMain () from /usr/lib/libpython3.14.so.1.0
No symbol table info available.
#66 0x00007f89d8aa3efc in Py_BytesMain () from /usr/lib/libpython3.14.so.1.0
No symbol table info available.
#67 0x00007f89d8427781 in ?? () from /usr/lib/libc.so.6
No symbol table info available.
#68 0x00007f89d84278b9 in __libc_start_main () from /usr/lib/libc.so.6
No symbol table info available.
#69 0x0000564d91122045 in _start ()
No symbol table info available.


Cython backtrace
----------------
#0  0x0000000000000000 in ?? ()
#1  0x00007f89d85054b0 in wait4 ()
#2  0x0000000000000000 in ?? ()
#3  0x0000000000000000 in ?? ()
#4  0x0000000000000000 in ?? ()
#5  0x00007f89d843e8f0 in kill ()
#6  0x0000000000000000 in ?? ()
#7  0x00007f89d6f83350 in __gmp_tmp_reentrant_alloc ()
#8  0x00007f89d6facc60 in __gmpn_mul_fft ()
#9  0x00007f89d6fce290 in __gmpn_mulmod_bnm1 ()
#10 0x00007f89d6fa95f0 in __gmpn_nussbaumer_mul ()
#11 0x00007f89d6fa9c40 in __gmpn_mul ()
#12 0x00007f89d6fb3d60 in __gmpn_hgcd_matrix_adjust ()
#13 0x00007f89d6fb8c00 in __gmpn_gcd ()
#14 0x00007f89d6f93c80 in __gmpz_gcd ()
#15 0x00007f89d6fa1c30 in __gmpq_mul ()
#16 0x0000000000000000 in ?? ()
#17 0x00007f89d8a3baa0 in PyNumber_Multiply ()
#18 0x0000000000000000 in ?? ()
#19 0x0000000000000000 in ?? ()
#20 0x0000000000000000 in ?? ()
#21 0x0000000000000000 in ?? ()
#22 0x0000000000000000 in ?? ()
#23 0x0000000000000000 in ?? ()
#24 0x00007f89d8a15d90 in PyNumber_InPlaceAdd ()
#25 0x0000000000000000 in ?? ()
#26 0x0000000000000000 in ?? ()
#27 0x0000000000000000 in ?? ()
#28 0x0000000000000000 in ?? ()
#29 0x0000000000000000 in ?? ()
#30 0x0000000000000000 in ?? ()
#31 0x0000000000000000 in ?? ()
#32 0x0000000000000000 in ?? ()
#33 0x0000000000000000 in ?? ()
#34 0x0000000000000000 in ?? ()
#35 0x0000000000000000 in ?? ()
#36 0x0000000000000000 in ?? ()
#37 0x0000000000000000 in ?? ()
#38 0x0000000000000000 in ?? ()
#39 0x00007f89d8a3baa0 in PyNumber_Multiply ()
#40 0x0000000000000000 in ?? ()
#41 0x0000000000000000 in ?? ()
#42 0x00007f89d89a31d0 in PyIter_Next ()
#43 0x0000000000000000 in ?? ()
#44 0x0000000000000000 in ?? ()
#45 0x0000000000000000 in ?? ()
#46 0x00007f89d8abc1f0 in PyEval_EvalCode ()
#47 0x0000000000000000 in ?? ()
#48 0x0000000000000000 in ?? ()
#49 0x0000000000000000 in ?? ()
#50 0x00007f89d8abc1f0 in PyEval_EvalCode ()
#51 0x0000000000000000 in ?? ()
#52 0x0000000000000000 in ?? ()
#53 0x0000000000000000 in ?? ()
#54 0x0000000000000000 in ?? ()
#55 0x00007f89d8a25940 in PyObject_CallMethodObjArgs ()
#56 0x0000000000000000 in ?? ()
#57 0x00007f89d8a24ac0 in PyImport_ImportModuleLevelObject ()
#58 0x0000000000000000 in ?? ()
#59 0x0000000000000000 in ?? ()
#60 0x00007f89d8abc1f0 in PyEval_EvalCode ()
#61 0x0000000000000000 in ?? ()
#62 0x0000000000000000 in ?? ()
#63 0x0000000000000000 in ?? ()
#64 0x0000000000000000 in ?? ()
#65 0x00007f89d8aa9cc0 in Py_RunMain ()
#66 0x00007f89d8aa3ec0 in Py_BytesMain ()
#67 0x0000000000000000 in ?? ()
#68 0x00007f89d8427830 in __libc_start_main ()
#69 0x0000564d91122020 in _start ()

[Inferior 1 (process 1070242) detached]
