2 -4 {'e=-4:EXCL': 90112, 'e=-4:UND': 8192} 0s
2 -3 {'e=-3:EXCL': 98304} 1s
2 -2 {'e=-2:EXCL': 98304} 1s
2 -1 {'e=-1:EXCL': 98304} 1s
2 0 {'e=0:EXCL': 98304} 1s
2 1 {'e=1:EXCL': 98304} 1s
2 2 {'e=2:EXCL': 98304} 2s
2 3 {'e=3:PASS': 98304} 2s
2 4 {'e=4:PASS': 98304} 3s
2 5 {'e=5:PASS': 98304} 3s
2 6 {'e=6:PASS': 98304} 3s
3 -4 {'e=-4:EXCL': 309096, 'e=-4:UND': 5832} 4s
3 -3 {'e=-3:EXCL': 314928} 5s
3 -2 {'e=-2:EXCL': 314928} 6s
3 -1 {'e=-1:EXCL': 314928} 6s
3 0 {'e=0:EXCL': 314928} 7s
3 1 {'e=1:PASS': 314928} 9s
3 2 {'e=2:PASS': 314928} 10s
3 3 {'e=3:PASS': 314928} 11s
3 4 {'e=4:PASS': 314928} 13s
{
 "rsz_p2_k6": {
  "tally": {
   "e=-4:EXCL": 90112,
   "e=-4:UND": 8192,
   "e=-3:EXCL": 98304,
   "e=-2:EXCL": 98304,
   "e=-1:EXCL": 98304,
   "e=0:EXCL": 98304,
   "e=1:EXCL": 98304,
   "e=2:EXCL": 98304,
   "e=3:PASS": 98304,
   "e=4:PASS": 98304,
   "e=5:PASS": 98304,
   "e=6:PASS": 98304
  },
  "violations": []
 },
 "rsz_p3_k4": {
  "tally": {
   "e=-4:EXCL": 309096,
   "e=-4:UND": 5832,
   "e=-3:EXCL": 314928,
   "e=-2:EXCL": 314928,
   "e=-1:EXCL": 314928,
   "e=0:EXCL": 314928,
   "e=1:PASS": 314928,
   "e=2:PASS": 314928,
   "e=3:PASS": 314928,
   "e=4:PASS": 314928
  },
  "violations": []
 },
 "admissible_d_below_2000": [
  1,
  73,
  97,
  145,
  193,
  241,
  265,
  313,
  337,
  409,
  433,
  457,
  481,
  505,
  577,
  601,
  673,
  697,
  745,
  769
 ],
 "slopes": {
  "r=126,s=451": {
   "r-s": -325,
   "r+s": 577,
   "factor(r-s)": "{5: 2, 13: 1}",
   "factor(r+s)": "{577: 1}",
   "D_minus(d_T)": [
    1
   ],
   "D_plus(d_L)": [
    1,
    577
   ]
  },
  "r=451,s=126": {
   "r-s": 325,
   "r+s": 577,
   "factor(r-s)": "{5: 2, 13: 1}",
   "factor(r+s)": "{577: 1}",
   "D_minus(d_T)": [
    1
   ],
   "D_plus(d_L)": [
    1,
    577
   ]
  },
  "r=-126,s=451": {
   "r-s": -577,
   "r+s": 325,
   "factor(r-s)": "{577: 1}",
   "factor(r+s)": "{5: 2, 13: 1}",
   "D_minus(d_T)": [
    1,
    577
   ],
   "D_plus(d_L)": [
    1
   ]
  },
  "r=126,s=-451": {
   "r-s": 577,
   "r+s": -325,
   "factor(r-s)": "{577: 1}",
   "factor(r+s)": "{5: 2, 13: 1}",
   "D_minus(d_T)": [
    1,
    577
   ],
   "D_plus(d_L)": [
    1
   ]
  },
  "r=73,s=362": {
   "r-s": -289,
   "r+s": 435,
   "factor(r-s)": "{17: 2}",
   "factor(r+s)": "{3: 1, 5: 1, 29: 1}",
   "D_minus(d_T)": [
    1
   ],
   "D_plus(d_L)": [
    1,
    145
   ]
  },
  "r=362,s=73": {
   "r-s": 289,
   "r+s": 435,
   "factor(r-s)": "{17: 2}",
   "factor(r+s)": "{3: 1, 5: 1, 29: 1}",
   "D_minus(d_T)": [
    1
   ],
   "D_plus(d_L)": [
    1,
    145
   ]
  },
  "r=-73,s=362": {
   "r-s": -435,
   "r+s": 289,
   "factor(r-s)": "{3: 1, 5: 1, 29: 1}",
   "factor(r+s)": "{17: 2}",
   "D_minus(d_T)": [
    1,
    145
   ],
   "D_plus(d_L)": [
    1
   ]
  },
  "r=73,s=-362": {
   "r-s": 435,
   "r+s": -289,
   "factor(r-s)": "{3: 1, 5: 1, 29: 1}",
   "factor(r+s)": "{17: 2}",
   "D_minus(d_T)": [
    1,
    145
   ],
   "D_plus(d_L)": [
    1
   ]
  },
  "r=265,s=298": {
   "r-s": -33,
   "r+s": 563,
   "factor(r-s)": "{3: 1, 11: 1}",
   "factor(r+s)": "{563: 1}",
   "D_minus(d_T)": [
    1
   ],
   "D_plus(d_L)": [
    1
   ]
  },
  "r=298,s=265": {
   "r-s": 33,
   "r+s": 563,
   "factor(r-s)": "{3: 1, 11: 1}",
   "factor(r+s)": "{563: 1}",
   "D_minus(d_T)": [
    1
   ],
   "D_plus(d_L)": [
    1
   ]
  },
  "r=-265,s=298": {
   "r-s": -563,
   "r+s": 33,
   "factor(r-s)": "{563: 1}",
   "factor(r+s)": "{3: 1, 11: 1}",
   "D_minus(d_T)": [
    1
   ],
   "D_plus(d_L)": [
    1
   ]
  },
  "r=265,s=-298": {
   "r-s": 563,
   "r+s": -33,
   "factor(r-s)": "{563: 1}",
   "factor(r+s)": "{3: 1, 11: 1}",
   "D_minus(d_T)": [
    1
   ],
   "D_plus(d_L)": [
    1
   ]
  }
 }
}
