(7,1) tors=[8, 4, 4, 8, 4, 4] err=0 hits=[]
(17,7) tors=[8, 4, 4, 8, 4, 4] err=0 hits=[]
(23,7) tors=[8, 4, 4, 8, 4, 4] err=0 hits=[]
(31,17) tors=[8, 4, 4, 8, 4, 4] err=0 hits=[]
(41,1) tors=[8, 4, 4, 8, 4, 4] err=0 hits=[]
(47,23) tors=[8, 4, 4, 8, 4, 4] err=0 hits=[]
(49,31) tors=[8, 4, 4, 8, 4, 4] err=0 hits=[]
(71,49) tors=[8, 4, 4, 8, 4, 4] err=0 hits=[]
(73,17) tors=[8, 4, 4, 8, 4, 4] err=0 hits=[]
(79,47) tors=[8, 4, 4, 8, 4, 4] err=0 hits=[]
(89,23) tors=[8, 4, 4, 8, 4, 4] err=0 hits=[]
(97,71) tors=[8, 4, 4, 8, 4, 4] err=0 hits=[]
(103,7) tors=[8, 4, 4, 8, 4, 4] err=0 hits=[]
(113,41) tors=[8, 4, 4, 8, 4, 4] err=0 hits=[]
(119,41) tors=[8, 4, 4, 8, 4, 4] err=0 hits=[]
(119,79) tors=[8, 4, 4, 8, 4, 4] err=0 hits=[]
(127,97) tors=[8, 4, 4, 8, 4, 4] err=0 hits=[]
(137,7) tors=[8, 4, 4, 8, 4, 4] err=0 hits=[]
(151,31) tors=[8, 4, 4, 8, 4, 4] err=0 hits=[]
(161,73) tors=[8, 4, 4, 8, 4, 4] err=0 hits=[]
(161,127) tors=[8, 4, 4, 8, 4, 4] err=0 hits=[]
(167,119) tors=[8, 4, 4, 8, 4, 4] err=0 hits=[]
(191,89) tors=[8, 4, 4, 8, 4, 4] err=0 hits=[]
(193,17) tors=[8, 4, 4, 8, 4, 4] err=0 hits=[]
(199,161) tors=[8, 4, 4, 8, 4, 4] err=0 hits=[]
(217,47) tors=[8, 4, 4, 8, 4, 4] err=0 hits=[]
(217,113) tors=[8, 4, 4, 8, 4, 4] err=0 hits=[]
(223,167) tors=[8, 4, 4, 8, 4, 4] err=0 hits=[]
(233,119) tors=[8, 4, 4, 8, 4, 4] err=0 hits=[]
(239,1) tors=[8, 4, 4, 8, 4, 4] err=0 hits=[]
(241,199) tors=[8, 4, 4, 8, 4, 4] err=0 hits=[]
(257,49) tors=[8, 4, 4, 8, 4, 4] err=0 hits=[]
(263,73) tors=[8, 4, 4, 8, 4, 4] err=0 hits=[]
(271,103) tors=[8, 4, 4, 8, 4, 4] err=0 hits=[]
(281,161) tors=[8, 4, 4, 8, 4, 4] err=0 hits=[]
(287,223) tors=[8, 4, 4, 8, 4, 4] err=0 hits=[]
(287,241) tors=[8, 4, 4, 8, 4, 4] err=0 hits=[]
(289,23) tors=[8, 4, 4, 8, 4, 4] err=0 hits=[]
(311,31) tors=[8, 4, 4, 8, 4, 4] err=0 hits=[]
(313,103) tors=[8, 4, 4, 8, 4, 4] err=0 hits=[]
(329,89) tors=[8, 4, 4, 8, 4, 4] err=0 hits=[]
(329,191) tors=[8, 4, 4, 8, 4, 4] err=0 hits=[]
(337,287) tors=[8, 4, 4, 8, 4, 4] err=0 hits=[]
(343,151) tors=[8, 4, 4, 8, 4, 4] err=0 hits=[]
(353,217) tors=[8, 4, 4, 8, 4, 4] err=0 hits=[]
(359,287) tors=[8, 4, 4, 8, 4, 4] err=0 hits=[]
(367,137) tors=[8, 4, 4, 8, 4, 4] err=0 hits=[]
(383,233) tors=[8, 4, 4, 8, 4, 4] err=0 hits=[]
(391,71) tors=[8, 4, 4, 8, 4, 4] err=0 hits=[]
(391,337) tors=[8, 4, 4, 8, 4, 4] err=0 hits=[]
(401,79) tors=[8, 4, 4, 8, 4, 4] err=0 hits=[]
(409,137) tors=[8, 4, 4, 8, 4, 4] err=0 hits=[]
(431,17) tors=[8, 4, 4, 8, 4, 4] err=0 hits=[]
(433,281) tors=[8, 4, 4, 8, 4, 4] err=0 hits=[]
(439,359) tors=[8, 4, 4, 8, 4, 4] err=0 hits=[]
(449,391) tors=[8, 4, 4, 8, 4, 4] err=0 hits=[]
(457,49) tors=[8, 4, 4, 8, 4, 4] err=0 hits=[]
(463,113) tors=[8, 4, 4, 8, 4, 4] err=0 hits=[]
(479,119) tors=[8, 4, 4, 8, 4, 4] err=0 hits=[]
(487,217) tors=[8, 4, 4, 8, 4, 4] err=0 hits=[]
(497,47) tors=[8, 4, 4, 8, 4, 4] err=0 hits=[]
(497,193) tors=[8, 4, 4, 8, 4, 4] err=0 hits=[]
(503,329) tors=[8, 4, 4, 8, 4, 4] err=0 hits=[]
(511,271) tors=[8, 4, 4, 8, 4, 4] err=0 hits=[]
(511,449) tors=[8, 4, 4, 8, 4, 4] err=0 hits=[]
(521,353) tors=[8, 4, 4, 8, 4, 4] err=0 hits=[]
(527,23) tors=[8, 4, 4, 8, 4, 4] err=0 hits=[]
(527,439) tors=[8, 4, 4, 8, 4, 4] err=0 hits=[]
(529,151) tors=[8, 4, 4, 8, 4, 4] err=0 hits=[]
(553,97) tors=[8, 4, 4, 8, 4, 4] err=0 hits=[]
(553,263) tors=[8, 4, 4, 8, 4, 4] err=0 hits=[]
(569,383) tors=[8, 4, 4, 8, 4, 4] err=0 hits=[]
(577,511) tors=[8, 4, 4, 8, 4, 4] err=0 hits=[]
(593,257) tors=[8, 4, 4, 8, 4, 4] err=0 hits=[]
(599,193) tors=[8, 4, 4, 8, 4, 4] err=0 hits=[]
(601,7) tors=[8, 4, 4, 8, 4, 4] err=0 hits=[]
(607,343) tors=[8, 4, 4, 8, 4, 4] err=0 hits=[]
(617,433) tors=[8, 4, 4, 8, 4, 4] err=0 hits=[]
(623,313) tors=[8, 4, 4, 8, 4, 4] err=0 hits=[]
(623,527) tors=[8, 4, 4, 8, 4, 4] err=0 hits=[]
(631,71) tors=[8, 4, 4, 8, 4, 4] err=0 hits=[]
(641,119) tors=[8, 4, 4, 8, 4, 4] err=0 hits=[]
(647,577) tors=[8, 4, 4, 8, 4, 4] err=0 hits=[]
(673,239) tors=[8, 4, 4, 8, 4, 4] err=0 hits=[]
(679,41) tors=[8, 4, 4, 8, 4, 4] err=0 hits=[]
(679,239) tors=[8, 4, 4, 8, 4, 4] err=0 hits=[]
(697,329) tors=[8, 4, 4, 8, 4, 4] err=0 hits=[]
(697,367) tors=[8, 4, 4, 8, 4, 4] err=0 hits=[]
(713,41) tors=[8, 4, 4, 8, 4, 4] err=0 hits=[]
(713,503) tors=[8, 4, 4, 8, 4, 4] err=0 hits=[]
(719,161) tors=[8, 4, 4, 8, 4, 4] err=0 hits=[]
(721,521) tors=[8, 4, 4, 8, 4, 4] err=0 hits=[]
(721,647) tors=[8, 4, 4, 8, 4, 4] err=0 hits=[]
(727,623) tors=[8, 4, 4, 8, 4, 4] err=0 hits=[]
(743,127) tors=[8, 4, 4, 8, 4, 4] err=0 hits=[]
(751,289) tors=[8, 4, 4, 8, 4, 4] err=0 hits=[]
(761,79) tors=[8, 4, 4, 8, 4, 4] err=0 hits=[]
(769,217) tors=[8, 4, 4, 8, 4, 4] err=0 hits=[]
(791,311) tors=[8, 4, 4, 8, 4, 4] err=0 hits=[]
(791,569) tors=[8, 4, 4, 8, 4, 4] err=0 hits=[]
(799,7) tors=[8, 4, 4, 8, 4, 4] err=0 hits=[]
(799,721) tors=[8, 4, 4, 8, 4, 4] err=0 hits=[]
(809,409) tors=[8, 4, 4, 8, 4, 4] err=0 hits=[]
(823,511) tors=[8, 4, 4, 8, 4, 4] err=0 hits=[]
(833,97) tors=[8, 4, 4, 8, 4, 4] err=0 hits=[]
(833,617) tors=[8, 4, 4, 8, 4, 4] err=0 hits=[]
(839,727) tors=[8, 4, 4, 8, 4, 4] err=0 hits=[]
(857,487) tors=[8, 4, 4, 8, 4, 4] err=0 hits=[]
(863,191) tors=[8, 4, 4, 8, 4, 4] err=0 hits=[]
(881,799) tors=[8, 4, 4, 8, 4, 4] err=0 hits=[]
(887,257) tors=[8, 4, 4, 8, 4, 4] err=0 hits=[]
(889,31) tors=[8, 4, 4, 8, 4, 4] err=0 hits=[]
(889,289) tors=[8, 4, 4, 8, 4, 4] err=0 hits=[]
(911,391) tors=[8, 4, 4, 8, 4, 4] err=0 hits=[]
(919,401) tors=[8, 4, 4, 8, 4, 4] err=0 hits=[]
(929,497) tors=[8, 4, 4, 8, 4, 4] err=0 hits=[]
(937,167) tors=[8, 4, 4, 8, 4, 4] err=0 hits=[]
(943,553) tors=[8, 4, 4, 8, 4, 4] err=0 hits=[]
(943,607) tors=[8, 4, 4, 8, 4, 4] err=0 hits=[]
(953,721) tors=[8, 4, 4, 8, 4, 4] err=0 hits=[]
(959,713) tors=[8, 4, 4, 8, 4, 4] err=0 hits=[]
(959,839) tors=[8, 4, 4, 8, 4, 4] err=0 hits=[]
(961,161) tors=[8, 4, 4, 8, 4, 4] err=0 hits=[]
(967,881) tors=[8, 4, 4, 8, 4, 4] err=0 hits=[]
(977,311) tors=[8, 4, 4, 8, 4, 4] err=0 hits=[]
(983,73) tors=[8, 4, 4, 8, 4, 4] err=0 hits=[]
(991,263) tors=[8, 4, 4, 8, 4, 4] err=0 hits=[]
(1009,463) tors=[8, 4, 4, 8, 4, 4] err=0 hits=[]
(1031,217) tors=[8, 4, 4, 8, 4, 4] err=0 hits=[]
(1033,623) tors=[8, 4, 4, 8, 4, 4] err=0 hits=[]
(1039,479) tors=[8, 4, 4, 8, 4, 4] err=0 hits=[]
(1049,791) tors=[8, 4, 4, 8, 4, 4] err=0 hits=[]
(1057,593) tors=[8, 4, 4, 8, 4, 4] err=0 hits=[]
(1057,967) tors=[8, 4, 4, 8, 4, 4] err=0 hits=[]
(1063,127) tors=[8, 4, 4, 8, 4, 4] err=0 hits=[]
(1081,119) tors=[8, 4, 4, 8, 4, 4] err=0 hits=[]
(1081,833) tors=[8, 4, 4, 8, 4, 4] err=0 hits=[]
(1087,959) tors=[8, 4, 4, 8, 4, 4] err=0 hits=[]
(1097,233) tors=[8, 4, 4, 8, 4, 4] err=0 hits=[]
(1103,529) tors=[8, 4, 4, 8, 4, 4] err=0 hits=[]
(1127,17) tors=[8, 4, 4, 8, 4, 4] err=0 hits=[]
(1127,697) tors=[8, 4, 4, 8, 4, 4] err=0 hits=[]
(1129,271) tors=[8, 4, 4, 8, 4, 4] err=0 hits=[]
(1151,1057) tors=[8, 4, 4, 8, 4, 4] err=0 hits=[]
(1153,457) tors=[8, 4, 4, 8, 4, 4] err=0 hits=[]
(1169,89) tors=[8, 4, 4, 8, 4, 4] err=0 hits=[]
(1169,431) tors=[8, 4, 4, 8, 4, 4] err=0 hits=[]
(1193,697) tors=[8, 4, 4, 8, 4, 4] err=0 hits=[]
(1201,599) tors=[8, 4, 4, 8, 4, 4] err=0 hits=[]
(1207,199) tors=[8, 4, 4, 8, 4, 4] err=0 hits=[]
(1207,823) tors=[8, 4, 4, 8, 4, 4] err=0 hits=[]
(1217,953) tors=[8, 4, 4, 8, 4, 4] err=0 hits=[]
(1223,1087) tors=[8, 4, 4, 8, 4, 4] err=0 hits=[]
(1231,329) tors=[8, 4, 4, 8, 4, 4] err=0 hits=[]
(1241,313) tors=[8, 4, 4, 8, 4, 4] err=0 hits=[]
(1241,959) tors=[8, 4, 4, 8, 4, 4] err=0 hits=[]
(1249,1151) tors=[8, 4, 4, 8, 4, 4] err=0 hits=[]
(1271,431) tors=[8, 4, 4, 8, 4, 4] err=0 hits=[]
(1271,497) tors=[8, 4, 4, 8, 4, 4] err=0 hits=[]
(1279,47) tors=[8, 4, 4, 8, 4, 4] err=0 hits=[]
(1289,223) tors=[8, 4, 4, 8, 4, 4] err=0 hits=[]
(1297,553) tors=[8, 4, 4, 8, 4, 4] err=0 hits=[]
(1303,673) tors=[8, 4, 4, 8, 4, 4] err=0 hits=[]
(1319,679) tors=[8, 4, 4, 8, 4, 4] err=0 hits=[]
(1321,161) tors=[8, 4, 4, 8, 4, 4] err=0 hits=[]
(1327,857) tors=[8, 4, 4, 8, 4, 4] err=0 hits=[]
(1337,391) tors=[8, 4, 4, 8, 4, 4] err=0 hits=[]
(1337,809) tors=[8, 4, 4, 8, 4, 4] err=0 hits=[]
(1343,113) tors=[8, 4, 4, 8, 4, 4] err=0 hits=[]
(1343,1049) tors=[8, 4, 4, 8, 4, 4] err=0 hits=[]
(1351,943) tors=[8, 4, 4, 8, 4, 4] err=0 hits=[]
(1351,1249) tors=[8, 4, 4, 8, 4, 4] err=0 hits=[]
(1361,1081) tors=[8, 4, 4, 8, 4, 4] err=0 hits=[]
(1367,1223) tors=[8, 4, 4, 8, 4, 4] err=0 hits=[]
(1393,1) tors=[8, 4, 4, 8, 4, 4] err=0 hits=[]
(1393,401) tors=[8, 4, 4, 8, 4, 4] err=0 hits=[]
(1399,281) tors=[8, 4, 4, 8, 4, 4] err=0 hits=[]
(1409,751) tors=[8, 4, 4, 8, 4, 4] err=0 hits=[]
(1423,527) tors=[8, 4, 4, 8, 4, 4] err=0 hits=[]
(1433,943) tors=[8, 4, 4, 8, 4, 4] err=0 hits=[]
(1439,119) tors=[8, 4, 4, 8, 4, 4] err=0 hits=[]
(1447,457) tors=[8, 4, 4, 8, 4, 4] err=0 hits=[]
(1457,167) tors=[8, 4, 4, 8, 4, 4] err=0 hits=[]
(1457,1351) tors=[8, 4, 4, 8, 4, 4] err=0 hits=[]
(1471,791) tors=[8, 4, 4, 8, 4, 4] err=0 hits=[]
(1481,241) tors=[8, 4, 4, 8, 4, 4] err=0 hits=[]
(1487,641) tors=[8, 4, 4, 8, 4, 4] err=0 hits=[]
(1489,929) tors=[8, 4, 4, 8, 4, 4] err=0 hits=[]
(1511,49) tors=[8, 4, 4, 8, 4, 4] err=0 hits=[]
(1513,343) tors=[8, 4, 4, 8, 4, 4] err=0 hits=[]
(1513,1217) tors=[8, 4, 4, 8, 4, 4] err=0 hits=[]
(1519,367) tors=[8, 4, 4, 8, 4, 4] err=0 hits=[]
(1519,1367) tors=[8, 4, 4, 8, 4, 4] err=0 hits=[]
(1543,1033) tors=[8, 4, 4, 8, 4, 4] err=0 hits=[]
(1553,497) tors=[8, 4, 4, 8, 4, 4] err=0 hits=[]
(1559,1241) tors=[8, 4, 4, 8, 4, 4] err=0 hits=[]
(1561,73) tors=[8, 4, 4, 8, 4, 4] err=0 hits=[]
(1561,527) tors=[8, 4, 4, 8, 4, 4] err=0 hits=[]
(1567,1457) tors=[8, 4, 4, 8, 4, 4] err=0 hits=[]
(1583,631) tors=[8, 4, 4, 8, 4, 4] err=0 hits=[]
(1601,719) tors=[8, 4, 4, 8, 4, 4] err=0 hits=[]
(1607,199) tors=[8, 4, 4, 8, 4, 4] err=0 hits=[]
(1609,769) tors=[8, 4, 4, 8, 4, 4] err=0 hits=[]
(1631,409) tors=[8, 4, 4, 8, 4, 4] err=0 hits=[]
(1631,911) tors=[8, 4, 4, 8, 4, 4] err=0 hits=[]
(1633,103) tors=[8, 4, 4, 8, 4, 4] err=0 hits=[]
(1633,919) tors=[8, 4, 4, 8, 4, 4] err=0 hits=[]
(1649,329) tors=[8, 4, 4, 8, 4, 4] err=0 hits=[]
(1649,1057) tors=[8, 4, 4, 8, 4, 4] err=0 hits=[]
(1657,1127) tors=[8, 4, 4, 8, 4, 4] err=0 hits=[]
(1663,1207) tors=[8, 4, 4, 8, 4, 4] err=0 hits=[]
(1673,1343) tors=[8, 4, 4, 8, 4, 4] err=0 hits=[]
(1673,1361) tors=[8, 4, 4, 8, 4, 4] err=0 hits=[]
(1679,601) tors=[8, 4, 4, 8, 4, 4] err=0 hits=[]
(1679,1519) tors=[8, 4, 4, 8, 4, 4] err=0 hits=[]
(1681,1567) tors=[8, 4, 4, 8, 4, 4] err=0 hits=[]
(1687,23) tors=[8, 4, 4, 8, 4, 4] err=0 hits=[]
(1687,463) tors=[8, 4, 4, 8, 4, 4] err=0 hits=[]
(1697,287) tors=[8, 4, 4, 8, 4, 4] err=0 hits=[]
(1721,601) tors=[8, 4, 4, 8, 4, 4] err=0 hits=[]
(1751,743) tors=[8, 4, 4, 8, 4, 4] err=0 hits=[]
(1751,1009) tors=[8, 4, 4, 8, 4, 4] err=0 hits=[]
(1753,479) tors=[8, 4, 4, 8, 4, 4] err=0 hits=[]
(1759,161) tors=[8, 4, 4, 8, 4, 4] err=0 hits=[]
(1777,889) tors=[8, 4, 4, 8, 4, 4] err=0 hits=[]
(1783,287) tors=[8, 4, 4, 8, 4, 4] err=0 hits=[]
(1799,1039) tors=[8, 4, 4, 8, 4, 4] err=0 hits=[]
(1799,1681) tors=[8, 4, 4, 8, 4, 4] err=0 hits=[]
(1801,679) tors=[8, 4, 4, 8, 4, 4] err=0 hits=[]
(1817,31) tors=[8, 4, 4, 8, 4, 4] err=0 hits=[]
(1817,1193) tors=[8, 4, 4, 8, 4, 4] err=0 hits=[]
(1823,353) tors=[8, 4, 4, 8, 4, 4] err=0 hits=[]
(1831,1351) tors=[8, 4, 4, 8, 4, 4] err=0 hits=[]
(1841,887) tors=[8, 4, 4, 8, 4, 4] err=0 hits=[]
(1841,1513) tors=[8, 4, 4, 8, 4, 4] err=0 hits=[]
(1847,1679) tors=[8, 4, 4, 8, 4, 4] err=0 hits=[]
(1871,103) tors=[8, 4, 4, 8, 4, 4] err=0 hits=[]
(1873,1103) tors=[8, 4, 4, 8, 4, 4] err=0 hits=[]
(1879,553) tors=[8, 4, 4, 8, 4, 4] err=0 hits=[]
(1889,223) tors=[8, 4, 4, 8, 4, 4] err=0 hits=[]
(1897,713) tors=[8, 4, 4, 8, 4, 4] err=0 hits=[]
(1897,1327) tors=[8, 4, 4, 8, 4, 4] err=0 hits=[]
(1913,1559) tors=[8, 4, 4, 8, 4, 4] err=0 hits=[]
(1921,241) tors=[8, 4, 4, 8, 4, 4] err=0 hits=[]
(1921,1799) tors=[8, 4, 4, 8, 4, 4] err=0 hits=[]
(1927,761) tors=[8, 4, 4, 8, 4, 4] err=0 hits=[]
(1927,863) tors=[8, 4, 4, 8, 4, 4] err=0 hits=[]
(1951,89) tors=[8, 4, 4, 8, 4, 4] err=0 hits=[]
(1967,383) tors=[8, 4, 4, 8, 4, 4] err=0 hits=[]
(1967,977) tors=[8, 4, 4, 8, 4, 4] err=0 hits=[]
(1993,1337) tors=[8, 4, 4, 8, 4, 4] err=0 hits=[]
(1999,1201) tors=[8, 4, 4, 8, 4, 4] err=0 hits=[]
(2009,529) tors=[8, 4, 4, 8, 4, 4] err=0 hits=[]
(2009,631) tors=[8, 4, 4, 8, 4, 4] err=0 hits=[]
(2017,1673) tors=[8, 4, 4, 8, 4, 4] err=0 hits=[]
(2023,1433) tors=[8, 4, 4, 8, 4, 4] err=0 hits=[]
(2023,1847) tors=[8, 4, 4, 8, 4, 4] err=0 hits=[]
(2039,1673) tors=[8, 4, 4, 8, 4, 4] err=0 hits=[]
(2047,679) tors=[8, 4, 4, 8, 4, 4] err=0 hits=[]
(2047,1921) tors=[8, 4, 4, 8, 4, 4] err=0 hits=[]
(2063,191) tors=[8, 4, 4, 8, 4, 4] err=0 hits=[]
(2081,833) tors=[8, 4, 4, 8, 4, 4] err=0 hits=[]
(2087,497) tors=[8, 4, 4, 8, 4, 4] err=0 hits=[]
(2089,151) tors=[8, 4, 4, 8, 4, 4] err=0 hits=[]
(2111,991) tors=[8, 4, 4, 8, 4, 4] err=0 hits=[]
(2113,337) tors=[8, 4, 4, 8, 4, 4] err=0 hits=[]
(2129,1303) tors=[8, 4, 4, 8, 4, 4] err=0 hits=[]
(2137,1153) tors=[8, 4, 4, 8, 4, 4] err=0 hits=[]
(2143,713) tors=[8, 4, 4, 8, 4, 4] err=0 hits=[]
(2153,1543) tors=[8, 4, 4, 8, 4, 4] err=0 hits=[]
(2159,487) tors=[8, 4, 4, 8, 4, 4] err=0 hits=[]
(2159,1319) tors=[8, 4, 4, 8, 4, 4] err=0 hits=[]
(2161,359) tors=[8, 4, 4, 8, 4, 4] err=0 hits=[]
(2177,1489) tors=[8, 4, 4, 8, 4, 4] err=0 hits=[]
(2177,2047) tors=[8, 4, 4, 8, 4, 4] err=0 hits=[]
(2191,937) tors=[8, 4, 4, 8, 4, 4] err=0 hits=[]
(2191,1663) tors=[8, 4, 4, 8, 4, 4] err=0 hits=[]
(2201,641) tors=[8, 4, 4, 8, 4, 4] err=0 hits=[]
(2201,1841) tors=[8, 4, 4, 8, 4, 4] err=0 hits=[]
(2207,2023) tors=[8, 4, 4, 8, 4, 4] err=0 hits=[]
(2209,137) tors=[8, 4, 4, 8, 4, 4] err=0 hits=[]
(2231,217) tors=[8, 4, 4, 8, 4, 4] err=0 hits=[]
(2231,1169) tors=[8, 4, 4, 8, 4, 4] err=0 hits=[]
(2239,799) tors=[8, 4, 4, 8, 4, 4] err=0 hits=[]
(2263,287) tors=[8, 4, 4, 8, 4, 4] err=0 hits=[]
(2263,1409) tors=[8, 4, 4, 8, 4, 4] err=0 hits=[]
(2273,961) tors=[8, 4, 4, 8, 4, 4] err=0 hits=[]
(2281,799) tors=[8, 4, 4, 8, 4, 4] err=0 hits=[]
(2287,1657) tors=[8, 4, 4, 8, 4, 4] err=0 hits=[]
(2297,71) tors=[8, 4, 4, 8, 4, 4] err=0 hits=[]
(2303,433) tors=[8, 4, 4, 8, 4, 4] err=0 hits=[]
(2303,1913) tors=[8, 4, 4, 8, 4, 4] err=0 hits=[]
(2311,2177) tors=[8, 4, 4, 8, 4, 4] err=0 hits=[]
(2329,1031) tors=[8, 4, 4, 8, 4, 4] err=0 hits=[]
(2329,1297) tors=[8, 4, 4, 8, 4, 4] err=0 hits=[]
(2351,1471) tors=[8, 4, 4, 8, 4, 4] err=0 hits=[]
(2359,79) tors=[8, 4, 4, 8, 4, 4] err=0 hits=[]
(2359,599) tors=[8, 4, 4, 8, 4, 4] err=0 hits=[]
(2369,1271) tors=[8, 4, 4, 8, 4, 4] err=0 hits=[]
(2369,1649) tors=[8, 4, 4, 8, 4, 4] err=0 hits=[]
(2377,287) tors=[8, 4, 4, 8, 4, 4] err=0 hits=[]
(2383,1831) tors=[8, 4, 4, 8, 4, 4] err=0 hits=[]
(2393,2017) tors=[8, 4, 4, 8, 4, 4] err=0 hits=[]
(2399,2207) tors=[8, 4, 4, 8, 4, 4] err=0 hits=[]
(2401,761) tors=[8, 4, 4, 8, 4, 4] err=0 hits=[]
(2417,233) tors=[8, 4, 4, 8, 4, 4] err=0 hits=[]
(2423,889) tors=[8, 4, 4, 8, 4, 4] err=0 hits=[]
(2441,2039) tors=[8, 4, 4, 8, 4, 4] err=0 hits=[]
(2447,137) tors=[8, 4, 4, 8, 4, 4] err=0 hits=[]
(2449,511) tors=[8, 4, 4, 8, 4, 4] err=0 hits=[]
(2449,2311) tors=[8, 4, 4, 8, 4, 4] err=0 hits=[]
(2471,391) tors=[8, 4, 4, 8, 4, 4] err=0 hits=[]
(2471,1129) tors=[8, 4, 4, 8, 4, 4] err=0 hits=[]
(2473,1097) tors=[8, 4, 4, 8, 4, 4] err=0 hits=[]
(2503,1271) tors=[8, 4, 4, 8, 4, 4] err=0 hits=[]
(2513,17) tors=[8, 4, 4, 8, 4, 4] err=0 hits=[]
(2513,743) tors=[8, 4, 4, 8, 4, 4] err=0 hits=[]
(2521,553) tors=[8, 4, 4, 8, 4, 4] err=0 hits=[]
(2543,1633) tors=[8, 4, 4, 8, 4, 4] err=0 hits=[]
(2551,1631) tors=[8, 4, 4, 8, 4, 4] err=0 hits=[]
(2567,719) tors=[8, 4, 4, 8, 4, 4] err=0 hits=[]
(2567,1897) tors=[8, 4, 4, 8, 4, 4] err=0 hits=[]
(2569,983) tors=[8, 4, 4, 8, 4, 4] err=0 hits=[]
(2569,1817) tors=[8, 4, 4, 8, 4, 4] err=0 hits=[]
(2591,2449) tors=[8, 4, 4, 8, 4, 4] err=0 hits=[]
(2593,2201) tors=[8, 4, 4, 8, 4, 4] err=0 hits=[]
(2599,593) tors=[8, 4, 4, 8, 4, 4] err=0 hits=[]
(2599,2399) tors=[8, 4, 4, 8, 4, 4] err=0 hits=[]
(2609,889) tors=[8, 4, 4, 8, 4, 4] err=0 hits=[]
(2617,1231) tors=[8, 4, 4, 8, 4, 4] err=0 hits=[]
(2633,337) tors=[8, 4, 4, 8, 4, 4] err=0 hits=[]
(2647,1063) tors=[8, 4, 4, 8, 4, 4] err=0 hits=[]
(2657,1487) tors=[8, 4, 4, 8, 4, 4] err=0 hits=[]
(2663,833) tors=[8, 4, 4, 8, 4, 4] err=0 hits=[]
(2671,49) tors=[8, 4, 4, 8, 4, 4] err=0 hits=[]
(2681,439) tors=[8, 4, 4, 8, 4, 4] err=0 hits=[]
(2681,1241) tors=[8, 4, 4, 8, 4, 4] err=0 hits=[]
(2687,503) tors=[8, 4, 4, 8, 4, 4] err=0 hits=[]
(2689,1751) tors=[8, 4, 4, 8, 4, 4] err=0 hits=[]
(2711,1423) tors=[8, 4, 4, 8, 4, 4] err=0 hits=[]
(2713,2023) tors=[8, 4, 4, 8, 4, 4] err=0 hits=[]
(2719,1081) tors=[8, 4, 4, 8, 4, 4] err=0 hits=[]
(2729,2303) tors=[8, 4, 4, 8, 4, 4] err=0 hits=[]
(2737,113) tors=[8, 4, 4, 8, 4, 4] err=0 hits=[]
(2737,673) tors=[8, 4, 4, 8, 4, 4] err=0 hits=[]
(2737,1609) tors=[8, 4, 4, 8, 4, 4] err=0 hits=[]
(2737,2591) tors=[8, 4, 4, 8, 4, 4] err=0 hits=[]
(2753,679) tors=[8, 4, 4, 8, 4, 4] err=0 hits=[]
(2759,281) tors=[8, 4, 4, 8, 4, 4] err=0 hits=[]
(2759,1799) tors=[8, 4, 4, 8, 4, 4] err=0 hits=[]
(2767,1337) tors=[8, 4, 4, 8, 4, 4] err=0 hits=[]
(2777,1993) tors=[8, 4, 4, 8, 4, 4] err=0 hits=[]
(2791,2191) tors=[8, 4, 4, 8, 4, 4] err=0 hits=[]
(2801,2393) tors=[8, 4, 4, 8, 4, 4] err=0 hits=[]
(2807,1601) tors=[8, 4, 4, 8, 4, 4] err=0 hits=[]
(2807,2599) tors=[8, 4, 4, 8, 4, 4] err=0 hits=[]
(2833,119) tors=[8, 4, 4, 8, 4, 4] err=0 hits=[]
(2839,521) tors=[8, 4, 4, 8, 4, 4] err=0 hits=[]
(2839,1873) tors=[8, 4, 4, 8, 4, 4] err=0 hits=[]
(2857,449) tors=[8, 4, 4, 8, 4, 4] err=0 hits=[]
(2863,1207) tors=[8, 4, 4, 8, 4, 4] err=0 hits=[]
(2863,2153) tors=[8, 4, 4, 8, 4, 4] err=0 hits=[]
(2879,2441) tors=[8, 4, 4, 8, 4, 4] err=0 hits=[]
(2887,2737) tors=[8, 4, 4, 8, 4, 4] err=0 hits=[]
(2897,1393) tors=[8, 4, 4, 8, 4, 4] err=0 hits=[]
(2903,47) tors=[8, 4, 4, 8, 4, 4] err=0 hits=[]
(2911,623) tors=[8, 4, 4, 8, 4, 4] err=0 hits=[]
(2911,769) tors=[8, 4, 4, 8, 4, 4] err=0 hits=[]
(2921,359) tors=[8, 4, 4, 8, 4, 4] err=0 hits=[]
(2921,1447) tors=[8, 4, 4, 8, 4, 4] err=0 hits=[]
(2927,1583) tors=[8, 4, 4, 8, 4, 4] err=0 hits=[]
(2953,1777) tors=[8, 4, 4, 8, 4, 4] err=0 hits=[]
(2969,217) tors=[8, 4, 4, 8, 4, 4] err=0 hits=[]
(2993,1999) tors=[8, 4, 4, 8, 4, 4] err=0 hits=[]
(2993,2177) tors=[8, 4, 4, 8, 4, 4] err=0 hits=[]
(2999,193) tors=[8, 4, 4, 8, 4, 4] err=0 hits=[]
(3001,607) tors=[8, 4, 4, 8, 4, 4] err=0 hits=[]
(3007,983) tors=[8, 4, 4, 8, 4, 4] err=0 hits=[]
(3007,2383) tors=[8, 4, 4, 8, 4, 4] err=0 hits=[]
(3017,2287) tors=[8, 4, 4, 8, 4, 4] err=0 hits=[]
(3017,2593) tors=[8, 4, 4, 8, 4, 4] err=0 hits=[]
(3023,2807) tors=[8, 4, 4, 8, 4, 4] err=0 hits=[]
(3031,391) tors=[8, 4, 4, 8, 4, 4] err=0 hits=[]
(3031,1289) tors=[8, 4, 4, 8, 4, 4] err=0 hits=[]
(3041,2887) tors=[8, 4, 4, 8, 4, 4] err=0 hits=[]
(3049,1169) tors=[8, 4, 4, 8, 4, 4] err=0 hits=[]
(3073,23) tors=[8, 4, 4, 8, 4, 4] err=0 hits=[]
(3073,863) tors=[8, 4, 4, 8, 4, 4] err=0 hits=[]
(3079,1561) tors=[8, 4, 4, 8, 4, 4] err=0 hits=[]
(3089,569) tors=[8, 4, 4, 8, 4, 4] err=0 hits=[]
(3119,1841) tors=[8, 4, 4, 8, 4, 4] err=0 hits=[]
(3121,1553) tors=[8, 4, 4, 8, 4, 4] err=0 hits=[]
(3137,1127) tors=[8, 4, 4, 8, 4, 4] err=0 hits=[]
(3143,151) tors=[8, 4, 4, 8, 4, 4] err=0 hits=[]
(3143,751) tors=[8, 4, 4, 8, 4, 4] err=0 hits=[]
(3151,1751) tors=[8, 4, 4, 8, 4, 4] err=0 hits=[]
(3151,2129) tors=[8, 4, 4, 8, 4, 4] err=0 hits=[]
(3167,697) tors=[8, 4, 4, 8, 4, 4] err=0 hits=[]
(3169,271) tors=[8, 4, 4, 8, 4, 4] err=0 hits=[]
(3191,2729) tors=[8, 4, 4, 8, 4, 4] err=0 hits=[]
(3193,937) tors=[8, 4, 4, 8, 4, 4] err=0 hits=[]
(3193,1399) tors=[8, 4, 4, 8, 4, 4] err=0 hits=[]
(3199,2159) tors=[8, 4, 4, 8, 4, 4] err=0 hits=[]
(3199,3041) tors=[8, 4, 4, 8, 4, 4] err=0 hits=[]
(3209,329) tors=[8, 4, 4, 8, 4, 4] err=0 hits=[]
(3217,2369) tors=[8, 4, 4, 8, 4, 4] err=0 hits=[]
(3239,961) tors=[8, 4, 4, 8, 4, 4] err=0 hits=[]
(3239,1127) tors=[8, 4, 4, 8, 4, 4] err=0 hits=[]
(3241,1679) tors=[8, 4, 4, 8, 4, 4] err=0 hits=[]
(3241,2801) tors=[8, 4, 4, 8, 4, 4] err=0 hits=[]
(3247,97) tors=[8, 4, 4, 8, 4, 4] err=0 hits=[]
(3247,3023) tors=[8, 4, 4, 8, 4, 4] err=0 hits=[]
(3257,527) tors=[8, 4, 4, 8, 4, 4] err=0 hits=[]
(3271,511) tors=[8, 4, 4, 8, 4, 4] err=0 hits=[]
(3281,1321) tors=[8, 4, 4, 8, 4, 4] err=0 hits=[]
(3281,1967) tors=[8, 4, 4, 8, 4, 4] err=0 hits=[]
(3313,2263) tors=[8, 4, 4, 8, 4, 4] err=0 hits=[]
(3319,1519) tors=[8, 4, 4, 8, 4, 4] err=0 hits=[]
(3329,697) tors=[8, 4, 4, 8, 4, 4] err=0 hits=[]
(3337,791) tors=[8, 4, 4, 8, 4, 4] err=0 hits=[]
(3337,2567) tors=[8, 4, 4, 8, 4, 4] err=0 hits=[]
(3343,353) tors=[8, 4, 4, 8, 4, 4] err=0 hits=[]
(3353,1721) tors=[8, 4, 4, 8, 4, 4] err=0 hits=[]
(3353,2879) tors=[8, 4, 4, 8, 4, 4] err=0 hits=[]
(3359,1513) tors=[8, 4, 4, 8, 4, 4] err=0 hits=[]
(3361,3199) tors=[8, 4, 4, 8, 4, 4] err=0 hits=[]
(3383,887) tors=[8, 4, 4, 8, 4, 4] err=0 hits=[]
(3383,1927) tors=[8, 4, 4, 8, 4, 4] err=0 hits=[]
(3391,263) tors=[8, 4, 4, 8, 4, 4] err=0 hits=[]
(3407,1801) tors=[8, 4, 4, 8, 4, 4] err=0 hits=[]
(3409,1063) tors=[8, 4, 4, 8, 4, 4] err=0 hits=[]
(3409,2137) tors=[8, 4, 4, 8, 4, 4] err=0 hits=[]
(3431,617) tors=[8, 4, 4, 8, 4, 4] err=0 hits=[]
(3431,2351) tors=[8, 4, 4, 8, 4, 4] err=0 hits=[]
(3433,1081) tors=[8, 4, 4, 8, 4, 4] err=0 hits=[]
(3449,2569) tors=[8, 4, 4, 8, 4, 4] err=0 hits=[]
(3457,449) tors=[8, 4, 4, 8, 4, 4] err=0 hits=[]
(3463,2791) tors=[8, 4, 4, 8, 4, 4] err=0 hits=[]
(3473,1343) tors=[8, 4, 4, 8, 4, 4] err=0 hits=[]
(3473,3017) tors=[8, 4, 4, 8, 4, 4] err=0 hits=[]
(3479,1279) tors=[8, 4, 4, 8, 4, 4] err=0 hits=[]
(3479,3247) tors=[8, 4, 4, 8, 4, 4] err=0 hits=[]
(3503,7) tors=[8, 4, 4, 8, 4, 4] err=0 hits=[]
(3503,2713) tors=[8, 4, 4, 8, 4, 4] err=0 hits=[]
(3511,889) tors=[8, 4, 4, 8, 4, 4] err=0 hits=[]
(3521,439) tors=[8, 4, 4, 8, 4, 4] err=0 hits=[]
(3521,1481) tors=[8, 4, 4, 8, 4, 4] err=0 hits=[]
(3527,3361) tors=[8, 4, 4, 8, 4, 4] err=0 hits=[]
(3529,1631) tors=[8, 4, 4, 8, 4, 4] err=0 hits=[]
(3559,1687) tors=[8, 4, 4, 8, 4, 4] err=0 hits=[]
(3577,193) tors=[8, 4, 4, 8, 4, 4] err=0 hits=[]
(3577,1927) tors=[8, 4, 4, 8, 4, 4] err=0 hits=[]
(3583,1169) tors=[8, 4, 4, 8, 4, 4] err=0 hits=[]
(3593,1897) tors=[8, 4, 4, 8, 4, 4] err=0 hits=[]
(3607,257) tors=[8, 4, 4, 8, 4, 4] err=0 hits=[]
(3617,2231) tors=[8, 4, 4, 8, 4, 4] err=0 hits=[]
(3623,2111) tors=[8, 4, 4, 8, 4, 4] err=0 hits=[]
(3631,1031) tors=[8, 4, 4, 8, 4, 4] err=0 hits=[]
(3647,383) tors=[8, 4, 4, 8, 4, 4] err=0 hits=[]
(3647,1457) tors=[8, 4, 4, 8, 4, 4] err=0 hits=[]
(3649,2329) tors=[8, 4, 4, 8, 4, 4] err=0 hits=[]
(3649,2543) tors=[8, 4, 4, 8, 4, 4] err=0 hits=[]
(3671,2551) tors=[8, 4, 4, 8, 4, 4] err=0 hits=[]
(3673,2863) tors=[8, 4, 4, 8, 4, 4] err=0 hits=[]
(3689,71) tors=[8, 4, 4, 8, 4, 4] err=0 hits=[]
(3689,991) tors=[8, 4, 4, 8, 4, 4] err=0 hits=[]
(3689,2777) tors=[8, 4, 4, 8, 4, 4] err=0 hits=[]
(3689,3191) tors=[8, 4, 4, 8, 4, 4] err=0 hits=[]
(3697,3527) tors=[8, 4, 4, 8, 4, 4] err=0 hits=[]
(3703,1753) tors=[8, 4, 4, 8, 4, 4] err=0 hits=[]
(3703,3007) tors=[8, 4, 4, 8, 4, 4] err=0 hits=[]
(3713,577) tors=[8, 4, 4, 8, 4, 4] err=0 hits=[]
(3713,3241) tors=[8, 4, 4, 8, 4, 4] err=0 hits=[]
(3719,3479) tors=[8, 4, 4, 8, 4, 4] err=0 hits=[]
(3727,1439) tors=[8, 4, 4, 8, 4, 4] err=0 hits=[]
(3761,1279) tors=[8, 4, 4, 8, 4, 4] err=0 hits=[]
(3767,119) tors=[8, 4, 4, 8, 4, 4] err=0 hits=[]
(3769,1649) tors=[8, 4, 4, 8, 4, 4] err=0 hits=[]
(3791,809) tors=[8, 4, 4, 8, 4, 4] err=0 hits=[]
(3791,2369) tors=[8, 4, 4, 8, 4, 4] err=0 hits=[]
(3793,343) tors=[8, 4, 4, 8, 4, 4] err=0 hits=[]
(3823,2689) tors=[8, 4, 4, 8, 4, 4] err=0 hits=[]
(3833,977) tors=[8, 4, 4, 8, 4, 4] err=0 hits=[]
(3841,313) tors=[8, 4, 4, 8, 4, 4] err=0 hits=[]
(3841,2081) tors=[8, 4, 4, 8, 4, 4] err=0 hits=[]
(3847,3017) tors=[8, 4, 4, 8, 4, 4] err=0 hits=[]
(3863,3353) tors=[8, 4, 4, 8, 4, 4] err=0 hits=[]
(3871,1097) tors=[8, 4, 4, 8, 4, 4] err=0 hits=[]
(3871,3697) tors=[8, 4, 4, 8, 4, 4] err=0 hits=[]
(3881,1879) tors=[8, 4, 4, 8, 4, 4] err=0 hits=[]
(3889,623) tors=[8, 4, 4, 8, 4, 4] err=0 hits=[]
(3911,511) tors=[8, 4, 4, 8, 4, 4] err=0 hits=[]
(3919,2759) tors=[8, 4, 4, 8, 4, 4] err=0 hits=[]
(3929,2191) tors=[8, 4, 4, 8, 4, 4] err=0 hits=[]
(3937,1393) tors=[8, 4, 4, 8, 4, 4] err=0 hits=[]
(3937,2993) tors=[8, 4, 4, 8, 4, 4] err=0 hits=[]
(3943,1393) tors=[8, 4, 4, 8, 4, 4] err=0 hits=[]
(3961,41) tors=[8, 4, 4, 8, 4, 4] err=0 hits=[]
(3961,3473) tors=[8, 4, 4, 8, 4, 4] err=0 hits=[]
(3967,3719) tors=[8, 4, 4, 8, 4, 4] err=0 hits=[]
(3977,713) tors=[8, 4, 4, 8, 4, 4] err=0 hits=[]
(3977,911) tors=[8, 4, 4, 8, 4, 4] err=0 hits=[]
(3983,433) tors=[8, 4, 4, 8, 4, 4] err=0 hits=[]
(3983,1607) tors=[8, 4, 4, 8, 4, 4] err=0 hits=[]
(4001,2839) tors=[8, 4, 4, 8, 4, 4] err=0 hits=[]
(4007,1697) tors=[8, 4, 4, 8, 4, 4] err=0 hits=[]
(4039,239) tors=[8, 4, 4, 8, 4, 4] err=0 hits=[]
(4039,919) tors=[8, 4, 4, 8, 4, 4] err=0 hits=[]
(4049,3871) tors=[8, 4, 4, 8, 4, 4] err=0 hits=[]
(4057,1207) tors=[8, 4, 4, 8, 4, 4] err=0 hits=[]
(4063,2009) tors=[8, 4, 4, 8, 4, 4] err=0 hits=[]
(4063,2047) tors=[8, 4, 4, 8, 4, 4] err=0 hits=[]
(4073,239) tors=[8, 4, 4, 8, 4, 4] err=0 hits=[]
(4079,721) tors=[8, 4, 4, 8, 4, 4] err=0 hits=[]
(4097,1129) tors=[8, 4, 4, 8, 4, 4] err=0 hits=[]
(4097,2273) tors=[8, 4, 4, 8, 4, 4] err=0 hits=[]
(4111,2329) tors=[8, 4, 4, 8, 4, 4] err=0 hits=[]
(4127,2503) tors=[8, 4, 4, 8, 4, 4] err=0 hits=[]
(4129,1511) tors=[8, 4, 4, 8, 4, 4] err=0 hits=[]
(4151,1343) tors=[8, 4, 4, 8, 4, 4] err=0 hits=[]
(4151,2657) tors=[8, 4, 4, 8, 4, 4] err=0 hits=[]
(4153,2737) tors=[8, 4, 4, 8, 4, 4] err=0 hits=[]
(4159,41) tors=[8, 4, 4, 8, 4, 4] err=0 hits=[]
(4177,527) tors=[8, 4, 4, 8, 4, 4] err=0 hits=[]
(4183,647) tors=[8, 4, 4, 8, 4, 4] err=0 hits=[]
(4183,2993) tors=[8, 4, 4, 8, 4, 4] err=0 hits=[]
(4193,1823) tors=[8, 4, 4, 8, 4, 4] err=0 hits=[]
(4193,3217) tors=[8, 4, 4, 8, 4, 4] err=0 hits=[]
(4201,1561) tors=[8, 4, 4, 8, 4, 4] err=0 hits=[]
(4207,3337) tors=[8, 4, 4, 8, 4, 4] err=0 hits=[]
(4207,3463) tors=[8, 4, 4, 8, 4, 4] err=0 hits=[]
(4217,3713) tors=[8, 4, 4, 8, 4, 4] err=0 hits=[]
(4223,3689) tors=[8, 4, 4, 8, 4, 4] err=0 hits=[]
(4223,3967) tors=[8, 4, 4, 8, 4, 4] err=0 hits=[]
(4231,4049) tors=[8, 4, 4, 8, 4, 4] err=0 hits=[]
(4241,161) tors=[8, 4, 4, 8, 4, 4] err=0 hits=[]
(4247,1321) tors=[8, 4, 4, 8, 4, 4] err=0 hits=[]
(4247,1783) tors=[8, 4, 4, 8, 4, 4] err=0 hits=[]
(4249,857) tors=[8, 4, 4, 8, 4, 4] err=0 hits=[]
(4249,2143) tors=[8, 4, 4, 8, 4, 4] err=0 hits=[]
(4271,329) tors=[8, 4, 4, 8, 4, 4] err=0 hits=[]
(4273,823) tors=[8, 4, 4, 8, 4, 4] err=0 hits=[]
(4289,2009) tors=[8, 4, 4, 8, 4, 4] err=0 hits=[]
(4297,2471) tors=[8, 4, 4, 8, 4, 4] err=0 hits=[]
(4319,367) tors=[8, 4, 4, 8, 4, 4] err=0 hits=[]
(4319,1633) tors=[8, 4, 4, 8, 4, 4] err=0 hits=[]
(4327,2239) tors=[8, 4, 4, 8, 4, 4] err=0 hits=[]
(4337,2807) tors=[8, 4, 4, 8, 4, 4] err=0 hits=[]
(4361,127) tors=[8, 4, 4, 8, 4, 4] err=0 hits=[]
(4361,2473) tors=[8, 4, 4, 8, 4, 4] err=0 hits=[]
(4369,1289) tors=[8, 4, 4, 8, 4, 4] err=0 hits=[]
(4369,3151) tors=[8, 4, 4, 8, 4, 4] err=0 hits=[]
(4391,2711) tors=[8, 4, 4, 8, 4, 4] err=0 hits=[]
(4393,577) tors=[8, 4, 4, 8, 4, 4] err=0 hits=[]
(4393,3503) tors=[8, 4, 4, 8, 4, 4] err=0 hits=[]
(4409,3863) tors=[8, 4, 4, 8, 4, 4] err=0 hits=[]
(4417,2953) tors=[8, 4, 4, 8, 4, 4] err=0 hits=[]
(4417,4231) tors=[8, 4, 4, 8, 4, 4] err=0 hits=[]
(4423,1511) tors=[8, 4, 4, 8, 4, 4] err=0 hits=[]
(4439,2281) tors=[8, 4, 4, 8, 4, 4] err=0 hits=[]
(4439,3199) tors=[8, 4, 4, 8, 4, 4] err=0 hits=[]
(4441,1439) tors=[8, 4, 4, 8, 4, 4] err=0 hits=[]
(4447,79) tors=[8, 4, 4, 8, 4, 4] err=0 hits=[]
(4457,3449) tors=[8, 4, 4, 8, 4, 4] err=0 hits=[]
(4463,791) tors=[8, 4, 4, 8, 4, 4] err=0 hits=[]
(4471,929) tors=[8, 4, 4, 8, 4, 4] err=0 hits=[]
(4471,3703) tors=[8, 4, 4, 8, 4, 4] err=0 hits=[]
(4481,3961) tors=[8, 4, 4, 8, 4, 4] err=0 hits=[]
(4487,2617) tors=[8, 4, 4, 8, 4, 4] err=0 hits=[]
(4487,4223) tors=[8, 4, 4, 8, 4, 4] err=0 hits=[]
(4513,1759) tors=[8, 4, 4, 8, 4, 4] err=0 hits=[]
(4519,1967) tors=[8, 4, 4, 8, 4, 4] err=0 hits=[]
(4529,289) tors=[8, 4, 4, 8, 4, 4] err=0 hits=[]
(4529,1009) tors=[8, 4, 4, 8, 4, 4] err=0 hits=[]
(4559,1241) tors=[8, 4, 4, 8, 4, 4] err=0 hits=[]
(4559,3313) tors=[8, 4, 4, 8, 4, 4] err=0 hits=[]
(4561,2201) tors=[8, 4, 4, 8, 4, 4] err=0 hits=[]
(4567,217) tors=[8, 4, 4, 8, 4, 4] err=0 hits=[]
(4577,727) tors=[8, 4, 4, 8, 4, 4] err=0 hits=[]
(4577,2087) tors=[8, 4, 4, 8, 4, 4] err=0 hits=[]
(4583,3673) tors=[8, 4, 4, 8, 4, 4] err=0 hits=[]
(4591,1231) tors=[8, 4, 4, 8, 4, 4] err=0 hits=[]
(4607,503) tors=[8, 4, 4, 8, 4, 4] err=0 hits=[]
(4607,4417) tors=[8, 4, 4, 8, 4, 4] err=0 hits=[]
(4633,2423) tors=[8, 4, 4, 8, 4, 4] err=0 hits=[]
(4633,2681) tors=[8, 4, 4, 8, 4, 4] err=0 hits=[]
(4639,1561) tors=[8, 4, 4, 8, 4, 4] err=0 hits=[]
(4649,1457) tors=[8, 4, 4, 8, 4, 4] err=0 hits=[]
(4657,7) tors=[8, 4, 4, 8, 4, 4] err=0 hits=[]
(4663,2927) tors=[8, 4, 4, 8, 4, 4] err=0 hits=[]
(4673,1039) tors=[8, 4, 4, 8, 4, 4] err=0 hits=[]
(4679,521) tors=[8, 4, 4, 8, 4, 4] err=0 hits=[]
(4681,721) tors=[8, 4, 4, 8, 4, 4] err=0 hits=[]
(4681,2767) tors=[8, 4, 4, 8, 4, 4] err=0 hits=[]
(4703,1687) tors=[8, 4, 4, 8, 4, 4] err=0 hits=[]
(4711,1889) tors=[8, 4, 4, 8, 4, 4] err=0 hits=[]
(4711,3431) tors=[8, 4, 4, 8, 4, 4] err=0 hits=[]
(4721,3119) tors=[8, 4, 4, 8, 4, 4] err=0 hits=[]
(4729,3689) tors=[8, 4, 4, 8, 4, 4] err=0 hits=[]
(4751,943) tors=[8, 4, 4, 8, 4, 4] err=0 hits=[]
(4753,1921) tors=[8, 4, 4, 8, 4, 4] err=0 hits=[]
(4753,4217) tors=[8, 4, 4, 8, 4, 4] err=0 hits=[]
(4759,4487) tors=[8, 4, 4, 8, 4, 4] err=0 hits=[]
(4777,311) tors=[8, 4, 4, 8, 4, 4] err=0 hits=[]
(4777,3847) tors=[8, 4, 4, 8, 4, 4] err=0 hits=[]
(4783,833) tors=[8, 4, 4, 8, 4, 4] err=0 hits=[]
(4793,4223) tors=[8, 4, 4, 8, 4, 4] err=0 hits=[]
(4799,2159) tors=[8, 4, 4, 8, 4, 4] err=0 hits=[]
(4801,4607) tors=[8, 4, 4, 8, 4, 4] err=0 hits=[]
(4817,1169) tors=[8, 4, 4, 8, 4, 4] err=0 hits=[]
(4831,2569) tors=[8, 4, 4, 8, 4, 4] err=0 hits=[]
(4841,1687) tors=[8, 4, 4, 8, 4, 4] err=0 hits=[]
(4841,2401) tors=[8, 4, 4, 8, 4, 4] err=0 hits=[]
(4871,97) tors=[8, 4, 4, 8, 4, 4] err=0 hits=[]
(4879,1153) tors=[8, 4, 4, 8, 4, 4] err=0 hits=[]
(4879,1399) tors=[8, 4, 4, 8, 4, 4] err=0 hits=[]
(4879,2647) tors=[8, 4, 4, 8, 4, 4] err=0 hits=[]
(4879,2921) tors=[8, 4, 4, 8, 4, 4] err=0 hits=[]
(4889,623) tors=[8, 4, 4, 8, 4, 4] err=0 hits=[]
(4903,647) tors=[8, 4, 4, 8, 4, 4] err=0 hits=[]
(4913,2897) tors=[8, 4, 4, 8, 4, 4] err=0 hits=[]
(4919,3281) tors=[8, 4, 4, 8, 4, 4] err=0 hits=[]
(4937,1633) tors=[8, 4, 4, 8, 4, 4] err=0 hits=[]
(4943,3151) tors=[8, 4, 4, 8, 4, 4] err=0 hits=[]
(4951,3649) tors=[8, 4, 4, 8, 4, 4] err=0 hits=[]
(4967,1481) tors=[8, 4, 4, 8, 4, 4] err=0 hits=[]
(4969,3409) tors=[8, 4, 4, 8, 4, 4] err=0 hits=[]
(4991,409) tors=[8, 4, 4, 8, 4, 4] err=0 hits=[]
(4991,1871) tors=[8, 4, 4, 8, 4, 4] err=0 hits=[]
(4991,3671) tors=[8, 4, 4, 8, 4, 4] err=0 hits=[]
(4991,4409) tors=[8, 4, 4, 8, 4, 4] err=0 hits=[]
(4993,943) tors=[8, 4, 4, 8, 4, 4] err=0 hits=[]
(4999,4801) tors=[8, 4, 4, 8, 4, 4] err=0 hits=[]
