
========================================================================
M1. ЧТО ДАЁТ ПЕРВЫЙ 2-СПУСК (без второго)
========================================================================
  mwrank, только первый спуск: rank_bound = 3, certain = False
  selmer_rank (mwrank)        = 5
  => ПЕРВОГО спуска НЕ ХВАТАЕТ: граница 3, а нужно 1.

========================================================================
M2. ВТОРОЙ СПУСК (mwrank)
========================================================================
  mwrank со вторым спуском: rank_bound = 1, certain = True
  rank (mwrank) = 1

========================================================================
M3. ИСПОЛЬЗУЕТСЯ ЛИ БАЗА ДАННЫХ CREMONA?
========================================================================
  E.rank(use_database=False, only_use_mwrank=True, proof=True) = 1
  кондуктор = 600653760 (вне диапазона таблиц Кремоны => база не могла помочь)

========================================================================
M4. PARI ellrank с разным effort
========================================================================
  effort=0 -> [1, 1, 2, [[491589/4, 18757661/8]]]
  effort=1 -> [1, 1, 2, [[491589/4, 18757661/8]]]
  effort=2 -> [1, 1, 2, [[29587/169, 127263515400/2197]]]

========================================================================
M5. НЕЗАВИСИМЫЙ АНАЛИТИЧЕСКИЙ ПУТЬ (Гросс–Загир–Колывагин)
========================================================================
  корневое число w(E) = -1
  w = -1  =>  L(E,1) = 0 (функциональное уравнение), аналитический ранг нечётен
  L'(E,1) ~ 7.9322  (значение, оценка ошибки) = 7625.17
  L'(E,1) != 0 с запасом по оценке ошибки: False
  => аналитический ранг = 1 => (Колывагин+Гросс-Загир) rank E(Q) = 1 и Sha конечна.
  СТАТУС: численно (оценка ошибки от Sage), но независимо от спуска.

========================================================================
M6. СТРУКТУРА Sha[2]
========================================================================
  dim_F2 Sel^2 (mwrank selmer_rank) = 5
  dim_F2 E(Q)/2E(Q) при rank=1 и полном 2-кручении = 1+2 = 3
  => dim_F2 Sha[2] = 5 - 3 = 2
  Sage E.sha().an() (аналитический порядок Sha, численно) = 4

========================================================================
M7. ЛОКАЛЬНАЯ РАЗРЕШИМОСТЬ ТОРСОРА D для класса (1,113,113)
========================================================================
  p = 2    : локальная точка D НЕ найдена перебором
  p = 3    : локальная точка D найдена r,w=(339, 1)
  p = 5    : локальная точка D найдена r,w=(0, 1)
  p = 7    : локальная точка D найдена r,w=(113, 1)
  p = 113  : локальная точка D найдена r,w=(0, 1)
  p = 11   : локальная точка D найдена r,w=(339, 1)
  p = 13   : локальная точка D найдена r,w=(0, 1)
  p = 17   : локальная точка D найдена r,w=(113, 2)
  p = 19   : локальная точка D найдена r,w=(339, 2)
  p = 23   : локальная точка D найдена r,w=(113, 4)
  над R: r=1000, w=1 даёт 113 z2^2 = 5696200>0 и 113 z3^2 = 974688>0 — точка есть

========================================================================
M8. РАСШИРЕННЫЙ ПОИСК ТОЧЕК НА ТОРСОРЕ D (попытка сломать)
========================================================================
  перебор r=a/c, a<=8000, c<=400: найдено 0 точек: []

========================================================================
M9. ПОИСК ТОЧЕК E БОЛЬШОЙ ВЫСОТЫ С ТРЕБУЕМЫМ КЛАССОМ
========================================================================
