   .  плохие простые для снятия классов: [2, 3, 5, 7, 11, 137]
   .  E = Elliptic Curve defined by y^2 = x^3 + 2306121/2*x^2 + 152914271268*x + 2332318050320896 over Rational Field
   .  требуемый класс = (1, 274, 274)
   [OK     ЧИС ] S0    G лежит на E и имеет бесконечный порядок   -- (70664, 138738600)

============================================================================================
S1. Гомоморфность delta на большом наборе точек
============================================================================================
   .  высоты точек: макс число цифр числителя x = 64
   [OK     ДОК ] S1a   delta — гомоморфизм на 1936 упорядоченных парах (44 точек)
   [OK     ДОК ] S1b   delta(2P) = (1,1,1) для всех 44 точек
   [OK     ДОК ] S1c   образ этих 44 точек состоит ровно из 8 классов   -- 8
   [OK     ДОК ] S1d   требуемый класс не встретился ни у одной из 44 точек

============================================================================================
S2. Насыщенность и структура: G не делится на 2 по модулю кручения
============================================================================================
   [OK     ДОК ] S2a   delta(G) = (105, 210, 2) не лежит в delta(E[2]) => G ∉ 2E(Q)+E[2]   -- [(-28770, 137, -210), (-1, 28770, -28770), (1, 1, 1), (28770, 210, 137)]
   .  следствие [ДОК]: подгруппа <delta(G), delta(E[2])> имеет порядок ровно 8.
   .  если rank = 1, то |E(Q)/2E(Q)| = 2^(1+2) = 8, значит это ВЕСЬ образ.
   .  ВАЖНО: насыщенность G по нечётным простым НЕ нужна — нужен только индекс по модулю 2.

============================================================================================
S3. Ранг: корроборации, независимые от PARI ellrank
============================================================================================
   [OK     ДОК ] S3a   w(E) = -1  =>  по функциональному уравнению L(E,1) = 0 ТОЧНО (без численности)
   [OK     ЧИС ] S3b30 Dokchitser prec=30: невязка ф.у. = 1.61558713389263e-27, L'(1) = 13.5979990000000
   [OK     ЧИС ] S3b60 Dokchitser prec=60: невязка ф.у. = 1.61558713389263e-27, L'(1) = 13.5979992443147
   [OK     ЧИС ] S3b100 Dokchitser prec=100: невязка ф.у. = 1.61558713389263e-27, L'(1) = 13.5979992443147
   .  L(1)=0 — теорема (знак ф.у.); L'(1)!=0 — численно, запас ~13.6 против нуля.
   .  Гросс-Загье + Колывагин: rank_an <= 1  =>  rank_alg = rank_an = 1 и Sha конечна. [теорема]
Unable to compute the rank with certainty (lower bound=1).
This could be because Sha(E/Q)[2] is nontrivial.
Try calling something like two_descent(second_limit=13) on the
curve then trying this command again.  You could also try rank
with only_use_mwrank=False.
   [ПРОВАЛ ЧИС ] S3c   an_numerical   -- rank not provably correct (lower bound: 1)
   [OK     ПО  ] S3f1.00000000000000 верхняя граница аналитического ранга (ПРИ GRH, Delta=1.00000000000000) = 3
   [OK     ПО  ] S3f1.30000000000000 верхняя граница аналитического ранга (ПРИ GRH, Delta=1.30000000000000) = 1
   [OK     ПО  ] S3f1.60000000000000 верхняя граница аналитического ранга (ПРИ GRH, Delta=1.60000000000000) = 1
   [OK     ПО  ] S3f2.00000000000000 верхняя граница аналитического ранга (ПРИ GRH, Delta=2.00000000000000) = 1
   .  при GRH: rank_an <= 1; вместе с точкой G бесконечного порядка => rank = 1. Третий путь.
   .     изогенная кривая (0, 0, 0, -4644297081900, 3655579703416830000): ellrank=[1, 1] ellanalyticrank=[1, 13.5979992443147]
   .     изогенная кривая (0, 0, 0, -4578080049900, 3770264556857358000): ellrank=[1, 1] ellanalyticrank=[1, 13.5979992443147]
   .     изогенная кривая (0, 0, 0, 3367963790100, 14950704222501390000): ellrank=[1, 1] ellanalyticrank=[1, 13.5979992443147]
   .     изогенная кривая (0, 0, 0, -13716030465900, -14979375435861522000): ellrank=[1, 1] ellanalyticrank=[1, 13.5979992443147]
   [OK     ЧИС ] S3g   все 4 кривые класса изогении дают ранг 1 (ранг — инвариант изогении)
   [ПРОВАЛ ЧИС ] S3d   Sage prove_BSD НЕ завершился за 1500 c — честно фиксирую незавершённость   -- Cremona database does not contain entry for Elliptic Curve defined by y^2 = x^3 - 4644297081900*x + 3655579703416830000 over Rational Field
   [ПРОВАЛ ЧИС ] S3e   heegner_index НЕ досчитан — фиксирую незавершённость   -- Discriminant (=-7) must be a fundamental discriminant that satisfies the Heegner hypothesis.

============================================================================================
S4. Группа Селмера: требуемый класс локально разрешим => ранг обязателен
============================================================================================
   .  накрытие: 1 z1^2 - 274 z2^2 = -1740585/2 ;  1 z1^2 - 274 z3^2 = 115080
   [OK     ДОК ] S4a   d1*d2*d3 — квадрат (необходимое условие принадлежности образу)
   [OK     ДОК ] S4b   коника 1 имеет рациональную точку
   [OK     ДОК ] S4c   коника 2 имеет рациональную точку
   .  обе коники разрешимы над Q, значит локальных препятствий на КАЖДОЙ по отдельности нет;
   .  препятствие могло бы быть только у пересечения (кривой рода 1), и оно локально всюду разрешимо
   .  (в основном скрипте I1: явные свидетели t в Q_p для всех плохих p).
   .  ВЫВОД [ДОК]: требуемый класс лежит в 2-группе Селмера. Локальными методами (11,4) НЕ закрыть.

============================================================================================
S5. Длинный прямой поиск точек C_{11,4} (чистый python-int, большая граница)
============================================================================================
