
========================================================================
P1. КРИТЕРИЙ Q_p ДЛЯ p = 17 И p = 113 (и контрольно p=2)
========================================================================
  p=17   t=8   : F=(289, 7345, 14401)
           оценки v_p = [2, 0, 0] ; квадраты в Q_p = [True, True, True]
           ВСЕ ТРИ квадраты в Q_p: True
  p=113  t=15  : F=(450, 25538, 50626)
           оценки v_p = [0, 2, 0] ; квадраты в Q_p = [True, True, True]
           ВСЕ ТРИ квадраты в Q_p: True
  p=2    t=0   : F=(225, 113, 1)
           оценки v_p = [0, 0, 0] ; квадраты в Q_p = [True, True, True]
           ВСЕ ТРИ квадраты в Q_p: True
  p=3    t=1   : F=(226, 226, 226)
           оценки v_p = [0, 0, 0] ; квадраты в Q_p = [True, True, True]
           ВСЕ ТРИ квадраты в Q_p: True
  p=7    t=0   : F=(225, 113, 1)
           оценки v_p = [0, 0, 0] ; квадраты в Q_p = [True, True, True]
           ВСЕ ТРИ квадраты в Q_p: True

========================================================================
P1b. ЕСТЬ ЛИ ВООБЩЕ t mod 17 со всеми тремя ненулевыми квадратами?
========================================================================
  таких t mod 17: 0  => мой строгий скан 'все три ненулевые квадраты'
  действительно не может найти точку при p=17; но точка Q_17 существует
  через t=8, где F0 = 289 = 17^2 (чётная оценка, единичная часть 1).
  Соответствующая F_17-точка кривой: (t,u0,u4,u8)=(8,0,u4,u8) — она ГЛАДКАЯ,
  т.к. F0'(8) = 16 != 0 mod 17, поэтому поднимается по Гензелю.
  u4^2 = 1 (квадрат: True), u8^2 = 2 (квадрат: True)

========================================================================
P1c. p=113: F4 = 113(1+t^2) ВСЕГДА делится на 113
========================================================================
  значит нужно 113 | 1+t^2, т.е. t = ±r mod 113, r^2 = -1
  r = 15 ; 15^2+1 = 226 = 2*113 => t=15 годится (15 = ±r mod 113? True)
  2 — квадрат mod 113 (113 = 1 mod 8): True

========================================================================
P2. ЗАМКНУТОСТЬ ОБРАЗА delta (перебор |a| <= 12)
========================================================================
