
====================================================================================================
§1. Угловое семейство G2: девять клеток выведены заново из условий магичности
====================================================================================================
Разметка   a b c / d e f / g h i  =  c0..c8.
Пары: УГЛОВЫЕ (c0,c8) и (c2,c6); РЁБЕРНЫЕ (c1,c7) и (c3,c5).
G1 (рёберное, вся арифметика проекта): полные пары {1,7} и {3,5}; свободны 0,2,4,6,8 («икс»).
G2 (УГЛОВОЕ, предмет этой записки): полные пары {0,8} и {2,6}; свободны 1,3,4,5,7 («крест»).
Параметризация Сегре квадрики P^2+Q^2=R^2+S^2=2c:  P=mt+n, Q=m-nt, R=mt-n, S=m+nt.

  все 8 линий = 3*центр (тождественно над Q(m,n,t)): True
  c4 = s(1+t^2)              разность = 0
  c3 = c4 - 4mn t            разность = 0
  c5 = c4 + 4mn t            разность = 0
  c1 = alpha t^2 + beta      разность = 0
  c7 = beta t^2 + alpha      разность = 0
  где s=(m^2+n^2)/2,  alpha=(3n^2-m^2)/2,  beta=(3m^2-n^2)/2,  alpha+beta = m^2+n^2 = 2s
  автоматические квадраты — ЧЕТЫРЕ УГЛА c0,c2,c6,c8; свободны c1,c3,c4,c5,c7 (крест).

----------------------------------------------------------------------------------------------------
§1a. Сверка с независимым кодом проекта bremner16/engine2.sage (cells_G('G2',m,n))
----------------------------------------------------------------------------------------------------
  (m,n)=( 3, 2): совпадение всех девяти клеток: True
  (m,n)=( 5, 2): совпадение всех девяти клеток: True
  (m,n)=(11, 4): совпадение всех девяти клеток: True
  (m,n)=(13, 8): совпадение всех девяти клеток: True
  (m,n)=(16, 5): совпадение всех девяти клеток: True
  (m,n)=(19, 5): совпадение всех девяти клеток: True
  (m,n)=(20,19): совпадение всех девяти клеток: True
  ИТОГ сверки: True

----------------------------------------------------------------------------------------------------
§1b. Для контраста — рёберное семейство G1 (то, на чём стоит вся арифметика проекта)
----------------------------------------------------------------------------------------------------
  c0 = F0 = m^2+n^2 t^2 : True
  c4 = F4 = s(1+t^2)   : True
  c8 = F8 = n^2+m^2 t^2: True
  c2 = L  = F4-2mn t   : True
  c6 = U  = F4+2mn t   : True
  свободны c0,c2,c4,c6,c8 — совпадает с RESULTS_FOR_CLAUDE_2026-09-12_G1.md §2/§4.

====================================================================================================
§2. ГЛАВНОЕ ТОЖДЕСТВО: у КАЖДОГО углового слоя есть рациональная точка с девятью квадратами
====================================================================================================

----------------------------------------------------------------------------------------------------
§2a. Символически над Q(m,n): четыре значения t дают девять квадратов
----------------------------------------------------------------------------------------------------
  t = (m-n)/(m+n)    : все девять клеток — квадраты в Q(m,n):  True
  t = -(m-n)/(m+n)   : все девять клеток — квадраты в Q(m,n):  True
  t = (m+n)/(m-n)    : все девять клеток — квадраты в Q(m,n):  True
  t = -(m+n)/(m-n)   : все девять клеток — квадраты в Q(m,n):  True

  Явно, при t=(m-n)/(m+n) и после умножения на квадрат (m+n)^2 девять клеток равны

        (m^2+n^2)^2     (m^2+2mn-n^2)^2  (m^2-2mn-n^2)^2
        (m^2-2mn-n^2)^2 (m^2+n^2)^2      (m^2+2mn-n^2)^2
        (m^2+2mn-n^2)^2 (m^2-2mn-n^2)^2  (m^2+n^2)^2

  — ЛАТИНСКИЙ вырожденный магический квадрат из девяти квадратов, но лишь ТРЁХ различных
  значений (сумма 3(m^2+n^2)^2 сходится, потому что (A-B)^2+(A+B)^2 = 2(m^2+n^2)^2
  при A=m^2-n^2, B=2mn).  Это классический тривиальный пример, не новый квадрат.
  проверка явной формы (умножение на (m+n)^2): True
  тождество (A-B)^2+(A+B)^2 = 2(m^2+n^2)^2: True

----------------------------------------------------------------------------------------------------
§2b. То же численно для всех 127 пар 1<=n<m<=20, gcd=1 (перебор, не рассуждение)
----------------------------------------------------------------------------------------------------
  пар, где НЕ все девять клеток квадраты при t=(m-n)/(m+n): 0 []
  => 127 из 127.  Число различных значений в квадрате (по всем парам): [3]

----------------------------------------------------------------------------------------------------
§2b'. Поиск НЕвырожденных точек в угловом семействе (t=p/q, |p|,|q| <= 60)
----------------------------------------------------------------------------------------------------
  перебрано t-кандидатов на пару: 4407; время 4 с
  распределение «максимум квадратных клеток при 7 и более» по парам: {9: 127}
  найдено точек с >= 7 квадратными И >= 7 РАЗЛИЧНЫМИ значениями: 0 []
  [проверено численно, ограниченный поиск] В этом ящике все точки с семью и более
  квадратными клетками — вырожденные (три различных значения). Отсутствие находки НЕ есть
  доказательство отсутствия: ящик мал (|p|,|q|<=60) и семейство лишь одно из трёх.

----------------------------------------------------------------------------------------------------
§2c. У РЁБЕРНОГО семейства G1 такой точки почти никогда НЕТ — вот где ломается симметрия
----------------------------------------------------------------------------------------------------
  В G1 вырожденные точки с девятью квадратами тоже бывают, но лишь при УСЛОВИИ на (m,n):
    t = +-1 : c0=c4=c8=m^2+n^2, c2=(m-n)^2, c6=(m+n)^2 => нужен квадратный m^2+n^2;
    t = 0   : c0=m^2, c8=n^2, c2=c4=c6=s          => нужен квадратный s=(m^2+n^2)/2.
  В G2 никакого условия нет — латинская точка есть тождественно.
  m^2+n^2 — квадрат у пар: [(4, 3), (12, 5), (15, 8)]
  s=(m^2+n^2)/2 — квадрат у пар: [(7, 1), (17, 7)]
  пар, у которых G1 даёт девять квадратов в одной из семи вырожденных точек: 5 [(4, 3), (7, 1), (12, 5), (15, 8), (17, 7)]
  объединение двух критериев совпадает со списком: True
  Итог сравнения [доказано]:
    G2 (углы):  девять квадратов есть при ЛЮБЫХ (m,n) — 127/127;
    G1 (рёбра): только при m^2+n^2=кв. или (m^2+n^2)/2=кв. — 5/127.
  Именно поэтому в G1 бывают локальные препятствия и факторы ранга 0, а в G2 их быть не может.

====================================================================================================
§3. СПОСОБ 1. Локальные препятствия: перебор P^1(F_p) для всех нечётных p < 200
====================================================================================================

----------------------------------------------------------------------------------------------------
§3a. КОНТРОЛЬ кода на рёберном случае: (13,8) mod 17 и (16,5) mod 41 должны давать 0 точек
----------------------------------------------------------------------------------------------------
  G1 (m,n)=(13, 8), p=17: выживших точек P^1(F_p) = 0   ПУСТО — известное препятствие воспроизведено
  G1 (m,n)=(16, 5), p=41: выживших точек P^1(F_p) = 0   ПУСТО — известное препятствие воспроизведено
  контроль-наоборот: G1 (15,8) p=17 выживших = 6 (> 0, там есть рациональная точка t=1)

----------------------------------------------------------------------------------------------------
§3b. Полный скан G1 (рёберное) — эталон: сколько пар ловится локально
----------------------------------------------------------------------------------------------------
  G1: локально исключено пар из 127: 122   (0 c)
     первое препятствие при p=  7 : 68 пар
     первое препятствие при p= 17 : 25 пар
     первое препятствие при p= 23 : 15 пар
     первое препятствие при p= 31 :  8 пар
     первое препятствие при p= 41 :  1 пар
     первое препятствие при p= 47 :  3 пар
     первое препятствие при p= 79 :  2 пар
  остались локально-разрешимыми (нечётные p<200): 5 пар
    [(4, 3), (7, 1), (12, 5), (15, 8), (17, 7)]
  ТОЧНОЕ СОВПАДЕНИЕ со списком пар, у которых есть рациональная точка (§2c): True  — [(4, 3), (7, 1), (12, 5), (15, 8), (17, 7)]
  [проверено перебором] В G1 локальное препятствие отсутствует РОВНО у тех пар, у которых
  есть рациональная точка. Это и подтверждает механизм: препятствие исчезает тогда и только
  тогда (в этом диапазоне), когда точка есть. В G2 точка есть всегда => препятствий нет нигде.

----------------------------------------------------------------------------------------------------
§3b'. Семь пар, которые в проекте остались открытыми: их пустые p (девятиклеточная система)
----------------------------------------------------------------------------------------------------
  (11, 4): пустые p < 200: [23, 31, 41, 47, 79, 191]
  (13, 8): пустые p < 200: [17, 47, 73, 79, 103, 191]
  (15, 1): пустые p < 200: [17, 23, 47, 79, 89, 151, 191]
  (15, 8): пустые p < 200: []
  (16, 5): пустые p < 200: [41, 47, 127]
  (19, 5): пустые p < 200: [17, 47, 89, 113]
  (19,16): пустые p < 200: [17, 89, 103, 127, 193]
  Контроль: для (13,8) проект получил [17,47,73,79,103] при p<=113 (local_13_8_p17_прямая.log §7)
  и для (16,5) — первое препятствие 41. Совпало.
  ПОБОЧНАЯ НАХОДКА (относится к РЁБЕРНОМУ случаю, не к угловому): те же дешёвые сравнения
  закрывают также (11,4), (15,1), (19,5), (19,16) — но ТОЛЬКО для девятиклеточной системы.
  Это слабее, чем доказанное в проекте C(Q)=пусто для ТРЁХклеточной кривой, и не заменяет его;
  зато для вопроса «есть ли в этом слое магический квадрат из девяти квадратов» достаточно.
  Единственная из семи, где девятиклеточная система локально разрешима всюду, — (15,8):
  у неё 15^2+8^2=17^2, то есть ровно та самая рациональная точка при t=+-1.

----------------------------------------------------------------------------------------------------
§3c. ГЛАВНЫЙ СКАН G2 (угловое): те же p < 200, те же 127 пар
----------------------------------------------------------------------------------------------------
  G2: локально исключено пар из 127: 0  {}   (10 c)
  минимум по всем (m,n) и всем p<200 числа выживших точек P^1(F_p): 2
  где достигается (пара -> (выживших, p)): [((2, 1), (2, 3)), ((3, 1), (2, 3)), ((3, 2), (2, 3)), ((4, 1), (2, 3)), ((4, 3), (2, 3)), ((5, 1), (2, 3)), ((5, 2), (2, 3)), ((5, 3), (2, 3)), ((5, 4), (2, 3)), ((6, 1), (2, 3))]

  [доказано перебором] Ни одна из 127 угловых пар не исключается локально ни при одном
  нечётном p < 200. И это не случайность: по §2 у каждой пары есть РАЦИОНАЛЬНАЯ точка
  t=(m-n)/(m+n); она редуцируется в точку над F_p при любом p хорошей редукции, поэтому
  выживших всегда >= 1. Локальное препятствие невозможно НИ ПРИ КАКОМ p — в принципе,
  а не «до 200».

----------------------------------------------------------------------------------------------------
§3d. Прямая проверка: редукция латинской точки выживает при каждом p
----------------------------------------------------------------------------------------------------
  проверено пар-простых: 5715; редукция даёт девять квадратов в F_p всюду: True

----------------------------------------------------------------------------------------------------
§3e. p=2 и вещественное место
----------------------------------------------------------------------------------------------------
  (m,n)=(13, 8): 2-адически выживших mod 2^6:  G2 =   512,  G1 =   512
  (m,n)=(16, 5): 2-адически выживших mod 2^6:  G2 =   512,  G1 =   512
  (m,n)=(11, 4): 2-адически выживших mod 2^6:  G2 =   512,  G1 =   512
  (m,n)=( 5, 2): 2-адически выживших mod 2^6:  G2 =   512,  G1 =     0
  (m,n)=( 3, 2): 2-адически выживших mod 2^6:  G2 =   512,  G1 =     0

  вещественное место. В G1 все пять свободных клеток положительно определены,
  в G2 — НЕТ: c1,c7 имеют старший коэффициент (3n^2-m^2)/2 (может быть < 0),
  а c3,c5 имеют вещественные корни при 4mn > m^2+n^2. Но область положительности
  всегда непуста, потому что содержит латинскую точку:
    ( 5, 2): alpha=(3n^2-m^2)/2 = -13/2    все клетки при t* положительны: True
    (13, 8): alpha=(3n^2-m^2)/2 = 23/2     все клетки при t* положительны: True
    (16, 5): alpha=(3n^2-m^2)/2 = -181/2   все клетки при t* положительны: True
    (20,19): alpha=(3n^2-m^2)/2 = 683/2    все клетки при t* положительны: True

====================================================================================================
§4. СПОСОБ 2. Эллиптический фактор ранга 0 и его кручение
====================================================================================================
В рёберном случае берут квартику z^2 = F0*F8 (произведение свободной УГЛОВОЙ пары),
её якобиан E_B: Y^2 = X(X-(m^2-n^2)^2)(X-(m^2+n^2)^2), кручение ВСЕГДА Z/2 x Z/4,
и rank=0 => t in {0,+-1,oo} => в слое невырожденного квадрата нет. Так закрылись 62 из 127 пар.

Угловой аналог: свободные клетки G2 — крест, в нём две РЁБЕРНЫЕ пары (c3,c5) и (c1,c7),
значит две квартики:
   B_df: z^2 = 4*c3*c5 = S^2(1+t^2)^2 - 64 m^2 n^2 t^2,      S = m^2+n^2
   B_bh: z^2 = 4*c1*c7 = (A t^2 + B)(B t^2 + A),  A = 3n^2-m^2, B = 3m^2-n^2

----------------------------------------------------------------------------------------------------
§4a. Сверка явных моделей с якобианами квартик
----------------------------------------------------------------------------------------------------
  ( 3, 2): E_df==Jac(B_df): True  ; E_bh==Jac(B_bh): True  ; E_B==Jac(F0F8): True 
  ( 5, 2): E_df==Jac(B_df): True  ; E_bh==Jac(B_bh): True  ; E_B==Jac(F0F8): True 
  (13, 8): E_df==Jac(B_df): True  ; E_bh==Jac(B_bh): True  ; E_B==Jac(F0F8): True 
  (16, 5): E_df==Jac(B_df): True  ; E_bh==Jac(B_bh): True  ; E_B==Jac(F0F8): True 
  (19, 5): E_df==Jac(B_df): True  ; E_bh==Jac(B_bh): True  ; E_B==Jac(F0F8): True 
  Последний столбец — КОНТРОЛЬ: та же формула на рёберной квартике z^2=F0*F8 обязана
  дать в точности E_B: Y^2=X(X-(m^2-n^2)^2)(X-(m^2+n^2)^2) из REPORT_G1_SIX_KUMMER. Даёт.
  корни E_df: 0, S^2-16m^2n^2 = (m-n)^2(m^2+4mn+n^2), -16m^2n^2
  корни E_bh: 0, S^2, 4(m^2-n^2)^2

----------------------------------------------------------------------------------------------------
§4a'. Контроль знака: #C(F_p) должно равняться #Jac(F_p) (Ленг), а не #твиста
----------------------------------------------------------------------------------------------------
  ( 2, 1): (p, #C, #E_df, #твист) = [(7, 8, 8, 8), (11, 16, 16, 8), (19, 24, 24, 16), (23, 32, 32, 16), (29, 24, 24, 24)]
           #C == #E_df всюду: True ; знак якобиана выбран верно: True
  ( 5, 2): (p, #C, #E_df, #твист) = [(7, 8, 8, 8), (13, 16, 16, 16), (19, 24, 24, 16), (31, 24, 24, 40), (37, 40, 40, 40)]
           #C == #E_df всюду: True ; знак якобиана выбран верно: True
  (13, 8): (p, #C, #E_df, #твист) = [(7, 8, 8, 8), (19, 16, 16, 24), (23, 24, 24, 24), (29, 24, 24, 24), (31, 40, 40, 24)]
           #C == #E_df всюду: True ; знак якобиана выбран верно: True

----------------------------------------------------------------------------------------------------
§4b. Кручение: угловые факторы против рёберного эталона (все 127 пар)
----------------------------------------------------------------------------------------------------
  кручение E_B  (РЁБЕРНОЕ, эталон)  : {(2, 4): 127}
  кручение E_df (угловое, пара c3,c5): {(2, 2): 127}
  кручение E_bh (угловое, пара c1,c7): {(2, 2): 127}

  ЭТО ВАЖНОЕ ОТЛИЧИЕ, и это прямой ответ на вопрос задания «каково кручение».
  В рёберном случае Z/2 x Z/4 УНИВЕРСАЛЬНО: разности корней 0, (m^2-n^2)^2, (m^2+n^2)^2
  равны (m^2-n^2)^2, (m^2+n^2)^2 и (2mn)^2 — все три квадраты.
  В угловом Z/2 x Z/4 НЕ универсально, критерии (y^2=X(X-r1)(X-r2): точка (r,0) делится
  на 2 <=> обе разности r-0, r-r' — квадраты):
    E_df, корни 0, r_b=S^2-16m^2n^2, r_c=-16m^2n^2:
        (0,0)   делится <=> -r_b = 16m^2n^2-S^2 — квадрат (т.к. -r_c=(4mn)^2 всегда квадрат)
        (r_b,0) делится <=> r_b = S^2-16m^2n^2 — квадрат (т.к. r_b-r_c=S^2 всегда квадрат)
        (r_c,0) не делится никогда (r_c<0)
      => Z/2 x Z/4  <=>  |S^2 - 16 m^2 n^2| = |(m^2+n^2-4mn)(m^2+n^2+4mn)| — квадрат.
    E_bh, корни 0, S^2, 4(m^2-n^2)^2:
      => Z/2 x Z/4  <=>  +-A*B — квадрат, A=3n^2-m^2, B=3m^2-n^2.
  Проверка этих критериев перебором по всем 127 парам:
    |S^2-16m^2n^2| — квадрат у пар: []
    пары с кручением E_df = Z/2xZ/4: []
    критерий совпал с расчётом Sage: True
    +-A*B — квадрат у пар: []
    пары с кручением E_bh = Z/2xZ/4: []
    критерий совпал с расчётом Sage: True
    ИТОГ: у обоих угловых факторов кручение равно Z/2 x Z/2 у всех 127 пар,
    а НЕ Z/2 x Z/4, как в рёберном случае. Это делает аргумент «ранг 0 + перечисление
    кручения» в угловом случае ещё слабее: перечислять пришлось бы всего 4 точки,
    а рациональных точек заведомо не меньше 12 (§4c).

----------------------------------------------------------------------------------------------------
§4c. РЕШАЮЩИЙ ПОДСЧЁТ: сколько рациональных точек заведомо есть на угловых квартиках
----------------------------------------------------------------------------------------------------
  B_df: различных t с квадратным c3*c5 (проверено пять кандидатов): {5: 127}
  B_bh: различных t с квадратным c1*c7 (проверено шесть кандидатов): {6: 127}
  старший коэффициент B_df равен S^2 — квадрат всегда => ещё 2 точки на бесконечности
  старший коэффициент B_bh равен A*B; квадрат у пар: 0
  нижняя оценка числа рациональных точек: B_df: {12: 127}  B_bh: {12: 127}
  порядок кручения якобиана:            E_df: {4: 127}  E_bh: {4: 127}
  Квартика с рациональной точкой изоморфна своему якобиану, значит число её
  рациональных точек = |E(Q)|. Если точек больше, чем кручения, то rank >= 1.
     B_df: нижняя оценка > |кручение| у 127 пар из 127
     B_bh: нижняя оценка > |кручение| у 127 пар из 127
  [доказано перебором] => rank >= 1 у ОБОИХ угловых факторов при всех 127 парах,
  и этот вывод не использует PARI: только счёт точек и кручение.

----------------------------------------------------------------------------------------------------
§4d. Проверка ранга напрямую (PARI ellrank)
----------------------------------------------------------------------------------------------------
  посчитано пар: 127 за 2 с
  РЁБЕРНОЕ E_B : границы ранга {(0, 0): 62, (1, 1): 60, (2, 2): 4, (0, 2): 1} ; ранг 0 у 62 пар
  УГЛОВОЕ E_df : границы ранга {(1, 1): 53, (2, 2): 60, (3, 3): 10, (0, 2): 4} ; ранг 0 у 0 пар
  УГЛОВОЕ E_bh : границы ранга {(1, 1): 53, (2, 2): 57, (3, 3): 12, (0, 2): 5} ; ранг 0 у 0 пар
  КОНТРОЛЬ: RESULTS_FOR_CLAUDE_2026-09-12_G1.md §3 даёт для E_B ровно
            62 раза [0,0], 60 раз [1,1], 4 раза [2,2], один раз [0,2]. Совпало: True

----------------------------------------------------------------------------------------------------
§4e. Явные неторсионные точки угловых факторов (генераторы от PARI) и их высоты
----------------------------------------------------------------------------------------------------
  ( 3, 2) E_df: кручение (2, 2) ранг (1, 1), неторсионных генераторов 1, высоты [1.90323]
  ( 3, 2) E_bh: кручение (2, 2) ранг (1, 1), неторсионных генераторов 1, высоты [1.83391]
  ( 5, 2) E_df: кручение (2, 2) ранг (1, 1), неторсионных генераторов 1, высоты [2.43255]
  ( 5, 2) E_bh: кручение (2, 2) ранг (2, 2), неторсионных генераторов 2, высоты [2.44476, 5.08594]
  (13, 8) E_df: кручение (2, 2) ранг (2, 2), неторсионных генераторов 2, высоты [4.05937, 14.5895]
  (13, 8) E_bh: кручение (2, 2) ранг (1, 1), неторсионных генераторов 1, высоты [3.94801]
  (16, 5) E_df: кручение (2, 2) ранг (1, 1), неторсионных генераторов 1, высоты [4.08199]
  (16, 5) E_bh: кручение (2, 2) ранг (0, 2), неторсионных генераторов 0, высоты []
  (19, 5) E_df: кручение (2, 2) ранг (1, 1), неторсионных генераторов 1, высоты [3.74148]
  (19, 5) E_bh: кручение (2, 2) ранг (2, 2), неторсионных генераторов 2, высоты [3.91180, 5.16190]
  (20,19) E_df: кручение (2, 2) ранг (0, 2), неторсионных генераторов 0, высоты []
  (20,19) E_bh: кручение (2, 2) ранг (1, 1), неторсионных генераторов 1, высоты [4.97466]

====================================================================================================
§5. СПОСОБ 3. Необходимый класс Куммера: угловой аналог условия (1,s,s)
====================================================================================================
Рёберный случай (REPORT_G1_SIX_KUMMER_2026-09-12.md, «Модели и доказательство»):
   C:  u0^2=F0, u4^2=F4, u8^2=F8            (главная диагональ a-e-i)
   E:  V^2=(X+b)(X+s m^4)(X+s n^4),  b = s m^2 n^2,  X = b t^2
   X+b = (mn)^2 u4^2,   X+s m^4 = s m^2 u0^2,   X+s n^4 = s n^2 u8^2
   => необходим класс delta = (1, s, s) в образе 2-спуска на E(Q)/2E(Q).

Угловой аналог. Свободные клетки G2 образуют крест; в нём ровно две магические линии:
средний столбец c1-c4-c7 и средняя строка c3-c4-c5. Берём средний столбец:
   C_c: u1^2=c1, u4^2=c4, u7^2=c7,   c1=alpha t^2+beta, c7=beta t^2+alpha, c4=s(1+t^2)
Все три ЛИНЕЙНЫ по T=t^2, поэтому Y^2=c1 c4 c7 — кубика по T, то есть эллиптическая кривая:
   E_c: Y^2 = (X + s*alpha*beta)(X + s*beta^2)(X + s*alpha^2),   X = s*alpha*beta*t^2
   X + s alpha beta = alpha*beta * c4 = alpha*beta * u4^2
   X + s beta^2     = s*beta  * c1  = s*beta  * u1^2
   X + s alpha^2    = s*alpha * c7  = s*alpha * u7^2
   => необходим класс delta_c = (alpha*beta, s*beta, s*alpha).
Это ТОЧНО тот же вид, что рёберный, с заменой (m^2, n^2) -> (beta, alpha); в рёберном случае
alpha=n^2, beta=m^2 — квадраты, и класс сворачивается в (1, s, s).

----------------------------------------------------------------------------------------------------
§5a. Проверка тождеств карты C_c -> E_c символически над Q(m,n,t)
----------------------------------------------------------------------------------------------------
  X + s*alpha*beta - alpha*beta*c4 = 0
  X + s*beta^2     - s*beta*c1     = 0
  X + s*alpha^2    - s*alpha*c7    = 0
  все три тождества верны => класс delta_c = (alpha*beta, s*beta, s*alpha)

----------------------------------------------------------------------------------------------------
§5a'. То же самое для средней СТРОКИ c3-c4-c5 (второй угловой вариант)
----------------------------------------------------------------------------------------------------
  c3 = s(1+t^2)-4mnt, c5 = s(1+t^2)+4mnt, c4 = s(1+t^2) — по T=t^2 НЕ линейны
  (есть член t), поэтому строка даёт не кубику, а квартику: Y^2=c3 c4 c5 — кривая рода 1
  степени 6 по t. Аналог 2-спуска строится, но через якобиан B_df из §4, а не напрямую.

  Замечание о роде. Род кривой трёх условий в G-семействах равен 5 — это счёт проекта
  (BREMNER16_2026-09-12.md §2.2, [численно], в том числе для G2 при (m,n)=(5,2)); здесь он
  НЕ перепроверялся. Новое структурное наблюдение: в угловом случае все три формы среднего
  СТОЛБЦА чётны по t, поэтому C_c пропускается через кривую над T=t^2, и эллиптический
  фактор E_c получается прямой кубикой по T — ровно как F0,F4,F8 в рёберном случае.

----------------------------------------------------------------------------------------------------
§5b. КОНТРОЛЬ: общая формула на РЁБЕРНОМ случае обязана дать (1,s,s)
----------------------------------------------------------------------------------------------------
  (11, 4): s=137/2   общая формула даёт (1, 274, 274) ; в отчёте Кодекса было (1,s,s) = (1, 274, 274)
  (19, 5): s=193     общая формула даёт (1, 193, 193) ; в отчёте Кодекса было (1,s,s) = (1, 193, 193)
  (15, 1): s=113     общая формула даёт (1, 113, 113) ; в отчёте Кодекса было (1,s,s) = (1, 113, 113)
  (13, 8): s=233/2   общая формула даёт (1, 466, 466) ; в отчёте Кодекса было (1,s,s) = (1, 466, 466)

----------------------------------------------------------------------------------------------------
§5c. Угловой класс delta_c: ВСЕГДА ли он в образе (все 127 пар)
----------------------------------------------------------------------------------------------------
  пар, где латинская точка лежит на C_c И её класс РАВЕН требуемому delta_c: 127 из 127
  расхождений: []

  [доказано] Тест «нужного класса нет в образе 2-спуска» в угловом случае не исключает
  НИЧЕГО: класс delta_c = (alpha*beta, s*beta, s*alpha) реализуется рациональной точкой
  кривой C_c при любых (m,n). В рёберном случае он отсутствовал у (11,4), (19,5), (15,1)
  именно потому, что там рациональной точки нет вовсе.

----------------------------------------------------------------------------------------------------
§5d. Явные угловые классы и модель E_c на нескольких парах
----------------------------------------------------------------------------------------------------
  ( 3, 2): alpha=3/2      beta=23/2     s=13/2   
           E_c = (0, 63128, 0, 453006528, 369527947776), кручение (2, 2), ранг(PARI) (2, 2)
           требуемый delta_c = (69, 299, 39)
  ( 5, 2): alpha=-13/2    beta=71/2     s=29/2   
           E_c = (0, 994584, 0, -212976239424, -9819040644947456), кручение (2, 2), ранг(PARI) (2, 2)
           требуемый delta_c = (-923, 2059, -377)
  (13, 8): alpha=23/2     beta=443/2    s=233/2  
           E_c = (0, 385786488, 0, 7326971172896448, 6850659950584867150336), кручение (2, 2), ранг(PARI) (4, 4)
           требуемый delta_c = (10189, 103219, 5359)
  (16, 5): alpha=-181/2   beta=743/2    s=281/2  
           E_c = (0, 1012335096, 0, -306046902888147264, -27630649041823562483746304), кручение (2, 2), ранг(PARI) (3, 3)
           требуемый delta_c = (-134483, 208783, -50861)
  (19, 5): alpha=-143     beta=529      s=193    
           E_c = (0, 43356099, 0, -632993452463229, -3112053507808873653311), кручение (2, 2), ранг(PARI) (3, 3)
           требуемый delta_c = (-143, 193, -27599)

====================================================================================================
§6. Угловое СЕЧЕНИЕ: почему ни одно отношение угловой пары нельзя исключить «по аналогии»
====================================================================================================
Рёберная теорема фиксирует отношение РЁБЕРНОЙ пары (b:h) при центре n0:
   b=b0^2, h=h0^2, e=n0^2 с b0^2+h0^2=2n0^2; вторая рёберная пара — на конике u^2+v^2=2;
   четыре свободные клетки (УГЛЫ) = попарные средние клеток двух рёберных пар.
Угловое сечение фиксирует УГЛОВУЮ пару: a=b0^2, i=h0^2, e=n0^2; вторая угловая — на конике;
   свободны четыре РЁБЕРНЫЕ клетки.

  Три запрещённых для РЁБЕР отношения и остальные восемь сечений проекта —
  поставленные в УГЛОВУЮ позицию, при t=0:
    (17: 7:13): все девять клеток квадраты: True  ; различных значений: 3 <-- ЗАПРЕЩЕНО ДЛЯ РЁБЕР
    (23: 7:17): все девять клеток квадраты: True  ; различных значений: 3 <-- ЗАПРЕЩЕНО ДЛЯ РЁБЕР
    (71:49:61): все девять клеток квадраты: True  ; различных значений: 3 <-- ЗАПРЕЩЕНО ДЛЯ РЁБЕР
    ( 7: 1: 5): все девять клеток квадраты: True  ; различных значений: 3
    (31:17:25): все девять клеток квадраты: True  ; различных значений: 3
    (41: 1:29): все девять клеток квадраты: True  ; различных значений: 3
    (47:23:37): все девять клеток квадраты: True  ; различных значений: 3
    (49:31:41): все девять клеток квадраты: True  ; различных значений: 3
    (73:17:53): все девять клеток квадраты: True  ; различных значений: 3
    (89:23:65): все девять клеток квадраты: True  ; различных значений: 3
    (79:47:65): все девять клеток квадраты: True  ; различных значений: 3

  например (17:7:13): ['289', '49', '169', '49', '169', '289', '169', '289', '49'] = латинский квадрат из 289,49,169

  [доказано] При t=0 угловое сечение даёт латинский квадрат
        b0^2 h0^2 n0^2 / h0^2 n0^2 b0^2 / n0^2 b0^2 h0^2,
  магический РОВНО потому, что b0^2+h0^2=2n0^2 — то есть по самому определению сечения.
  Значит для ЛЮБОГО отношения (b0:h0:n0) угловая пара реализуется в магическом квадрате
  из девяти квадратов (с повторениями). Формулировка «такого отношения у угловой пары не
  бывает» ЛОЖНА без оговорки «в невырожденном квадрате».

----------------------------------------------------------------------------------------------------
§6a. Важная оговорка: у РЁБЕРНОГО сечения латинская точка тоже есть, только при другом t
----------------------------------------------------------------------------------------------------
  условие Bf(t) = +-b0/n0 сводится к квадратному уравнению с дискриминантом 2n0^2-b0^2 = h0^2:
    (17: 7:13): 2n0^2-b0^2 =     49 = 7^2 ; t с латинским квадратом: [1/5, 2/3, -3/2, -5]
    (23: 7:17): 2n0^2-b0^2 =     49 = 7^2 ; t с латинским квадратом: [1/4, 3/5, -5/3, -4]
    (71:49:61): 2n0^2-b0^2 =   2401 = 49^2 ; t с латинским квадратом: [1/11, 5/6, -6/5, -11]
    ( 7: 1: 5): 2n0^2-b0^2 =      1 = 1^2 ; t с латинским квадратом: [1/3, 1/2, -2, -3]
    (31:17:25): 2n0^2-b0^2 =    289 = 17^2 ; t с латинским квадратом: [1/7, 3/4, -4/3, -7]
    (41: 1:29): 2n0^2-b0^2 =      1 = 1^2 ; t с латинским квадратом: [2/5, 3/7, -7/3, -5/2]
  [наблюдение, требует сверки с текстом теоремы] Отсюда следует, что рёберная теорема
  об исключении отношений НЕ может доказывать «рациональных точек нет»: они есть у любого
  сечения. Она должна доказывать «все рациональные точки вырождены». Это не ослабляет её,
  но меняет то, какой угловой аналог нужно искать: не «точек нет», а «точки только вырождены».

----------------------------------------------------------------------------------------------------
§6c. Локальный скан обоих СЕЧЕНИЙ (p<200): считаем, а не рассуждаем
----------------------------------------------------------------------------------------------------
  (для каждой тройки: минимум по p<200 числа выживших точек P^1(F_p))
    (17: 7:13): рёберное сечение min выживших =  4 ; угловое =  4
    (23: 7:17): рёберное сечение min выживших =  4 ; угловое =  4
    (71:49:61): рёберное сечение min выживших =  4 ; угловое =  4
    ( 7: 1: 5): рёберное сечение min выживших =  4 ; угловое =  4
    (31:17:25): рёберное сечение min выживших =  4 ; угловое =  4
    (41: 1:29): рёберное сечение min выживших =  4 ; угловое =  4
    (47:23:37): рёберное сечение min выживших =  4 ; угловое =  4
    (49:31:41): рёберное сечение min выживших =  4 ; угловое =  4
    (73:17:53): рёберное сечение min выживших =  4 ; угловое =  4
    (89:23:65): рёберное сечение min выживших =  4 ; угловое =  4
    (79:47:65): рёберное сечение min выживших =  4 ; угловое =  4
  [проверено перебором] Ни у рёберных, ни у угловых сечений локального препятствия нет:
  у обоих есть латинская точка. Значит теорема об исключении отношений (и рёберная, и любой
  её угловой аналог) обязана опираться на «все точки вырождены», а не на «точек нет».

----------------------------------------------------------------------------------------------------
§6b. Где именно расходятся рёберное и угловое сечение
----------------------------------------------------------------------------------------------------
  Рёберное сечение, t=0: четыре свободные клетки (УГЛЫ) равны A,A,C,C с
      A=(h0^2+n0^2)/2, C=(b0^2+n0^2)/2 — квадраты лишь иногда.
  Угловое сечение, t=0: четыре свободные клетки (РЁБРА) равны b0^2,b0^2,h0^2,h0^2 —
      квадраты ВСЕГДА, по определению сечения.
  Проверка на всех 11 сечениях проекта:
    (17: 7:13): рёберное A=109      квадрат False ; C=229      квадрат False || угловое: b0^2,h0^2 квадраты True
    (23: 7:17): рёберное A=169      квадрат True  ; C=409      квадрат False || угловое: b0^2,h0^2 квадраты True
    (71:49:61): рёберное A=3061     квадрат False ; C=4381     квадрат False || угловое: b0^2,h0^2 квадраты True
    ( 7: 1: 5): рёберное A=13       квадрат False ; C=37       квадрат False || угловое: b0^2,h0^2 квадраты True
    (31:17:25): рёберное A=457      квадрат False ; C=793      квадрат False || угловое: b0^2,h0^2 квадраты True
    (41: 1:29): рёберное A=421      квадрат False ; C=1261     квадрат False || угловое: b0^2,h0^2 квадраты True
    (47:23:37): рёберное A=949      квадрат False ; C=1789     квадрат False || угловое: b0^2,h0^2 квадраты True
    (49:31:41): рёберное A=1321     квадрат False ; C=2041     квадрат False || угловое: b0^2,h0^2 квадраты True
    (73:17:53): рёберное A=1549     квадрат False ; C=4069     квадрат False || угловое: b0^2,h0^2 квадраты True
    (89:23:65): рёберное A=2377     квадрат False ; C=6073     квадрат False || угловое: b0^2,h0^2 квадраты True
    (79:47:65): рёберное A=3217     квадрат False ; C=5233     квадрат False || угловое: b0^2,h0^2 квадраты True

====================================================================================================
§7. ИТОГ и что делать дальше
====================================================================================================

ОТВЕТ НА ЗАДАНИЕ — все три дешёвых способа в угловом случае неприменимы В ПРИНЦИПЕ,
и причина у всех трёх одна, посчитанная в §2:

  [доказано, тождество над Q(m,n)] Угловое семейство G2 при ЛЮБЫХ (m,n) имеет четыре
  рациональные точки t = +-(m-n)/(m+n), +-(m+n)/(m-n), в которых ВСЕ ДЕВЯТЬ клеток —
  квадраты (вырожденный латинский квадрат из трёх различных значений).

1. ЛОКАЛЬНЫЕ ПРЕПЯТСТВИЯ — невозможны. Кривая с рациональной точкой локально разрешима
   всюду. Посчитано: перебор P^1(F_p) для всех 127 пар и всех нечётных p < 200 — ни одного
   пустого случая (§3c), тогда как тот же код на рёберном семействе воспроизводит
   известные препятствия (13,8) mod 17 и (16,5) mod 41 и ловит десятки пар (§3a, §3b).

2. ФАКТОР РАНГА 0 — невозможен: rank >= 1 всегда. Обе угловые квартики имеют >= 12
   рациональных точек, а кручение их якобианов равно Z/2 x Z/2, порядок всего 4 (§4b, §4c);
   квартика с рациональной точкой изоморфна якобиану, значит ранг не нуль. Подтверждено
   PARI ellrank (ни одного ранга 0 из 127x2) и явными генераторами (§4d, §4e).
   ОТВЕТ НА ВОПРОС ПРО КРУЧЕНИЕ: оно НЕ такое, как в рёберном случае. Там Z/2 x Z/4
   универсально (три разности корней — квадраты (m^2-n^2)^2, (m^2+n^2)^2, (2mn)^2).
   В угловом Z/2 x Z/4 требует |S^2-16m^2n^2| = квадрат (для E_df) или +-A*B = квадрат
   (для E_bh); ни у одной из 127 пар это не выполнено, поэтому всюду Z/2 x Z/2.

3. НЕОБХОДИМЫЙ КЛАСС КУММЕРА — существует и выписан:
   E_c: Y^2=(X+s*alpha*beta)(X+s*beta^2)(X+s*alpha^2), X = s*alpha*beta*t^2,
   delta_c = (alpha*beta, s*beta, s*alpha),  alpha=(3n^2-m^2)/2, beta=(3m^2-n^2)/2.
   Это буквально рёберная формула с заменой (m^2,n^2) -> (beta,alpha); при alpha,beta
   квадратах сворачивается в (1,s,s) (§5b). Но исключить не может ничего: класс
   реализуется латинской точкой у всех 127 пар (§5c).

ЧТО ЭТО ЗНАЧИТ ДЛЯ ПРОЕКТА.
 - Угловой случай труден КАЧЕСТВЕННО иначе: там надо доказывать не «точек нет», а
   «все точки вырождены». Это Шаботи / MW-сито, а не локальные сравнения.
 - Дыра, которую отмечал Grok (теорема покрывает две пары из четырёх), дёшево не закрывается.
 - §6 показывает больше: она не закрывается и формулировкой «отношение запрещено» —
   любое отношение угловой пары реализуется в вырожденном квадрате. Правильная угловая
   формулировка обязана содержать слово «невырожденный».
 - §6a: это, по-видимому, верно и для РЁБЕРНОЙ теоремы. Проверить по её тексту.

ПОБОЧНАЯ НАХОДКА ПО РЁБЕРНОМУ СЛУЧАЮ (§3b'), не относится к заданию, но дешёвая.
 Девятиклеточная локальная система G1 пуста над F_p при некотором p < 200 не только у
 (13,8) и (16,5), но и у (11,4), (15,1), (19,5), (19,16). Из семи открытых пар
 остаётся одна — (15,8), и ровно потому, что 15^2+8^2=17^2 даёт рациональную точку.
 Это НЕ заменяет доказанное C(Q)=пусто на трёхклеточной кривой (то сильнее), но для
 вопроса «есть ли в слое магический квадрат из девяти квадратов» достаточно и дёшево.
 Проверено двумя независимыми выводами клеток и сверено с local_13_8_p17_прямая.log §7.

КОНТРОЛИ, НА КОТОРЫХ ДЕРЖИТСЯ ЭТОТ РАСЧЁТ (все сошлись).
 - Девять клеток G2 выведены заново из магичности и совпали с bremner16/engine2.sage (§1a).
 - Тот же локальный код на G1 даёт (13,8)->[17,47,73,79,103,191] и (16,5)->41, как в
   local_13_8_p17_прямая.log §7 (§3a, §3b').
 - Тот же код якобиана на рёберной квартике z^2=F0F8 даёт в точности E_B из
   REPORT_G1_SIX_KUMMER (§4a), а распределение рангов E_B — ровно 62/60/4/1, как в
   RESULTS_FOR_CLAUDE §3 (§4d).
 - Общая формула класса Куммера на рёберных параметрах даёт (1,s,s) и совпадает с
   числами отчёта Кодекса для (11,4), (19,5), (15,1) (§5b).
 - Знак якобиана квартики проверен счётом точек #C(F_p)=#E(F_p) (§4a'); с неверным знаком
   получается квадратичный твист на -1, у которого кручение ложно выглядит как Z/2 x Z/4.

ЧТО В УГЛОВОМ СЛУЧАЕ ВСЁ-ТАКИ МОЖЕТ СРАБОТАТЬ (не дёшево, но реально).
 - Ранг E_df равен 1 у 53 пар из 127 (§4d). При ранге 1 и известных вырожденных точках
   естественно считать эллиптический Шаботи / MW-сито на угловой кривой рода 5: задача
   не «есть ли точка», а «есть ли точка вне известного вырожденного множества».
 - Вырожденное множество углового слоя выписано явно: t in {0, +-1, oo} (повторы клеток)
   плюс четыре латинские точки +-(m-n)/(m+n), +-(m+n)/(m-n). Это конечный явный список,
   его можно закладывать в сито как известные точки.

ЧТО НЕ ДОКАЗАНО И НЕ ЗАЯВЛЯЕТСЯ.
 - НЕ доказано, что в угловом семействе нет невырожденного квадрата. Показано лишь, что
   три конкретных дешёвых метода его не найдут и не исключат.
 - НЕ проверены p >= 200 и (m,n) вне 1<=n<m<=20 — но для §3 это и не нужно: отсутствие
   локального препятствия следует из наличия рациональной точки, а она есть тождественно.
 - Ранг углового фактора посчитан PARI (программный аргумент). Независимое подтверждение
   rank>=1 — §4c, счёт точек — от PARI не зависит.

НЕ ДЕЛАТЬ.
 - Не запускать сканы локальных препятствий по угловому семейству на больших p: результат
   известен заранее и он пустой (§2 => §3).
 - Не искать у углового семейства фактор ранга 0: его нет ни у одной из двух квартик,
   и причина структурная, а не вычислительная.
 - Не переносить теорему об исключении отношений на угловые пары «по аналогии»: §6.
 - Не путать латинскую точку с решением: в ней три различных значения, а не девять.

время работы: 26 с
