
====================================================================================================
§0. Девять клеток УГЛОВОГО семейства G2 выведены заново из аксиом магичности
====================================================================================================
  все 8 линий равны 3*c4 тождественно над Q(m,n,t): True
  c4 = s(1+t^2)            разность = 0
  c1 = alpha t^2 + beta    разность = 0
  c7 = beta t^2 + alpha    разность = 0
  c3 = c4 - 4mn t          разность = 0
  c5 = c4 + 4mn t          разность = 0
  alpha + beta = m^2+n^2 = 2s: True
  автоматические квадраты — ЧЕТЫРЕ УГЛА c0,c2,c6,c8; свободен КРЕСТ c1,c3,c4,c5,c7.
  [доказано символьно] вывод не опирается на файлы проекта.
  контроль магичности численно (оба семейства, 5 пар x 3 значения t, 8 линий): True

====================================================================================================
§1. ЛАТИНСКАЯ ТОЧКА: у КАЖДОГО углового слоя есть точка с девятью квадратами
====================================================================================================

----------------------------------------------------------------------------------------------------
§1a. символьно над Q(m,n)
----------------------------------------------------------------------------------------------------
  c1*(m+n)^2 - (m^2 + 2*m*n - n^2)^2 = 0
  c3*(m+n)^2 - (m^2 - 2*m*n - n^2)^2 = 0
  c4*(m+n)^2 - (m^2 + n^2)^2 = 0
  c5*(m+n)^2 - (m^2 + 2*m*n - n^2)^2 = 0
  c7*(m+n)^2 - (m^2 - 2*m*n - n^2)^2 = 0
  углы: c0*(m+n)^2 = ((m t*+n)(m+n))^2 — квадрат тождественно.
  [доказано символьно] при t* = (m-n)/(m+n) все девять клеток — квадраты, но
  различных значений ТРИ: латинский вырожденный квадрат, а не решение задачи.

----------------------------------------------------------------------------------------------------
§1b. те же четыре t численно на всех 127 парах (перебор)
----------------------------------------------------------------------------------------------------
  пар/точек без девяти квадратов: 0 [] ; различных значений: [3]

----------------------------------------------------------------------------------------------------
§1c. КОНТРАСТ: у рёберного G1 такой точки почти никогда нет
----------------------------------------------------------------------------------------------------
  G1 даёт девять квадратов в t in {0,1,-1} у пар: [(4, 3), (7, 1), (12, 5), (15, 8), (17, 7)]
  критерий m^2+n^2=кв. или (m^2+n^2)/2=кв. даёт: [(4, 3), (7, 1), (12, 5), (15, 8), (17, 7)] ; совпало: True
  ИТОГ: G2 — 127/127, G1 — 5/127. Здесь и сидит вся разница дешёвых методов.

====================================================================================================
§2. СПОСОБ 1 — ЛОКАЛЬНЫЕ ПРЕПЯТСТВИЯ: перебор P^1(F_p), нечётные p < 200
====================================================================================================

----------------------------------------------------------------------------------------------------
§2a. КОНТРОЛЬ кода на РЁБЕРНОМ случае: (13,8) mod 17 и (16,5) mod 41 обязаны быть пусты
----------------------------------------------------------------------------------------------------
  G1 (13,8) p= 17: выживших =  0  ПУСТО — известное препятствие воспроизведено
  G1 (16,5) p= 41: выживших =  0  ПУСТО — известное препятствие воспроизведено
  G1 (15,8) p= 17: выживших =  0  ПУСТО — известное препятствие воспроизведено
  G1 (15,8) p= 41: выживших =  4  

----------------------------------------------------------------------------------------------------
§2b. полный скан обоих семейств: 127 пар x 45 простых
----------------------------------------------------------------------------------------------------
  G1 (рёберное): локально исключено пар из 127: 127; минимум выживших по всем (m,n,p): 0
     первое пустое p: [(5, 43), (7, 46), (13, 5), (17, 20), (23, 13)]
     локально НЕ исключены: [] ; совпадает со списком §1c: False
  G2 (УГЛОВОЕ): локально исключено пар из 127: 122; минимум выживших по всем (m,n,p): 0
     первое пустое p: [(5, 43), (7, 46), (13, 5), (17, 10), (23, 4), (29, 2), (31, 2), (71, 1), (73, 2), (89, 2), (97, 2), (103, 1), (167, 2)]
Traceback (most recent call last):
  File "/usr/bin/sage", line 5, in <module>
    from sage.cli.__main__ import main
  File "/usr/lib/python3.14/site-packages/sage/cli/__main__.py", line 9, in <module>
    sys.exit(main())
             ~~~~^^
  File "/usr/lib/python3.14/site-packages/sage/cli/__init__.py", line 56, in main
    return RunFileCmd(options).run()
           ~~~~~~~~~~~~~~~~~~~~~~~^^
  File "/usr/lib/python3.14/site-packages/sage/cli/run_file_cmd.py", line 50, in run
    eval(compile(open(input_file, 'rb').read(), input_file, 'exec'), sage_globals())
    ~~~~^^^^^^^^^^^^^^^^^^^^^^^^^^^^^^^^^^^^^^^^^^^^^^^^^^^^^^^^^^^^^^^^^^^^^^^^^^^^
  File "/tmp/sage_lfv423i5/corner_cheap_r2m0qujnq3.sage.py", line 163, in <module>
    assert not killed, killed
           ^^^^^^^^^^
AssertionError: [(2, 1), (3, 1), (3, 2), (4, 1), (4, 3), (5, 1), (5, 2), (5, 3), (5, 4), (6, 1), (6, 5), (7, 1), (7, 2), (7, 3), (7, 4), (7, 5), (7, 6), (8, 1), (8, 3), (8, 5), (8, 7), (9, 1), (9, 2), (9, 4), (9, 5), (9, 7), (9, 8), (10, 1), (10, 3), (10, 7), (10, 9), (11, 1), (11, 2), (11, 3), (11, 4), (11, 5), (11, 6), (11, 7), (11, 8), (11, 9), (11, 10), (12, 1), (12, 5), (12, 7), (12, 11), (13, 1), (13, 2), (13, 3), (13, 4), (13, 5), (13, 6), (13, 7), (13, 8), (13, 9), (13, 10), (13, 11), (13, 12), (14, 1), (14, 3), (14, 5), (14, 13), (15, 1), (15, 2), (15, 4), (15, 7), (15, 8), (15, 11), (15, 13), (15, 14), (16, 1), (16, 3), (16, 5), (16, 7), (16, 11), (16, 13), (16, 15), (17, 1), (17, 2), (17, 3), (17, 4), (17, 5), (17, 6), (17, 7), (17, 8), (17, 9), (17, 10), (17, 11), (17, 12), (17, 13), (17, 14), (17, 15), (17, 16), (18, 1), (18, 5), (18, 7), (18, 11), (18, 13), (19, 1), (19, 2), (19, 3), (19, 4), (19, 5), (19, 6), (19, 7), (19, 8), (19, 9), (19, 10), (19, 11), (19, 12), (19, 13), (19, 14), (19, 15), (19, 16), (19, 17), (19, 18), (20, 3), (20, 7), (20, 9), (20, 11), (20, 13), (20, 17), (20, 19)]
