I = 222926259931200  J = -6316841727504282240000  roots = [1006950, -2474220, 1467270]
TARGET g1 = [-31441500, -3320880, 14820660, 1496040, 30825]  (0.1 s)
ell2cover: 5 квартик
      a = g(1,0): |N| цифр 5
    места: 10, нетривиальные: ['23', '743']
    места: 10, нетривиальные: ['23', '743']
PAIR 0 val = 0 places = 10  (0.2 s)
      a = g(1,0): |N| цифр 9
    места: 11, нетривиальные: ['173', '937']
    места: 11, нетривиальные: ['173', '937']
PAIR 1 val = 0 places = 11  (0.2 s)
      a = g(1,0): |N| цифр 3
    места: 8, нетривиальные: ['2', '137']
    места: 8, нетривиальные: ['2', '137']
PAIR 2 val = 0 places = 8  (0.3 s)
      a = g(1,0): |N| цифр 4
    места: 9, нетривиальные: ['real']
    места: 9, нетривиальные: ['real']
PAIR 3 val = 1 places = 9  (0.4 s)
>>> НЕНУЛЕВОЕ СПАРИВАНИЕ на i = 3
DONE 0.4 s
