==============================================================================
A. СИМВОЛЬНАЯ ИДЕНТИФИКАЦИЯ КЛЕТОК G1
==============================================================================
  c0 = N^2*T^2 + M^2 / 1
  c1 = M^2*T^2 + 2*M*N*T + N^2 / 1
  c2 = 1/2*M^2*T^2 + 1/2*N^2*T^2 - 2*M*N*T + 1/2*M^2 + 1/2*N^2 / 1
  c3 = M^2*T^2 - 2*M*N*T + N^2 / 1
  c4 = 1/2*M^2*T^2 + 1/2*N^2*T^2 + 1/2*M^2 + 1/2*N^2 / 1
  c5 = N^2*T^2 + 2*M*N*T + M^2 / 1
  c6 = 1/2*M^2*T^2 + 1/2*N^2*T^2 + 2*M*N*T + 1/2*M^2 + 1/2*N^2 / 1
  c7 = N^2*T^2 - 2*M*N*T + M^2 / 1
  c8 = M^2*T^2 + N^2 / 1
  магический (все 8 сумм равны 3*центр): True
  c1 = (mt+n)^2 : True   c3 = (mt-n)^2 : True   c5 = (m+nt)^2 : True   c7 = (m-nt)^2 : True
  c0 = m^2+n^2 t^2 = F0 : True
  c4 = s(1+t^2)    = F4 : True
  c8 = n^2+m^2 t^2 = F8 : True
  => СВОБОДНЫЕ (не автоматические) клетки: c0,c4,c8 (кривая C рода 5) и c2,c6.
  c2 = s(1+t^2) - 2mnt : True
  c6 = s(1+t^2) + 2mnt : True
  тождества: c2+c6 = 2c4 : True ; c6-c2 = 4mnt : True
  c2 = (c3+c7)/2 : True  ; c6 = (c1+c5)/2 : True
  при t=1: c2 = (m-n)^2, c6 = (m+n)^2, c0=c4=c8=m^2+n^2 : True True True True True

==============================================================================
B. ЦЕЛОЧИСЛЕННАЯ МОДЕЛЬ  t = u/v,  умножение всех клеток на 4v^2 (квадрат)
==============================================================================
  H0 = 4(m^2 v^2 + n^2 u^2)                         [=4v^2 c0]
  H4 = 2(m^2+n^2)(u^2+v^2)                          [=4v^2 c4]
  H8 = 4(n^2 v^2 + m^2 u^2)                         [=4v^2 c8]
  H2 = 2[(mu-nv)^2 + (mv-nu)^2]                     [=4v^2 c2]   (красная)
  H6 = 2[(mu+nv)^2 + (mv+nu)^2]                     [=4v^2 c6]   (красная)
  c_i квадрат в Q  <=>  H_i квадрат в Q;  то же покомпонентно над Q_2.
  тождества H_i = 4v^2 c_i для (m,n)=(13,8): True
  тождества H_i = 4v^2 c_i для (m,n)=(15,8): True
  тождества H_i = 4v^2 c_i для (m,n)=(19,16): True
  тождества H_i = 4v^2 c_i для (m,n)=(16,5): True
  тождества H_i = 4v^2 c_i для (m,n)=(3,2): True
  тождества H_i = 4v^2 c_i для (m,n)=(7,1): True
  тождества H_i = 4v^2 c_i для (m,n)=(5,3): True

==============================================================================
C. ТОЧНОЕ РЕШЕНИЕ: есть ли точка над Q_2  (BFS по P^1(Z/2^k), доказательство)
==============================================================================
  Классы (u:v) mod 2^k, (u,v) примитивны. Для формы H и класса:
    r = H(u0,v0) mod 2^k; всякий лифт даёт H ≡ r (mod 2^k).
    Если r != 0 и e = v_2(r) <= k-3, то v_2(H)=e и единичная часть определена mod 8:
      квадрат <=> e чётно и (r >> e) ≡ 1 (mod 8)   — решается ТОЧНО.
    Иначе класс дробится на 4 подкласса mod 2^{k+1}.
  Ни одна из форм не обращается в 0 на P^1(Q_2) (нужно было бы -1 ∈ (Q_2*)^2),
  поэтому процедура конечна: каждый класс либо убивается, либо становится решением.

  СИСТЕМА S3 = {c0,c4,c8}  — это кривая C рода 5 (СЕМЬ квадратов):
       (m,n)                              класс   вердикт над Q_2
     (13, 8) чётный параметр ≡ 0 mod 8 (≡ 0 mod 4)   ТОЧКА ЕСТЬ (локально разрешима)   свидетель (u,v)≡(1,1) mod 2^5
     (15, 8) чётный параметр ≡ 0 mod 8 (≡ 0 mod 4)   ТОЧКА ЕСТЬ (локально разрешима)   свидетель (u,v)≡(1,1) mod 2^5
    (19, 16) чётный параметр ≡ 0 mod 8 (≡ 0 mod 4)   ТОЧКА ЕСТЬ (локально разрешима)   свидетель (u,v)≡(1,1) mod 2^5
     (16, 5) чётный параметр ≡ 0 mod 8 (≡ 0 mod 4)   ТОЧКА ЕСТЬ (локально разрешима)   свидетель (u,v)≡(1,1) mod 2^5
      (3, 2) чётный параметр ≡ 2 mod 8 (≡ 2 mod 4)   ТОЧЕК НЕТ — 2-адическое препятствие   (убито к k=9)
      (5, 2) чётный параметр ≡ 2 mod 8 (≡ 2 mod 4)   ТОЧЕК НЕТ — 2-адическое препятствие   (убито к k=9)
      (7, 2) чётный параметр ≡ 2 mod 8 (≡ 2 mod 4)   ТОЧЕК НЕТ — 2-адическое препятствие   (убито к k=9)
      (9, 2) чётный параметр ≡ 2 mod 8 (≡ 2 mod 4)   ТОЧЕК НЕТ — 2-адическое препятствие   (убито к k=9)
     (11, 2) чётный параметр ≡ 2 mod 8 (≡ 2 mod 4)   ТОЧЕК НЕТ — 2-адическое препятствие   (убито к k=9)
      (7, 4) чётный параметр ≡ 4 mod 8 (≡ 0 mod 4)   ТОЧКА ЕСТЬ (локально разрешима)   свидетель (u,v)≡(1,1) mod 2^5
      (9, 4) чётный параметр ≡ 4 mod 8 (≡ 0 mod 4)   ТОЧКА ЕСТЬ (локально разрешима)   свидетель (u,v)≡(1,1) mod 2^5
      (5, 4) чётный параметр ≡ 4 mod 8 (≡ 0 mod 4)   ТОЧКА ЕСТЬ (локально разрешима)   свидетель (u,v)≡(1,1) mod 2^5
     (11, 8) чётный параметр ≡ 0 mod 8 (≡ 0 mod 4)   ТОЧКА ЕСТЬ (локально разрешима)   свидетель (u,v)≡(1,1) mod 2^5
     (17, 8) чётный параметр ≡ 0 mod 8 (≡ 0 mod 4)   ТОЧКА ЕСТЬ (локально разрешима)   свидетель (u,v)≡(1,1) mod 2^5
    (21, 16) чётный параметр ≡ 0 mod 8 (≡ 0 mod 4)   ТОЧКА ЕСТЬ (локально разрешима)   свидетель (u,v)≡(1,1) mod 2^5
      (9, 8) чётный параметр ≡ 0 mod 8 (≡ 0 mod 4)   ТОЧКА ЕСТЬ (локально разрешима)   свидетель (u,v)≡(1,1) mod 2^5
     (13, 4) чётный параметр ≡ 4 mod 8 (≡ 0 mod 4)   ТОЧКА ЕСТЬ (локально разрешима)   свидетель (u,v)≡(1,1) mod 2^5
     (15, 4) чётный параметр ≡ 4 mod 8 (≡ 0 mod 4)   ТОЧКА ЕСТЬ (локально разрешима)   свидетель (u,v)≡(1,1) mod 2^5
      (3, 4) чётный параметр ≡ 4 mod 8 (≡ 0 mod 4)   ТОЧКА ЕСТЬ (локально разрешима)   свидетель (u,v)≡(1,1) mod 2^5
      (1, 4) чётный параметр ≡ 4 mod 8 (≡ 0 mod 4)   ТОЧКА ЕСТЬ (локально разрешима)   свидетель (u,v)≡(1,1) mod 2^5
      (1, 8) чётный параметр ≡ 0 mod 8 (≡ 0 mod 4)   ТОЧКА ЕСТЬ (локально разрешима)   свидетель (u,v)≡(1,1) mod 2^5
      (5, 8) чётный параметр ≡ 0 mod 8 (≡ 0 mod 4)   ТОЧКА ЕСТЬ (локально разрешима)   свидетель (u,v)≡(1,1) mod 2^5
      (3, 1)                        оба нечётны   ТОЧЕК НЕТ — 2-адическое препятствие   (убито к k=7)
      (5, 1)                        оба нечётны   ТОЧЕК НЕТ — 2-адическое препятствие   (убито к k=7)
      (5, 3)                        оба нечётны   ТОЧКА ЕСТЬ (локально разрешима)   свидетель (u,v)≡(1,0) mod 2^5
      (7, 1)                        оба нечётны   ТОЧКА ЕСТЬ (локально разрешима)   свидетель (u,v)≡(1,0) mod 2^5
      (7, 3)                        оба нечётны   ТОЧЕК НЕТ — 2-адическое препятствие   (убито к k=7)
      (7, 5)                        оба нечётны   ТОЧЕК НЕТ — 2-адическое препятствие   (убито к k=7)
      (9, 1)                        оба нечётны   ТОЧКА ЕСТЬ (локально разрешима)   свидетель (u,v)≡(1,0) mod 2^5
     (11, 1)                        оба нечётны   ТОЧЕК НЕТ — 2-адическое препятствие   (убито к k=7)
     (15, 1)                        оба нечётны   ТОЧКА ЕСТЬ (локально разрешима)   свидетель (u,v)≡(1,0) mod 2^5
     (19, 5)                        оба нечётны   ТОЧКА ЕСТЬ (локально разрешима)   свидетель (u,v)≡(1,0) mod 2^5
     (13, 1)                        оба нечётны   ТОЧЕК НЕТ — 2-адическое препятствие   (убито к k=7)
      (9, 5)                        оба нечётны   ТОЧЕК НЕТ — 2-адическое препятствие   (убито к k=7)
     (11, 3)                        оба нечётны   ТОЧКА ЕСТЬ (локально разрешима)   свидетель (u,v)≡(1,0) mod 2^5

  СИСТЕМА S5 = {c0,c4,c8,c2,c6} — ВСЕ ДЕВЯТЬ клеток квадраты:
       (m,n)                              класс   вердикт над Q_2
     (13, 8) чётный параметр ≡ 0 mod 8 (≡ 0 mod 4)   ТОЧКА ЕСТЬ (локально разрешима)   свидетель (u,v)≡(1,1) mod 2^5
     (15, 8) чётный параметр ≡ 0 mod 8 (≡ 0 mod 4)   ТОЧКА ЕСТЬ (локально разрешима)   свидетель (u,v)≡(1,1) mod 2^5
    (19, 16) чётный параметр ≡ 0 mod 8 (≡ 0 mod 4)   ТОЧКА ЕСТЬ (локально разрешима)   свидетель (u,v)≡(1,1) mod 2^5
     (16, 5) чётный параметр ≡ 0 mod 8 (≡ 0 mod 4)   ТОЧКА ЕСТЬ (локально разрешима)   свидетель (u,v)≡(1,1) mod 2^5
      (3, 2) чётный параметр ≡ 2 mod 8 (≡ 2 mod 4)   ТОЧЕК НЕТ — 2-адическое препятствие   (убито к k=9)
      (5, 2) чётный параметр ≡ 2 mod 8 (≡ 2 mod 4)   ТОЧЕК НЕТ — 2-адическое препятствие   (убито к k=9)
      (7, 2) чётный параметр ≡ 2 mod 8 (≡ 2 mod 4)   ТОЧЕК НЕТ — 2-адическое препятствие   (убито к k=9)
      (9, 2) чётный параметр ≡ 2 mod 8 (≡ 2 mod 4)   ТОЧЕК НЕТ — 2-адическое препятствие   (убито к k=9)
     (11, 2) чётный параметр ≡ 2 mod 8 (≡ 2 mod 4)   ТОЧЕК НЕТ — 2-адическое препятствие   (убито к k=9)
      (7, 4) чётный параметр ≡ 4 mod 8 (≡ 0 mod 4)   ТОЧКА ЕСТЬ (локально разрешима)   свидетель (u,v)≡(1,1) mod 2^5
      (9, 4) чётный параметр ≡ 4 mod 8 (≡ 0 mod 4)   ТОЧКА ЕСТЬ (локально разрешима)   свидетель (u,v)≡(1,1) mod 2^5
      (5, 4) чётный параметр ≡ 4 mod 8 (≡ 0 mod 4)   ТОЧКА ЕСТЬ (локально разрешима)   свидетель (u,v)≡(1,1) mod 2^5
     (11, 8) чётный параметр ≡ 0 mod 8 (≡ 0 mod 4)   ТОЧКА ЕСТЬ (локально разрешима)   свидетель (u,v)≡(1,1) mod 2^5
     (17, 8) чётный параметр ≡ 0 mod 8 (≡ 0 mod 4)   ТОЧКА ЕСТЬ (локально разрешима)   свидетель (u,v)≡(1,1) mod 2^5
    (21, 16) чётный параметр ≡ 0 mod 8 (≡ 0 mod 4)   ТОЧКА ЕСТЬ (локально разрешима)   свидетель (u,v)≡(1,1) mod 2^5
      (9, 8) чётный параметр ≡ 0 mod 8 (≡ 0 mod 4)   ТОЧКА ЕСТЬ (локально разрешима)   свидетель (u,v)≡(1,1) mod 2^5
     (13, 4) чётный параметр ≡ 4 mod 8 (≡ 0 mod 4)   ТОЧКА ЕСТЬ (локально разрешима)   свидетель (u,v)≡(1,1) mod 2^5
     (15, 4) чётный параметр ≡ 4 mod 8 (≡ 0 mod 4)   ТОЧКА ЕСТЬ (локально разрешима)   свидетель (u,v)≡(1,1) mod 2^5
      (3, 4) чётный параметр ≡ 4 mod 8 (≡ 0 mod 4)   ТОЧКА ЕСТЬ (локально разрешима)   свидетель (u,v)≡(1,1) mod 2^5
      (1, 4) чётный параметр ≡ 4 mod 8 (≡ 0 mod 4)   ТОЧКА ЕСТЬ (локально разрешима)   свидетель (u,v)≡(1,1) mod 2^5
      (1, 8) чётный параметр ≡ 0 mod 8 (≡ 0 mod 4)   ТОЧКА ЕСТЬ (локально разрешима)   свидетель (u,v)≡(1,1) mod 2^5
      (5, 8) чётный параметр ≡ 0 mod 8 (≡ 0 mod 4)   ТОЧКА ЕСТЬ (локально разрешима)   свидетель (u,v)≡(1,1) mod 2^5
      (3, 1)                        оба нечётны   ТОЧЕК НЕТ — 2-адическое препятствие   (убито к k=7)
      (5, 1)                        оба нечётны   ТОЧЕК НЕТ — 2-адическое препятствие   (убито к k=7)
      (5, 3)                        оба нечётны   ТОЧКА ЕСТЬ (локально разрешима)   свидетель (u,v)≡(1,0) mod 2^5
      (7, 1)                        оба нечётны   ТОЧКА ЕСТЬ (локально разрешима)   свидетель (u,v)≡(1,0) mod 2^5
      (7, 3)                        оба нечётны   ТОЧЕК НЕТ — 2-адическое препятствие   (убито к k=7)
      (7, 5)                        оба нечётны   ТОЧЕК НЕТ — 2-адическое препятствие   (убито к k=7)
      (9, 1)                        оба нечётны   ТОЧКА ЕСТЬ (локально разрешима)   свидетель (u,v)≡(1,0) mod 2^5
     (11, 1)                        оба нечётны   ТОЧЕК НЕТ — 2-адическое препятствие   (убито к k=7)
     (15, 1)                        оба нечётны   ТОЧКА ЕСТЬ (локально разрешима)   свидетель (u,v)≡(1,0) mod 2^5
     (19, 5)                        оба нечётны   ТОЧКА ЕСТЬ (локально разрешима)   свидетель (u,v)≡(1,0) mod 2^5
     (13, 1)                        оба нечётны   ТОЧЕК НЕТ — 2-адическое препятствие   (убито к k=7)
      (9, 5)                        оба нечётны   ТОЧЕК НЕТ — 2-адическое препятствие   (убито к k=7)
     (11, 3)                        оба нечётны   ТОЧКА ЕСТЬ (локально разрешима)   свидетель (u,v)≡(1,0) mod 2^5

  СИСТЕМА S2 = {c2,c6} — ТОЛЬКО красные клетки (гипотеза Grok в чистом виде):
     (13, 8) чётный параметр ≡ 0 mod 8 (≡ 0 mod 4)   ТОЧКА ЕСТЬ
     (15, 8) чётный параметр ≡ 0 mod 8 (≡ 0 mod 4)   ТОЧКА ЕСТЬ
    (19, 16) чётный параметр ≡ 0 mod 8 (≡ 0 mod 4)   ТОЧКА ЕСТЬ
     (16, 5) чётный параметр ≡ 0 mod 8 (≡ 0 mod 4)   ТОЧКА ЕСТЬ
      (3, 2) чётный параметр ≡ 2 mod 8 (≡ 2 mod 4)   ТОЧКА ЕСТЬ
      (5, 2) чётный параметр ≡ 2 mod 8 (≡ 2 mod 4)   ТОЧКА ЕСТЬ
      (7, 2) чётный параметр ≡ 2 mod 8 (≡ 2 mod 4)   ТОЧКА ЕСТЬ
      (9, 2) чётный параметр ≡ 2 mod 8 (≡ 2 mod 4)   ТОЧКА ЕСТЬ
     (11, 2) чётный параметр ≡ 2 mod 8 (≡ 2 mod 4)   ТОЧКА ЕСТЬ
      (7, 4) чётный параметр ≡ 4 mod 8 (≡ 0 mod 4)   ТОЧКА ЕСТЬ
      (9, 4) чётный параметр ≡ 4 mod 8 (≡ 0 mod 4)   ТОЧКА ЕСТЬ
      (5, 4) чётный параметр ≡ 4 mod 8 (≡ 0 mod 4)   ТОЧКА ЕСТЬ
     (11, 8) чётный параметр ≡ 0 mod 8 (≡ 0 mod 4)   ТОЧКА ЕСТЬ
     (17, 8) чётный параметр ≡ 0 mod 8 (≡ 0 mod 4)   ТОЧКА ЕСТЬ
    (21, 16) чётный параметр ≡ 0 mod 8 (≡ 0 mod 4)   ТОЧКА ЕСТЬ
      (9, 8) чётный параметр ≡ 0 mod 8 (≡ 0 mod 4)   ТОЧКА ЕСТЬ
     (13, 4) чётный параметр ≡ 4 mod 8 (≡ 0 mod 4)   ТОЧКА ЕСТЬ
     (15, 4) чётный параметр ≡ 4 mod 8 (≡ 0 mod 4)   ТОЧКА ЕСТЬ
      (3, 4) чётный параметр ≡ 4 mod 8 (≡ 0 mod 4)   ТОЧКА ЕСТЬ
      (1, 4) чётный параметр ≡ 4 mod 8 (≡ 0 mod 4)   ТОЧКА ЕСТЬ
      (1, 8) чётный параметр ≡ 0 mod 8 (≡ 0 mod 4)   ТОЧКА ЕСТЬ
      (5, 8) чётный параметр ≡ 0 mod 8 (≡ 0 mod 4)   ТОЧКА ЕСТЬ
      (3, 1)                        оба нечётны   ТОЧКА ЕСТЬ
      (5, 1)                        оба нечётны   ТОЧКА ЕСТЬ
      (5, 3)                        оба нечётны   ТОЧКА ЕСТЬ
      (7, 1)                        оба нечётны   ТОЧКА ЕСТЬ
      (7, 3)                        оба нечётны   ТОЧКА ЕСТЬ
      (7, 5)                        оба нечётны   ТОЧКА ЕСТЬ
      (9, 1)                        оба нечётны   ТОЧКА ЕСТЬ
     (11, 1)                        оба нечётны   ТОЧКА ЕСТЬ
     (15, 1)                        оба нечётны   ТОЧКА ЕСТЬ
     (19, 5)                        оба нечётны   ТОЧКА ЕСТЬ
     (13, 1)                        оба нечётны   ТОЧКА ЕСТЬ
      (9, 5)                        оба нечётны   ТОЧКА ЕСТЬ
     (11, 3)                        оба нечётны   ТОЧКА ЕСТЬ

  ПОЛНАЯ РАЗВЁРТКА: вердикт зависит только от (m mod 8, n mod 8)? — проверка
  (2-адическая разрешимость S5 для всех допустимых пар m,n <= 40, gcd=1)
   классы (m mod 8, n mod 8) с неоднородным вердиктом: нет — вердикт зависит только от m,n mod 8
   таблица вердиктов S5 по (m mod 8, n mod 8):
      m\n     0     1     2     3     4     5     6     7
        0     -  ЕСТЬ     -  ЕСТЬ     -  ЕСТЬ     -  ЕСТЬ
        1  ЕСТЬ  ЕСТЬ   НЕТ   НЕТ  ЕСТЬ   НЕТ   НЕТ  ЕСТЬ
        2     -   НЕТ     -   НЕТ     -   НЕТ     -   НЕТ
        3  ЕСТЬ   НЕТ   НЕТ  ЕСТЬ  ЕСТЬ  ЕСТЬ   НЕТ   НЕТ
        4     -  ЕСТЬ     -  ЕСТЬ     -  ЕСТЬ     -  ЕСТЬ
        5  ЕСТЬ   НЕТ   НЕТ  ЕСТЬ  ЕСТЬ  ЕСТЬ   НЕТ   НЕТ
        6     -   НЕТ     -   НЕТ     -   НЕТ     -   НЕТ
        7  ЕСТЬ  ЕСТЬ   НЕТ   НЕТ  ЕСТЬ   НЕТ   НЕТ  ЕСТЬ

==============================================================================
D. ТАБЛИЧНАЯ РАЗВЕДКА: вычеты красных клеток mod 8/16/32/64 и v_2
==============================================================================
  Обозначения: sq2 = квадрат в Q_2; odd(x) = x / 2^{v_2(x)}.
  «c2,c6 обе квадраты в Q» — это уже семейство Весоловского (сужение G1).

  --- ЧЁТНЫЙ параметр ---
      (m,n)   всего  c2 sq2  c6 sq2  обе sq2  HIST_HDR           v_2(H2)  обе кв. в Q
    (13, 8)   17542    2902    2902     2902                       1:8786,5:8756    1:11720,2:5822  6 [(-27, 11), (27, 11), (-11, 27), (11, 27)]
    (15, 8)   17542    2902    2902     2902                       1:8786,5:8756    1:11720,2:5822  2 []
   (19, 16)   17542    2902    2902     2902                       1:8786,5:8756    1:11720,2:5822  2 []
    (16, 5)   17542    2902    2902     2902                       1:8786,5:8756    1:11720,2:5822  2 []
     (7, 4)   17542    2902    2902     2902                       1:8786,5:8756    1:11720,2:5822  2 []
     (9, 4)   17542    2902    2902     2902                       1:8786,5:8756    1:11720,2:5822  2 []
     (3, 2)   17542    2902    2902     2902                       1:8738,5:8804    1:11720,2:5822  2 []
     (5, 2)   17542    2902    2902     2902                       1:8738,5:8804    1:11720,2:5822  2 []
     (7, 2)   17542    2902    2902     2902                       1:8738,5:8804    1:11720,2:5822  6 [(-95, 7), (95, 7), (-7, 95), (7, 95)]
     (9, 2)   17542    2902    2902     2902                       1:8738,5:8804    1:11720,2:5822  2 []
    (11, 2)   17542    2902    2902     2902                       1:8738,5:8804    1:11720,2:5822  6 [(-31, 25), (31, 25), (-25, 31), (25, 31)]
     (5, 4)   17542    2902    2902     2902                       1:8786,5:8756    1:11720,2:5822  2 []

  --- ОБА НЕЧЁТНЫ (контроль) ---
      (m,n)   всего  c2 sq2  c6 sq2  обе sq2  HIST_HDR           v_2(H2)  обе кв. в Q
     (3, 1)   17542    3632    3632     1442                      1:4364,5:13178  2:11720,4:2911,6:1451,7:1460  2 []
     (5, 1)   17542    3632    3632     1442                      1:4360,5:13182  2:11720,4:2911,6:1451,7:1460  2 []
     (5, 3)   17542   14982   14982    12422                      1:15348,5:2194  2:11720,4:2911,6:1460,8:721,9:730  2 []
     (7, 1)   17542   14982   14982    12422                      1:15346,5:2196  2:11720,4:2911,6:1460,8:721,9:730  2 []
    (15, 1)   17542   16252   16252    14962                      1:16434,5:1108  2:11720,4:2911,6:1460,8:730,10:351,11:370  6 [(-41, 11), (41, 11), (-11, 41), (11, 41)]
    (19, 5)   17542   14982   14982    12422                      1:15346,5:2196  2:11720,4:2911,6:1460,8:721,9:730  2 []

  То же, но ТОЛЬКО по (u,v), где c0,c4,c8 — квадраты в Q_2 (т.е. на 2-адической кривой C):
      (m,n)  подходящих  c2 sq2  c6 sq2  обе sq2   odd(c2) mod 8
    (13, 8)        2902    2902    2902     2902   1:2902
    (15, 8)        2902    2902    2902     2902   1:2902
   (19, 16)        2902    2902    2902     2902   1:2902
    (16, 5)        2902    2902    2902     2902   1:2902
     (3, 2)           0       0       0        0   
     (5, 2)           0       0       0        0   
     (7, 4)        2902    2902    2902     2902   1:2902
     (9, 4)        2902    2902    2902     2902   1:2902
     (3, 1)           0       0       0        0   
     (5, 1)           0       0       0        0   
     (5, 3)        5884    5884    5884     5884   1:5884
     (7, 1)        5884    5884    5884     5884   1:5884
    (15, 1)        5884    5884    5884     5884   1:5884
    (19, 5)        5884    5884    5884     5884   1:5884

==============================================================================
E. РЕАЛЬНЫЕ рациональные t, где ОБЕ красные клетки — квадраты (семейство Весоловского)
==============================================================================
  Условие c2=□, c6=□ эквивалентно (c2+c6=2c4, c6-c2=4mnt):
  c2=(alpha)^2, c6=(beta)^2 => alpha^2+beta^2 = 2c4, beta^2-alpha^2 = 4mnt.
  Вырожденные решения t=±1 есть ВСЕГДА: c2=(m∓n)^2, c6=(m±n)^2.

      (m,n)  невырожденные (u,v) с H2,H6 квадратами, |u|,v<=400
    (13, 8)  [(-27, 11), (27, 11), (-11, 27), (11, 27)]
    (15, 8)  [(-289, 41), (289, 41), (-41, 289), (41, 289)]
   (19, 16)  не найдено в этом ящике (НЕ доказательство отсутствия)
    (16, 5)  не найдено в этом ящике (НЕ доказательство отсутствия)
     (3, 2)  не найдено в этом ящике (НЕ доказательство отсутствия)
     (5, 2)  не найдено в этом ящике (НЕ доказательство отсутствия)
     (7, 4)  не найдено в этом ящике (НЕ доказательство отсутствия)
     (9, 4)  не найдено в этом ящике (НЕ доказательство отсутствия)
     (3, 1)  не найдено в этом ящике (НЕ доказательство отсутствия)
     (5, 1)  не найдено в этом ящике (НЕ доказательство отсутствия)
     (5, 3)  не найдено в этом ящике (НЕ доказательство отсутствия)
     (7, 1)  не найдено в этом ящике (НЕ доказательство отсутствия)
    (15, 1)  [(-41, 11), (41, 11), (-11, 41), (11, 41)]
    (19, 5)  не найдено в этом ящике (НЕ доказательство отсутствия)

==============================================================================
G. ПОЛНАЯ 2-АДИЧЕСКАЯ КЛАССИФИКАЦИЯ: добавляют ли красные клетки хоть что-то при p=2?
==============================================================================
  Процедура: BFS дробит P^1(Z_2) до классов, где ВСЕ ПЯТЬ форм решены точно.
  Классы, где c0,c4,c8 — квадраты (2-адическая часть кривой C), собираются;
  на каждом смотрим вердикт для c2 и c6. Если всюду «квадрат» — красные клетки
  при p=2 не дают НИЧЕГО нового. Это доказательство (конечный полный разбор).

      (m,n)  классов на 2-адич. C  красные тоже квадраты?  исключения
    (13, 8)                  128             ДА (всегда)  —
    (15, 8)                  128             ДА (всегда)  —
   (19, 16)                  128             ДА (всегда)  —
    (16, 5)                  128             ДА (всегда)  —
     (7, 4)                  128             ДА (всегда)  —
     (9, 4)                  128             ДА (всегда)  —
     (5, 4)                  128             ДА (всегда)  —
    (11, 8)                  128             ДА (всегда)  —
     (3, 4)                  128             ДА (всегда)  —
     (5, 3)                  256             ДА (всегда)  —
     (7, 1)                  256             ДА (всегда)  —
    (15, 1)                  256             ДА (всегда)  —
    (19, 5)                  256             ДА (всегда)  —
     (9, 1)                  256             ДА (всегда)  —
    (11, 3)                  256             ДА (всегда)  —
     (3, 2)                    0         C пуста над Q_2  —
     (5, 2)                    0         C пуста над Q_2  —
     (3, 1)                    0         C пуста над Q_2  —
     (5, 1)                    0         C пуста над Q_2  —
     (9, 5)                    0         C пуста над Q_2  —

  То же для ВСЕХ взаимно простых m,n <= 30 (сводка):
   пар, где C пуста над Q_2: 286;  пар, где красные автоматически квадраты в Q_2: 269;  пар с исключением: 0

==============================================================================
H. ЯВНЫЕ РАЦИОНАЛЬНЫЕ ТОЧКИ, ГДЕ ОБЕ КРАСНЫЕ КЛЕТКИ — ТОЧНЫЕ КВАДРАТЫ (чётный параметр!)
==============================================================================
  (m,n)=(13,8), t=27/11:
     9 клеток (×11^2): 67105, 192721, 37249, 69169, 99025, 128881, 160801, 5329, 130945
     квадраты:           нет, ДА , ДА , ДА , нет, ДА , ДА , ДА , нет
     красные c2,c6 = 37249 = 193^2, 160801 = 401^2
  (m,n)=(13,8), t=11/27:
     9 клеток (×27^2): 130945, 128881, 37249, 5329, 99025, 192721, 160801, 69169, 67105
     квадраты:           нет, ДА , ДА , ДА , нет, ДА , ДА , ДА , нет
     красные c2,c6 = 37249 = 193^2, 160801 = 401^2
  (m,n)=(15,8), t=289/41:
     9 клеток (×41^2): 5723569, 21743569, 9467929, 16056049, 12311689, 8567329, 15155449, 2879809, 18899809
     квадраты:           нет, ДА , ДА , ДА , нет, ДА , ДА , ДА , нет
     красные c2,c6 = 9467929 = 3077^2, 15155449 = 3893^2
  (m,n)=(15,1), t=41/11:
     9 клеток (×11^2): 28906, 391876, 190096, 364816, 203626, 42436, 217156, 15376, 378346
     квадраты:           нет, ДА , ДА , ДА , нет, ДА , ДА , ДА , нет
     красные c2,c6 = 190096 = 436^2, 217156 = 466^2

==============================================================================
I. КРИВАЯ «ОБЕ КРАСНЫЕ КЛЕТКИ — КВАДРАТЫ»: род 1, ранг, бесконечность решений
==============================================================================
  c2 = s t^2 - 2mn t + s = □  — коника с рациональной точкой t=1 (c2=(m-n)^2);
  параметризуем её и подставляем в c6 = s t^2 + 2mn t + s = □ => квартика (род 1
  с рациональной точкой) => эллиптическая кривая. rank > 0 == решений бесконечно много.
  контроль параметризации (13,8): c2 всегда квадрат и quart = c6*D^2 — True
  контроль параметризации (15,8): c2 всегда квадрат и quart = c6*D^2 — True
  контроль параметризации (16,5): c2 всегда квадрат и quart = c6*D^2 — True
  контроль параметризации (7,1): c2 всегда квадрат и quart = c6*D^2 — True

      (m,n)     rank  кручение  quart((m-n)/2)=кв.?   E (min. model)
    (13, 8)  [1,1]           8              True   (0, 1, 0, -12567233120, 542236912490100)
    (15, 8)  [2,2]           8              True   (0, -1, 0, -25881617280, 1602244287820800)
   (19, 16)  [0,0]           8              True   (0, 1, 0, -750584615520, 250292112059114100)
    (16, 5)  [1,1]           8              True   (0, 1, 0, -11729940640, 478943209990388)
     (7, 4)  [0,0]           8              True   (0, 1, 0, -71059840, 230512625588)
     (9, 4)  [1,1]           8              True   (0, -1, 0, -266090240, 1668003270912)
     (3, 2)  [0,0]           8              True   (0, -1, 0, -130000, 18084352)
     (5, 2)  [0,0]           8              True   (0, 1, 0, -1858960, 971066708)
     (7, 2)  [1,1]           8              True   (0, 1, 0, -13112240, 17660298900)
    (11, 2)  [1,1]           8              True   (0, 1, 0, -223796240, 1015356117588)
     (7, 1)  [0,0]          16              True   (1, 0, 0, -1070, 7812)
    (15, 1)  [1,1]           8              True   (1, 1, 1, -264740, -15482203)
    (19, 5)  [0,0]           8              True   (1, 0, 0, -8040820, 8335040912)
     (5, 3)  [0,0]           8              True   (1, 1, 1, -1360, 18737)
     (3, 1)  [0,0]           8              True   (1, 1, 1, -5, 2)
     (5, 1)  [0,0]           8              True   (1, 0, 0, -115, 392)

  Прямой поиск k ∈ Q малой высоты с quart(k) = □  (=> ОБЕ красные клетки квадраты):
    (13, 8)  невырожденные t: ['-11/27', '-27/11', '27/11']
    (15, 8)  невырожденные t: ['-41/289', '-289/41', '41/289']
   (19, 16)  невырожденные t: нет в этом ящике (НЕ доказательство отсутствия)
    (16, 5)  невырожденные t: ['-7077/14773', '-14773/7077']
     (7, 4)  невырожденные t: нет в этом ящике (НЕ доказательство отсутствия)
     (9, 4)  невырожденные t: нет в этом ящике (НЕ доказательство отсутствия)
     (3, 2)  невырожденные t: нет в этом ящике (НЕ доказательство отсутствия)
     (5, 2)  невырожденные t: нет в этом ящике (НЕ доказательство отсутствия)
     (7, 2)  невырожденные t: ['-7/95', '-95/7', '95/7']
    (11, 2)  невырожденные t: ['31/25', '25/31', '-31/25']
     (7, 1)  невырожденные t: нет в этом ящике (НЕ доказательство отсутствия)
    (15, 1)  невырожденные t: ['-41/11', '-11/41', '41/11']
    (19, 5)  невырожденные t: нет в этом ящике (НЕ доказательство отсутствия)
     (5, 3)  невырожденные t: нет в этом ящике (НЕ доказательство отсутствия)

==============================================================================
J. ПАРЫ С rank = 0: ПОЛНОЕ ПЕРЕЧИСЛЕНИЕ t, ГДЕ ОБЕ КРАСНЫЕ КЛЕТКИ — КВАДРАТЫ
==============================================================================
  Квартика Q: y^2 = quart(k) имеет рациональную точку => Q ≅ Jac(Q) = E над Q,
  значит #Q(Q) = #E(Q). При rank E = 0 это ровно #E(Q)_tors точек — конечное число.
  Старший коэффициент quart = (m+n)^2 — квадрат, значит 2 точки на бесконечности (они дают t=1).
  Ищем все аффинные k; если найдено ровно #E(Q)_tors - 2 аффинных точек, перечисление ПОЛНОЕ.
  (19,16): #E(Q)=tors=8; аффинных точек найдено 6 (+2 на беск.) => ПЕРЕЧИСЛЕНИЕ ПОЛНОЕ; контроль #Q(F_p)=#E(F_p): True (7 простых)
          все рациональные t с c2=□ и c6=□ : ['-1', '1']   (вырожденные: t ∈ {0,±1,∞})
  (7,4): #E(Q)=tors=8; аффинных точек найдено 6 (+2 на беск.) => ПЕРЕЧИСЛЕНИЕ ПОЛНОЕ; контроль #Q(F_p)=#E(F_p): True (6 простых)
          все рациональные t с c2=□ и c6=□ : ['-1', '1']   (вырожденные: t ∈ {0,±1,∞})
  (3,2): #E(Q)=tors=8; аффинных точек найдено 6 (+2 на беск.) => ПЕРЕЧИСЛЕНИЕ ПОЛНОЕ; контроль #Q(F_p)=#E(F_p): True (7 простых)
          все рациональные t с c2=□ и c6=□ : ['-1', '1']   (вырожденные: t ∈ {0,±1,∞})
  (5,2): #E(Q)=tors=8; аффинных точек найдено 6 (+2 на беск.) => ПЕРЕЧИСЛЕНИЕ ПОЛНОЕ; контроль #Q(F_p)=#E(F_p): True (7 простых)
          все рациональные t с c2=□ и c6=□ : ['-1', '1']   (вырожденные: t ∈ {0,±1,∞})
  (19,5): #E(Q)=tors=8; аффинных точек найдено 6 (+2 на беск.) => ПЕРЕЧИСЛЕНИЕ ПОЛНОЕ; контроль #Q(F_p)=#E(F_p): True (7 простых)
          все рациональные t с c2=□ и c6=□ : ['-1', '1']   (вырожденные: t ∈ {0,±1,∞})
  (5,3): #E(Q)=tors=8; аффинных точек найдено 6 (+2 на беск.) => ПЕРЕЧИСЛЕНИЕ ПОЛНОЕ; контроль #Q(F_p)=#E(F_p): True (7 простых)
          все рациональные t с c2=□ и c6=□ : ['-1', '1']   (вырожденные: t ∈ {0,±1,∞})
  (7,1): #E(Q)=tors=16; аффинных точек найдено 14 (+2 на беск.) => ПЕРЕЧИСЛЕНИЕ ПОЛНОЕ; контроль #Q(F_p)=#E(F_p): True (8 простых)
          все рациональные t с c2=□ и c6=□ : ['-1', '0', '1'], t=∞   (вырожденные: t ∈ {0,±1,∞})
  (3,1): #E(Q)=tors=8; аффинных точек найдено 6 (+2 на беск.) => ПЕРЕЧИСЛЕНИЕ ПОЛНОЕ; контроль #Q(F_p)=#E(F_p): True (8 простых)
          все рациональные t с c2=□ и c6=□ : ['-1', '1']   (вырожденные: t ∈ {0,±1,∞})
  (5,1): #E(Q)=tors=8; аффинных точек найдено 6 (+2 на беск.) => ПЕРЕЧИСЛЕНИЕ ПОЛНОЕ; контроль #Q(F_p)=#E(F_p): True (7 простых)
          все рациональные t с c2=□ и c6=□ : ['-1', '1']   (вырожденные: t ∈ {0,±1,∞})

==============================================================================
K. ВСЕ ВЗАИМНО ПРОСТЫЕ ПАРЫ m > n, m <= 20: ранг кривой «обе красные клетки квадраты»
==============================================================================
  rank = 0  =>  рациональных t с c2=□ и c6=□ только конечное число; ниже проверяется,
  что все они вырожденные (t ∈ {0,±1,∞}) => в этом G1-семействе НЕТ квадрата из ДЕВЯТИ квадратов.
  ВНИМАНИЕ: к задаче о СЕМИ квадратах (кривая C рода 5) это отношения не имеет.
  пар всего: 127
  rank = 0 (конечно решений)  : 60  -> [(2, 1), (3, 1), (3, 2), (4, 3), (5, 1), (5, 2), (5, 3), (7, 1), (7, 4), (7, 5), (8, 1), (8, 5), (9, 1), (9, 2), (9, 5), (9, 7), (10, 1), (10, 3), (10, 7), (11, 1), (11, 7), (11, 8), (12, 1), (12, 5), (13, 1), (13, 5), (13, 9), (13, 11), (14, 1), (14, 3), (14, 13), (15, 2), (15, 4), (15, 11), (16, 1), (16, 3), (16, 7), (16, 11), (17, 1), (17, 4), (17, 5), (17, 7), (17, 8), (17, 12), (17, 13), (18, 1), (18, 5), (18, 11), (18, 17), (19, 1), (19, 5), (19, 8), (19, 10), (19, 13), (19, 15), (19, 16), (20, 3), (20, 7), (20, 11), (20, 19)]
  rank >= 1 (бесконечно много): 67  -> [(4, 1), (5, 4), (6, 1), (6, 5), (7, 2), (7, 3), (7, 6), (8, 3), (8, 7), (9, 4), (9, 8), (10, 9), (11, 2), (11, 3), (11, 4), (11, 5), (11, 6), (11, 9), (11, 10), (12, 7), (12, 11), (13, 2), (13, 3), (13, 4), (13, 6), (13, 7), (13, 8), (13, 10), (13, 12), (14, 5), (14, 9), (14, 11), (15, 1), (15, 7), (15, 8), (15, 13), (15, 14), (16, 5), (16, 9), (16, 13), (16, 15), (17, 2), (17, 3), (17, 6), (17, 9), (17, 10), (17, 11), (17, 14), (17, 15), (17, 16), (18, 7), (18, 13), (19, 2), (19, 3), (19, 4), (19, 6), (19, 7), (19, 9), (19, 11), (19, 12), (19, 14), (19, 17), (19, 18), (20, 1), (20, 9), (20, 13), (20, 17)]
  ранг не определён           : 0  -> []

  Разбивка rank=0 по чётности:
    ровно один из m,n чётен: 37 -> [(2, 1), (3, 2), (4, 3), (5, 2), (7, 4), (8, 1), (8, 5), (9, 2), (10, 1), (10, 3), (10, 7), (11, 8), (12, 1), (12, 5), (14, 1), (14, 3), (14, 13), (15, 2), (15, 4), (16, 1), (16, 3), (16, 7), (16, 11), (17, 4), (17, 8), (17, 12), (18, 1), (18, 5), (18, 11), (18, 17), (19, 8), (19, 10), (19, 16), (20, 3), (20, 7), (20, 11), (20, 19)]
    оба нечётны            : 23 -> [(3, 1), (5, 1), (5, 3), (7, 1), (7, 5), (9, 1), (9, 5), (9, 7), (11, 1), (11, 7), (13, 1), (13, 5), (13, 9), (13, 11), (15, 11), (17, 1), (17, 5), (17, 7), (17, 13), (19, 1), (19, 5), (19, 13), (19, 15)]
  Разбивка rank>=1 по чётности:
    ровно один из m,n чётен: 49 -> [(4, 1), (5, 4), (6, 1), (6, 5), (7, 2), (7, 6), (8, 3), (8, 7), (9, 4), (9, 8), (10, 9), (11, 2), (11, 4), (11, 6), (11, 10), (12, 7), (12, 11), (13, 2), (13, 4), (13, 6), (13, 8), (13, 10), (13, 12), (14, 5), (14, 9), (14, 11), (15, 8), (15, 14), (16, 5), (16, 9), (16, 13), (16, 15), (17, 2), (17, 6), (17, 10), (17, 14), (17, 16), (18, 7), (18, 13), (19, 2), (19, 4), (19, 6), (19, 12), (19, 14), (19, 18), (20, 1), (20, 9), (20, 13), (20, 17)]
    оба нечётны            : 18 -> [(7, 3), (11, 3), (11, 5), (11, 9), (13, 3), (13, 7), (15, 1), (15, 7), (15, 13), (17, 3), (17, 9), (17, 11), (17, 15), (19, 3), (19, 7), (19, 9), (19, 11), (19, 17)]
  => если бы «чётность» давала запрет, в строке rank>=1 не было бы ни одной чётной пары.

==============================================================================
L. РЕКОНСТРУКЦИЯ СЕМЕЙСТВА ВЕСОЛОВСКОГО И ЕГО «ЧЁТНОГО n»
==============================================================================
  Условие магичности квадрата Весоловского (шесть клеток (xy∓z)^2,(xz±y)^2,(x+yz)^2,(yz-x)^2):
     c2 = (xy-z)^2 и c6 = (xy+z)^2  <=>  (x^2+y^2)(1+z^2) = 2(x^2 y^2 + z^2)
     <=>  z^2 = (2x^2y^2 - x^2 - y^2)/(x^2 + y^2 - 2).
  Тогда НЕквадратными остаются ровно центр c4 и две свободные клетки c0, c8 —
  то есть в точности наша кривая C рода 5 (задача о СЕМИ квадратах).
  Прямой поиск решений даёт цепочку x(n+1) = 4x(n) - x(n-1), y(n) = x(n-1), z — та же рекуррента.

    n              (x,y)          z S_HDR   вердикт C над Q_2   (проверка условия)
    1            (11, 3)          4                     1     ТОЧКИ ЕСТЬ   [нечётное n]  условие Весоловского: True
    2           (41, 11)         15                     5   C(Q_2) = ПУСТО   [ЧЁТНОЕ n]  условие Весоловского: True
    3          (153, 41)         56                     1     ТОЧКИ ЕСТЬ   [нечётное n]  условие Весоловского: True
    4         (571, 153)        209                     5   C(Q_2) = ПУСТО   [ЧЁТНОЕ n]  условие Весоловского: True
    5        (2131, 571)        780                     1     ТОЧКИ ЕСТЬ   [нечётное n]  условие Весоловского: True
    6       (7953, 2131)       2911                     5   C(Q_2) = ПУСТО   [ЧЁТНОЕ n]  условие Весоловского: True
    7      (29681, 7953)      10864                     1     ТОЧКИ ЕСТЬ   [нечётное n]  условие Весоловского: True
    8    (110771, 29681)      40545                     5   C(Q_2) = ПУСТО   [ЧЁТНОЕ n]  условие Весоловского: True
    9   (413403, 110771)     151316                     1     ТОЧКИ ЕСТЬ   [нечётное n]  условие Весоловского: True

  ВЫВОД: в цепочке Весоловского ЧЁТНЫЕ индексы n — ровно те, где s ≡ 5 (mod 8),
  и тогда центр c4 = s(1+t^2) не может быть квадратом ни при каком t ∈ P^1(Q_2).
  Это и есть утверждение Бойера «при чётном n красные клетки не квадраты»:
  n — ИНДЕКС рекурренты, красные клетки — c0,c4,c8 (центр и две свободные), а не c2,c6.

==============================================================================
F. КОНТРОЛЬНЫЕ ЧИСЛЕННЫЕ ФАКТЫ ДЛЯ ОТЧЁТА
==============================================================================
  (m,n)=(13,8): при t=1  c0=c4=c8=233  (mod 8 = 1),  c2=(m-n)^2=25, c6=(m+n)^2=441
  (m,n)=(15,8): при t=1  c0=c4=c8=289  (mod 8 = 1),  c2=(m-n)^2=49, c6=(m+n)^2=529
  (m,n)=(19,16): при t=1  c0=c4=c8=617  (mod 8 = 1),  c2=(m-n)^2=9, c6=(m+n)^2=1225
  (m,n)=(16,5): при t=1  c0=c4=c8=281  (mod 8 = 1),  c2=(m-n)^2=121, c6=(m+n)^2=441
  m^2+n^2 ≡ 1 (mod 8) при m нечётном, n ≡ 0 (mod 4)  =>  m^2+n^2 — квадрат в Q_2
  m^2+n^2 ≡ 5 (mod 8) при m нечётном, n ≡ 2 (mod 4)  =>  НЕ квадрат в Q_2
  m^2+n^2 ≡ 2 (mod 8) при m,n нечётных              =>  v_2 = 1, НЕ квадрат в Q_2

Готово.
