сечений: 80; клетки (0,4,8); ищем факторы ранга 0
  (7,1,5): (0, 1):1..1 (0, 2):0..0 (1, 2):1..1  → ЗАКРЫТО (ранг 0): точек 3, три квадрата у 1, невырожденных 0
  (17,7,13): (0, 1):1..1 (0, 2):0..0 (1, 2):1..1  → ЗАКРЫТО (ранг 0): точек 3, три квадрата у 1, невырожденных 0
  (23,7,17): (0, 1):1..1 (0, 2):2..2 (1, 2):1..1
  (31,17,25): (0, 1):2..2 (0, 2):1..1 (1, 2):2..2
  (41,1,29): (0, 1):2..2 (0, 2):1..1 (1, 2):2..2
  (47,23,37): (0, 1):1..1 (0, 2):0..0 (1, 2):1..1  → ЗАКРЫТО (ранг 0): точек 3, три квадрата у 1, невырожденных 0
  (49,31,41): (0, 1):1..1 (0, 2):0..0 (1, 2):1..1  → ЗАКРЫТО (ранг 0): точек 3, три квадрата у 1, невырожденных 0
  (73,17,53): (0, 1):1..1 (0, 2):0..0 (1, 2):1..1  → ЗАКРЫТО (ранг 0): точек 3, три квадрата у 1, невырожденных 0
  (71,49,61): (0, 1):1..1 (0, 2):0..0 (1, 2):1..1  → ЗАКРЫТО (ранг 0): точек 3, три квадрата у 1, невырожденных 0
  (89,23,65): (0, 1):2..2 (0, 2):0..0 (1, 2):2..2  → ЗАКРЫТО (ранг 0): точек 3, три квадрата у 1, невырожденных 0
  (79,47,65): (0, 1):2..2 (0, 2):0..0 (1, 2):2..2  → ЗАКРЫТО (ранг 0): точек 3, три квадрата у 1, невырожденных 0
  (103,7,73): (0, 1):1..1 (0, 2):0..0 (1, 2):1..1  → ЗАКРЫТО (ранг 0): точек 3, три квадрата у 1, невырожденных 0
  (113,41,85): (0, 1):2..2 (0, 2):0..0 (1, 2):2..2  → ЗАКРЫТО (ранг 0): точек 3, три квадрата у 1, невырожденных 0
  (97,71,85): (0, 1):1..1 (0, 2):1..1 (1, 2):1..1
  (119,41,89): (0, 1):1..1 (0, 2):0..0 (1, 2):1..1  → ЗАКРЫТО (ранг 0): точек 3, три квадрата у 1, невырожденных 0
  (137,7,97): (0, 1):2..2 (0, 2):1..1 (1, 2):2..2
  (119,79,101): (0, 1):2..2 (0, 2):1..1 (1, 2):2..2
  (151,31,109): (0, 1):2..2 (0, 2):1..1 (1, 2):2..2
  (127,97,113): (0, 1):1..1 (0, 2):0..2 (1, 2):1..1
  (161,73,125): (0, 1):2..2 (0, 2):1..1 (1, 2):2..2
  (193,17,137): (0, 1):1..1 (0, 2):0..0 (1, 2):1..1  → ЗАКРЫТО (ранг 0): точек 3, три квадрата у 1, невырожденных 0
  (167,119,145): (0, 1):2..2 (0, 2):2..2 (1, 2):2..2
  (161,127,145): (0, 1):2..2 (0, 2):0..0 (1, 2):2..2  → ЗАКРЫТО (ранг 0): точек 3, три квадрата у 1, невырожденных 0
  (191,89,149): (0, 1):2..2 (0, 2):1..1 (1, 2):2..2
  (217,47,157): (0, 1):1..1 (0, 2):0..0 (1, 2):1..1  → ЗАКРЫТО (ранг 0): точек 3, три квадрата у 1, невырожденных 0
  (239,1,169): (0, 1):1..1 (0, 2):0..0 (1, 2):1..1  → ЗАКРЫТО (ранг 0): точек 3, три квадрата у 1, невырожденных 0
  (217,113,173): (0, 1):1..1 (0, 2):0..0 (1, 2):1..1  → ЗАКРЫТО (ранг 0): точек 3, три квадрата у 1, невырожденных 0
  (199,161,181): (0, 1):2..2 (0, 2):1..1 (1, 2):2..2
  (257,49,185): (0, 1):2..2 (0, 2):0..0 (1, 2):2..2  → ЗАКРЫТО (ранг 0): точек 3, три квадрата у 1, невырожденных 0
  (233,119,185): (0, 1):1..1 (0, 2):1..1 (1, 2):1..1
  (263,73,193): (0, 1):1..1 (0, 2):2..2 (1, 2):1..1
  (223,167,197): (0, 1):2..2 (0, 2):1..1 (1, 2):2..2
  (289,23,205): (0, 1):3..3 (0, 2):1..1 (1, 2):3..3
  (271,103,205): (0, 1):1..1 (0, 2):1..1 (1, 2):1..1
  (311,31,221): (0, 1):1..1 (0, 2):1..1 (1, 2):1..1
  (241,199,221): (0, 1):1..1 (0, 2):1..1 (1, 2):1..1
  (281,161,229): (0, 1):2..2 (0, 2):1..1 (1, 2):2..2
  (313,103,233): (0, 1):2..2 (0, 2):1..1 (1, 2):2..2
  (329,89,241): (0, 1):2..2 (0, 2):1..1 (1, 2):2..2
  (287,223,257): (0, 1):1..1 (0, 2):2..2 (1, 2):1..1
  (343,151,265): (0, 1):1..1 (0, 2):1..1 (1, 2):1..1
  (287,241,265): (0, 1):1..1 (0, 2):1..1 (1, 2):1..1
  (329,191,269): (0, 1):3..3 (0, 2):0..2 (1, 2):3..3
  (367,137,277): (0, 1):1..1 (0, 2):0..0 (1, 2):1..1  → ЗАКРЫТО (ранг 0): точек 3, три квадрата у 1, невырожденных 0
  (391,71,281): (0, 1):2..2 (0, 2):1..1 (1, 2):2..2
  (401,79,289): (0, 1):1..1 (0, 2):0..2 (1, 2):1..1
  (353,217,293): (0, 1):1..1 (0, 2):0..0 (1, 2):1..1  → ЗАКРЫТО (ранг 0): точек 3, три квадрата у 1, невырожденных 0
  (431,17,305): (0, 1):2..2 (0, 2):0..0 (1, 2):2..2  → ЗАКРЫТО (ранг 0): точек 3, три квадрата у 1, невырожденных 0
  (409,137,305): (0, 1):2..2 (0, 2):2..2 (1, 2):2..2
  (337,287,313): (0, 1):1..1 (0, 2):0..0 (1, 2):1..1  → ЗАКРЫТО (ранг 0): точек 3, три квадрата у 1, невырожденных 0
  (383,233,317): (0, 1):1..1 (0, 2):0..0 (1, 2):1..1  → ЗАКРЫТО (ранг 0): точек 3, три квадрата у 1, невырожденных 0
  (457,49,325): (0, 1):1..1 (0, 2):1..1 (1, 2):1..1
  (359,287,325): (0, 1):2..2 (0, 2):0..0 (1, 2):2..2  → ЗАКРЫТО (ранг 0): точек 3, три квадрата у 1, невырожденных 0
  (463,113,337): (0, 1):1..1 (0, 2):0..2 (1, 2):1..1
  (479,119,349): (0, 1):1..1 (0, 2):0..0 (1, 2):1..1  → ЗАКРЫТО (ранг 0): точек 3, три квадрата у 1, невырожденных 0
  (497,47,353): (0, 1):1..1 (0, 2):0..2 (1, 2):1..1
  (433,281,365): (0, 1):1..1 (0, 2):1..1 (1, 2):1..1
  (391,337,365): (0, 1):0..2 (0, 2):0..0 (1, 2):0..2  → ЗАКРЫТО (ранг 0): точек 3, три квадрата у 1, невырожденных 0
  (527,23,373): (0, 1):2..2 (0, 2):1..1 (1, 2):2..2
  (497,193,377): (0, 1):2..2 (0, 2):0..0 (1, 2):2..2  → ЗАКРЫТО (ранг 0): точек 3, три квадрата у 1, невырожденных 0
  (487,217,377): (0, 1):2..2 (0, 2):0..2 (1, 2):2..2
  (529,151,389): (0, 1):2..2 (0, 2):1..1 (1, 2):2..2
  (553,97,397): (0, 1):3..3 (0, 2):0..0 (1, 2):3..3  → ЗАКРЫТО (ранг 0): точек 3, три квадрата у 1, невырожденных 0
  (439,359,401): (0, 1):1..1 (0, 2):0..2 (1, 2):1..1
  (511,271,409): (0, 1):3..3 (0, 2):0..0 (1, 2):3..3  → ЗАКРЫТО (ранг 0): точек 3, три квадрата у 1, невырожденных 0
  (449,391,421): (0, 1):1..1 (0, 2):0..0 (1, 2):1..1  → ЗАКРЫТО (ранг 0): точек 3, три квадрата у 1, невырожденных 0
  (601,7,425): (0, 1):2..2 (0, 2):0..0 (1, 2):2..2  → ЗАКРЫТО (ранг 0): точек 3, три квадрата у 1, невырожденных 0
  (503,329,425): (0, 1):1..1 (0, 2):1..1 (1, 2):1..1
  (553,263,433): (0, 1):2..2 (0, 2):1..3 (1, 2):2..2
  (599,193,445): (0, 1):1..1 (0, 2):1..1 (1, 2):1..1
  (521,353,445): (0, 1):2..2 (0, 2):0..0 (1, 2):2..2  → ЗАКРЫТО (ранг 0): точек 3, три квадрата у 1, невырожденных 0
  (631,71,449): (0, 1):2..2 (0, 2):1..1 (1, 2):2..2
  (593,257,457): (0, 1):2..2 (0, 2):1..1 (1, 2):2..2
  (641,119,461): (0, 1):1..1 (0, 2):0..0 (1, 2):1..1  → ЗАКРЫТО (ранг 0): точек 3, три квадрата у 1, невырожденных 0
  (679,41,481): (0, 1):1..1 (0, 2):1..1 (1, 2):1..1
  (511,449,481): (0, 1):0..2 (0, 2):0..0 (1, 2):0..2  → ЗАКРЫТО (ранг 0): точек 3, три квадрата у 1, невырожденных 0
  (569,383,485): (0, 1):1..1 (0, 2):1..1 (1, 2):1..1
  (527,439,485): (0, 1):1..1 (0, 2):1..1 (1, 2):1..1
  (623,313,493): (0, 1):1..1 (0, 2):1..1 (1, 2):1..1
  (607,343,493): (0, 1):1..1 (0, 2):1..1 (1, 2):1..1

закрыто безусловно: 33, осталось открытыми: 47
невырожденные попадания (7 квадратов): нет
EXIT 0
