p=2: решений линий 64, образ S,U 64, совпадают: True
p=2 m=0 k=1: {'target': 0, 'fail': 0, 'CE': 0, 'undet': 4, 'target_touching_fail_BUG': 0}  [0.0s]
p=2 m=0 k=2: {'target': 0, 'fail': 15, 'CE': 0, 'undet': 1, 'target_touching_fail_BUG': 0}  [0.0s]
p=2 m=0 k=3: {'target': 1, 'fail': 63, 'CE': 0, 'undet': 0, 'target_touching_fail_BUG': 0}  [0.0s]
p=2 m=0 k=4: {'target': 4, 'fail': 252, 'CE': 0, 'undet': 0, 'target_touching_fail_BUG': 0}  [0.0s]
p=2 m=0 k=5: {'target': 16, 'fail': 1008, 'CE': 0, 'undet': 0, 'target_touching_fail_BUG': 0}  [0.1s]
p=2 m=0 k=6: {'target': 64, 'fail': 4032, 'CE': 0, 'undet': 0, 'target_touching_fail_BUG': 0}  [0.1s]
p=2 m=0 k=7: {'target': 256, 'fail': 16128, 'CE': 0, 'undet': 0, 'target_touching_fail_BUG': 0}  [0.3s]
p=2 m=0 k=8: {'target': 1024, 'fail': 64512, 'CE': 0, 'undet': 0, 'target_touching_fail_BUG': 0}  [0.6s]
  дерево p=2 m=0: {'target': 0, 'fail': 0, 'CE': 0, 'unresolved_at_KMAX': 0, 'nodes': 0, 'maxdepth': 8, 'start_undet': 0, 'unresolved_examples': []}  [0.6s]
p=2 m=1 k=1: {'target': 0, 'fail': 2, 'CE': 0, 'undet': 1, 'target_touching_fail_BUG': 0}  [0.6s]
p=2 m=1 k=2: {'target': 0, 'fail': 12, 'CE': 0, 'undet': 0, 'target_touching_fail_BUG': 0}  [0.6s]
p=2 m=1 k=3: {'target': 0, 'fail': 48, 'CE': 0, 'undet': 0, 'target_touching_fail_BUG': 0}  [0.6s]
p=2 m=1 k=4: {'target': 0, 'fail': 192, 'CE': 0, 'undet': 0, 'target_touching_fail_BUG': 0}  [0.6s]
p=2 m=1 k=5: {'target': 0, 'fail': 768, 'CE': 0, 'undet': 0, 'target_touching_fail_BUG': 0}  [0.6s]
p=2 m=1 k=6: {'target': 0, 'fail': 3072, 'CE': 0, 'undet': 0, 'target_touching_fail_BUG': 0}  [0.7s]
p=2 m=1 k=7: {'target': 0, 'fail': 12288, 'CE': 0, 'undet': 0, 'target_touching_fail_BUG': 0}  [0.8s]
p=2 m=1 k=8: {'target': 0, 'fail': 49152, 'CE': 0, 'undet': 0, 'target_touching_fail_BUG': 0}  [1.1s]
  дерево p=2 m=1: {'target': 0, 'fail': 0, 'CE': 0, 'unresolved_at_KMAX': 0, 'nodes': 0, 'maxdepth': 8, 'start_undet': 0, 'unresolved_examples': []}  [1.1s]
p=2 m=2 k=1: {'target': 0, 'fail': 0, 'CE': 0, 'undet': 3, 'target_touching_fail_BUG': 0}  [1.1s]
p=2 m=2 k=2: {'target': 0, 'fail': 12, 'CE': 0, 'undet': 0, 'target_touching_fail_BUG': 0}  [1.1s]
p=2 m=2 k=3: {'target': 0, 'fail': 48, 'CE': 0, 'undet': 0, 'target_touching_fail_BUG': 0}  [1.2s]
p=2 m=2 k=4: {'target': 0, 'fail': 192, 'CE': 0, 'undet': 0, 'target_touching_fail_BUG': 0}  [1.2s]
p=2 m=2 k=5: {'target': 0, 'fail': 768, 'CE': 0, 'undet': 0, 'target_touching_fail_BUG': 0}  [1.2s]
p=2 m=2 k=6: {'target': 0, 'fail': 3072, 'CE': 0, 'undet': 0, 'target_touching_fail_BUG': 0}  [1.3s]
p=2 m=2 k=7: {'target': 0, 'fail': 12288, 'CE': 0, 'undet': 0, 'target_touching_fail_BUG': 0}  [1.4s]
p=2 m=2 k=8: {'target': 0, 'fail': 49152, 'CE': 0, 'undet': 0, 'target_touching_fail_BUG': 0}  [1.7s]
  дерево p=2 m=2: {'target': 0, 'fail': 0, 'CE': 0, 'unresolved_at_KMAX': 0, 'nodes': 0, 'maxdepth': 8, 'start_undet': 0, 'unresolved_examples': []}  [1.7s]
p=2 m=3 k=1: {'target': 0, 'fail': 2, 'CE': 0, 'undet': 1, 'target_touching_fail_BUG': 0}  [1.7s]
p=2 m=3 k=2: {'target': 0, 'fail': 12, 'CE': 0, 'undet': 0, 'target_touching_fail_BUG': 0}  [1.7s]
p=2 m=3 k=3: {'target': 0, 'fail': 48, 'CE': 0, 'undet': 0, 'target_touching_fail_BUG': 0}  [1.7s]
p=2 m=3 k=4: {'target': 0, 'fail': 192, 'CE': 0, 'undet': 0, 'target_touching_fail_BUG': 0}  [1.7s]
p=2 m=3 k=5: {'target': 0, 'fail': 768, 'CE': 0, 'undet': 0, 'target_touching_fail_BUG': 0}  [1.8s]
p=2 m=3 k=6: {'target': 0, 'fail': 3072, 'CE': 0, 'undet': 0, 'target_touching_fail_BUG': 0}  [1.8s]
p=2 m=3 k=7: {'target': 0, 'fail': 12288, 'CE': 0, 'undet': 0, 'target_touching_fail_BUG': 0}  [2.0s]
p=2 m=3 k=8: {'target': 0, 'fail': 49152, 'CE': 0, 'undet': 0, 'target_touching_fail_BUG': 0}  [2.3s]
  дерево p=2 m=3: {'target': 0, 'fail': 0, 'CE': 0, 'unresolved_at_KMAX': 0, 'nodes': 0, 'maxdepth': 8, 'start_undet': 0, 'unresolved_examples': []}  [2.3s]
p=2 m=4 k=1: {'target': 0, 'fail': 0, 'CE': 0, 'undet': 3, 'target_touching_fail_BUG': 0}  [2.3s]
p=2 m=4 k=2: {'target': 0, 'fail': 12, 'CE': 0, 'undet': 0, 'target_touching_fail_BUG': 0}  [2.3s]
p=2 m=4 k=3: {'target': 0, 'fail': 48, 'CE': 0, 'undet': 0, 'target_touching_fail_BUG': 0}  [2.3s]
p=2 m=4 k=4: {'target': 0, 'fail': 192, 'CE': 0, 'undet': 0, 'target_touching_fail_BUG': 0}  [2.3s]
p=2 m=4 k=5: {'target': 0, 'fail': 768, 'CE': 0, 'undet': 0, 'target_touching_fail_BUG': 0}  [2.3s]
p=2 m=4 k=6: {'target': 0, 'fail': 3072, 'CE': 0, 'undet': 0, 'target_touching_fail_BUG': 0}  [2.4s]
p=2 m=4 k=7: {'target': 0, 'fail': 12288, 'CE': 0, 'undet': 0, 'target_touching_fail_BUG': 0}  [2.5s]
p=2 m=4 k=8: {'target': 0, 'fail': 49152, 'CE': 0, 'undet': 0, 'target_touching_fail_BUG': 0}  [2.8s]
  дерево p=2 m=4: {'target': 0, 'fail': 0, 'CE': 0, 'unresolved_at_KMAX': 0, 'nodes': 0, 'maxdepth': 8, 'start_undet': 0, 'unresolved_examples': []}  [2.8s]
p=2 m=5 k=1: {'target': 0, 'fail': 2, 'CE': 0, 'undet': 1, 'target_touching_fail_BUG': 0}  [2.8s]
p=2 m=5 k=2: {'target': 0, 'fail': 12, 'CE': 0, 'undet': 0, 'target_touching_fail_BUG': 0}  [2.8s]
p=2 m=5 k=3: {'target': 0, 'fail': 48, 'CE': 0, 'undet': 0, 'target_touching_fail_BUG': 0}  [2.8s]
p=2 m=5 k=4: {'target': 0, 'fail': 192, 'CE': 0, 'undet': 0, 'target_touching_fail_BUG': 0}  [2.9s]
p=2 m=5 k=5: {'target': 0, 'fail': 768, 'CE': 0, 'undet': 0, 'target_touching_fail_BUG': 0}  [2.9s]
p=2 m=5 k=6: {'target': 0, 'fail': 3072, 'CE': 0, 'undet': 0, 'target_touching_fail_BUG': 0}  [2.9s]
p=2 m=5 k=7: {'target': 0, 'fail': 12288, 'CE': 0, 'undet': 0, 'target_touching_fail_BUG': 0}  [3.1s]
p=2 m=5 k=8: {'target': 0, 'fail': 49152, 'CE': 0, 'undet': 0, 'target_touching_fail_BUG': 0}  [3.4s]
  дерево p=2 m=5: {'target': 0, 'fail': 0, 'CE': 0, 'unresolved_at_KMAX': 0, 'nodes': 0, 'maxdepth': 8, 'start_undet': 0, 'unresolved_examples': []}  [3.4s]
p=2 m=6 k=1: {'target': 0, 'fail': 0, 'CE': 0, 'undet': 3, 'target_touching_fail_BUG': 0}  [3.4s]
p=2 m=6 k=2: {'target': 0, 'fail': 12, 'CE': 0, 'undet': 0, 'target_touching_fail_BUG': 0}  [3.4s]
p=2 m=6 k=3: {'target': 0, 'fail': 48, 'CE': 0, 'undet': 0, 'target_touching_fail_BUG': 0}  [3.4s]
p=2 m=6 k=4: {'target': 0, 'fail': 192, 'CE': 0, 'undet': 0, 'target_touching_fail_BUG': 0}  [3.4s]
p=2 m=6 k=5: {'target': 0, 'fail': 768, 'CE': 0, 'undet': 0, 'target_touching_fail_BUG': 0}  [3.4s]
p=2 m=6 k=6: {'target': 0, 'fail': 3072, 'CE': 0, 'undet': 0, 'target_touching_fail_BUG': 0}  [3.5s]
p=2 m=6 k=7: {'target': 0, 'fail': 12288, 'CE': 0, 'undet': 0, 'target_touching_fail_BUG': 0}  [3.6s]
p=2 m=6 k=8: {'target': 0, 'fail': 49152, 'CE': 0, 'undet': 0, 'target_touching_fail_BUG': 0}  [3.9s]
  дерево p=2 m=6: {'target': 0, 'fail': 0, 'CE': 0, 'unresolved_at_KMAX': 0, 'nodes': 0, 'maxdepth': 8, 'start_undet': 0, 'unresolved_examples': []}  [3.9s]
p=2 m=7 k=1: {'target': 0, 'fail': 2, 'CE': 0, 'undet': 1, 'target_touching_fail_BUG': 0}  [3.9s]
p=2 m=7 k=2: {'target': 0, 'fail': 12, 'CE': 0, 'undet': 0, 'target_touching_fail_BUG': 0}  [4.0s]
p=2 m=7 k=3: {'target': 0, 'fail': 48, 'CE': 0, 'undet': 0, 'target_touching_fail_BUG': 0}  [4.0s]
p=2 m=7 k=4: {'target': 0, 'fail': 192, 'CE': 0, 'undet': 0, 'target_touching_fail_BUG': 0}  [4.0s]
p=2 m=7 k=5: {'target': 0, 'fail': 768, 'CE': 0, 'undet': 0, 'target_touching_fail_BUG': 0}  [4.0s]
p=2 m=7 k=6: {'target': 0, 'fail': 3072, 'CE': 0, 'undet': 0, 'target_touching_fail_BUG': 0}  [4.1s]
p=2 m=7 k=7: {'target': 0, 'fail': 12288, 'CE': 0, 'undet': 0, 'target_touching_fail_BUG': 0}  [4.2s]
p=2 m=7 k=8: {'target': 0, 'fail': 49152, 'CE': 0, 'undet': 0, 'target_touching_fail_BUG': 0}  [4.5s]
  дерево p=2 m=7: {'target': 0, 'fail': 0, 'CE': 0, 'unresolved_at_KMAX': 0, 'nodes': 0, 'maxdepth': 8, 'start_undet': 0, 'unresolved_examples': []}  [4.5s]
p=2 m=8 k=1: {'target': 0, 'fail': 0, 'CE': 0, 'undet': 3, 'target_touching_fail_BUG': 0}  [4.5s]
p=2 m=8 k=2: {'target': 0, 'fail': 12, 'CE': 0, 'undet': 0, 'target_touching_fail_BUG': 0}  [4.5s]
p=2 m=8 k=3: {'target': 0, 'fail': 48, 'CE': 0, 'undet': 0, 'target_touching_fail_BUG': 0}  [4.5s]
p=2 m=8 k=4: {'target': 0, 'fail': 192, 'CE': 0, 'undet': 0, 'target_touching_fail_BUG': 0}  [4.5s]
p=2 m=8 k=5: {'target': 0, 'fail': 768, 'CE': 0, 'undet': 0, 'target_touching_fail_BUG': 0}  [4.6s]
p=2 m=8 k=6: {'target': 0, 'fail': 3072, 'CE': 0, 'undet': 0, 'target_touching_fail_BUG': 0}  [4.6s]
p=2 m=8 k=7: {'target': 0, 'fail': 12288, 'CE': 0, 'undet': 0, 'target_touching_fail_BUG': 0}  [4.8s]
p=2 m=8 k=8: {'target': 0, 'fail': 49152, 'CE': 0, 'undet': 0, 'target_touching_fail_BUG': 0}  [5.1s]
  дерево p=2 m=8: {'target': 0, 'fail': 0, 'CE': 0, 'unresolved_at_KMAX': 0, 'nodes': 0, 'maxdepth': 8, 'start_undet': 0, 'unresolved_examples': []}  [5.1s]
p=2 m=9 k=1: {'target': 0, 'fail': 2, 'CE': 0, 'undet': 1, 'target_touching_fail_BUG': 0}  [5.1s]
p=2 m=9 k=2: {'target': 0, 'fail': 12, 'CE': 0, 'undet': 0, 'target_touching_fail_BUG': 0}  [5.1s]
p=2 m=9 k=3: {'target': 0, 'fail': 48, 'CE': 0, 'undet': 0, 'target_touching_fail_BUG': 0}  [5.1s]
p=2 m=9 k=4: {'target': 0, 'fail': 192, 'CE': 0, 'undet': 0, 'target_touching_fail_BUG': 0}  [5.1s]
p=2 m=9 k=5: {'target': 0, 'fail': 768, 'CE': 0, 'undet': 0, 'target_touching_fail_BUG': 0}  [5.1s]
p=2 m=9 k=6: {'target': 0, 'fail': 3072, 'CE': 0, 'undet': 0, 'target_touching_fail_BUG': 0}  [5.2s]
p=2 m=9 k=7: {'target': 0, 'fail': 12288, 'CE': 0, 'undet': 0, 'target_touching_fail_BUG': 0}  [5.3s]
p=2 m=9 k=8: {'target': 0, 'fail': 49152, 'CE': 0, 'undet': 0, 'target_touching_fail_BUG': 0}  [5.6s]
  дерево p=2 m=9: {'target': 0, 'fail': 0, 'CE': 0, 'unresolved_at_KMAX': 0, 'nodes': 0, 'maxdepth': 8, 'start_undet': 0, 'unresolved_examples': []}  [5.6s]
p=2 m=10 k=1: {'target': 0, 'fail': 0, 'CE': 0, 'undet': 3, 'target_touching_fail_BUG': 0}  [5.6s]
p=2 m=10 k=2: {'target': 0, 'fail': 12, 'CE': 0, 'undet': 0, 'target_touching_fail_BUG': 0}  [5.6s]
p=2 m=10 k=3: {'target': 0, 'fail': 48, 'CE': 0, 'undet': 0, 'target_touching_fail_BUG': 0}  [5.7s]
p=2 m=10 k=4: {'target': 0, 'fail': 192, 'CE': 0, 'undet': 0, 'target_touching_fail_BUG': 0}  [5.7s]
p=2 m=10 k=5: {'target': 0, 'fail': 768, 'CE': 0, 'undet': 0, 'target_touching_fail_BUG': 0}  [5.7s]
p=2 m=10 k=6: {'target': 0, 'fail': 3072, 'CE': 0, 'undet': 0, 'target_touching_fail_BUG': 0}  [5.8s]
p=2 m=10 k=7: {'target': 0, 'fail': 12288, 'CE': 0, 'undet': 0, 'target_touching_fail_BUG': 0}  [5.9s]
p=2 m=10 k=8: {'target': 0, 'fail': 49152, 'CE': 0, 'undet': 0, 'target_touching_fail_BUG': 0}  [6.2s]
  дерево p=2 m=10: {'target': 0, 'fail': 0, 'CE': 0, 'unresolved_at_KMAX': 0, 'nodes': 0, 'maxdepth': 8, 'start_undet': 0, 'unresolved_examples': []}  [6.2s]
p=2 m=11 k=1: {'target': 0, 'fail': 2, 'CE': 0, 'undet': 1, 'target_touching_fail_BUG': 0}  [6.2s]
p=2 m=11 k=2: {'target': 0, 'fail': 12, 'CE': 0, 'undet': 0, 'target_touching_fail_BUG': 0}  [6.2s]
p=2 m=11 k=3: {'target': 0, 'fail': 48, 'CE': 0, 'undet': 0, 'target_touching_fail_BUG': 0}  [6.2s]
p=2 m=11 k=4: {'target': 0, 'fail': 192, 'CE': 0, 'undet': 0, 'target_touching_fail_BUG': 0}  [6.2s]
p=2 m=11 k=5: {'target': 0, 'fail': 768, 'CE': 0, 'undet': 0, 'target_touching_fail_BUG': 0}  [6.3s]
p=2 m=11 k=6: {'target': 0, 'fail': 3072, 'CE': 0, 'undet': 0, 'target_touching_fail_BUG': 0}  [6.3s]
p=2 m=11 k=7: {'target': 0, 'fail': 12288, 'CE': 0, 'undet': 0, 'target_touching_fail_BUG': 0}  [6.5s]
p=2 m=11 k=8: {'target': 0, 'fail': 49152, 'CE': 0, 'undet': 0, 'target_touching_fail_BUG': 0}  [6.8s]
  дерево p=2 m=11: {'target': 0, 'fail': 0, 'CE': 0, 'unresolved_at_KMAX': 0, 'nodes': 0, 'maxdepth': 8, 'start_undet': 0, 'unresolved_examples': []}  [6.8s]
p=2 m=12 k=1: {'target': 0, 'fail': 0, 'CE': 0, 'undet': 3, 'target_touching_fail_BUG': 0}  [6.8s]
p=2 m=12 k=2: {'target': 0, 'fail': 12, 'CE': 0, 'undet': 0, 'target_touching_fail_BUG': 0}  [6.8s]
p=2 m=12 k=3: {'target': 0, 'fail': 48, 'CE': 0, 'undet': 0, 'target_touching_fail_BUG': 0}  [6.8s]
p=2 m=12 k=4: {'target': 0, 'fail': 192, 'CE': 0, 'undet': 0, 'target_touching_fail_BUG': 0}  [6.8s]
p=2 m=12 k=5: {'target': 0, 'fail': 768, 'CE': 0, 'undet': 0, 'target_touching_fail_BUG': 0}  [6.8s]
p=2 m=12 k=6: {'target': 0, 'fail': 3072, 'CE': 0, 'undet': 0, 'target_touching_fail_BUG': 0}  [6.9s]
p=2 m=12 k=7: {'target': 0, 'fail': 12288, 'CE': 0, 'undet': 0, 'target_touching_fail_BUG': 0}  [7.0s]
p=2 m=12 k=8: {'target': 0, 'fail': 49152, 'CE': 0, 'undet': 0, 'target_touching_fail_BUG': 0}  [7.3s]
  дерево p=2 m=12: {'target': 0, 'fail': 0, 'CE': 0, 'unresolved_at_KMAX': 0, 'nodes': 0, 'maxdepth': 8, 'start_undet': 0, 'unresolved_examples': []}  [7.3s]
КОНТРПРИМЕРЫ: []  ОШИБКИ МАСОК: []
готово за 7.3s
exit 0
