p=3: решений линий 16, образ S,U 16, совпадают: True
  контроль полным перебором G^8 без отсечения: 16 решений, совпадает: True
p=3 m=0 k=1: {'target': 1, 'fail': 4, 'CE': 0, 'undet': 4, 'target_touching_fail_BUG': 0}  [0.0s]
p=3 m=0 k=2: {'target': 9, 'fail': 72, 'CE': 0, 'undet': 0, 'target_touching_fail_BUG': 0}  [0.0s]
p=3 m=0 k=3: {'target': 81, 'fail': 648, 'CE': 0, 'undet': 0, 'target_touching_fail_BUG': 0}  [0.0s]
p=3 m=0 k=4: {'target': 729, 'fail': 5832, 'CE': 0, 'undet': 0, 'target_touching_fail_BUG': 0}  [0.1s]
p=3 m=0 k=5: {'target': 6561, 'fail': 52488, 'CE': 0, 'undet': 0, 'target_touching_fail_BUG': 0}  [0.2s]
p=3 m=0 k=6: {'target': 59049, 'fail': 472392, 'CE': 0, 'undet': 0, 'target_touching_fail_BUG': 0}  [0.7s]
p=3 m=0 k=7: {'target': 531441, 'fail': 4251528, 'CE': 0, 'undet': 0, 'target_touching_fail_BUG': 0}  [3.8s]
p=3 m=0 k=8: {'target': 4782969, 'fail': 38263752, 'CE': 0, 'undet': 0, 'target_touching_fail_BUG': 0}  [28.2s]
  дерево p=3 m=0: {'target': 0, 'fail': 0, 'CE': 0, 'unresolved_at_KMAX': 0, 'nodes': 0, 'maxdepth': 8, 'start_undet': 0, 'unresolved_examples': []}  [28.2s]
p=3 m=1 k=1: {'target': 0, 'fail': 8, 'CE': 0, 'undet': 0, 'target_touching_fail_BUG': 0}  [28.2s]
p=3 m=1 k=2: {'target': 0, 'fail': 72, 'CE': 0, 'undet': 0, 'target_touching_fail_BUG': 0}  [28.2s]
p=3 m=1 k=3: {'target': 0, 'fail': 648, 'CE': 0, 'undet': 0, 'target_touching_fail_BUG': 0}  [28.2s]
p=3 m=1 k=4: {'target': 0, 'fail': 5832, 'CE': 0, 'undet': 0, 'target_touching_fail_BUG': 0}  [28.2s]
p=3 m=1 k=5: {'target': 0, 'fail': 52488, 'CE': 0, 'undet': 0, 'target_touching_fail_BUG': 0}  [28.3s]
p=3 m=1 k=6: {'target': 0, 'fail': 472392, 'CE': 0, 'undet': 0, 'target_touching_fail_BUG': 0}  [28.8s]
p=3 m=1 k=7: {'target': 0, 'fail': 4251528, 'CE': 0, 'undet': 0, 'target_touching_fail_BUG': 0}  [31.7s]
p=3 m=1 k=8: {'target': 0, 'fail': 38263752, 'CE': 0, 'undet': 0, 'target_touching_fail_BUG': 0}  [53.7s]
  дерево p=3 m=1: {'target': 0, 'fail': 0, 'CE': 0, 'unresolved_at_KMAX': 0, 'nodes': 0, 'maxdepth': 8, 'start_undet': 0, 'unresolved_examples': []}  [53.7s]
p=3 m=2 k=1: {'target': 0, 'fail': 8, 'CE': 0, 'undet': 0, 'target_touching_fail_BUG': 0}  [53.7s]
p=3 m=2 k=2: {'target': 0, 'fail': 72, 'CE': 0, 'undet': 0, 'target_touching_fail_BUG': 0}  [53.7s]
p=3 m=2 k=3: {'target': 0, 'fail': 648, 'CE': 0, 'undet': 0, 'target_touching_fail_BUG': 0}  [53.7s]
p=3 m=2 k=4: {'target': 0, 'fail': 5832, 'CE': 0, 'undet': 0, 'target_touching_fail_BUG': 0}  [53.7s]
p=3 m=2 k=5: {'target': 0, 'fail': 52488, 'CE': 0, 'undet': 0, 'target_touching_fail_BUG': 0}  [53.8s]
p=3 m=2 k=6: {'target': 0, 'fail': 472392, 'CE': 0, 'undet': 0, 'target_touching_fail_BUG': 0}  [54.3s]
p=3 m=2 k=7: {'target': 0, 'fail': 4251528, 'CE': 0, 'undet': 0, 'target_touching_fail_BUG': 0}  [57.0s]
p=3 m=2 k=8: {'target': 0, 'fail': 38263752, 'CE': 0, 'undet': 0, 'target_touching_fail_BUG': 0}  [78.4s]
  дерево p=3 m=2: {'target': 0, 'fail': 0, 'CE': 0, 'unresolved_at_KMAX': 0, 'nodes': 0, 'maxdepth': 8, 'start_undet': 0, 'unresolved_examples': []}  [78.4s]
p=3 m=3 k=1: {'target': 0, 'fail': 8, 'CE': 0, 'undet': 0, 'target_touching_fail_BUG': 0}  [78.4s]
p=3 m=3 k=2: {'target': 0, 'fail': 72, 'CE': 0, 'undet': 0, 'target_touching_fail_BUG': 0}  [78.4s]
p=3 m=3 k=3: {'target': 0, 'fail': 648, 'CE': 0, 'undet': 0, 'target_touching_fail_BUG': 0}  [78.4s]
p=3 m=3 k=4: {'target': 0, 'fail': 5832, 'CE': 0, 'undet': 0, 'target_touching_fail_BUG': 0}  [78.4s]
p=3 m=3 k=5: {'target': 0, 'fail': 52488, 'CE': 0, 'undet': 0, 'target_touching_fail_BUG': 0}  [78.5s]
p=3 m=3 k=6: {'target': 0, 'fail': 472392, 'CE': 0, 'undet': 0, 'target_touching_fail_BUG': 0}  [79.0s]
p=3 m=3 k=7: {'target': 0, 'fail': 4251528, 'CE': 0, 'undet': 0, 'target_touching_fail_BUG': 0}  [81.8s]
p=3 m=3 k=8: {'target': 0, 'fail': 38263752, 'CE': 0, 'undet': 0, 'target_touching_fail_BUG': 0}  [103.9s]
  дерево p=3 m=3: {'target': 0, 'fail': 0, 'CE': 0, 'unresolved_at_KMAX': 0, 'nodes': 0, 'maxdepth': 8, 'start_undet': 0, 'unresolved_examples': []}  [103.9s]
p=3 m=4 k=1: {'target': 0, 'fail': 8, 'CE': 0, 'undet': 0, 'target_touching_fail_BUG': 0}  [103.9s]
p=3 m=4 k=2: {'target': 0, 'fail': 72, 'CE': 0, 'undet': 0, 'target_touching_fail_BUG': 0}  [103.9s]
p=3 m=4 k=3: {'target': 0, 'fail': 648, 'CE': 0, 'undet': 0, 'target_touching_fail_BUG': 0}  [103.9s]
p=3 m=4 k=4: {'target': 0, 'fail': 5832, 'CE': 0, 'undet': 0, 'target_touching_fail_BUG': 0}  [103.9s]
p=3 m=4 k=5: {'target': 0, 'fail': 52488, 'CE': 0, 'undet': 0, 'target_touching_fail_BUG': 0}  [104.0s]
p=3 m=4 k=6: {'target': 0, 'fail': 472392, 'CE': 0, 'undet': 0, 'target_touching_fail_BUG': 0}  [104.5s]
p=3 m=4 k=7: {'target': 0, 'fail': 4251528, 'CE': 0, 'undet': 0, 'target_touching_fail_BUG': 0}  [107.2s]
p=3 m=4 k=8: {'target': 0, 'fail': 38263752, 'CE': 0, 'undet': 0, 'target_touching_fail_BUG': 0}  [128.7s]
  дерево p=3 m=4: {'target': 0, 'fail': 0, 'CE': 0, 'unresolved_at_KMAX': 0, 'nodes': 0, 'maxdepth': 8, 'start_undet': 0, 'unresolved_examples': []}  [128.7s]
p=3 m=5 k=1: {'target': 0, 'fail': 8, 'CE': 0, 'undet': 0, 'target_touching_fail_BUG': 0}  [128.7s]
p=3 m=5 k=2: {'target': 0, 'fail': 72, 'CE': 0, 'undet': 0, 'target_touching_fail_BUG': 0}  [128.7s]
p=3 m=5 k=3: {'target': 0, 'fail': 648, 'CE': 0, 'undet': 0, 'target_touching_fail_BUG': 0}  [128.7s]
p=3 m=5 k=4: {'target': 0, 'fail': 5832, 'CE': 0, 'undet': 0, 'target_touching_fail_BUG': 0}  [128.8s]
p=3 m=5 k=5: {'target': 0, 'fail': 52488, 'CE': 0, 'undet': 0, 'target_touching_fail_BUG': 0}  [128.9s]
p=3 m=5 k=6: {'target': 0, 'fail': 472392, 'CE': 0, 'undet': 0, 'target_touching_fail_BUG': 0}  [129.4s]
p=3 m=5 k=7: {'target': 0, 'fail': 4251528, 'CE': 0, 'undet': 0, 'target_touching_fail_BUG': 0}  [132.2s]
p=3 m=5 k=8: {'target': 0, 'fail': 38263752, 'CE': 0, 'undet': 0, 'target_touching_fail_BUG': 0}  [154.3s]
  дерево p=3 m=5: {'target': 0, 'fail': 0, 'CE': 0, 'unresolved_at_KMAX': 0, 'nodes': 0, 'maxdepth': 8, 'start_undet': 0, 'unresolved_examples': []}  [154.3s]
КОНТРПРИМЕРЫ: []  ОШИБКИ МАСОК: []
готово за 154.3s
exit 0
