######## (71,49,61) D=671 t0=36/25 p=7 N=6
local saturation: L = 6, primes l | pL = [2, 3, 7], indices = {2: 1, 3: 1, 7: 1}
classes: 24, cut by mod-7 test: 14, surviving: 10
   r=  0 T#0: Strassmann bound 1 (min val 2, tail ok True)
   r=  0 T#1: Strassmann bound 2 (min val 2, tail ok True)
   r=  0 T#3: Strassmann bound 2 (min val 2, tail ok True)
   r=  1 T#0: Strassmann bound 1 (min val 1, tail ok True)
   r=  2 T#2: Strassmann bound 1 (min val 1, tail ok True)
   r=  3 T#1: Strassmann bound 2 (min val 2, tail ok True)
   r=  3 T#2: Strassmann bound 2 (min val 2, tail ok True)
   r=  3 T#3: Strassmann bound 2 (min val 2, tail ok True)
   r=  4 T#2: Strassmann bound 1 (min val 1, tail ok True)
   r=  5 T#0: Strassmann bound 1 (min val 1, tail ok True)
all classes: rigorous tail bound OK
TOTAL upper bound for #{P in E1(k): x(P) in Q} (given rank 1): 15
known P with x(P) in Q: 5 [-4381/3721, 'O', 4381/3721, 71/61, 71/61]
   class r=2 T#2: theta(-1/2) = O(p^26);  points per embedding equal: True;  exact zero: True;  point: -173017629136
   class r=3 T#1: theta(-1/2) = O(p^26);  points per embedding equal: True;  exact zero: True;  point: -175015061936
   class r=3 T#2: theta(-1/2) = O(p^26);  points per embedding equal: True;  exact zero: True;  point: O
   class r=3 T#3: theta(-1/2) = O(p^26);  points per embedding equal: True;  exact zero: True;  point: 175015061936
   class r=4 T#2: theta(-1/2) = O(p^26);  points per embedding equal: True;  exact zero: True;  point: -173017629136
######## (89,23,65) D=910 t0=121/9 p=23 N=8
local saturation: L = 16, primes l | pL = [2, 23], indices = {2: 1, 23: 1}
classes: 32, cut by mod-23 test: 27, surviving: 5
   r=  0 T#0: Strassmann bound 1 (min val 2, tail ok True)
   r=  0 T#1: Strassmann bound 2 (min val 2, tail ok True)
   r=  0 T#3: Strassmann bound 2 (min val 2, tail ok True)
   r=  1 T#0: Strassmann bound 1 (min val 1, tail ok True)
   r=  7 T#0: Strassmann bound 1 (min val 1, tail ok True)
all classes: rigorous tail bound OK
TOTAL upper bound for #{P in E1(k): x(P) in Q} (given rank 1): 7
known P with x(P) in Q: 5 [-6073/4225, 'O', 6073/4225, 89/65, 89/65]
######## (79,47,65) D=455 t0=64 p=29 N=8
local saturation: L = 16, primes l | pL = [2, 29], indices = {2: 1, 29: 1}
classes: 32, cut by mod-29 test: 25, surviving: 7
   r=  0 T#0: Strassmann bound 1 (min val 2, tail ok True)
   r=  0 T#1: Strassmann bound 2 (min val 2, tail ok True)
   r=  0 T#3: Strassmann bound 2 (min val 3, tail ok True)
   r=  1 T#0: Strassmann bound 1 (min val 1, tail ok True)
   r=  3 T#2: Strassmann bound 1 (min val 1, tail ok True)
   r=  5 T#2: Strassmann bound 1 (min val 1, tail ok True)
   r=  7 T#0: Strassmann bound 1 (min val 1, tail ok True)
all classes: rigorous tail bound OK
TOTAL upper bound for #{P in E1(k): x(P) in Q} (given rank 1): 9
known P with x(P) in Q: 5 ['O', 79/65, -5233/4225, 5233/4225, 79/65]
BATCH2_DONE
