######## section (23,7,17)
section (b,h,n) = (23,7,17):  A = 169, C = 409  (C^2-A^2 = 2^5 * 3 * 5 * 17^2)
(1) ELS classes of the augmented system (8192 candidates, 2s): [(1, 34, 34), (15, 17, 255), (-1, 34, -34), (-15, 17, -255)]
(2) points with max(p,q) < 150: {(1, 34, 34): [5/3], (15, 17, 255): [4], (-1, 34, -34): [3/5], (-15, 17, -255): [1/4]}
(3) k = Q(sqrt(30)), beta' = 120/289, sqrt(beta') = 2/17*rk
   class (1, 34, 34): E1 = (0, rk, 0, -246830266, 270512696846*rk)
      control #C_J2(F_p) = p+1-a_P-a_Pbar on 24 split primes: True
   class (15, 17, 255): E1 = (0, rk, 0, -246830266, 270512696846*rk)
      control #C_J2(F_p) = p+1-a_P-a_Pbar on 24 split primes: True
   class (-1, 34, -34): E1 = (0, -rk, 0, -246830266, -270512696846*rk)
      control #C_J2(F_p) = p+1-a_P-a_Pbar on 24 split primes: True
   class (-15, 17, -255): E1 = (0, -rk, 0, -246830266, -270512696846*rk)
      control #C_J2(F_p) = p+1-a_P-a_Pbar on 24 split primes: True
(4) (1, 34, 34) X=5/3: lifts (t, #distinct cells) = [(-4, 3), (-5/3, 3), (-3/5, 3), (-1/4, 3), (1/4, 3), (3/5, 3), (5/3, 3), (4, 3)]
(4) (15, 17, 255) X=4: lifts (t, #distinct cells) = [(-4, 3), (-5/3, 3), (-3/5, 3), (-1/4, 3), (1/4, 3), (3/5, 3), (5/3, 3), (4, 3)]
(4) (-1, 34, -34) X=3/5: lifts (t, #distinct cells) = [(-4, 3), (-5/3, 3), (-3/5, 3), (-1/4, 3), (1/4, 3), (3/5, 3), (5/3, 3), (4, 3)]
(4) (-15, 17, -255) X=1/4: lifts (t, #distinct cells) = [(-4, 3), (-5/3, 3), (-3/5, 3), (-1/4, 3), (1/4, 3), (3/5, 3), (5/3, 3), (4, 3)]
######## section (31,17,25)
section (b,h,n) = (31,17,25):  A = 457, C = 793  (C^2-A^2 = 2^5 * 3 * 5^4 * 7)
(1) ELS classes of the augmented system (32768 candidates, 9s): [(7, 1, 7), (3, 2, 6), (-7, 1, -7), (-3, 2, -6)]
(2) points with max(p,q) < 150: {(7, 1, 7): [4/3], (3, 2, 6): [7], (-7, 1, -7): [3/4], (-3, 2, -6): [1/7]}
(3) k = Q(sqrt(42)), beta' = 168/625, sqrt(beta') = 2/25*rk
   class (7, 1, 7): E1 = (0, -rk, 0, -39980148*rk - 259102099, 339653916325*rk + 2201208942072)
      control #C_J2(F_p) = p+1-a_P-a_Pbar on 23 split primes: True
   class (3, 2, 6): E1 = (0, -rk, 0, 39980148*rk - 259102099, 339653916325*rk - 2201208942072)
      control #C_J2(F_p) = p+1-a_P-a_Pbar on 23 split primes: True
   class (-7, 1, -7): E1 = (0, rk, 0, -39980148*rk - 259102099, -339653916325*rk - 2201208942072)
      control #C_J2(F_p) = p+1-a_P-a_Pbar on 23 split primes: True
   class (-3, 2, -6): E1 = (0, rk, 0, 39980148*rk - 259102099, -339653916325*rk + 2201208942072)
      control #C_J2(F_p) = p+1-a_P-a_Pbar on 23 split primes: True
(4) (7, 1, 7) X=4/3: lifts (t, #distinct cells) = [(-7, 3), (-4/3, 3), (-3/4, 3), (-1/7, 3), (1/7, 3), (3/4, 3), (4/3, 3), (7, 3)]
(4) (3, 2, 6) X=7: lifts (t, #distinct cells) = [(-7, 3), (-4/3, 3), (-3/4, 3), (-1/7, 3), (1/7, 3), (3/4, 3), (4/3, 3), (7, 3)]
(4) (-7, 1, -7) X=3/4: lifts (t, #distinct cells) = [(-7, 3), (-4/3, 3), (-3/4, 3), (-1/7, 3), (1/7, 3), (3/4, 3), (4/3, 3), (7, 3)]
(4) (-3, 2, -6) X=1/7: lifts (t, #distinct cells) = [(-7, 3), (-4/3, 3), (-3/4, 3), (-1/7, 3), (1/7, 3), (3/4, 3), (4/3, 3), (7, 3)]
######## section (41,1,29)
section (b,h,n) = (41,1,29):  A = 421, C = 1261  (C^2-A^2 = 2^4 * 3 * 5 * 7 * 29^2)
(1) ELS classes of the augmented system (131072 candidates, 34s): [(21, 29, 609), (10, 58, 145), (-21, 29, -609), (-10, 58, -145)]
(2) points with max(p,q) < 150: {(21, 29, 609): [5/2], (10, 58, 145): [7/3], (-21, 29, -609): [2/5], (-10, 58, -145): [3/7]}
(3) k = Q(sqrt(105)), beta' = 420/841, sqrt(beta') = 2/29*rk
   class (21, 29, 609): E1 = (0, -1/2*rk + 3/2, 0, 1137090143375/2*rk - 11651707231343/2, 744845345663866744*rk - 7632393585221232936)
      control #C_J2(F_p) = p+1-a_P-a_Pbar on 24 split primes: True
   class (10, 58, 145): E1 = (0, -1/2*rk + 3/2, 0, 1137090143375/2*rk - 11651707231343/2, 744845345663866744*rk - 7632393585221232936)
      control #C_J2(F_p) = p+1-a_P-a_Pbar on 24 split primes: True
   class (-21, 29, -609): E1 = (0, 1/2*rk - 3/2, 0, 1137090143375/2*rk - 11651707231343/2, -744845345663866744*rk + 7632393585221232936)
      control #C_J2(F_p) = p+1-a_P-a_Pbar on 24 split primes: True
   class (-10, 58, -145): E1 = (0, 1/2*rk - 3/2, 0, 1137090143375/2*rk - 11651707231343/2, -744845345663866744*rk + 7632393585221232936)
      control #C_J2(F_p) = p+1-a_P-a_Pbar on 24 split primes: True
(4) (21, 29, 609) X=5/2: lifts (t, #distinct cells) = [(-5/2, 3), (-7/3, 3), (-3/7, 3), (-2/5, 3), (2/5, 3), (3/7, 3), (7/3, 3), (5/2, 3)]
(4) (10, 58, 145) X=7/3: lifts (t, #distinct cells) = [(-5/2, 3), (-7/3, 3), (-3/7, 3), (-2/5, 3), (2/5, 3), (3/7, 3), (7/3, 3), (5/2, 3)]
(4) (-21, 29, -609) X=2/5: lifts (t, #distinct cells) = [(-5/2, 3), (-7/3, 3), (-3/7, 3), (-2/5, 3), (2/5, 3), (3/7, 3), (7/3, 3), (5/2, 3)]
(4) (-10, 58, -145) X=3/7: lifts (t, #distinct cells) = [(-5/2, 3), (-7/3, 3), (-3/7, 3), (-2/5, 3), (2/5, 3), (3/7, 3), (7/3, 3), (5/2, 3)]
######## section (47,23,37)
section (b,h,n) = (47,23,37):  A = 949, C = 1789  (C^2-A^2 = 2^4 * 3 * 5 * 7 * 37^2)
(1) ELS classes of the augmented system (131072 candidates, 33s): [(35, 37, 1295), (6, 74, 111), (-35, 37, -1295), (-6, 74, -111)]
(2) points with max(p,q) < 150: {(35, 37, 1295): [6], (6, 74, 111): [7/5], (-35, 37, -1295): [1/6], (-6, 74, -111): [5/7]}
(3) k = Q(sqrt(105)), beta' = 420/1369, sqrt(beta') = 2/37*rk
   class (35, 37, 1295): E1 = (0, 0, 0, -48879390681, 397393634990472*rk)
      control #C_J2(F_p) = p+1-a_P-a_Pbar on 24 split primes: True
   class (6, 74, 111): E1 = (0, 0, 0, -48879390681, 397393634990472*rk)
      control #C_J2(F_p) = p+1-a_P-a_Pbar on 24 split primes: True
   class (-35, 37, -1295): E1 = (0, 0, 0, -48879390681, -397393634990472*rk)
      control #C_J2(F_p) = p+1-a_P-a_Pbar on 24 split primes: True
   class (-6, 74, -111): E1 = (0, 0, 0, -48879390681, -397393634990472*rk)
      control #C_J2(F_p) = p+1-a_P-a_Pbar on 24 split primes: True
(4) (35, 37, 1295) X=6: lifts (t, #distinct cells) = [(-6, 3), (-7/5, 3), (-5/7, 3), (-1/6, 3), (1/6, 3), (5/7, 3), (7/5, 3), (6, 3)]
(4) (6, 74, 111) X=7/5: lifts (t, #distinct cells) = [(-6, 3), (-7/5, 3), (-5/7, 3), (-1/6, 3), (1/6, 3), (5/7, 3), (7/5, 3), (6, 3)]
(4) (-35, 37, -1295) X=1/6: lifts (t, #distinct cells) = [(-6, 3), (-7/5, 3), (-5/7, 3), (-1/6, 3), (1/6, 3), (5/7, 3), (7/5, 3), (6, 3)]
(4) (-6, 74, -111) X=5/7: lifts (t, #distinct cells) = [(-6, 3), (-7/5, 3), (-5/7, 3), (-1/6, 3), (1/6, 3), (5/7, 3), (7/5, 3), (6, 3)]
######## section (49,31,41)
section (b,h,n) = (49,31,41):  A = 1321, C = 2041  (C^2-A^2 = 2^5 * 3^2 * 5 * 41^2)
(1) ELS classes of the augmented system (32768 candidates, 9s): [(1, 41, 41), (5, 82, 410), (-1, 41, -41), (-5, 82, -410)]
(2) points with max(p,q) < 150: {(1, 41, 41): [5/4], (5, 82, 410): [9], (-1, 41, -41): [4/5], (-5, 82, -410): [1/9]}
(3) k = Q(sqrt(10)), beta' = 360/1681, sqrt(beta') = 6/41*rk
   class (1, 41, 41): E1 = (0, 0, 0, -8358875041, 88089617837448*rk)
      control #C_J2(F_p) = p+1-a_P-a_Pbar on 24 split primes: True
   class (5, 82, 410): E1 = (0, 0, 0, -8358875041, 88089617837448*rk)
      control #C_J2(F_p) = p+1-a_P-a_Pbar on 24 split primes: True
   class (-1, 41, -41): E1 = (0, 0, 0, -8358875041, -88089617837448*rk)
      control #C_J2(F_p) = p+1-a_P-a_Pbar on 24 split primes: True
   class (-5, 82, -410): E1 = (0, 0, 0, -8358875041, -88089617837448*rk)
      control #C_J2(F_p) = p+1-a_P-a_Pbar on 24 split primes: True
(4) (1, 41, 41) X=5/4: lifts (t, #distinct cells) = [(-9, 3), (-5/4, 3), (-4/5, 3), (-1/9, 3), (1/9, 3), (4/5, 3), (5/4, 3), (9, 3)]
(4) (5, 82, 410) X=9: lifts (t, #distinct cells) = [(-9, 3), (-5/4, 3), (-4/5, 3), (-1/9, 3), (1/9, 3), (4/5, 3), (5/4, 3), (9, 3)]
(4) (-1, 41, -41) X=4/5: lifts (t, #distinct cells) = [(-9, 3), (-5/4, 3), (-4/5, 3), (-1/9, 3), (1/9, 3), (4/5, 3), (5/4, 3), (9, 3)]
(4) (-5, 82, -410) X=1/9: lifts (t, #distinct cells) = [(-9, 3), (-5/4, 3), (-4/5, 3), (-1/9, 3), (1/9, 3), (4/5, 3), (5/4, 3), (9, 3)]
######## section (73,17,53)
section (b,h,n) = (73,17,53):  A = 1549, C = 4069  (C^2-A^2 = 2^4 * 3^2 * 5 * 7 * 53^2)
(1) ELS classes of the augmented system (131072 candidates, 34s): [(5, 53, 265), (14, 106, 371), (-5, 53, -265), (-14, 106, -371)]
(2) points with max(p,q) < 150: {(5, 53, 265): [7/2], (14, 106, 371): [9/5], (-5, 53, -265): [2/7], (-14, 106, -371): [5/9]}
(3) k = Q(sqrt(35)), beta' = 1260/2809, sqrt(beta') = 6/53*rk
   class (5, 53, 265): E1 = (0, 0, 0, -1494098743225, 118228765859801000*rk)
      control #C_J2(F_p) = p+1-a_P-a_Pbar on 26 split primes: True
   class (14, 106, 371): E1 = (0, 0, 0, -1494098743225, 118228765859801000*rk)
      control #C_J2(F_p) = p+1-a_P-a_Pbar on 26 split primes: True
   class (-5, 53, -265): E1 = (0, 0, 0, -1494098743225, -118228765859801000*rk)
      control #C_J2(F_p) = p+1-a_P-a_Pbar on 26 split primes: True
   class (-14, 106, -371): E1 = (0, 0, 0, -1494098743225, -118228765859801000*rk)
      control #C_J2(F_p) = p+1-a_P-a_Pbar on 26 split primes: True
(4) (5, 53, 265) X=7/2: lifts (t, #distinct cells) = [(-7/2, 3), (-9/5, 3), (-5/9, 3), (-2/7, 3), (2/7, 3), (5/9, 3), (9/5, 3), (7/2, 3)]
(4) (14, 106, 371) X=9/5: lifts (t, #distinct cells) = [(-7/2, 3), (-9/5, 3), (-5/9, 3), (-2/7, 3), (2/7, 3), (5/9, 3), (9/5, 3), (7/2, 3)]
(4) (-5, 53, -265) X=2/7: lifts (t, #distinct cells) = [(-7/2, 3), (-9/5, 3), (-5/9, 3), (-2/7, 3), (2/7, 3), (5/9, 3), (9/5, 3), (7/2, 3)]
(4) (-14, 106, -371) X=5/9: lifts (t, #distinct cells) = [(-7/2, 3), (-9/5, 3), (-5/9, 3), (-2/7, 3), (2/7, 3), (5/9, 3), (9/5, 3), (7/2, 3)]
######## section (71,49,61)
section (b,h,n) = (71,49,61):  A = 3061, C = 4381  (C^2-A^2 = 2^4 * 3 * 5 * 11 * 61^2)
(1) ELS classes of the augmented system (131072 candidates, 33s): [(11, 61, 671), (30, 122, 915), (-11, 61, -671), (-30, 122, -915)]
(2) points with max(p,q) < 150: {(11, 61, 671): [6/5], (30, 122, 915): [11], (-11, 61, -671): [5/6], (-30, 122, -915): [1/11]}
(3) k = Q(sqrt(165)), beta' = 660/3721, sqrt(beta') = 2/61*rk
   class (11, 61, 671): E1 = (0, -1/2*rk + 3/2, 0, -543413599047*rk - 6980774695429, 721155037150211776*rk + 9263400197850509424)
      control #C_J2(F_p) = p+1-a_P-a_Pbar on 23 split primes: True
   class (30, 122, 915): E1 = (0, -1/2*rk + 3/2, 0, -543413599047*rk - 6980774695429, 721155037150211776*rk + 9263400197850509424)
      control #C_J2(F_p) = p+1-a_P-a_Pbar on 23 split primes: True
   class (-11, 61, -671): E1 = (0, 1/2*rk - 3/2, 0, -543413599047*rk - 6980774695429, -721155037150211776*rk - 9263400197850509424)
      control #C_J2(F_p) = p+1-a_P-a_Pbar on 23 split primes: True
   class (-30, 122, -915): E1 = (0, 1/2*rk - 3/2, 0, -543413599047*rk - 6980774695429, -721155037150211776*rk - 9263400197850509424)
      control #C_J2(F_p) = p+1-a_P-a_Pbar on 23 split primes: True
(4) (11, 61, 671) X=6/5: lifts (t, #distinct cells) = [(-11, 3), (-6/5, 3), (-5/6, 3), (-1/11, 3), (1/11, 3), (5/6, 3), (6/5, 3), (11, 3)]
(4) (30, 122, 915) X=11: lifts (t, #distinct cells) = [(-11, 3), (-6/5, 3), (-5/6, 3), (-1/11, 3), (1/11, 3), (5/6, 3), (6/5, 3), (11, 3)]
(4) (-11, 61, -671) X=5/6: lifts (t, #distinct cells) = [(-11, 3), (-6/5, 3), (-5/6, 3), (-1/11, 3), (1/11, 3), (5/6, 3), (6/5, 3), (11, 3)]
(4) (-30, 122, -915) X=1/11: lifts (t, #distinct cells) = [(-11, 3), (-6/5, 3), (-5/6, 3), (-1/11, 3), (1/11, 3), (5/6, 3), (6/5, 3), (11, 3)]
######## section (89,23,65)
section (b,h,n) = (89,23,65):  A = 2377, C = 6073  (C^2-A^2 = 2^5 * 3 * 5^2 * 7 * 11 * 13^2)
(1) ELS classes of the augmented system (131072 candidates, 35s): [(7, 130, 910), (33, 65, 2145), (-7, 130, -910), (-33, 65, -2145)]
(2) points with max(p,q) < 150: {(7, 130, 910): [11/3], (33, 65, 2145): [7/4], (-7, 130, -910): [3/11], (-33, 65, -2145): [4/7]}
(3) k = Q(sqrt(462)), beta' = 1848/4225, sqrt(beta') = 2/65*rk
   class (7, 130, 910): E1 = (0, rk, 0, 37563820344700*rk - 810619250736271, 579537597433453108431*rk - 12454481531546270416200)
      control #C_J2(F_p) = p+1-a_P-a_Pbar on 34 split primes: True
   class (33, 65, 2145): E1 = (0, rk, 0, 37563820344700*rk - 810619250736271, 579537597433453108431*rk - 12454481531546270416200)
      control #C_J2(F_p) = p+1-a_P-a_Pbar on 34 split primes: True
   class (-7, 130, -910): E1 = (0, -rk, 0, 37563820344700*rk - 810619250736271, -579537597433453108431*rk + 12454481531546270416200)
      control #C_J2(F_p) = p+1-a_P-a_Pbar on 34 split primes: True
   class (-33, 65, -2145): E1 = (0, -rk, 0, 37563820344700*rk - 810619250736271, -579537597433453108431*rk + 12454481531546270416200)
      control #C_J2(F_p) = p+1-a_P-a_Pbar on 34 split primes: True
(4) (7, 130, 910) X=11/3: lifts (t, #distinct cells) = [(-11/3, 3), (-7/4, 3), (-4/7, 3), (-3/11, 3), (3/11, 3), (4/7, 3), (7/4, 3), (11/3, 3)]
(4) (33, 65, 2145) X=7/4: lifts (t, #distinct cells) = [(-11/3, 3), (-7/4, 3), (-4/7, 3), (-3/11, 3), (3/11, 3), (4/7, 3), (7/4, 3), (11/3, 3)]
(4) (-7, 130, -910) X=3/11: lifts (t, #distinct cells) = [(-11/3, 3), (-7/4, 3), (-4/7, 3), (-3/11, 3), (3/11, 3), (4/7, 3), (7/4, 3), (11/3, 3)]
(4) (-33, 65, -2145) X=4/7: lifts (t, #distinct cells) = [(-11/3, 3), (-7/4, 3), (-4/7, 3), (-3/11, 3), (3/11, 3), (4/7, 3), (7/4, 3), (11/3, 3)]
######## section (79,47,65)
section (b,h,n) = (79,47,65):  A = 3217, C = 5233  (C^2-A^2 = 2^6 * 3^2 * 5^2 * 7 * 13^2)
(1) ELS classes of the augmented system (32768 candidates, 10s): [(7, 65, 455), (2, 130, 65), (-7, 65, -455), (-2, 130, -65)]
(2) points with max(p,q) < 150: {(7, 65, 455): [8], (2, 130, 65): [9/7], (-7, 65, -455): [1/8], (-2, 130, -65): [7/9]}
(3) k = Q(sqrt(7)), beta' = 1008/4225, sqrt(beta') = 12/65*rk
   class (7, 65, 455): E1 = (0, 0, 0, -139689861025, 7280624173290000*rk)
      control #C_J2(F_p) = p+1-a_P-a_Pbar on 27 split primes: True
   class (2, 130, 65): E1 = (0, 0, 0, -139689861025, 7280624173290000*rk)
      control #C_J2(F_p) = p+1-a_P-a_Pbar on 27 split primes: True
   class (-7, 65, -455): E1 = (0, 0, 0, -139689861025, -7280624173290000*rk)
      control #C_J2(F_p) = p+1-a_P-a_Pbar on 27 split primes: True
   class (-2, 130, -65): E1 = (0, 0, 0, -139689861025, -7280624173290000*rk)
      control #C_J2(F_p) = p+1-a_P-a_Pbar on 27 split primes: True
(4) (7, 65, 455) X=8: lifts (t, #distinct cells) = [(-8, 3), (-9/7, 3), (-7/9, 3), (-1/8, 3), (1/8, 3), (7/9, 3), (9/7, 3), (8, 3)]
(4) (2, 130, 65) X=9/7: lifts (t, #distinct cells) = [(-8, 3), (-9/7, 3), (-7/9, 3), (-1/8, 3), (1/8, 3), (7/9, 3), (9/7, 3), (8, 3)]
(4) (-7, 65, -455) X=1/8: lifts (t, #distinct cells) = [(-8, 3), (-9/7, 3), (-7/9, 3), (-1/8, 3), (1/8, 3), (7/9, 3), (9/7, 3), (8, 3)]
(4) (-2, 130, -65) X=7/9: lifts (t, #distinct cells) = [(-8, 3), (-9/7, 3), (-7/9, 3), (-1/8, 3), (1/8, 3), (7/9, 3), (9/7, 3), (8, 3)]
BATCH_DONE
