к расчёту 488
НЕВЫРОЖДЕННЫЕ КЛАССЫ: 4/9 128 [[1, 1, 1, 12, 1, 1, 1, 0, 1, 1, 0, 1, 1, 1, 0, 1, 1, 0, 0, 3, 1, 1, 0, 1], [1, 1, 1, 12, 1, 1, 1, 0, 1, 1, 0, 1, 1, 1, 0, 1, 1, 0, 0, 3, 1, 11, 0, 1], [1, 1, 1, 12, 1, 1, 1, 0, 1, 1, 0, 1, 1, 1, 0, 11, 1, 0, 0, 3, 1, 1, 0, 1]]
25 / 488 с невырожденными 1
НЕВЫРОЖДЕННЫЕ КЛАССЫ: 4/13 64 [[12, 1, 1, 0, 1, 1, 1, 0, 1, 1, 0, 1, 11, 0, 1, 1, 1, 0, 1, 0, 1, 1, 0, 1], [12, 1, 1, 0, 1, 1, 1, 0, 1, 1, 0, 1, 11, 0, 1, 1, 1, 0, 11, 0, 1, 11, 0, 1], [12, 1, 1, 0, 1, 1, 1, 0, 1, 1, 0, 1, 11, 0, 1, 11, 1, 0, 1, 0, 1, 1, 0, 1]]
50 / 488 с невырожденными 2
НЕВЫРОЖДЕННЫЕ КЛАССЫ: 2/15 64 [[1, 1, 1, 1, 0, 1, 1, 1, 0, 1, 0, 1, 1, 1, 0, 12, 3, 1, 1, 0, 1, 11, 0, 1], [1, 1, 1, 1, 0, 1, 1, 1, 0, 1, 0, 1, 1, 1, 0, 12, 3, 1, 11, 0, 1, 1, 0, 1], [1, 1, 1, 1, 0, 1, 1, 1, 0, 1, 0, 1, 11, 1, 0, 12, 3, 1, 1, 0, 1, 1, 0, 1]]
НЕВЫРОЖДЕННЫЕ КЛАССЫ: 1/16 64 [[1, 1, 1, 12, 1, 1, 1, 0, 1, 1, 0, 1, 1, 1, 0, 11, 0, 1, 1, 1, 0, 0, 3, 1], [1, 1, 1, 12, 1, 1, 1, 0, 1, 1, 0, 1, 1, 1, 0, 11, 0, 1, 11, 1, 0, 0, 1, 1], [1, 1, 1, 12, 1, 1, 1, 0, 1, 1, 0, 1, 11, 1, 0, 1, 0, 1, 1, 1, 0, 0, 3, 1]]
75 / 488 с невырожденными 4
НЕВЫРОЖДЕННЫЕ КЛАССЫ: 1/17 64 [[12, 1, 1, 1, 0, 1, 1, 0, 1, 1, 1, 0, 1, 0, 1, 11, 0, 1, 11, 0, 1, 1, 1, 0], [12, 1, 1, 1, 0, 1, 1, 0, 1, 1, 1, 0, 1, 0, 1, 11, 0, 1, 11, 0, 1, 11, 1, 0], [12, 1, 1, 1, 0, 1, 1, 0, 1, 1, 1, 0, 11, 0, 1, 11, 0, 1, 11, 0, 1, 1, 1, 0]]
НЕВЫРОЖДЕННЫЕ КЛАССЫ: 13/17 128 [[1, 1, 0, 1, 1, 0, 1, 1, 0, 1, 1, 0, 1, 0, 1, 1, 0, 1, 12, 1, 1, 0, 1, 1], [1, 1, 0, 1, 1, 0, 1, 1, 0, 1, 1, 0, 1, 0, 1, 1, 0, 1, 12, 3, 1, 0, 3, 1], [1, 1, 0, 1, 1, 0, 1, 1, 0, 1, 1, 0, 1, 0, 1, 11, 0, 1, 12, 1, 1, 0, 1, 1]]
НЕВЫРОЖДЕННЫЕ КЛАССЫ: 15/17 128 [[12, 1, 1, 1, 1, 0, 0, 1, 1, 1, 0, 1, 1, 1, 0, 11, 1, 0, 1, 0, 1, 1, 1, 0], [12, 1, 1, 1, 1, 0, 0, 1, 1, 1, 0, 1, 1, 1, 0, 11, 1, 0, 1, 0, 1, 11, 1, 0], [12, 1, 1, 1, 1, 0, 0, 1, 1, 1, 0, 1, 1, 1, 0, 11, 1, 0, 11, 0, 1, 1, 1, 0]]
100 / 488 с невырожденными 7
125 / 488 с невырожденными 7
150 / 488 с невырожденными 7
175 / 488 с невырожденными 7
НЕВЫРОЖДЕННЫЕ КЛАССЫ: 8/25 128 [[1, 0, 1, 1, 0, 1, 1, 1, 0, 1, 0, 1, 1, 1, 0, 1, 1, 0, 1, 0, 1, 11, 0, 1], [1, 0, 1, 1, 0, 1, 1, 1, 0, 1, 0, 1, 1, 1, 0, 1, 1, 0, 11, 0, 1, 1, 0, 1], [1, 0, 1, 1, 0, 1, 1, 1, 0, 1, 0, 1, 1, 1, 0, 11, 1, 0, 1, 0, 1, 1, 0, 1]]
200 / 488 с невырожденными 8
225 / 488 с невырожденными 8
250 / 488 с невырожденными 8
275 / 488 с невырожденными 8
300 / 488 с невырожденными 8
325 / 488 с невырожденными 8
НЕВЫРОЖДЕННЫЕ КЛАССЫ: 2/33 128 [[1, 1, 1, 0, 1, 1, 0, 1, 1, 1, 0, 1, 1, 0, 1, 1, 0, 1, 1, 0, 1, 1, 0, 1], [1, 1, 1, 0, 1, 1, 0, 1, 1, 1, 0, 1, 1, 0, 1, 1, 0, 1, 11, 0, 1, 1, 0, 1], [1, 1, 1, 0, 1, 1, 0, 1, 1, 1, 0, 1, 1, 0, 1, 11, 0, 1, 1, 0, 1, 11, 0, 1]]
350 / 488 с невырожденными 9
375 / 488 с невырожденными 9
НЕВЫРОЖДЕННЫЕ КЛАССЫ: 25/36 128 [[1, 1, 0, 0, 1, 1, 1, 1, 0, 12, 1, 1, 1, 1, 0, 1, 1, 0, 1, 0, 1, 1, 0, 1], [1, 1, 0, 0, 1, 1, 1, 1, 0, 12, 1, 1, 1, 1, 0, 1, 1, 0, 11, 0, 1, 11, 0, 1], [1, 1, 0, 0, 1, 1, 1, 1, 0, 12, 1, 1, 1, 1, 0, 11, 1, 0, 1, 0, 1, 11, 0, 1]]
400 / 488 с невырожденными 10
425 / 488 с невырожденными 10
450 / 488 с невырожденными 10
475 / 488 с невырожденными 10
готово 488 с невырожденными 10
