2 {'tested': 150000, 'passed': 13692, 'T_odd': 0, 'L_odd': 0, 'pole_pass': 0, 'integral_pass': 13692, 'fam_pass': [2306, 2292, 2305, 2231, 2276, 2282]} violations: []
3 {'tested': 150000, 'passed': 40657, 'T_odd': 0, 'L_odd': 0, 'pole_pass': 0, 'integral_pass': 40657, 'fam_pass': [6831, 6663, 6823, 6812, 6742, 6786]} violations: []
5 {'tested': 150000, 'passed': 50117, 'T_odd': 2408, 'L_odd': 2322, 'pole_pass': 9130, 'integral_pass': 40987, 'fam_pass': [8066, 9163, 9048, 7988, 7955, 7897]} violations: []
7 {'tested': 150000, 'passed': 41050, 'T_odd': 0, 'L_odd': 0, 'pole_pass': 0, 'integral_pass': 41050, 'fam_pass': [6809, 6889, 6759, 6877, 6833, 6883]} violations: []
11 {'tested': 150000, 'passed': 42090, 'T_odd': 0, 'L_odd': 0, 'pole_pass': 0, 'integral_pass': 42090, 'fam_pass': [6810, 6777, 6946, 7164, 7449, 6944]} violations: []
13 {'tested': 150000, 'passed': 52685, 'T_odd': 2111, 'L_odd': 2020, 'pole_pass': 10650, 'integral_pass': 42035, 'fam_pass': [8400, 9586, 9504, 8277, 8409, 8509]} violations: []
17 {'tested': 150000, 'passed': 58942, 'T_odd': 4150, 'L_odd': 4180, 'pole_pass': 17308, 'integral_pass': 41634, 'fam_pass': [8269, 12829, 12936, 8248, 8228, 8432]} violations: []
19 {'tested': 150000, 'passed': 41964, 'T_odd': 0, 'L_odd': 0, 'pole_pass': 0, 'integral_pass': 41964, 'fam_pass': [6978, 6819, 6757, 7434, 7221, 6755]} violations: []
23 {'tested': 150000, 'passed': 41786, 'T_odd': 0, 'L_odd': 0, 'pole_pass': 0, 'integral_pass': 41786, 'fam_pass': [6920, 6670, 6932, 7225, 7241, 6798]} violations: []
29 {'tested': 150000, 'passed': 53094, 'T_odd': 1897, 'L_odd': 1902, 'pole_pass': 11019, 'integral_pass': 42075, 'fam_pass': [8355, 9580, 9720, 8540, 8407, 8492]} violations: []
31 {'tested': 150000, 'passed': 42489, 'T_odd': 0, 'L_odd': 0, 'pole_pass': 0, 'integral_pass': 42489, 'fam_pass': [6900, 7026, 7141, 7228, 7387, 6807]} violations: []
37 {'tested': 150000, 'passed': 53109, 'T_odd': 1889, 'L_odd': 1908, 'pole_pass': 11151, 'integral_pass': 41958, 'fam_pass': [8416, 9730, 9580, 8323, 8532, 8528]} violations: []
41 {'tested': 150000, 'passed': 60217, 'T_odd': 4104, 'L_odd': 4124, 'pole_pass': 17961, 'integral_pass': 42256, 'fam_pass': [8541, 13099, 13242, 8483, 8411, 8441]} violations: []
43 {'tested': 150000, 'passed': 42902, 'T_odd': 0, 'L_odd': 0, 'pole_pass': 0, 'integral_pass': 42902, 'fam_pass': [6870, 7075, 7079, 7464, 7344, 7070]} violations: []
47 {'tested': 150000, 'passed': 42340, 'T_odd': 0, 'L_odd': 0, 'pole_pass': 0, 'integral_pass': 42340, 'fam_pass': [6870, 6935, 7049, 7337, 7402, 6747]} violations: []
53 {'tested': 150000, 'passed': 53679, 'T_odd': 1872, 'L_odd': 1774, 'pole_pass': 11145, 'integral_pass': 42534, 'fam_pass': [8713, 9891, 9726, 8482, 8184, 8683]} violations: []
59 {'tested': 150000, 'passed': 42341, 'T_odd': 0, 'L_odd': 0, 'pole_pass': 0, 'integral_pass': 42341, 'fam_pass': [6838, 6982, 6959, 7478, 7300, 6784]} violations: []
61 {'tested': 150000, 'passed': 53873, 'T_odd': 1828, 'L_odd': 1755, 'pole_pass': 11189, 'integral_pass': 42684, 'fam_pass': [8508, 10005, 9917, 8291, 8525, 8627]} violations: []
73 {'tested': 150000, 'passed': 60488, 'T_odd': 3940, 'L_odd': 4148, 'pole_pass': 18105, 'integral_pass': 42383, 'fam_pass': [8395, 13237, 13231, 8586, 8438, 8601]} violations: []
97 {'tested': 150000, 'passed': 60514, 'T_odd': 4145, 'L_odd': 4071, 'pole_pass': 18188, 'integral_pass': 42326, 'fam_pass': [8578, 13412, 13159, 8273, 8585, 8507]} violations: []
101 {'tested': 150000, 'passed': 53954, 'T_odd': 1791, 'L_odd': 1824, 'pole_pass': 11259, 'integral_pass': 42695, 'fam_pass': [8504, 9939, 10017, 8391, 8433, 8670]} violations: []
577 {'tested': 150000, 'passed': 60810, 'T_odd': 3987, 'L_odd': 3950, 'pole_pass': 18198, 'integral_pass': 42612, 'fam_pass': [8682, 13371, 13196, 8352, 8498, 8711]} violations: []
563 {'tested': 150000, 'passed': 42549, 'T_odd': 0, 'L_odd': 0, 'pole_pass': 0, 'integral_pass': 42549, 'fam_pass': [6792, 7089, 7134, 7316, 7401, 6817]} violations: []
145 {'tested': 150000, 'passed': 4558, 'T_odd': 0, 'L_odd': 0, 'pole_pass': 40, 'integral_pass': 4518, 'fam_pass': [772, 772, 760, 765, 744, 745]} violations: []
TOTAL VIOLATIONS: 0
