5 rank 1 точек 4 {8: 1, 4: 2, 6: 1} в 4E: {8: 1, 4: 0, 6: 1} формула класса: 4 / 4
6 rank 1 точек 6 {8: 1, 4: 2, 6: 1, 5: 2, 3: 3, 7: 1} в 4E: {8: 1, 4: 0, 6: 1, 5: 2, 3: 0, 7: 1} формула класса: 10 / 10
7 rank 1 точек 3 {8: 2, 4: 2, 6: 3, 5: 2, 3: 3, 7: 1} в 4E: {8: 2, 4: 0, 6: 1, 5: 2, 3: 0, 7: 1} формула класса: 13 / 13
13 rank 1 точек 2 {8: 2, 4: 3, 6: 4, 5: 2, 3: 3, 7: 1} в 4E: {8: 2, 4: 0, 6: 2, 5: 2, 3: 0, 7: 1} формула класса: 15 / 15
14 rank 1 точек 4 {8: 2, 4: 3, 6: 4, 5: 4, 3: 3, 7: 2, 9: 1} в 4E: {8: 2, 4: 0, 6: 2, 5: 2, 3: 0, 7: 2, 9: 1} формула класса: 19 / 19
15 rank 1 точек 4 {8: 3, 4: 5, 6: 5, 5: 4, 3: 3, 7: 2, 9: 1} в 4E: {8: 3, 4: 0, 6: 3, 5: 2, 3: 0, 7: 2, 9: 1} формула класса: 23 / 23
21 rank 1 точек 4 {8: 4, 4: 7, 6: 6, 5: 4, 3: 3, 7: 2, 9: 1} в 4E: {8: 4, 4: 0, 6: 4, 5: 2, 3: 0, 7: 2, 9: 1} формула класса: 27 / 27
22 rank 1 точек 2 {8: 4, 4: 7, 6: 6, 5: 5, 3: 4, 7: 2, 9: 1} в 4E: {8: 4, 4: 0, 6: 4, 5: 3, 3: 0, 7: 2, 9: 1} формула класса: 29 / 29
23 rank 1 точек 1 {8: 4, 4: 7, 6: 7, 5: 5, 3: 4, 7: 2, 9: 1} в 4E: {8: 4, 4: 0, 6: 4, 5: 3, 3: 0, 7: 2, 9: 1} формула класса: 30 / 30
29 rank 1 точек 1 {8: 4, 4: 8, 6: 7, 5: 5, 3: 4, 7: 2, 9: 1} в 4E: {8: 4, 4: 0, 6: 4, 5: 3, 3: 0, 7: 2, 9: 1} формула класса: 31 / 31
30 rank 1 точек 5 {8: 4, 4: 8, 6: 7, 5: 6, 3: 7, 7: 3, 9: 1} в 4E: {8: 4, 4: 0, 6: 4, 5: 4, 3: 0, 7: 3, 9: 1} формула класса: 36 / 36
31 rank 1 точек 2 {8: 5, 4: 8, 6: 7, 5: 6, 3: 7, 7: 3, 9: 1, 10: 1} в 4E: {8: 4, 4: 0, 6: 4, 5: 4, 3: 0, 7: 3, 9: 1, 10: 1} формула класса: 38 / 38
34 rank 2 точек 20 {8: 5, 4: 8, 6: 7, 5: 16, 3: 7, 7: 8, 9: 3, 10: 1, 15: 1, 11: 2} в 4E: {8: 4, 4: 0, 6: 4, 5: 4, 3: 0, 7: 5, 9: 2, 10: 1, 15: 0, 11: 1} формула класса: 58 / 58
37 rank 1 точек 1 {8: 5, 4: 9, 6: 7, 5: 16, 3: 7, 7: 8, 9: 3, 10: 1, 15: 1, 11: 2} в 4E: {8: 4, 4: 0, 6: 4, 5: 4, 3: 0, 7: 5, 9: 2, 10: 1, 15: 0, 11: 1} формула класса: 59 / 59
38 rank 1 точек 2 {8: 5, 4: 9, 6: 7, 5: 17, 3: 8, 7: 8, 9: 3, 10: 1, 15: 1, 11: 2} в 4E: {8: 4, 4: 0, 6: 4, 5: 5, 3: 0, 7: 5, 9: 2, 10: 1, 15: 0, 11: 1} формула класса: 61 / 61
39 rank 1 точек 3 {8: 5, 4: 11, 6: 8, 5: 17, 3: 8, 7: 8, 9: 3, 10: 1, 15: 1, 11: 2} в 4E: {8: 4, 4: 0, 6: 5, 5: 5, 3: 0, 7: 5, 9: 2, 10: 1, 15: 0, 11: 1} формула класса: 64 / 64
41 rank 2 точек 12 {8: 8, 4: 11, 6: 14, 5: 17, 3: 8, 7: 8, 9: 3, 10: 3, 15: 1, 11: 2, 12: 1} в 4E: {8: 6, 4: 0, 6: 5, 5: 5, 3: 0, 7: 5, 9: 2, 10: 2, 15: 0, 11: 1, 12: 0} формула класса: 76 / 76
46 rank 1 точек 2 {8: 8, 4: 11, 6: 14, 5: 18, 3: 8, 7: 9, 9: 3, 10: 3, 15: 1, 11: 2, 12: 1} в 4E: {8: 6, 4: 0, 6: 5, 5: 5, 3: 0, 7: 6, 9: 2, 10: 2, 15: 0, 11: 1, 12: 0} формула класса: 78 / 78
47 rank 1 точек 1 {8: 9, 4: 11, 6: 14, 5: 18, 3: 8, 7: 9, 9: 3, 10: 3, 15: 1, 11: 2, 12: 1} в 4E: {8: 6, 4: 0, 6: 5, 5: 5, 3: 0, 7: 6, 9: 2, 10: 2, 15: 0, 11: 1, 12: 0} формула класса: 79 / 79
65 rank 2 точек 16 {8: 11, 4: 20, 6: 18, 5: 18, 3: 8, 7: 9, 9: 3, 10: 4, 15: 1, 11: 2, 12: 1} в 4E: {8: 7, 4: 0, 6: 8, 5: 5, 3: 0, 7: 6, 9: 2, 10: 2, 15: 0, 11: 1, 12: 0} формула класса: 95 / 95
210 rank 2 точек 23 {8: 11, 4: 20, 6: 18, 5: 24, 3: 20, 7: 12, 9: 4, 10: 4, 15: 1, 11: 3, 12: 1} в 4E: {8: 7, 4: 0, 6: 8, 5: 7, 3: 0, 7: 7, 9: 2, 10: 2, 15: 0, 11: 2, 12: 0} формула класса: 118 / 118
1254 rank 3 точек 47 {8: 11, 4: 20, 6: 18, 5: 37, 3: 42, 7: 18, 9: 8, 10: 4, 15: 1, 11: 4, 12: 1, 13: 1} в 4E: {8: 7, 4: 0, 6: 8, 5: 12, 3: 0, 7: 9, 9: 3, 10: 2, 15: 0, 11: 3, 12: 0, 13: 0} формула класса: 165 / 165
семилинейные строки: {'checked': 261, 'class_formula_ok': 261} Саллоус: [{'x': 3364, 'v2(b/x)': 3, 'formula_ok': True, 'P_in_4E': False}, {'x': 12769, 'v2(b/x)': 5, 'formula_ok': True, 'P_in_4E': False}, {'x': 5476, 'v2(b/x)': 3, 'formula_ok': True, 'P_in_4E': False}]
ИТОГ: нарушений леммы 2 (P in 4E при v2 < 5): 0
