34 3400 все места: True
-3360 1056 все места: True
24 120 все места: True
7/4 -15/8 все места: True
567183/13 383045/14 все места: True
-93071/39 35220 все места: True
-731833/50 994748/49 все места: True
291 132820/11 все места: True
27944/3 -640093/41 все места: True
-24767/4 189373/9 все места: True
504121/13 72111/5 все места: True
795023/2 398087/15 все места: True
-232528/3 -545981/39 все места: True
13301/49 -184879/24 все места: True
-489039/38 -467714 все места: True
545635/19 771404/35 все места: True
62763/4 22832 все места: True
351378 -26228/39 все места: True
126229/12 -342301/21 все места: True
784969/43 -111955/28 все места: True
155401/9 -144759 все места: True
847359/17 -586073/40 все места: True
-48512/7 273233/34 все места: True
-336433/2 -791489/5 все места: True
ИТОГ: мест проверено 447 из них все 24 координаты -- квадраты: 447
