row 0: [0, 0, 0, 0, 0, 0, 0, 0, 0, 0, 0] torsion [0, 0] places 20 (1s)
row 1: [0, 0, 0, 0, 0, 0, 0, 0, 0, 0, 0] torsion [0, 0] places 20 (1s)
row 2: [0, 0, 0, 1, 0, 1, 0, 0, 0, 0, 1] torsion [0, 0] places 20 (2s)
row 3: [0, 0, 1, 0, 0, 0, 1, 0, 0, 0, 1] torsion [0, 0] places 20 (4402s)
row 4: [0, 0, 0, 0, 0, 1, 1, 0, 0, 0, 1] torsion [0, 0] places 20 (4402s)
row 5: [0, 0, 1, 0, 1, 0, 0, 0, 0, 1, 1] torsion [0, 0] places 20 (4403s)
row 6: [0, 0, 0, 1, 1, 0, 0, 1, 0, 0, 0] torsion [0, 0] places 20 (4403s)
row 7: [0, 0, 0, 0, 0, 0, 1, 0, 0, 0, 0] torsion [0, 0] places 20 (4404s)
row 8: [0, 0, 0, 0, 0, 0, 0, 0, 0, 0, 0] torsion [0, 0] places 20 (4404s)
row 9: [0, 0, 0, 0, 0, 1, 0, 0, 0, 0, 1] torsion [0, 0] places 20 (4404s)
row 10: [0, 0, 1, 1, 1, 1, 0, 0, 0, 1, 0] torsion [0, 0] places 20 (4405s)
A=2377 C=6073 D=910 k=x^2 - 462 roots=[5526430, 236600*r, -5526430]
[0 0 0 0 0 0 0 0 0 0 0]
[0 0 0 0 0 0 0 0 0 0 0]
[0 0 0 1 0 1 0 0 0 0 1]
[0 0 1 0 0 0 1 0 0 0 1]
[0 0 0 0 0 1 1 0 0 0 1]
[0 0 1 0 1 0 0 0 0 1 1]
[0 0 0 1 1 0 0 1 0 0 0]
[0 0 0 0 0 0 1 0 0 0 0]
[0 0 0 0 0 0 0 0 0 0 0]
[0 0 0 0 0 1 0 0 0 0 1]
[0 0 1 1 1 1 0 0 0 1 0]
dim Sel2 = 11; symmetric True; zero diagonal True; torsion in kernel True
rank CTP = 6  =>  rank E1(k) <= 3   (4405s, seed 5)
EXIT 0
