<string>:147: RuntimeWarning: cypari2 leaked 3089238200 bytes on the PARI stack
Traceback (most recent call last):
  File "/usr/bin/sage", line 5, in <module>
    from sage.cli.__main__ import main
  File "/usr/lib/python3.14/site-packages/sage/cli/__main__.py", line 9, in <module>
    sys.exit(main())
             ~~~~^^
  File "/usr/lib/python3.14/site-packages/sage/cli/__init__.py", line 56, in main
    return RunFileCmd(options).run()
           ~~~~~~~~~~~~~~~~~~~~~~~^^
  File "/usr/lib/python3.14/site-packages/sage/cli/run_file_cmd.py", line 50, in run
    eval(compile(open(input_file, 'rb').read(), input_file, 'exec'), sage_globals())
    ~~~~^^^^^^^^^^^^^^^^^^^^^^^^^^^^^^^^^^^^^^^^^^^^^^^^^^^^^^^^^^^^^^^^^^^^^^^^^^^^
  File "/tmp/sage_r6d8b_ud/ctp_section9x6x08dn.sage.py", line 26, in <module>
    vals, nP = ct.pair(els[i], els + tors, reps=_sage_const_2 )
               ~~~~~~~^^^^^^^^^^^^^^^^^^^^^^^^^^^^^^^^^^^^^^^^^
  File "<string>", line 222, in pair
  File "<string>", line 147, in tangent_forms
  File "<string>", line 120, in solve_conic
  File "sage/rings/number_field/number_field_element.pyx", line 1677, in sage.rings.number_field.number_field_element.NumberFieldElement.is_norm
    a, b = self._rnfisnorm(L, proof=proof)
  File "sage/rings/number_field/number_field_element.pyx", line 1812, in sage.rings.number_field.number_field_element.NumberFieldElement._rnfisnorm
    x, q = pari.rnfisnorm(rnf_data, self)
  File "cypari2/auto_instance.pxi", line 35901, in cypari2.pari_instance.Pari_auto.rnfisnorm
    sig_on()
MemoryError: failed to allocate 478167056 bytes
EXIT 1
EXIT 143
