s=1/5 (17,7,13): k = Number Field in r with defining polynomial x^2 - 15 with r = 3.872983346207417?, roots [14885, 3380*r, -14885], S = [2, 5, 13, 109, 109, 229, 229], dim k(S,2) = 9
   full 2-descent: dim Sel2 = 5 -> rank <= 3   (0s)
   2-isogeny, kernel <(e1,0)>: dim Sel(alpha) = 5, dim Sel(alpha') = 0 -> rank <= 3   (2s)
   2-isogeny, kernel <(e2,0)>: dim Sel(alpha) = 4, dim Sel(alpha') = 3 -> rank <= 5   (3s)
   2-isogeny, kernel <(e3,0)>: dim Sel(alpha) = 4, dim Sel(alpha') = 1 -> rank <= 3   (7s)
(23,7,17): k = Number Field in r with defining polynomial x^2 - 30 with r = 5.477225575051661?, roots [13906, 2312*r, -13906], S = [2, 13, 13, 17, 17, 409, 409], dim k(S,2) = 9
   full 2-descent: dim Sel2 = 7 -> rank <= 5   (0s)
   2-isogeny, kernel <(e1,0)>: dim Sel(alpha) = 5, dim Sel(alpha') = 2 -> rank <= 5   (2s)
   2-isogeny, kernel <(e2,0)>: dim Sel(alpha) = 3, dim Sel(alpha') = 4 -> rank <= 5   (2s)
   2-isogeny, kernel <(e3,0)>: dim Sel(alpha) = 4, dim Sel(alpha') = 3 -> rank <= 5   (3s)
(71,49,61): k = Number Field in r with defining polynomial x^2 - 165 with r = 12.84523257866513?, roots [2939651, 163724*r, -2939651], S = [2, 11, 13, 13, 61, 337, 337, 3061, 3061], dim k(S,2) = 11
   full 2-descent: dim Sel2 = 7 -> rank <= 5   (0s)
Traceback (most recent call last):
  File "/usr/bin/sage", line 5, in <module>
    from sage.cli.__main__ import main
  File "/usr/lib/python3.14/site-packages/sage/cli/__main__.py", line 9, in <module>
    sys.exit(main())
             ~~~~^^
  File "/usr/lib/python3.14/site-packages/sage/cli/__init__.py", line 56, in main
    return RunFileCmd(options).run()
           ~~~~~~~~~~~~~~~~~~~~~~~^^
  File "/usr/lib/python3.14/site-packages/sage/cli/run_file_cmd.py", line 50, in run
    eval(compile(open(input_file, 'rb').read(), input_file, 'exec'), sage_globals())
    ~~~~^^^^^^^^^^^^^^^^^^^^^^^^^^^^^^^^^^^^^^^^^^^^^^^^^^^^^^^^^^^^^^^^^^^^^^^^^^^^
  File "/tmp/sage_gx48qg5r/run_sectionslw5ysmey.sage.py", line 40, in <module>
    s1, s2 = Cv.isogeny_descent(i)
             ~~~~~~~~~~~~~~~~~~^^^
  File "<string>", line 178, in isogeny_descent
RuntimeError: isogeny images incomplete at Fractional ideal (-2*r + 61): [1, 0] vs 2
EXIT 0
