квартик в кэше: 37
      приём Фишера: точка (0:1) квартики g2, |N| цифр 11, разложилось полностью
      точка (0:1) g2: мест 26, спаривание 1
      точка (-1:1) g2: мест 26, спаривание 1
<g1,g2> = 1   эталон 1   СОВПАЛО   16s
      приём Фишера: точка (-1:1) квартики g2, |N| цифр 7, разложилось полностью
      точка (-1:1) g2: мест 24, спаривание 1
      точка (-1:0) g2: мест 25, спаривание 1
<g1,g6> = 1   эталон 1   СОВПАЛО   14s
      приём Фишера: точка (0:1) квартики g2, |N| цифр 65, разложилось полностью
      точка (0:1) g2: мест 30, спаривание 1
      точка (-1:1) g2: мест 27, спаривание 1
<g1,g7> = 1   эталон 1   СОВПАЛО   74s
      приём Фишера: точка (-1:0) квартики g2, |N| цифр 116, остаток 93 цифр
      точка (-1:0) g2: мест 32, спаривание 0
      точка (r - 2:0) g2: мест 33, спаривание 0
<g0,g1> = 0   эталон 0   СОВПАЛО   3486s
      приём Фишера: точка (0:1) квартики g2, |N| цифр 4, разложилось полностью
      точка (0:1) g2: мест 22, спаривание 0
      точка (-1:1) g3: мест 22, спаривание 0
<g2,g3> = 0   эталон 0   СОВПАЛО   17s
