n61: k = x^2 - 165, dim Sel^2(E1) = 7
    квартики загружены из кэша /home/kep/magicKube/descent/quart_n61_trick.sobj: 29
    квартика 0: [61527966741067057337968/329942113829762641*r - 832670835789923521398107/329942113829762641, 132553812371222125711080/329942113829762641*r - 2721518294988631489948920/329942113829762641, -29847449939692361770136/329942113829762641*r + 8354348523274143229442850/329942113829762641, -119267697053109913912695000/1009952810432903444101*r - 9426599795723543865448344120/1009952810432903444101, 10533337371140151136803630552/3091465552735117442393161*r - 5032542445387548572824988742227/3091465552735117442393161]  (0s)
    квартика 1: [-28394585996557/18739442*r + 572104581549743/18739442, -10629410141592/9369721*r + 52909906403288/9369721, -3671729604356/9369721*r + 79364859604932/9369721, 1642975466440/9369721*r + 52909906403288/9369721, 410743866610/9369721*r + 13227476600822/9369721]  (0s)
    квартика 2: [9342522408232752547495906397965541136668/4196656235854639983481413775768129*r - 47551702270262630393236101021587601374951/4196656235854639983481413775768129, -7054365996113636220336162897831924645888/4196656235854639983481413775768129*r - 193366605042360581679625634991760762552320/4196656235854639983481413775768129, 9909238106944844135087965044301505205712/4196656235854639983481413775768129*r + 220466010975165313389309949476757447901184/4196656235854639983481413775768129, -17193854291399810575072137607300139846172672/12845964737951052989436607567626242869*r - 249066862307035170706182018347476636402483200/12845964737951052989436607567626242869, 8214356043672668140018637730597176178901386640/39321498062868173200665455764503929422009*r + 92887511428036397479104645181627713633130303204/39321498062868173200665455764503929422009]  (0s)
    квартика 3: [9987164*r + 45311173410914979744/117725158321, -1998190741821040360/117725158321*r - 60944817625541730980/117725158321, 1413623682391929184/117725158321*r + 26765780864087393700/117725158321, -1108599596668293890160/360356709620581*r - 16304140418547008015560/360356709620581, 288437511546913492175984/1103051888148598441*r + 3808446199571766165743616/1103051888148598441]  (0s)
    квартика 4: [-2176654582/11*r - 37857809386/11, 25767498*r + 3501018750/11, 4405664/11*r + 208447980/11, 157872636/33671*r - 341745180/33671, 110450963208/103066931*r - 1422437021944/103066931]  (0s)
    квартика 5: [-66952265459629/18739442*r + 964880888792095/18739442, -136834311499864/9369721*r + 1719861231523864/9369721, -192979081641764/9369721*r + 2579791847285796/9369721, -124561925891832/9369721*r + 1719861231523864/9369721, -31140481472958/9369721*r + 429965307880966/9369721]  (0s)
    квартика 6: [2619675256516969673658966924/2387763759041281617649*r + 30073855029159321886035196689/2387763759041281617649, 1880716582284217012876353142/77024637388428439279*r + 27021656779632422468179739846/77024637388428439279, 624413691333445098134771095/2484665722207369009*r + 7359866100367992041502112221/2484665722207369009, 7349436439216321710897785429732/7605561775676756536549*r + 100095712138118592213236201206792/7605561775676756536549, 72973186430507265137617056905787095/46561249190693103516752978*r + 903205534586657985910593197408219907/46561249190693103516752978]  (0s)
    квартик построено: 29  (0s)
      приём Фишера: точка (-1:1) квартики g2, |N| цифр 5, разложилось полностью
      точка (-1:1) g2: мест 17, спаривание 0
    <0,1> = 0  (мест 1, 16s)
      приём Фишера: точка (-1:0) квартики g2, |N| цифр 83, остаток 50 цифр
      точка (-1:0) g2: мест 29, спаривание 0
    <0,2> = 0  (мест 1, 31s)
      приём Фишера: точка (-1:0) квартики g3, |N| цифр 21, разложилось полностью
      точка (-1:0) g3: мест 21, спаривание 0
    <0,3> = 0  (мест 1, 48s)
      приём Фишера: точка (-1:0) квартики g2, |N| цифр 13, разложилось полностью
      точка (-1:0) g2: мест 20, спаривание 0
    <0,4> = 0  (мест 1, 61s)
      приём Фишера: точка (-1:1) квартики g2, |N| цифр 4, разложилось полностью
      точка (-1:1) g2: мест 17, спаривание 0
    <0,5> = 0  (мест 1, 76s)
      приём Фишера: точка (-1:0) квартики g2, |N| цифр 25, разложилось полностью
      точка (-1:0) g2: мест 29, спаривание 0
    <0,6> = 0  (мест 1, 94s)
      приём Фишера: точка (-1:0) квартики g3, |N| цифр 14, разложилось полностью
      точка (-1:0) g3: мест 23, спаривание 0
    <1,2> = 0  (мест 1, 111s)
      приём Фишера: точка (-1:1) квартики g3, |N| цифр 2, разложилось полностью
      точка (-1:1) g3: мест 15, спаривание 0
    <1,3> = 0  (мест 1, 127s)
      приём Фишера: точка (0:1) квартики g3, |N| цифр 9, разложилось полностью
      точка (0:1) g3: мест 15, спаривание 0
    <1,4> = 0  (мест 1, 141s)
      приём Фишера: точка (-1:1) квартики g2, |N| цифр 4, разложилось полностью
      точка (-1:1) g2: мест 15, спаривание 0
    <1,5> = 0  (мест 1, 157s)
      приём Фишера: точка (-1:0) квартики g2, |N| цифр 25, разложилось полностью
      точка (-1:0) g2: мест 28, спаривание 1
    <1,6> = 1  (мест 1, 173s)
      приём Фишера: точка (r - 2:0) квартики g2, |N| цифр 28, разложилось полностью
      точка (r - 2:0) g2: мест 33, спаривание 1
    <2,3> = 1  (мест 1, 190s)
      приём Фишера: точка (-1:0) квартики g2, |N| цифр 13, разложилось полностью
      точка (-1:0) g2: мест 24, спаривание 1
    <2,4> = 1  (мест 1, 205s)
      приём Фишера: точка (-1:1) квартики g2, |N| цифр 4, разложилось полностью
      точка (-1:1) g2: мест 23, спаривание 1
    <2,5> = 1  (мест 1, 220s)
      приём Фишера: точка (-1:0) квартики g2, |N| цифр 25, разложилось полностью
      точка (-1:0) g2: мест 36, спаривание 0
    <2,6> = 0  (мест 1, 237s)
      приём Фишера: точка (-1:0) квартики g2, |N| цифр 13, разложилось полностью
      точка (-1:0) g2: мест 21, спаривание 1
    <3,4> = 1  (мест 1, 250s)
      приём Фишера: точка (-1:1) квартики g3, |N| цифр 1, разложилось полностью
      точка (-1:1) g3: мест 18, спаривание 0
    <3,5> = 0  (мест 1, 265s)
      приём Фишера: точка (-1:0) квартики g2, |N| цифр 25, разложилось полностью
      точка (-1:0) g2: мест 30, спаривание 0
    <3,6> = 0  (мест 1, 282s)
      приём Фишера: точка (-1:1) квартики g2, |N| цифр 4, разложилось полностью
      точка (-1:1) g2: мест 15, спаривание 1
    <4,5> = 1  (мест 1, 298s)
      приём Фишера: точка (-1:0) квартики g3, |N| цифр 21, разложилось полностью
      точка (-1:0) g3: мест 25, спаривание 1
    <4,6> = 1  (мест 1, 315s)
      приём Фишера: точка (-1:0) квартики g2, |N| цифр 25, разложилось полностью
      точка (-1:0) g2: мест 28, спаривание 0
    <5,6> = 0  (мест 1, 333s)
      приём Фишера: точка (1:1) квартики g3, |N| цифр 3, разложилось полностью
      точка (1:1) g3: мест 17, спаривание 0
    <0,0> = 0
      приём Фишера: точка (1:1) квартики g3, |N| цифр 3, разложилось полностью
      точка (1:1) g3: мест 15, спаривание 0
    <1,1> = 0
      приём Фишера: точка (1:1) квартики g3, |N| цифр 3, разложилось полностью
      точка (1:1) g3: мест 21, спаривание 0
    <2,2> = 0
      приём Фишера: точка (1:1) квартики g3, |N| цифр 3, разложилось полностью
      точка (1:1) g3: мест 18, спаривание 0
    <3,3> = 0
      приём Фишера: точка (1:1) квартики g3, |N| цифр 3, разложилось полностью
      точка (1:1) g3: мест 15, спаривание 0
    <4,4> = 0
      приём Фишера: точка (1:1) квартики g3, |N| цифр 3, разложилось полностью
      точка (1:1) g3: мест 15, спаривание 0
    <5,5> = 0
      приём Фишера: точка (1:1) квартики g3, |N| цифр 3, разложилось полностью
      точка (1:1) g3: мест 21, спаривание 0
    <6,6> = 0
      приём Фишера: точка (-1:0) квартики g2, |N| цифр 13, разложилось полностью
      точка (-1:0) g2: мест 26, спаривание 1
    симметрия <6,4> = 1 vs <4,6> = 1: OK
      приём Фишера: точка (-1:1) квартики g3, |N| цифр 11, разложилось полностью
      точка (-1:1) g3: мест 15, спаривание 1
    симметрия <5,4> = 1 vs <4,5> = 1: OK
      приём Фишера: точка (-1:1) квартики g2, |N| цифр 5, разложилось полностью
      точка (-1:1) g2: мест 24, спаривание 1
    симметрия <6,1> = 1 vs <1,6> = 1: OK
Фишер (с приёмом): rank CTP = 4, симметрия True, диагональ 0: True  (457s)
[0 0 0 0 0 0 0]
[0 0 0 0 0 0 1]
[0 0 0 1 1 1 0]
[0 0 1 0 1 0 0]
[0 0 1 1 0 1 1]
[0 0 1 0 1 0 0]
[0 1 0 0 1 0 0]
=> rank E1(k) <= 1
