=== n89: A=2377 C=6073 D=910, k = x^2 - 462, roots = [5526430, 236600*r, -5526430]
-- i=1: ядро <(e1,0)>, E'_i: a' = 473200*r - 33158580, b' = 2615106676000*r + 56403985264900
  k = x^2 - 462, a = 473200*r - 33158580, b = 2615106676000*r + 56403985264900
  Delta ~ d = 12146;  K = k(sqrt d), abs poly x^4 - 25216*x^2 + 136515856
  S: 8 простых над [2, 5, 7, 13, 2377, 6073];  dim k(S,2) = 10, dim K(S_K,2) = 18  (0s)
  места: (2, r)[dim 10, tgt 3], (5, 0)[dim 6, tgt 2], (7, r)[dim 6, tgt 2], (13, 0)[dim 6, tgt 2], (2377, r + 1221)[dim 6, tgt 2], (2377, r + 1156)[dim 6, tgt 2], (6073, r + 3081)[dim 4, tgt 1], (6073, r + 2992)[dim 4, tgt 1], real -21.494[dim 3, tgt 1], real 21.494[dim 3, tgt 1]
    (2, r): dim Im mu_v = 3 / 10  (0s)
    (5, 0): dim Im mu_v = 2 / 6  (0s)
    (7, r): dim Im mu_v = 2 / 6  (0s)
    (13, 0): dim Im mu_v = 2 / 6  (0s)
    (2377, r + 1221): dim Im mu_v = 2 / 6  (0s)
    (2377, r + 1156): dim Im mu_v = 2 / 6  (0s)
    (6073, r + 3081): dim Im mu_v = 1 / 4  (0s)
    (6073, r + 2992): dim Im mu_v = 1 / 4  (0s)
    real -21.494: dim Im mu_v = 1 / 3  (0s)
    real 21.494: dim Im mu_v = 1 / 3  (0s)
  dim Sel^2 = 8  =>  rank E(k) <= 7   (контроли: {'torsion_nonzero': True, 'torsion_in_Sel': True, 'norm_condition': True, 'N_theta': True, 'T_in_2E': False, 'mu_T_consistent': True})
    квартики загружены из кэша /home/kep/magicKube/descent/quart_n89_1.sobj: 14
    квартика 0: [-632174015571402320478495466057914598400/333819208032331872841179014449314807843*r - 559172802668100579112332585762813793753600/333819208032331872841179014449314807843, 0, -40160654973354292779533462240/44238624110149850761249*r + 2970465734835931113959806454280/44238624110149850761249, 119889810499092391372429469401120303107338535485890810030/4651921786729255991710337702879843752709695082377*r + 2576934854476394962928854934140037675955065437149230445540/4651921786729255991710337702879843752709695082377, 12634947102337996325860578921716127055174525175847470758365766503285897940578079996200/489173810106839925395702847764063878345216458321829945058206938614649891121*r - 290119394685757651582443543781943713669706752653864600518370580315989674076727005293154/489173810106839925395702847764063878345216458321829945058206938614649891121]  (0s)
    квартика 1: [14571962544600814809086805714041231566275143765235410252160/1270580713806137473650425717386142969781205382946286076881*r - 314036355390575104660238183093393622815119360580363087448520/1270580713806137473650425717386142969781205382946286076881, 22273646866359899780923579725860021198851783344551794894080/1270580713806137473650425717386142969781205382946286076881*r - 427742682783382080572225813936751550897128093234049939564080/1270580713806137473650425717386142969781205382946286076881, -1202496413757617533643649189526446953610878580740555420528633360/1270580713806137473650425717386142969781205382946286076881*r + 84260529852541651261243464616216309276356036571955437087965604080/1270580713806137473650425717386142969781205382946286076881, -46444641002286720922090392372673781971512170281295049372155949920/1270580713806137473650425717386142969781205382946286076881*r - 919532290445155235181217196553148791831653801401903851969310682840/1270580713806137473650425717386142969781205382946286076881, -3441323632626722678893168771258342270809587537733722812107477311548080/1270580713806137473650425717386142969781205382946286076881*r - 78798514098681012104158766882674510136856614023288190637643705104931970/1270580713806137473650425717386142969781205382946286076881]  (0s)
    квартика 2: [-44980122340149429160/2730085376209*r - 1349913448047676888740/2730085376209, -10989060657120/130321*r - 218093339391200/130321, -16236919396880/130321*r - 344425046303520/130321, -10742389068320/130321*r - 235378376607920/130321, -2685597267080/130321*r - 58844594151980/130321]  (0s)
    квартика 3: [1420500525769235523360842138328/11115767049869785801*r + 39496167643084439138938971438732/11115767049869785801, 511167886112*r + 14212532115808, 766753721968*r + 21318665539392, 511169778912*r + 14212399481488, 127792444728*r + 3553099870372]  (0s)
    квартика 4: [-48034599426923966824866698740423502208297187234078560/132415226425239401756288541762049*r + 1032524166987914835967225285771434097893750830497704720/132415226425239401756288541762049, -1451029484257805117120*r + 31190496587516405943440, -2176544226386705782880*r + 46785744881274476280840, -1451029484257803224320*r + 31190496587516273309120, -362757371064450806080*r + 7797624146879068327280]  (0s)
    квартика 5: [-4732*r + 1657929/5, -94640*r + 15474004, -946400*r + 331585800, 3536915200, 17684576000]  (0s)
    квартика 6: [-85853040*r + 2043481440, -355584320*r + 7737002000, -531483680*r + 11472868680, -353691520*r + 7604367680, -88422880*r + 1901091920]  (0s)
    квартика 7: [-3652013922515700855616084285270604516480351339583647985272702859623471966755652466040/2356500287148340104569476748685359252116061312911441*r + 78507245991324345998228304440105148638925980167841015026382158846782120836742718356180/2356500287148340104569476748685359252116061312911441, -6199046853391380963579392037970720*r + 133260745045489345674694139073405440, -9298570280087071445369088055063280*r + 199891117568234018512041208477473840, -6199046853391380963579392036077920*r + 133260745045489345674694138940771120, -1549761713347845240894848009019480*r + 33315186261372336418673534735192780]  (0s)
    кандидатов коники: 19; лучшие |N(tp)|: [4225, 1134487929918586142373745541171326707514050650, 51725832773930895682977890119019039951371474150, 129712118926217526054578787651123496799782754027624, 314950986945282818085655252362769968801720090596200766036868247037295546650]
    кандидатов коники: 58; лучшие |N(tp)|: [4, 27615993042909544289857, 7476639334485631382227362, 10440550683332681129817316, 14378096758004157331928833]
    кандидатов коники: 42; лучшие |N(tp)|: [4, 367267842385712879235950, 1469071369542851516943800, 16819398109896107017489566200, 77039571690196676400049815800]
    кандидатов коники: 23; лучшие |N(tp)|: [4, 499588899868164854373807306716, 1998355599472659417495229226864, 16533965117467033970376517817711, 32075270667878838697544740685519]
    кандидатов коники: 80; лучшие |N(tp)|: [4, 19543620282783129124, 192711889113092446969, 195987262300560365543, 2691026684263432202689]
    кандидатов коники: 83; лучшие |N(tp)|: [4, 3047562165873455207, 27436801393840030201, 154740494472277289309, 192711889113092446969]
    кандидатов коники: 14; лучшие |N(tp)|: [4, 231751441838825033402287320697077709511996, 361930778355281115065456021293297458225407, 1447723113421124460261824085173189832901628, 191855718527477260268175267262420097658958500021788]
    кандидатов коники: 102; лучшие |N(tp)|: [1, 270698069214765314200, 270698069214765314200, 3517992107515090023343200, 3517992107515090023343200]
    кандидатов коники: 68; лучшие |N(tp)|: [1, 46301660674884006802765662, 216612700684404407248916606, 74838247565081582820724224350, 1072512186761876085476831848077384]
    кандидатов коники: 84; лучшие |N(tp)|: [1, 227855060894, 227855060894, 1068467183512, 23025984699374]
    кандидатов коники: 92; лучшие |N(tp)|: [1, 227855060894, 227855060894, 3363544652366, 23025984699374]
    кандидатов коники: 41; лучшие |N(tp)|: [1, 201110855836642093177811310738157075677191, 6653055612974634048286631260669379471145521691497286431050088, 66429859079224034762519110322488955056310848817491966201915316, 213876112082392988789564902121273996653082303884421658674029532]
    кандидатов коники: 21; лучшие |N(tp)|: [1, 9060464662714751194012428102449450, 9060464662714751194012428102449450, 14521909795375567185387665473551587800, 14521909795375567185387665473551587800]
    кандидатов коники: 91; лучшие |N(tp)|: [1, 5030021463246693572911200, 50439937450890454995026200, 50439937450890454995026200, 73644544243394840600992879200]
    кандидатов коники: 93; лучшие |N(tp)|: [1, 5030021463246693572911200, 50439937450890454995026200, 50439937450890454995026200, 1525808107889436263599542550]
    кандидатов коники: 22; лучшие |N(tp)|: [1, 146304848971841881019792150561641077091953593190805009531657725555129050, 82836313118808895808198716244497713427272610533241484061236421138015057050, 82836313118808895808198716244497713427272610533241484061236421138015057050, 19066594222859405776380332853343626807700484218218899647175166452069972925050]
    кандидатов коники: 62; лучшие |N(tp)|: [1, 6089475867280358887643596, 9329822917601067953928975, 12790960431179933176496783, 239798974434011455131873988]
