=== n89: A=2377 C=6073 D=910, k = x^2 - 462, roots = [5526430, 236600*r, -5526430]
-- i=1: ядро <(e1,0)>, E'_i: a' = 473200*r - 33158580, b' = 2615106676000*r + 56403985264900
  k = x^2 - 462, a = 473200*r - 33158580, b = 2615106676000*r + 56403985264900
  Delta ~ d = 12146;  K = k(sqrt d), abs poly x^4 - 25216*x^2 + 136515856
  S: 8 простых над [2, 5, 7, 13, 2377, 6073];  dim k(S,2) = 10, dim K(S_K,2) = 18  (0s)
  места: (2, r)[dim 10, tgt 3], (5, 0)[dim 6, tgt 2], (7, r)[dim 6, tgt 2], (13, 0)[dim 6, tgt 2], (2377, r + 1221)[dim 6, tgt 2], (2377, r + 1156)[dim 6, tgt 2], (6073, r + 3081)[dim 4, tgt 1], (6073, r + 2992)[dim 4, tgt 1], real -21.494[dim 3, tgt 1], real 21.494[dim 3, tgt 1]
    (2, r): dim Im mu_v = 3 / 10  (0s)
    (5, 0): dim Im mu_v = 2 / 6  (0s)
    (7, r): dim Im mu_v = 2 / 6  (0s)
    (13, 0): dim Im mu_v = 2 / 6  (0s)
    (2377, r + 1221): dim Im mu_v = 2 / 6  (0s)
    (2377, r + 1156): dim Im mu_v = 2 / 6  (0s)
    (6073, r + 3081): dim Im mu_v = 1 / 4  (0s)
    (6073, r + 2992): dim Im mu_v = 1 / 4  (0s)
    real -21.494: dim Im mu_v = 1 / 3  (0s)
    real 21.494: dim Im mu_v = 1 / 3  (0s)
  dim Sel^2 = 8  =>  rank E(k) <= 7   (контроли: {'torsion_nonzero': True, 'torsion_in_Sel': True, 'norm_condition': True, 'N_theta': True, 'T_in_2E': False, 'mu_T_consistent': True})
    кандидатов коники: 108; лучшие |N(tp)|: [4225, 567792981458351359645906456, 2398925346661534494503954776600, 189256570983886320148617118360596171794081930006872057862898150, 26097298993677286156448859685008128890825705979834091792832701400]
    квартика 0: [-632174015571402320478495466057914598400/333819208032331872841179014449314807843*r - 559172802668100579112332585762813793753600/333819208032331872841179014449314807843, 0, -40160654973354292779533462240/44238624110149850761249*r + 2970465734835931113959806454280/44238624110149850761249, 119889810499092391372429469401120303107338535485890810030/4651921786729255991710337702879843752709695082377*r + 2576934854476394962928854934140037675955065437149230445540/4651921786729255991710337702879843752709695082377, 12634947102337996325860578921716127055174525175847470758365766503285897940578079996200/489173810106839925395702847764063878345216458321829945058206938614649891121*r - 290119394685757651582443543781943713669706752653864600518370580315989674076727005293154/489173810106839925395702847764063878345216458321829945058206938614649891121]  (54s)
    кандидатов коники: 84; лучшие |N(tp)|: [4, 84811669652033186116, 192711889113092446969, 297419938489369539825, 2691026684263432202689]
    квартика 1: [14571962544600814809086805714041231566275143765235410252160/1270580713806137473650425717386142969781205382946286076881*r - 314036355390575104660238183093393622815119360580363087448520/1270580713806137473650425717386142969781205382946286076881, 22273646866359899780923579725860021198851783344551794894080/1270580713806137473650425717386142969781205382946286076881*r - 427742682783382080572225813936751550897128093234049939564080/1270580713806137473650425717386142969781205382946286076881, -1202496413757617533643649189526446953610878580740555420528633360/1270580713806137473650425717386142969781205382946286076881*r + 84260529852541651261243464616216309276356036571955437087965604080/1270580713806137473650425717386142969781205382946286076881, -46444641002286720922090392372673781971512170281295049372155949920/1270580713806137473650425717386142969781205382946286076881*r - 919532290445155235181217196553148791831653801401903851969310682840/1270580713806137473650425717386142969781205382946286076881, -3441323632626722678893168771258342270809587537733722812107477311548080/1270580713806137473650425717386142969781205382946286076881*r - 78798514098681012104158766882674510136856614023288190637643705104931970/1270580713806137473650425717386142969781205382946286076881]  (60s)
    кандидатов коники: 82; лучшие |N(tp)|: [1, 227855060894, 227855060894, 1772977468286, 23025984699374]
    квартика 2: [-44980122340149429160/2730085376209*r - 1349913448047676888740/2730085376209, -10989060657120/130321*r - 218093339391200/130321, -16236919396880/130321*r - 344425046303520/130321, -10742389068320/130321*r - 235378376607920/130321, -2685597267080/130321*r - 58844594151980/130321]  (65s)
    кандидатов коники: 90; лучшие |N(tp)|: [1, 5030021463246693572911200, 50439937450890454995026200, 50439937450890454995026200, 1525808107889436263599542550]
    квартика 3: [1420500525769235523360842138328/11115767049869785801*r + 39496167643084439138938971438732/11115767049869785801, 511167886112*r + 14212532115808, 766753721968*r + 21318665539392, 511169778912*r + 14212399481488, 127792444728*r + 3553099870372]  (68s)
    кандидатов коники: 63; лучшие |N(tp)|: [1, 457014898688379172676313, 9065406801471587323128119, 13406761174043505606576841, 61684802910552984066151801]
    квартика 4: [-48034599426923966824866698740423502208297187234078560/132415226425239401756288541762049*r + 1032524166987914835967225285771434097893750830497704720/132415226425239401756288541762049, -1451029484257805117120*r + 31190496587516405943440, -2176544226386705782880*r + 46785744881274476280840, -1451029484257803224320*r + 31190496587516273309120, -362757371064450806080*r + 7797624146879068327280]  (94s)
    кандидатов коники: 39; лучшие |N(tp)|: [1, 1, 4, 25, 54289]
    квартика 5: [-4732*r + 1657929/5, -94640*r + 15474004, -946400*r + 331585800, 3536915200, 17684576000]  (98s)
    кандидатов коники: 71; лучшие |N(tp)|: [1, 1, 1, 88, 88]
    квартика 6: [-85853040*r + 2043481440, -355584320*r + 7737002000, -531483680*r + 11472868680, -353691520*r + 7604367680, -88422880*r + 1901091920]  (102s)
    кандидатов коники: 20; лучшие |N(tp)|: [1, 9335614969510563475781625034543454, 9335614969510563475781625034543454, 745811977254298404889093966836207561665172734, 11932991636068774478225503469379320986642763744]
    квартика 7: [-3652013922515700855616084285270604516480351339583647985272702859623471966755652466040/2356500287148340104569476748685359252116061312911441*r + 78507245991324345998228304440105148638925980167841015026382158846782120836742718356180/2356500287148340104569476748685359252116061312911441, -6199046853391380963579392037970720*r + 133260745045489345674694139073405440, -9298570280087071445369088055063280*r + 199891117568234018512041208477473840, -6199046853391380963579392036077920*r + 133260745045489345674694138940771120, -1549761713347845240894848009019480*r + 33315186261372336418673534735192780]  (292s)
    кандидатов коники: 6; лучшие |N(tp)|: [16900, 389060907649320522966010538883191336456843716, 4066537532341731960752401415586987103885512025, 1401415490795130625689574282264982578172512267291637175963652630901077045588959683835751659189799175651503448516704398986725981924, 42392818596552701427109622038515722989718496085572024572900492084757580629066030436031487690491425063457979317630308069348460953201]
    кандидатов коники: 73; лучшие |N(tp)|: [4225, 24035985231560430873672280600, 290557176475613371353647679856600, 37942802437898443318452529674492840011691617944, 160308340300120923020461937874732249049397085813400]
    кандидатов коники: 23; лучшие |N(tp)|: [4225, 37731373749362877905304677440252808478317150743964, 9348839305279125941105370213465179521151254239119919499656279762118020712234796137476994128700547484, 53335827982849479113524253072557651320857679533805845765033565263849072055481317157414945230424878911, 37201878175728752731592629676226969799952178365817413929694280190663869099357655794636955284341888905916]
    кандидатов коники: 23; лучшие |N(tp)|: [4225, 39897115452920713631017447523986006, 1138756104769410387082376725177401574, 111784454917876354871198874541607311174, 168565312788590015091048715788840875350]
    кандидатов коники: 91; лучшие |N(tp)|: [4225, 2398925346661534494503954776600, 43913384256141091515219804187136023576543569486958116641877400, 17158159558369882812403063028663242326714951512573380319177584600, 29035186284594160636572796783031599353069565285971754886792646808150]
    кандидатов коники: 115; лучшие |N(tp)|: [4225, 2398925346661534494503954776600, 32558814536227011543031300216709350, 503208176417110121705127569758722400, 257941016695812837838222778903390484953938396004828609195976600]
    кандидатов коники: 24; лучшие |N(tp)|: [4225, 1134487929918586142373745541171326707514050650, 3055437529280541360151020899338428144071090017850, 668564824510556951461232767785399565649722442533850, 179746228124047989387871876333014375363569672108436552544600]
    кандидатов коники: 48; лучшие |N(tp)|: [4, 819905033211040335567649, 4580399882787969749547201, 28766264480812263553212289, 291421287444649853929367812]
    кандидатов коники: 55; лучшие |N(tp)|: [4, 367267842385712879235950, 1469071369542851516943800, 667760900381751267111620591, 4629955403180859142858408461729121354973067139867437363515950876422615877550]
    кандидатов коники: 17; лучшие |N(tp)|: [4, 7317392985532089723398255747881, 29269571942128358893593022991524, 32075270667878838697544740685519, 128301082671515354790178962742076]
    кандидатов коники: 73; лучшие |N(tp)|: [4, 9004824875219686825, 147782683016949815332, 192711889113092446969, 234857755269214216487]
    кандидатов коники: 74; лучшие |N(tp)|: [4, 25859564681123198257, 192711889113092446969, 259678587954599205316, 1735212667167130998479]
    кандидатов коники: 6; лучшие |N(tp)|: [4, 361930778355281115065456021293297458225407, 1447723113421124460261824085173189832901628, 196570303560168263087406574284114992920077513698687579020503719201671795134312404811073135639660212007510474647972923865930877042050629515652017297975463, 1833916477778593650786861301088067519246562824632934716199170194612108389035159319239024466093178495104657787703689265959330637204925395646965639870188901125585943256070307327]
    кандидатов коники: 105; лучшие |N(tp)|: [1, 270698069214765314200, 270698069214765314200, 35277643078137430511858200, 46695641632941119169984634071571597358225272233303576129314200]
    кандидатов коники: 50; лучшие |N(tp)|: [1, 8194283818395356521298168, 843027342774720479600081336, 2454805449536062661704755998, 9404870292885847558024201282966]
    кандидатов коники: 87; лучшие |N(tp)|: [1, 227855060894, 227855060894, 1772977468286, 5277760952558]
    кандидатов коники: 85; лучшие |N(tp)|: [1, 227855060894, 227855060894, 2089787791850, 23025984699374]
