=== n89: A=2377 C=6073 D=910, k = x^2 - 462, roots = [5526430, 236600*r, -5526430]
-- i=1: ядро <(e1,0)>, E'_i: a' = 473200*r - 33158580, b' = 2615106676000*r + 56403985264900
  k = x^2 - 462, a = 473200*r - 33158580, b = 2615106676000*r + 56403985264900
  Delta ~ d = 12146;  K = k(sqrt d), abs poly x^4 - 25216*x^2 + 136515856
  S: 8 простых над [2, 5, 7, 13, 2377, 6073];  dim k(S,2) = 10, dim K(S_K,2) = 18  (0s)
  места: (2, r)[dim 10, tgt 3], (5, 0)[dim 6, tgt 2], (7, r)[dim 6, tgt 2], (13, 0)[dim 6, tgt 2], (2377, r + 1221)[dim 6, tgt 2], (2377, r + 1156)[dim 6, tgt 2], (6073, r + 3081)[dim 4, tgt 1], (6073, r + 2992)[dim 4, tgt 1], real -21.494[dim 3, tgt 1], real 21.494[dim 3, tgt 1]
    (2, r): dim Im mu_v = 3 / 10  (0s)
    (5, 0): dim Im mu_v = 2 / 6  (0s)
    (7, r): dim Im mu_v = 2 / 6  (0s)
    (13, 0): dim Im mu_v = 2 / 6  (0s)
    (2377, r + 1221): dim Im mu_v = 2 / 6  (0s)
    (2377, r + 1156): dim Im mu_v = 2 / 6  (0s)
    (6073, r + 3081): dim Im mu_v = 1 / 4  (0s)
    (6073, r + 2992): dim Im mu_v = 1 / 4  (0s)
    real -21.494: dim Im mu_v = 1 / 3  (0s)
    real 21.494: dim Im mu_v = 1 / 3  (0s)
  dim Sel^2 = 8  =>  rank E(k) <= 7   (контроли: {'torsion_nonzero': True, 'torsion_in_Sel': True, 'norm_condition': True, 'N_theta': True, 'T_in_2E': False, 'mu_T_consistent': True})
    кандидатов коники: 14; лучшие |N(tp)|: [134871167223872347284955556524481586240393475788506175161452593192474679151345362200, 4079852808522138505369905584865567983771902642602311798633940944072359044328197206550, 55502486196094202067486301770956842453215764041806585341335084418901863032389733979608950, 940710341717609981503238097047032650717981886801211739516287624658920982593814891246898200, 375778510109686175932185918656863928930761365755590986643208314340156681462493398577522308550]
      -> AlarmInterrupt: 
      -> AlarmInterrupt: 
      -> AlarmInterrupt: 
      -> AlarmInterrupt: 
