=== n89: A=2377 C=6073 D=910, k = x^2 - 462, roots = [5526430, 236600*r, -5526430]
-- i=2: ядро <(e2,0)>, E'_i: a' = -946400*r, b' = 122165714179600
  k = x^2 - 462, a = -946400*r, b = 122165714179600
  Delta ~ d = -1;  K = k(sqrt d), abs poly x^4 - 922*x^2 + 214369
  S: 8 простых над [2, 5, 7, 13, 2377, 6073];  dim k(S,2) = 10, dim K(S_K,2) = 18  (0s)
  места: (2, r)[dim 10, tgt 3], (5, 0)[dim 6, tgt 2], (7, r)[dim 4, tgt 1], (13, 0)[dim 6, tgt 2], (2377, r + 1221)[dim 6, tgt 2], (2377, r + 1156)[dim 6, tgt 2], (6073, r + 3081)[dim 6, tgt 2], (6073, r + 2992)[dim 6, tgt 2], real -21.494[dim 1, tgt 0], real 21.494[dim 1, tgt 0]
    (2, r): dim Im mu_v = 3 / 10  (0s)
    (5, 0): dim Im mu_v = 2 / 6  (0s)
    (7, r): dim Im mu_v = 1 / 4  (0s)
    (13, 0): dim Im mu_v = 2 / 6  (0s)
    (2377, r + 1221): dim Im mu_v = 2 / 6  (0s)
    (2377, r + 1156): dim Im mu_v = 2 / 6  (0s)
    (6073, r + 3081): dim Im mu_v = 2 / 6  (0s)
    (6073, r + 2992): dim Im mu_v = 2 / 6  (0s)
    real -21.494: dim Im mu_v = 0 / 1  (0s)
    real 21.494: dim Im mu_v = 0 / 1  (0s)
  dim Sel^2 = 8  =>  rank E(k) <= 7   (контроли: {'torsion_nonzero': True, 'torsion_in_Sel': True, 'norm_condition': True, 'N_theta': True, 'T_in_2E': False, 'mu_T_consistent': True})
    кандидатов коники: 86; лучшие |N(tp)|: [36881329, 1805185523676, 20163322237791, 11006921071550466831, 38420505427896153399]
    квартика 0: [-26177970432677726980214866313380014807497642590463058485898035969739599868233475662708765053973370528060269150145157244514375635789848551484696892386122457714094086722998106122946614221828946283172265833245739030906958893479394262504629577263253215005908514793968127025258919801759091641125658382351797735830160/84994792248685681432655002509853618289759127150771402164691396862629093466794161008456921755362848306096815709518839797193690498606067178879968315320551890014727943571107487278342843148098777863074797674102826744558546744580333271653642415701536628376256898146600904876850818060471495339109983096161201*r + 538720551505519048414037732065655480001017817725250072349577550312627160884445523840562123423851212668988946729689451832100108238214382192192704423561603767092725645303694226200226504693995446870169298559410113677201243098456162313839217538471233964755024035984357339499989432554117173216630881873841869537943640/84994792248685681432655002509853618289759127150771402164691396862629093466794161008456921755362848306096815709518839797193690498606067178879968315320551890014727943571107487278342843148098777863074797674102826744558546744580333271653642415701536628376256898146600904876850818060471495339109983096161201, 1424595617134065436694760527010939088863350606780109375118575281545538892624729098945068840411596019053016799523926421184127960216192515303978160956308767937725836401988740811215581889325096969552036586337970122070898032392200022751049208745125967652735945268463680/484828458599876112650548474464252367475481162694279256425462451229709218960773040793438567075066587032592825864723658210324002182466771123444708003129057207643235336298236184556085786514661414206200467027379237486715152927575499670032014418549741475772817699870519510560500704815334611110153974389*r + 30620522115555214766314979414888893736149229458506979861311296271963923315832296359143548596565149660795243404763684079225838621976180625787240675248215819845237331245774437049553941752428706442481166167285789057435939040303897913700101391787235857991486992611980480/484828458599876112650548474464252367475481162694279256425462451229709218960773040793438567075066587032592825864723658210324002182466771123444708003129057207643235336298236184556085786514661414206200467027379237486715152927575499670032014418549741475772817699870519510560500704815334611110153974389, 5234661691287073145274675872122577170354007750587430060990110762639645481115921108659722298090175755202789818299065812020193525634031478580053625345298076396610152966584650503985802239604526419833645125611734499745347723222731440039931420114440185668754333187174449985789146588571004075537394624960/2765565136985985389515361301839907634379758955297670150565358602408942033556594588945453839078807060861637599123397305388337177112793816195658568602462264958691426773857795005139985890711038304971224905894045585148025217915654642203378117601205536942044148902055909910845995954659113970818121*r - 24273302439917986275849032814475571911440686252047258226018137542037802625193278885502988306316053102078736976091330096603575927386650070547018912708519742318019122782592225848345894034787485731219853396608128647161536000/2765565136985985389515361301839907634379758955297670150565358602408942033556594588945453839078807060861637599123397305388337177112793816195658568602462264958691426773857795005139985890711038304971224905894045585148025217915654642203378117601205536942044148902055909910845995954659113970818121, -902527042656746860127705402122449927786722995124504649224605089897458746294170254833269942231105607807770031228922095039715549965305823878213454458418965274829874597438792784995482674695561574486977296873102601878174108720902362140914326039195850037199007545920/7768472469793632959148649896868300544972742905431155452938092314166718172260474200347779833972369033960340015937623030835839130509837829693604919204316502268964217807766546169438220367007306598664170760656374048680802837125073889949289132341786353270202014265875050939566402636637451144028101889*r - 19399083457208766163436842955692703191117925679146695775218407456534932570007520150814487085011759319691842353115388996817474071241826939567107187628492584423907232882648201263381886056990641414380072039940539350517390400785290552801293324052233062693604268009280/7768472469793632959148649896868300544972742905431155452938092314166718172260474200347779833972369033960340015937623030835839130509837829693604919204316502268964217807766546169438220367007306598664170760656374048680802837125073889949289132341786353270202014265875050939566402636637451144028101889, 137772681732742409646214736992226169933931998767465574199271175198457297514944511416901168820797559049428231523285895010399654728726669165240085684842703521064078446564498060815153014719614339817275025468044436563791134082623724395262667048971376807066842552862787470010812832519292166051458219569030640/21821639167650314982248557560303056230828434821356115667303101310494311345879672028776913553628384616394595104768783093617872117602134463609336218044925054873520487822016228189951961010923524235647655666683754702744375169484332556867553172748077866335997458072843018089242025006314600263574938206201*r + 2835245584692385453007659536927391017624034393969915513814741372592014941509600726684504077571958239895863365066002609654573339964616227416775350053784518291993593247979663142908139308748540828628460180263529723171842998882355678637385043036090172432558927997403208034747983642153220022389607096860960360/21821639167650314982248557560303056230828434821356115667303101310494311345879672028776913553628384616394595104768783093617872117602134463609336218044925054873520487822016228189951961010923524235647655666683754702744375169484332556867553172748077866335997458072843018089242025006314600263574938206201]  (2s)
    кандидатов коники: 92; лучшие |N(tp)|: [4225, 508485738059309, 110142491531205961, 2148352243300580525, 1748161228480318528421]
    квартика 1: [-2058348730039287861609608620291187407284222648108605242134165121353875023923248177154845977807161155248378953049967857539140/35200942526547704949897234116876825650777992629240399797370094907590911190438611964465307765450294522797839369276840089*r + 129853954959086709043766551106572685109662581097726753182937428560142276274990927341355706106413331836805431190215761299324622/35200942526547704949897234116876825650777992629240399797370094907590911190438611964465307765450294522797839369276840089, -50596001681644566330924651685556651303631727164597220436375641564435946386312300955027114768484370676540603268572523720/11590695596492494221237153150107614636410270869028778333016165593543270065998884413719232059746557300888323796271597*r - 1087519833582774504021496501147632511999579625070088257564906344853877514499995411515180154512826939346241856502997205480/11590695596492494221237153150107614636410270869028778333016165593543270065998884413719232059746557300888323796271597, 7223568479311541294783297149797335026830788522193966141614846246578740900815832324663708225507074787128949462370428400/3816495092687683312886780754069020295163078982228771265398803290597059620019389006822269364420993513628028908881*r - 6307084514201920243506286075580347092070617750345323346889702014966733573412256252681359993038066474341945327703380/3816495092687683312886780754069020295163078982228771265398803290597059620019389006822269364420993513628028908881, 52717443539447515164429287397476003781043267018745625740054696855295055264778471664877803872629209173068813689353400/3816495092687683312886780754069020295163078982228771265398803290597059620019389006822269364420993513628028908881*r + 1133118497860940332978909732606062679276218236635591692777679499640530932306107717565154545239860663974411732564477800/3816495092687683312886780754069020295163078982228771265398803290597059620019389006822269364420993513628028908881, -1389119224879368041017843525850761145054544254248698446112594750153944327406961887567385862770402526308518451698239500/3816495092687683312886780754069020295163078982228771265398803290597059620019389006822269364420993513628028908881*r - 87626358298449046765180988353796531752083974724388502195095410884426104700617325101574238858079588051028375261111978450/3816495092687683312886780754069020295163078982228771265398803290597059620019389006822269364420993513628028908881]  (5s)
    кандидатов коники: 84; лучшие |N(tp)|: [4, 144536351108159, 144536351108159, 578145404432636, 2617564774028164]
    квартика 2: [-15592567404895180573450081646073644043987200/98398484728260200284238680125708841*r + 141461207933453585970555392575507435755672700/98398484728260200284238680125708841, -536220806865829547802375811197025240/3846534991762471566739276871*r + 8370808218076735992209865970336885120/3846534991762471566739276871, -7131312392879061240733137440/150366456187955209801*r + 150617140483940043691348732980/150366456187955209801, -153567005135313830262536932780/20900937410125774162339*r + 3881176362773716456042502640640/20900937410125774162339, -1257172671382621454288738419600/2905230300007482608565121*r + 35370860737894584190548733153135/2905230300007482608565121]  (7s)
    кандидатов коники: 75; лучшие |N(tp)|: [1, 3721, 4225, 4225, 21316]
    квартика 3: [-59637760*r - 1436531712, -242278400*r - 5747487200, -367203200*r - 8621230800, -246064000*r - 5747487200, -61516000*r - 1436871800]  (9s)
    кандидатов коники: 73; лучшие |N(tp)|: [1, 23063, 144897, 606841, 5650129]
    квартика 4: [1892800*r, 3785600*r - 34609120, 1892800*r - 51913680, -34609120, -8652280]  (11s)
    кандидатов коники: 96; лучшие |N(tp)|: [1, 2215005934122866329, 11575142099785752572, 17572872613421015216536, 17572872613421015216536]
    квартика 5: [3263409721792611300/21551120809*r - 83183801256105499950/21551120809, 601910400*r - 15439598720, 899080000*r - 23159398080, 598124800*r - 15439598720, 149531200*r - 3859899680]  (13s)
    кандидатов коники: 105; лучшие |N(tp)|: [1, 11028769301550, 11028769301550, 44843976952450, 49932971538450]
    квартика 6: [1892800*r - 623525890/33, 3785600*r + 13453440, 1892800*r + 20180160, 13453440, 3363360]  (17s)
    кандидатов коники: 114; лучшие |N(tp)|: [1, 11028769301550, 11028769301550, 15853860247550, 176460308824800]
    квартика 7: [647906756900/33*r + 13928630687270/33, 11539840/3*r - 3935360/3, 1984320*r - 1967680, 183040/3*r - 3935360/3, 45760/3*r - 983840/3]  (19s)
    кандидатов коники: 89; лучшие |N(tp)|: [155823615025, 43367398927775, 378567410113495151, 4562160101271483420554509921, 804559395836464088805207786716]
    кандидатов коники: 114; лучшие |N(tp)|: [147525316, 40031643583880252, 129822731033503113968, 166677569837906907632, 11842220242548444954992]
    кандидатов коники: 98; лучшие |N(tp)|: [36881329, 7626908837531100, 18385920819560775, 162326635432861248110775, 115358226760150403908554975]
    кандидатов коники: 99; лучшие |N(tp)|: [36881329, 1805185523676, 4351697235399, 20163322237791, 28504179449679]
    кандидатов коники: 116; лучшие |N(tp)|: [36881329, 1380010473534, 17316931196334, 25375780063326, 134745871829646]
    кандидатов коники: 106; лучшие |N(tp)|: [36881329, 1822852367, 29165637872, 237555943319807, 3800895093116912]
    кандидатов коники: 103; лучшие |N(tp)|: [36881329, 1822852367, 23689789361532, 83479346999132, 237555943319807]
    кандидатов коники: 104; лучшие |N(tp)|: [16900, 302087525513536324, 4390063732452206231804, 43922100701229675375216, 98747902969940726941924]
    кандидатов коники: 97; лучшие |N(tp)|: [4225, 508485738059309, 2148352243300580525, 160602169451604391796, 12298604204376802413716]
    кандидатов коники: 74; лучшие |N(tp)|: [4225, 89995421, 1332930431, 25304546231, 68107059409]
    кандидатов коники: 104; лучшие |N(tp)|: [4225, 410369286532936320769, 33834260956476557741649, 2050406741924518853977201, 121554793057321474445432644]
    кандидатов коники: 96; лучшие |N(tp)|: [4225, 1149802980439474, 1259091013081391, 10166901991366884, 5319659530268876975]
    кандидатов коники: 103; лучшие |N(tp)|: [4225, 1259091013081391, 562219781193762904, 5319659530268876975, 93685684077136215919400]
    кандидатов коники: 88; лучшие |N(tp)|: [4, 134151774054979396, 610666083431971775, 2442664333727887100, 24200936735344200841]
    кандидатов коники: 75; лучшие |N(tp)|: [4, 25581071, 25590575, 25619039, 27593807]
    кандидатов коники: 98; лучшие |N(tp)|: [4, 3162492559983793, 12649970239935172, 161304423325977695107, 1035358679684013591652]
    кандидатов коники: 76; лучшие |N(tp)|: [4, 110855310624969, 144536351108159, 578145404432636, 2007598461432924]
    кандидатов коники: 78; лучшие |N(tp)|: [4, 144536351108159, 578145404432636, 7398274262543833, 27475573344277732]
    кандидатов коники: 63; лучшие |N(tp)|: [1, 1910130049, 23866851121, 23871795025, 23871795025]
    кандидатов коники: 100; лучшие |N(tp)|: [1, 26939601685449261072091, 162027846092388536494484, 192719130903454583384356, 1012828301365039827743364]
    кандидатов коники: 111; лучшие |N(tp)|: [1, 1959400402, 2610359598, 2610359598, 60919975086432]
    кандидатов коники: 104; лучшие |N(tp)|: [1, 2610359598, 2610359598, 21151649573, 519242289795768]
    кандидатов коники: 64; лучшие |N(tp)|: [1, 166673919887, 405393522239, 555488298124, 987987211868]
    кандидатов коники: 80; лучшие |N(tp)|: [1, 1951950, 1951950, 21268079, 31231199]
    кандидатов коники: 68; лучшие |N(tp)|: [1, 1951950, 1951950, 48710971, 2046347689]
    кандидатов коники: 88; лучшие |N(tp)|: [1, 63126523237125770052, 83453804323563443683, 325567252851008824153, 499999186463068525633]
    кандидатов коники: 92; лучшие |N(tp)|: [1, 14482161687558734594207, 17238762817162898770306417, 693657102306494081305459977, 693657102306494081305459977]
    кандидатов коники: 77; лучшие |N(tp)|: [1, 1, 1, 25, 25]
    квартик построено: 37  (92s)
