=== n61: A=3061 C=4381 D=671, k = x^2 - 165, roots = [2939651, 163724*r, -2939651]
    dim Sel^2(E1) = 7
    квартика 0: [61527966741067057337968/329942113829762641*r - 832670835789923521398107/329942113829762641, 132553812371222125711080/329942113829762641*r - 2721518294988631489948920/329942113829762641, -29847449939692361770136/329942113829762641*r + 8354348523274143229442850/329942113829762641, -119267697053109913912695000/1009952810432903444101*r - 9426599795723543865448344120/1009952810432903444101, 10533337371140151136803630552/3091465552735117442393161*r - 5032542445387548572824988742227/3091465552735117442393161]  (3s)
    квартика 1: [-28394585996557/18739442*r + 572104581549743/18739442, -10629410141592/9369721*r + 52909906403288/9369721, -3671729604356/9369721*r + 79364859604932/9369721, 1642975466440/9369721*r + 52909906403288/9369721, 410743866610/9369721*r + 13227476600822/9369721]  (6s)
    квартика 2: [9342522408232752547495906397965541136668/4196656235854639983481413775768129*r - 47551702270262630393236101021587601374951/4196656235854639983481413775768129, -7054365996113636220336162897831924645888/4196656235854639983481413775768129*r - 193366605042360581679625634991760762552320/4196656235854639983481413775768129, 9909238106944844135087965044301505205712/4196656235854639983481413775768129*r + 220466010975165313389309949476757447901184/4196656235854639983481413775768129, -17193854291399810575072137607300139846172672/12845964737951052989436607567626242869*r - 249066862307035170706182018347476636402483200/12845964737951052989436607567626242869, 8214356043672668140018637730597176178901386640/39321498062868173200665455764503929422009*r + 92887511428036397479104645181627713633130303204/39321498062868173200665455764503929422009]  (9s)
    квартика 3: [9987164*r + 45311173410914979744/117725158321, -1998190741821040360/117725158321*r - 60944817625541730980/117725158321, 1413623682391929184/117725158321*r + 26765780864087393700/117725158321, -1108599596668293890160/360356709620581*r - 16304140418547008015560/360356709620581, 288437511546913492175984/1103051888148598441*r + 3808446199571766165743616/1103051888148598441]  (13s)
    квартика 4: [-2176654582/11*r - 37857809386/11, 25767498*r + 3501018750/11, 4405664/11*r + 208447980/11, 157872636/33671*r - 341745180/33671, 110450963208/103066931*r - 1422437021944/103066931]  (17s)
    квартика 5: [-66952265459629/18739442*r + 964880888792095/18739442, -136834311499864/9369721*r + 1719861231523864/9369721, -192979081641764/9369721*r + 2579791847285796/9369721, -124561925891832/9369721*r + 1719861231523864/9369721, -31140481472958/9369721*r + 429965307880966/9369721]  (20s)
    квартика 6: [2619675256516969673658966924/2387763759041281617649*r + 30073855029159321886035196689/2387763759041281617649, 1880716582284217012876353142/77024637388428439279*r + 27021656779632422468179739846/77024637388428439279, 624413691333445098134771095/2484665722207369009*r + 7359866100367992041502112221/2484665722207369009, 7349436439216321710897785429732/7605561775676756536549*r + 100095712138118592213236201206792/7605561775676756536549, 72973186430507265137617056905787095/46561249190693103516752978*r + 903205534586657985910593197408219907/46561249190693103516752978]  (24s)
    квартик построено: 29  (107s)
    <0,1> = 0  (мест 19, 110s)
    <0,2> = 0  (мест 29, 110s)
    <0,3> = 0  (мест 27, 111s)
    <0,4> = 0  (мест 20, 111s)
    <0,5> = 0  (мест 20, 111s)
    <0,6> = 0  (мест 29, 113s)
    <1,2> = 0  (мест 27, 662s)
    <1,3> = 0  (мест 24, 662s)
    <1,4> = 0  (мест 18, 662s)
    <1,5> = 0  (мест 18, 662s)
    <1,6> = 1  (мест 28, 662s)
