=== n79: A=3217 C=5233 D=455, k = x^2 - 7, roots = [2381015, 709800*r, -2381015]
-- i=1: ядро <(e1,0)>, E'_i: a' = 1419600*r - 14286090, b' = 3380088894000*r + 9195944710225
  k = x^2 - 7, a = 1419600*r - 14286090, b = 3380088894000*r + 9195944710225
  Delta ~ d = 15699*r + 41864;  K = k(sqrt d), abs poly x^4 - 83728*x^2 + 27384289
  S: 8 простых над [2, 5, 7, 13, 3217, 5233];  dim k(S,2) = 10, dim K(S_K,2) = 18  (0s)
  места: (2, r + 1)[dim 10, tgt 3], (5, 0)[dim 6, tgt 2], (7, r)[dim 6, tgt 2], (13, 0)[dim 6, tgt 2], (3217, r + 1335)[dim 6, tgt 2], (3217, r + 1882)[dim 6, tgt 2], (5233, r + 3046)[dim 4, tgt 1], (5233, r + 2187)[dim 4, tgt 1], real -2.6458[dim 3, tgt 1], real 2.6458[dim 3, tgt 1]
    (2, r + 1): dim Im mu_v = 3 / 10  (0s)
    (5, 0): dim Im mu_v = 2 / 6  (0s)
    (7, r): dim Im mu_v = 2 / 6  (0s)
    (13, 0): dim Im mu_v = 2 / 6  (0s)
    (3217, r + 1335): dim Im mu_v = 2 / 6  (0s)
    (3217, r + 1882): dim Im mu_v = 2 / 6  (0s)
    (5233, r + 3046): dim Im mu_v = 1 / 4  (0s)
    (5233, r + 2187): dim Im mu_v = 1 / 4  (0s)
    real -2.6458: dim Im mu_v = 1 / 3  (0s)
    real 2.6458: dim Im mu_v = 1 / 3  (0s)
  dim Sel^2 = 6  =>  rank E(k) <= 5   (контроли: {'torsion_nonzero': True, 'torsion_in_Sel': True, 'norm_condition': True, 'N_theta': True, 'T_in_2E': False, 'mu_T_consistent': True})
    квартики загружены из кэша /home/kep/magicKube/descent/quart_n79_1.sobj: 6
    квартика 0: [804947102798565372184189931038564332002929742938187900848661797477842942602063909477825572434220556895483335954051320929332982232261185915718718231494069454630257438634245056212476816199195341908349988835152983965049972688569440380064595247009190771522235098062471246648285687923891/43045685553830461151807292030869682557159983511318131867098562398429547389589197867752442698037616828459655984799677188612521864775565674043307918074484328091450869712654162636121090828314094340527528793652099684591423632610110948180387613850404074735044822507579149418921*r - 35113812091021913825784075644041162611760351627955245102455092333204589366138699901330144273375622791091494924885276854373692475584277408876047700009183797666928882012163535087444802496850133511550325753781378221864943746129085369195236525889256468038934432438912111689293262092923119/688730968861287378428916672493914920914559736181090109873576998374872758233427165884039083168601869255354495756794835017800349836409050784692926689191749249463213915402466602177937453253025509448440460698433594953462778121761775170886201821606465195760717160121266390702736, -1874339898177477680100706435994295346734082784638275290491023033288283123745204028100895735017762382241124054932180088166434254024368457384205243634480950618445149191888941759799577068202996551601281310493944544515939994201878240343067803193718671092382299563851119583021139575065/516548226645965533821687504370436190685919802135817582405182748781154568675070374413029312376451401941515871817596126263350262377306788088519695016893811937097410436551849951633453089939769132086330345523825196215097083591321331378164651366204848896820537870090949793027052*r - 4959037242983732803628800911890974340957667675865810077725176385481160513493602905723013786667254704666346064018674421637602089329546432538562367390575357422892244357487533746589747538846495868562482993854081020046729158659014264859512012493498276702650916649591462449099815655825/516548226645965533821687504370436190685919802135817582405182748781154568675070374413029312376451401941515871817596126263350262377306788088519695016893811937097410436551849951633453089939769132086330345523825196215097083591321331378164651366204848896820537870090949793027052, -1473206378211026680782985011030176435227826746271098700245958364835823929587818991959477155268019028652978404970948966732569595833200105990097325229330863844358808028273603582548911093303830075238462268576738072148410874386228147036948891470730650680696443492445294258485309378215/516548226645965533821687504370436190685919802135817582405182748781154568675070374413029312376451401941515871817596126263350262377306788088519695016893811937097410436551849951633453089939769132086330345523825196215097083591321331378164651366204848896820537870090949793027052*r + 3685346754310043654963636731130487119961058248342238869226813908041692509539888597114533660998929461770172817034721078733533361698017345382049546245479710710769250658944021688567098319439939893225460340133033560203314085170608570845856986515680051898863091951371645571298185955105/129137056661491383455421876092609047671479950533954395601295687195288642168767593603257328094112850485378967954399031565837565594326697022129923754223452984274352609137962487908363272484942283021582586380956299053774270897830332844541162841551212224205134467522737448256763, 28931986656114630322790082901066060704697654138828798507710364744826429279630296234761954094373269329006112423252364033211927675039284112317065172787276575373020155490711933901703109551994257139146405875276712692449703668759159582529297636638421721638360546024035941405678189880076187904470475/1946048418754042233268910913337291426722045044638990127869257197586836540101768259058094614435912019935022946583452089060422100519674296996324743761710249124931214695385373256905663022125238839175709370475402817581955323753537987395611179440296767164584928394277121441892900569323129291766*r + 76546841627118523445308969460771463231535592801021816952142386743819829834866732605234208879597438795969167200828411433768722774508667624708461093807157027448946228188134398010631406904912011852266590051310138137070198242464947388529733844103417315538548005317092308271028107890596148874005325/1946048418754042233268910913337291426722045044638990127869257197586836540101768259058094614435912019935022946583452089060422100519674296996324743761710249124931214695385373256905663022125238839175709370475402817581955323753537987395611179440296767164584928394277121441892900569323129291766, -10202311161513211128554003359241124389217528073073298480749024746862158058880524634973129029074820420587747986599136137596171965163983046315824972177874263119959520393506082232608768416795120998800512515060709415858081231343637037861372241232938455146603694118016883036542369066137548454972280323099618078250/2443853418247387986824998229275962980128796291652858948956512071177726861104209740413698624035684709414926146934799618302419228323730120391064931845761825753189698854511513184144292926317060840296670748715244030673241810020146004479850848959464413222622349490709553751926844410206415661356994483056754601*r - 139547705068926964162581401186391062101968563767177575092062686001123906992861006956575041503073840435502603971459492036521454457547741758232645108448832558055156091872839970709292578596900428485223272679554196761470630352939137283128204628533829715571332533214331744046074017403831644717420867264566013688825/9775413672989551947299992917103851920515185166611435795826048284710907444416838961654794496142738837659704587739198473209676913294920481564259727383047303012758795418046052736577171705268243361186682994860976122692967240080584017919403395837857652890489397962838215007707377640825662645427977932227018404]  (0s)
    квартика 1: [-179632934259899290925839449298824414073677823530160502222240523145527323397188538884316202419513941631461701836847059375/4168583384237768758932734957810621065159331379634507443741376939082680895532074590017719820463658373841*r - 509950423378640818828497827758486101850880811376564859562985420972168763648506810383056126949991257889001463802546783665/4168583384237768758932734957810621065159331379634507443741376939082680895532074590017719820463658373841, -2789632481763623478788522500506099227060562157359890777080515266300/491270867882865027638624073988615701905196266870031437244001*r + 28073359293334002547902500903187076033140655790670865084084001025300/491270867882865027638624073988615701905196266870031437244001, -1394816226459374445239620809022193438892376754245049652374437621050/491270867882865027638624073988615701905196266870031437244001*r + 14036679608190126851062267366108522478387762341329147964937400553590/491270867882865027638624073988615701905196266870031437244001, 14422437294154640441230856174637904324434895736165820012100/491270867882865027638624073988615701905196266870031437244001*r - 38476874422888983085485015538182565554006284577104599959060/491270867882865027638624073988615701905196266870031437244001, 3605609323538660110307714043659476081108723934041455003025/491270867882865027638624073988615701905196266870031437244001*r - 9619218605722245771371253884545641388501571144276149989765/491270867882865027638624073988615701905196266870031437244001]  (0s)
    квартика 2: [4003087645598051864102940714460198966845530299534558935103680001619469720409342344375/1695787760158237875717720014167975556947262814146089*r + 11383170583907595501229915925597635490897110184710686846501840505583279722140354759000/1695787760158237875717720014167975556947262814146089, 9442426085737320106015568446881600*r + 26850460538399936420864830896099880, 14163639128605980159023352676000800*r + 40275690807599904631297246287005460, 9442426085737320106015568452560000*r + 26850460538399936420864830838955520, 2360606521434330026503892113140000*r + 6712615134599984105216207709738880]  (0s)
    квартика 3: [-144879101661516604280078271375066577631493130795107763213575750756809060018269137741158460418308955483909626245388049929/109196982705402765830566894249593689540965669961193670913799272019456905723299346485415200107441649*r + 388216208586752424672250864633122816237871301921685929707283430193910247042494114379177490793496259071587621851893417249/109196982705402765830566894249593689540965669961193670913799272019456905723299346485415200107441649, -2789632496185760755486052255676376819578543221803365605739382163684/491270867882865027638624073988615701905196266870031437244001*r + 28073359331811760994049298768242321867325990705022336821008743086044/491270867882865027638624073988615701905196266870031437244001, -1394816248092580360285915441777609827669348350910261895362737967126/491270867882865027638624073988615701905196266870031437244001*r + 14036679665906764520282464163691391229665764712856355570324513644706/491270867882865027638624073988615701905196266870031437244001, 300017457110686060578582119923259991420907506953114716/491270867882865027638624073988615701905196266870031437244001*r + 884023257814779570230296002769360345187159820142101684/491270867882865027638624073988615701905196266870031437244001, 75004364277671515144645529980814997855226876738278679/491270867882865027638624073988615701905196266870031437244001*r + 221005814453694892557574000692340086296789955035525421/491270867882865027638624073988615701905196266870031437244001]  (0s)
    квартика 4: [-14196*r + 1428609/10, -283920*r + 6666842, -2839200*r + 142860900, 1523849600, 7619248000]  (0s)
    квартика 5: [48446580*r - 140382060, -29112720*r - 9132760, -37990680*r - 70843500, -23434320*r - 66277120, -5858580*r - 16569280]  (0s)
    кандидатов коники: 48; лучшие |N(tp)|: [143994313982887752436831956891580271009208230582084826935290630802704737894, 397641092412099083300740275327679871889255009896370738825705187306386340843857546, 3757954237334467435515982728516978408503941071361176497147034925557495634635787354, 12767814253394516336490200685484419346815882560224438693935736018303470103286890584, 18402360095208049850969230846864944681307753121397690201224765160519113682798393384]
      -> AlarmInterrupt: 
      -> AlarmInterrupt: 
      -> AlarmInterrupt: 
      -> AlarmInterrupt: 
      -> AlarmInterrupt: 
      -> AlarmInterrupt: 
!! n79 i=1: RuntimeError: коника не решена: AlarmInterrupt: ; AlarmInterrupt: ; AlarmInterrupt: ; AlarmInterrupt: ; AlarmInterrupt: ; AlarmInterrupt:    (5483s)
Traceback (most recent call last):
  File "/tmp/sage_2iwmnqj4/run_quartic_sectionsw9up1s7h.sage.py", line 39, in <module>
    M, quart, sym_ok = ctp_matrix(F, dl, verbose=True, with_diag=True,
                       ~~~~~~~~~~^^^^^^^^^^^^^^^^^^^^^^^^^^^^^^^^^^^^^
                                  cache=f'/home/kep/magicKube/descent/quart_{name}_{i+_sage_const_1 }.sobj')
                                  ^^^^^^^^^^^^^^^^^^^^^^^^^^^^^^^^^^^^^^^^^^^^^^^^^^^^^^^^^^^^^^^^^^^^^^^^^^
  File "<string>", line 1600, in ctp_matrix
  File "<string>", line 1588, in _need
  File "<string>", line 375, in quartic_from_delta
  File "<string>", line 1079, in solve_conic
RuntimeError: коника не решена: AlarmInterrupt: ; AlarmInterrupt: ; AlarmInterrupt: ; AlarmInterrupt: ; AlarmInterrupt: ; AlarmInterrupt: 
-- i=2: ядро <(e2,0)>, E'_i: a' = -2839200*r, b' = 22676929720900
  k = x^2 - 7, a = -2839200*r, b = 22676929720900
  Delta ~ d = -1;  K = k(sqrt d), abs poly x^4 - 12*x^2 + 64
  S: 8 простых над [2, 5, 7, 13, 3217, 5233];  dim k(S,2) = 10, dim K(S_K,2) = 17  (0s)
  места: (2, r + 1)[dim 12, tgt 4], (5, 0)[dim 6, tgt 2], (7, r)[dim 4, tgt 1], (13, 0)[dim 6, tgt 2], (3217, r + 1335)[dim 6, tgt 2], (3217, r + 1882)[dim 6, tgt 2], (5233, r + 3046)[dim 6, tgt 2], (5233, r + 2187)[dim 6, tgt 2], real -2.6458[dim 1, tgt 0], real 2.6458[dim 1, tgt 0]
    (2, r + 1): dim Im mu_v = 4 / 12  (0s)
    (5, 0): dim Im mu_v = 2 / 6  (0s)
    (7, r): dim Im mu_v = 1 / 4  (0s)
    (13, 0): dim Im mu_v = 2 / 6  (0s)
    (3217, r + 1335): dim Im mu_v = 2 / 6  (0s)
    (3217, r + 1882): dim Im mu_v = 2 / 6  (0s)
    (5233, r + 3046): dim Im mu_v = 2 / 6  (0s)
    (5233, r + 2187): dim Im mu_v = 2 / 6  (0s)
    real -2.6458: dim Im mu_v = 0 / 1  (0s)
    real 2.6458: dim Im mu_v = 0 / 1  (0s)
  dim Sel^2 = 6  =>  rank E(k) <= 5   (контроли: {'torsion_nonzero': True, 'torsion_in_Sel': True, 'norm_condition': True, 'N_theta': True, 'T_in_2E': False, 'mu_T_consistent': True})
    квартики загружены из кэша /home/kep/magicKube/descent/quart_n79_2.sobj: 22
    квартика 0: [108567823936613224192794318332400*r - 2585434076908306143063615234351300/13, -835182673116765383639667600108100*r + 2377990257795405994151898824171520, 3090973567349595988804021472294100*r - 8057735235317727557383935375560880, -4818782982397077432825102640924300*r + 12787462247658684252178647931482960, 2847373083041117699373511528149100*r - 7528898314370252163965486708251500]  (0s)
    квартика 1: [-27502515260053785650297145748368438297253630965078994531106205790/1786988617632828998511852560804075847142985078438731436121*r + 175121090748844454890602497916646514875378768726799427401837874331/3573977235265657997023705121608151694285970156877462872242, -620313742727764111364531033508198188229470780038221346306736530/198554290848092110945761395644897316349220564270970159569*r + 358521372898718621030540716772944213417781050354592536388668066/198554290848092110945761395644897316349220564270970159569, 1049718970096720973750664125740797356819878514173487106281425710/198554290848092110945761395644897316349220564270970159569*r - 255360235057249806221031613136062723315401747551921623212055872/198554290848092110945761395644897316349220564270970159569, 183532447213582272368828766391637569458746488129128151660611180/198554290848092110945761395644897316349220564270970159569*r + 584880306133392755059919456991160939044792400208534299313401164/198554290848092110945761395644897316349220564270970159569, -156427462599082515264869286651285133581860771184006562278496760/198554290848092110945761395644897316349220564270970159569*r - 488344004678896448334083106626128927977618016567504603134526678/198554290848092110945761395644897316349220564270970159569]  (0s)
    квартика 2: [-10757465123070711500/11745144640161*r + 100604436756212557805/11745144640161, -15706012884092931400/3915048213387*r + 61506590506917594220/3915048213387, 971764987681997600/435005357043*r + 1767774263713917550/435005357043, 1507021293216016760/435005357043*r + 3452805071750949460/435005357043, 50658299157526060/145001785681*r - 180548463468917635/145001785681]  (0s)
    квартика 3: [14152320*r + 21099456, 40884480*r + 99050224, 49969920*r + 148575336, 29527680*r + 99050224, 7381920*r + 24762556]  (0s)
    квартика 4: [5678400*r, 11356800*r - 23419760, 5678400*r - 35129640, -23419760, -5854940]  (0s)
    квартика 5: [5678400*r + 716439150/13, 11356800*r - 2460640, 5678400*r - 3690960, -2460640, -615160]  (0s)
    квартик построено: 22  (0s)
    <0,1> = 0  (мест 27, 0s)
    <0,2> = 0  (мест 21, 0s)
    <0,3> = 0  (мест 15, 1s)
    <0,4> = 0  (мест 17, 1s)
    <0,5> = 0  (мест 18, 1s)
    <1,2> = 0  (мест 23, 2s)
    <1,3> = 0  (мест 25, 2s)
    <1,4> = 0  (мест 21, 2s)
    <1,5> = 0  (мест 25, 3s)
    <2,3> = 0  (мест 23, 4s)
    <2,4> = 0  (мест 21, 4s)
    <2,5> = 0  (мест 23, 4s)
    <3,4> = 0  (мест 13, 4s)
    <3,5> = 0  (мест 16, 4s)
    <4,5> = 0  (мест 15, 4s)
    <0,0> = 0
    <1,1> = 0
    <2,2> = 0
    <3,3> = 0
    <4,4> = 0
    <5,5> = 0
    симметрия <5,2> = 0 vs <2,5> = 0: OK
    симметрия <1,0> = 0 vs <0,1> = 0: OK
    симметрия <4,1> = 0 vs <1,4> = 0: OK
   независимая проверка симметрии: [((2, 5), 0, 0, True), ((0, 1), 0, 0, True), ((1, 4), 0, 0, True)]
[0 0 0 0 0 0]
[0 0 0 0 0 0]
[0 0 0 0 0 0]
[0 0 0 0 0 0]
[0 0 0 0 0 0]
[0 0 0 0 0 0]
** n79 i=2: dim Sel^2(E') = 6, rank CTP = 0 (симм True, диаг0 True)  =>  rank E1(k) <= 5   (7s)
-- i=3: ядро <(e3,0)>, E'_i: a' = 1419600*r + 14286090, b' = -3380088894000*r + 9195944710225
  k = x^2 - 7, a = 1419600*r + 14286090, b = -3380088894000*r + 9195944710225
  Delta ~ d = 15699*r + 41864;  K = k(sqrt d), abs poly x^4 - 83728*x^2 + 27384289
  S: 8 простых над [2, 5, 7, 13, 3217, 5233];  dim k(S,2) = 10, dim K(S_K,2) = 18  (0s)
  места: (2, r + 1)[dim 10, tgt 3], (5, 0)[dim 6, tgt 2], (7, r)[dim 6, tgt 2], (13, 0)[dim 6, tgt 2], (3217, r + 1335)[dim 6, tgt 2], (3217, r + 1882)[dim 6, tgt 2], (5233, r + 3046)[dim 4, tgt 1], (5233, r + 2187)[dim 4, tgt 1], real -2.6458[dim 3, tgt 1], real 2.6458[dim 3, tgt 1]
    (2, r + 1): dim Im mu_v = 3 / 10  (0s)
    (5, 0): dim Im mu_v = 2 / 6  (0s)
    (7, r): dim Im mu_v = 2 / 6  (0s)
    (13, 0): dim Im mu_v = 2 / 6  (0s)
    (3217, r + 1335): dim Im mu_v = 2 / 6  (0s)
    (3217, r + 1882): dim Im mu_v = 2 / 6  (0s)
    (5233, r + 3046): dim Im mu_v = 1 / 4  (0s)
    (5233, r + 2187): dim Im mu_v = 1 / 4  (0s)
    real -2.6458: dim Im mu_v = 1 / 3  (0s)
    real 2.6458: dim Im mu_v = 1 / 3  (0s)
  dim Sel^2 = 6  =>  rank E(k) <= 5   (контроли: {'torsion_nonzero': True, 'torsion_in_Sel': True, 'norm_condition': True, 'N_theta': True, 'T_in_2E': False, 'mu_T_consistent': True})
    квартики загружены из кэша /home/kep/magicKube/descent/quart_n79_3.sobj: 7
    квартика 0: [51711426551935686704205088915939241969594301798866509402774812547971797882753828925871474116716571765533851916351152396821431335011453416696591764634651158657330325660557128399662682318275297001297206920493326723701491910330437239825429033256352482427090865917149482098663424264092068537431872196795980616/405116496572118698311094419634052893020341923364967675828943641102650317358902319760866791540316449699706161192049270511315372101002150191505847448012908383915576630367435884561390455496394195823660348206678405071335399792909112068643055930191470211883499430672678236522608524628172982376538384929*r + 140402776972642184541085240401969098065088839360659231061185018576946504159847323736708157602472910022661366865555029445786038209366848448804022907078591267277869483483153130839997873027084996634907335178583370279472105347122146395868637623964668899508947214539755820498896708988523180025765589224284914136/405116496572118698311094419634052893020341923364967675828943641102650317358902319760866791540316449699706161192049270511315372101002150191505847448012908383915576630367435884561390455496394195823660348206678405071335399792909112068643055930191470211883499430672678236522608524628172982376538384929, 36237396902252208217082472430059212231522307560327509548478533348208067758141796412128998510894064017196522104175239701851204101855594998220312039593205475470293368248780191104342292576642756871630593642381364866892963306302848548607079131083388322439295882789815429858594110936028836562596042714080/405116496572118698311094419634052893020341923364967675828943641102650317358902319760866791540316449699706161192049270511315372101002150191505847448012908383915576630367435884561390455496394195823660348206678405071335399792909112068643055930191470211883499430672678236522608524628172982376538384929*r + 95875140363701713607148815628204055500424321755145375500299679939571873357259636664936562077706389566886732864069676192640443057291385387637931689432710037841218518425988171719775832541068034240264676914565757001531969362897989916823387216096271093786752515701533148090000009754889592173159845503600/405116496572118698311094419634052893020341923364967675828943641102650317358902319760866791540316449699706161192049270511315372101002150191505847448012908383915576630367435884561390455496394195823660348206678405071335399792909112068643055930191470211883499430672678236522608524628172982376538384929, -383402256367680504402783819178380526679533064062620088854040186531418417515932647986887757284111175311666876309901492616177936926387163726929413119325861711646445503612795862741457547181555549928830803981475417440501993511902743099761290490062206110991588676491126669441971059606966928225628068019001840/135038832190706232770364806544684297673447307788322558609647880367550105786300773253622263846772149899902053730683090170438457367000716730501949149337636127971858876789145294853796818498798065274553449402226135023778466597636370689547685310063823403961166476890892745507536174876057660792179461643*r - 3858353830956950329337287898916821206240707359843690553518043196452187524295196255814633223196652829939552085948192215125163014490058539649308154989171163173346296043137212284939985407379004293105299073468053881949422107808664540890477496166201790197947692947020009320058164172574135531888798290038100380/135038832190706232770364806544684297673447307788322558609647880367550105786300773253622263846772149899902053730683090170438457367000716730501949149337636127971858876789145294853796818498798065274553449402226135023778466597636370689547685310063823403961166476890892745507536174876057660792179461643, 796894615245671037467573449329429896231725456302824956012625453154157318463439673151525791684044048186079596970196155205815736584607590002796931032000632535390905397567932689543495607054786146946737675312825677892771021197485285087875025128182291645547461428807891412411945153109792400516930418075261783039495400/339164337808907200853948505846486018082947223886928607816328795306049109630197672105748358668779434198766732844714245534583112588369238675984424444900571011298562381463498536565157579489435028245234751574179982357938408309628746671353090151408748263270533812045411270361662600509451222792962809934202588845727321*r + 2108384973066546628220838345997581531643741564908937971877299580773576027771404903070647284157167863855128558137633079798786372939951999609803290041294073148538516492738870183377336978451863034835800989503925529919057945782100437933898593393381801309538750129011871407296949746025822134357329342847030689804330800/339164337808907200853948505846486018082947223886928607816328795306049109630197672105748358668779434198766732844714245534583112588369238675984424444900571011298562381463498536565157579489435028245234751574179982357938408309628746671353090151408748263270533812045411270361662600509451222792962809934202588845727321, -206836334289771720320071854464969999688236898965128966378647760875042144218900286698216298094242073515571940082523334496342777400726925984445595780489116853518402931047822196664612601744843750328773112380197842257605375164500221391427691768097436836202691971421493224793987329516957281948772810211987717517221394034780886234575113250/283949059134096461231690191814008792080131127024284044396025072591958767416565329972537931558977401433890717184387400752288431845997842321348719817398933569711231291515720725324639584239813950581737859938895950008962468205514911830693224900057287329289882606949576805552518641283467304393984779031277657271296785397842368222929*r + 681890182595872398660255898613018724522738753952226757018580295716382954093385974473483391627750177398748746632900429882513336789996835161384083288688266318427330465001500352257978783220861451100874581452758990710062602660785338225623116330172538612132722325269021150008632339326380858872101020309774436311917762774212768893888767950/283949059134096461231690191814008792080131127024284044396025072591958767416565329972537931558977401433890717184387400752288431845997842321348719817398933569711231291515720725324639584239813950581737859938895950008962468205514911830693224900057287329289882606949576805552518641283467304393984779031277657271296785397842368222929]  (0s)
    квартика 1: [-199912194009140155824278766200250/2661188037826355752177547182475643551222809*r + 1023390159264479229989104190761000/2661188037826355752177547182475643551222809, 0, -658834116092880/53849209*r - 184023039686850/53849209, 479811858974700742833514274395656/9328454926030915777*r - 2239666270249888603028518191362056/9328454926030915777, 1066841694773127411948211722652753729677569117075675517/3231990698581680497497910908562*r + 1426356919429668384211866444752099815776985838313063362/1615995349290840248748955454281]  (0s)
    квартика 2: [72376526578012894670389240482561258826756426832564116524150235883098854994651008371955331744302656588766374903698674375/1731859639472140546431936743704747074029877033582221512712935775364962874800518248483013039666027054321*r + 225535115135559934366168111733668498026323104713729336192899905887977066665574210516817276495296178869705075047857440265/1731859639472140546431936743704747074029877033582221512712935775364962874800518248483013039666027054321, -2789632496409697351631527068684295658393952924946994568653227771300/491270867882865027638624073988615701905196266870031437244001*r - 28073359328571008389131695371276477666592232841571332584357586254900/491270867882865027638624073988615701905196266870031437244001, -1394816248428485254504127661289488085892462905625705339733506378550/491270867882865027638624073988615701905196266870031437244001*r - 14036679661045635612906059068242624928565127917679849215347778397990/491270867882865027638624073988615701905196266870031437244001, -223636578688364126947340256695486443152208055406892492900/491270867882865027638624073988615701905196266870031437244001*r + 3239868581659788617395613904730988503105817076831014729460/491270867882865027638624073988615701905196266870031437244001, -55909144672091031736835064173871610788052013851723123225/491270867882865027638624073988615701905196266870031437244001*r + 809967145414947154348903476182747125776454269207753682365/491270867882865027638624073988615701905196266870031437244001]  (0s)
    квартика 3: [1381139883119612090857541568015768415097837458736495094282617576457621770160477075680031330/33570115915167392874522472901296000758141377246051256361*r + 6863429393419541295852630728607110689360774251956453356035803902986697393190354297001004980/33570115915167392874522472901296000758141377246051256361, 164567782441954099796364037385255040*r + 817802287101255929868944899161757400, 246851673662931149694546056083560960*r + 1226703430651883894803417348799780460, 164567782441954099796364037390933440*r + 817802287101255929868944899218901760, 41141945610488524949091009347733360*r + 204450571775313982467236224804725440]  (0s)
    квартика 4: [181506400647278335635669196231290072338243168145673883468856061510485092886006398454898209642359051433348915062745718503/541930440734657015196720155997123400983911761331291404744370332103218176001640828160636088570633974289*r + 510533537182318083615628789184701557610678847049291473144050210841289546645645356603235962949954146666714936789267611833/541930440734657015196720155997123400983911761331291404744370332103218176001640828160636088570633974289, -2789632496374623498535122665266657874026602501858887424294479886500/491270867882865027638624073988615701905196266870031437244001*r - 28073359330963187929092487617208750988203128462583571703731834998260/491270867882865027638624073988615701905196266870031437244001, -1394816248375874474859521056163031409341437270993544623195384551350/491270867882865027638624073988615701905196266870031437244001*r - 14036679664633904922847247437141034910981471349198207894409151513030/491270867882865027638624073988615701905196266870031437244001, -188562725591959723529702472328136020064100911048144608100/491270867882865027638624073988615701905196266870031437244001*r + 847689041698996371463340583120092882093577957456765986100/491270867882865027638624073988615701905196266870031437244001, -47140681397989930882425618082034005016025227762036152025/491270867882865027638624073988615701905196266870031437244001*r + 211922260424749092865835145780023220523394489364191496525/491270867882865027638624073988615701905196266870031437244001]  (0s)
    квартика 5: [48446580*r + 140382060, -29112720*r + 9132760, -37990680*r + 70843500, -23434320*r + 66277120, -5858580*r + 16569280]  (0s)
    кандидатов коники: 69; лучшие |N(tp)|: [172509035155385943087128740969715390170851557177717874932789947862160791976, 3392978781602782059588768547223005972797984199229315931291756667958380405096, 511848055096544939567869593302294563309695160691086177805829826340194088057384, 760244891947900775419176635085037358434831278060365275416485208739692475425256, 1710551006882776744693147428941334056478370375635821869687091719664308069706826]
      -> AlarmInterrupt: 
      -> AlarmInterrupt: 
