=== d=10 roots=[0, 18, -11]: dim Sel^2 = 5
  Фишер:  rank = 2, симметрия True, нулевая диагональ True  (4s)
[0 0 1 1 1]
[0 0 0 0 0]
[1 0 0 1 0]
[1 0 1 0 1]
[1 0 0 1 0]
  ***   Warning: not enough memory, new PARI stack 4000002048
  ***   Warning: not enough memory, new PARI stack 4000002048
  ***   Warning: not enough memory, new PARI stack 4000002048
  ***   Warning: not enough memory, new PARI stack 4000002048
  ***   Warning: not enough memory, new PARI stack 4000002048
  ***   Warning: not enough memory, new PARI stack 4000002048
  ***   Warning: not enough memory, new PARI stack 4000002048
  ***   Warning: not enough memory, new PARI stack 4000002048
  ***   Warning: not enough memory, new PARI stack 4000002048
  ***   Warning: not enough memory, new PARI stack 4000002048
  ***   Warning: not enough memory, new PARI stack 4000002048
  ***   Warning: not enough memory, new PARI stack 4000002048
  ***   Warning: not enough memory, new PARI stack 4000002048
  ***   Warning: not enough memory, new PARI stack 4000002048
  Касселс: rank = 2  (1s)
[0 0 1 1 1]
[0 0 0 0 0]
[1 0 0 1 0]
[1 0 1 0 1]
[1 0 0 1 0]
  *** МАТРИЦЫ СОВПАЛИ: True; ранги 2 vs 2
=== d=7 roots=[0, 11, -12]: dim Sel^2 = 4
  Фишер:  rank = 2, симметрия True, нулевая диагональ True  (91s)
[0 0 0 1]
[0 0 0 0]
[0 0 0 1]
[1 0 1 0]
  ***   Warning: not enough memory, new PARI stack 4000002048
  ***   Warning: not enough memory, new PARI stack 4000002048
  ***   Warning: not enough memory, new PARI stack 4000002048
  ***   Warning: not enough memory, new PARI stack 4000002048
  ***   Warning: not enough memory, new PARI stack 4000002048
  ***   Warning: not enough memory, new PARI stack 4000002048
  ***   Warning: not enough memory, new PARI stack 4000002048
  ***   Warning: not enough memory, new PARI stack 4000002048
  ***   Warning: not enough memory, new PARI stack 4000002048
  ***   Warning: not enough memory, new PARI stack 4000002048
  Касселс: rank = 2  (1s)
[0 0 0 1]
[0 0 0 0]
[0 0 0 1]
[1 0 1 0]
  *** МАТРИЦЫ СОВПАЛИ: True; ранги 2 vs 2
=== d=2 roots=[0, 30, -13]: dim Sel^2 = 5
  Фишер:  rank = 2, симметрия True, нулевая диагональ True  (5s)
[0 1 1 0 1]
[1 0 0 1 1]
[1 0 0 1 1]
[0 1 1 0 1]
[1 1 1 1 0]
  ***   Warning: not enough memory, new PARI stack 4000002048
  ***   Warning: not enough memory, new PARI stack 4000002048
  ***   Warning: not enough memory, new PARI stack 4000002048
  ***   Warning: not enough memory, new PARI stack 4000002048
  ***   Warning: not enough memory, new PARI stack 4000002048
  ***   Warning: not enough memory, new PARI stack 4000002048
  ***   Warning: not enough memory, new PARI stack 4000002048
  ***   Warning: not enough memory, new PARI stack 4000002048
  ***   Warning: not enough memory, new PARI stack 4000002048
  ***   Warning: not enough memory, new PARI stack 4000002048
  ***   Warning: not enough memory, new PARI stack 4000002048
  ***   Warning: not enough memory, new PARI stack 4000002048
  ***   Warning: not enough memory, new PARI stack 4000002048
  ***   Warning: not enough memory, new PARI stack 4000002048
  ***   Warning: not enough memory, new PARI stack 4000002048
  Касселс: rank = 2  (1s)
[0 1 1 0 1]
[1 0 0 1 1]
[1 0 0 1 1]
[0 1 1 0 1]
[1 1 1 1 0]
  *** МАТРИЦЫ СОВПАЛИ: True; ранги 2 vs 2
=== d=13 roots=[0, 31, -25]: dim Sel^2 = 5
