4alpha^3-27beta == ((a-b)(a+2b)(2a+b))^2 : True
disc factor: (16) * (a - b)^2 * (a + 2*b)^2 * (2*a + b)^2 * b^6 * a^6 * (a + b)^6
(2, (('a', 1), ('ap2b', 2))) {('I2', 2, 'I6', 2, 1): 93}
(2, (('a', 1), ('ap2b', 3))) {('I4', 2, 'I12', 2, 1): 43}
(2, (('a', 1), ('ap2b', 4))) {('I6', 2, 'I18', 2, 1): 23}
(2, (('a', 1), ('ap2b', 5))) {('I8', 2, 'I24', 2, 1): 10}
(2, (('a', 1), ('ap2b', 6))) {('I10', 2, 'I30', 2, 1): 5}
(2, (('a', 1), ('ap2b', 7))) {('I12', 2, 'I36', 2, 1): 9}
(2, (('a', 2), ('ap2b', 1))) {('I6', 6, 'I2', 2, 1): 93}
(2, (('a', 3), ('ap2b', 1))) {('I12', 12, 'I4', 4, 1): 48}
(2, (('a', 4), ('ap2b', 1))) {('I18', 18, 'I6', 6, 1): 26}
(2, (('a', 5), ('ap2b', 1))) {('I24', 24, 'I8', 8, 1): 14}
(2, (('a2pb', 1), ('b', 2))) {('I6', 6, 'I2', 2, 1): 98}
(2, (('a2pb', 1), ('b', 3))) {('I12', 12, 'I4', 4, 1): 52}
(2, (('a2pb', 1), ('b', 4))) {('I18', 18, 'I6', 6, 1): 24}
(2, (('a2pb', 1), ('b', 5))) {('I24', 24, 'I8', 8, 1): 16}
(2, (('a2pb', 2), ('b', 1))) {('I2', 2, 'I6', 2, 1): 89}
(2, (('a2pb', 3), ('b', 1))) {('I4', 2, 'I12', 2, 1): 47}
(2, (('a2pb', 4), ('b', 1))) {('I6', 2, 'I18', 2, 1): 21}
(2, (('a2pb', 5), ('b', 1))) {('I8', 2, 'I24', 2, 1): 12}
(2, (('a2pb', 6), ('b', 1))) {('I10', 2, 'I30', 2, 1): 10}
(2, (('a2pb', 7), ('b', 1))) {('I12', 2, 'I36', 2, 1): 4}
(2, (('amb', 1), ('apb', 2))) {('I6', 6, 'I2', 2, 1): 90}
(2, (('amb', 1), ('apb', 3))) {('I12', 12, 'I4', 4, 1): 45}
(2, (('amb', 1), ('apb', 4))) {('I18', 18, 'I6', 6, 1): 22}
(2, (('amb', 1), ('apb', 5))) {('I24', 24, 'I8', 8, 1): 12}
(2, (('amb', 1), ('apb', 6))) {('I30', 30, 'I10', 10, 1): 14}
(2, (('amb', 2), ('apb', 1))) {('I2', 2, 'I6', 2, 1): 93}
(2, (('amb', 3), ('apb', 1))) {('I4', 2, 'I12', 2, 1): 48}
(2, (('amb', 4), ('apb', 1))) {('I6', 2, 'I18', 2, 1): 26}
(2, (('amb', 5), ('apb', 1))) {('I8', 2, 'I24', 2, 1): 14}
(3, (('a', 1),)) {('I6', 6, 'I2', 2, 1): 184}
(3, (('a', 2),)) {('I12', 12, 'I4', 4, 1): 64}
(3, (('a', 3),)) {('I18', 18, 'I6', 6, 1): 24}
(3, (('a2pb', 1), ('amb', 1), ('ap2b', 2))) {('I2*', 4, 'I6*', 4, 2): 61}
(3, (('a2pb', 1), ('amb', 1), ('ap2b', 3))) {('I4*', 4, 'I12*', 4, 2): 20}
(3, (('a2pb', 1), ('amb', 1), ('ap2b', 4))) {('I6*', 4, 'I18*', 4, 2): 11}
(3, (('a2pb', 1), ('amb', 2), ('ap2b', 1))) {('I2*', 4, 'I6*', 4, 2): 64}
(3, (('a2pb', 1), ('amb', 3), ('ap2b', 1))) {('I4*', 4, 'I12*', 4, 2): 24}
(3, (('a2pb', 2), ('amb', 1), ('ap2b', 1))) {('I2*', 4, 'I6*', 4, 2): 60}
(3, (('a2pb', 3), ('amb', 1), ('ap2b', 1))) {('I4*', 4, 'I12*', 4, 2): 20}
(3, (('a2pb', 4), ('amb', 1), ('ap2b', 1))) {('I6*', 4, 'I18*', 4, 2): 12}
(3, (('apb', 1),)) {('I6', 6, 'I2', 2, 1): 181}
(3, (('apb', 2),)) {('I12', 12, 'I4', 4, 1): 59}
(3, (('apb', 3),)) {('I18', 18, 'I6', 6, 1): 20}
(3, (('apb', 4),)) {('I24', 24, 'I8', 8, 1): 13}
(3, (('b', 1),)) {('I6', 6, 'I2', 2, 1): 200}
(3, (('b', 2),)) {('I12', 12, 'I4', 4, 1): 48}
(3, (('b', 3),)) {('I18', 18, 'I6', 6, 1): 36}
