C: w^2 = x^6 - 406862*x^4 + 28590001873*x^2 - 30653297317764;  p = 29, n = 20, d = 265
  q=2: N=10, K=7, |V_q|=2, стабильно при K+1: True, V_q=[0, 1], V_q^nine=[0]
  q=3: N=6, K=5, |V_q|=3, стабильно при K+1: True, V_q=[-2, -4/3, -1], V_q^nine=[-4/3]
  q=5: N=6, K=4, |V_q|=1, стабильно при K+1: адаптивно, листьев 252, прямой перебор K+1 совпал: True, V_q=[0], V_q^nine=[0]
  q=7: N=2, K=2, |V_q|=1, стабильно при K+1: адаптивно, листьев 174, прямой перебор K+1 совпал: True, V_q=[0], V_q^nine=[0]
  q=11: N=4, K=3, |V_q|=2, стабильно при K+1: адаптивно, листьев 490, прямой перебор K+1 совпал: True, V_q=[-2, -1], V_q^nine=[-1]
  q=41: N=2, K=2, |V_q|=1, стабильно при K+1: адаптивно, листьев 1160, V_q=[0], V_q^nine=[0]
  q=53: N=6, K=4, |V_q|=1, стабильно при K+1: адаптивно, листьев 3276, V_q=[0], V_q^nine=[0]
  q=149: N=6, K=4, |V_q|=3, стабильно при K+1: адаптивно, листьев 9620, V_q=[-2, -4/3, -1], V_q^nine=[-2, -4/3]
  q=331: N=2, K=2, |V_q|=1, стабильно при K+1: адаптивно, листьев 9570, V_q=[0], V_q^nine=[0]
  q=563: N=4, K=3, |V_q|=2, стабильно при K+1: адаптивно, листьев 27538, V_q=[-2, -1], V_q^nine=[-1]
  |Ω_direct^nine| = 2 (произведение 2)
V_q^nine: {2: [0], 3: [-4/3], 5: [0], 7: [0], 11: [-1], 41: [0], 53: [0], 149: [-2, -4/3], 331: [0], 563: [-1]}
Ω_direct за 66.3 с; |Ω| = 2 ; совпадений ω: 0
0
hmm, interesting loss of precision 20 1
QC за 0.8 с
рациональных (по Ω): 2  нераспознанных: 80  из них с восемью клетками — квадратами в Q_p: 0
рациональные: ['inf']
выжившие теги: []
