C: w^2 = x^6 - 406862*x^4 + 28590001873*x^2 - 30653297317764;  p = 13, n = 20, cells = [33, 298, 563, 265]
  q=2: N=(10,2) Vt=20 sep=3 V_q=[0, 1] V_q^nine=[0] хвост0: a0 не квадрат хвост∞ ok=True
  q=3: N=(2,6) Vt=15 sep=2 V_q=[-2, -4/3, -1] V_q^nine=[-4/3] хвост0: a0 не квадрат хвост∞ ok=True
  q=5: N=(6,6) Vt=12 sep=1 V_q=[0] V_q^nine=[0] хвост0 ok=True nine0=False хвост∞ ok=True
  q=7: N=(2,2) Vt=7 sep=1 V_q=[0] V_q^nine=[0] хвост0: a0 не квадрат хвост∞ ok=True
  q=11: N=(0,4) Vt=13 sep=1 V_q=[-2, -1] V_q^nine=[-1] хвост0: a0 не квадрат хвост∞ ok=True
  q=41: N=(2,2) Vt=7 sep=1 V_q=[0] V_q^nine=[0] хвост0 ok=True nine0=False хвост∞ ok=True
  q=53: N=(6,6) Vt=12 sep=1 V_q=[0] V_q^nine=[0] хвост0 ok=True nine0=False хвост∞ ok=True
  q=149: N=(2,6) Vt=15 sep=1 V_q=[-2, -4/3, -1] V_q^nine=[-4/3] хвост0 ok=True nine0=False хвост∞ ok=True
  q=331: N=(2,2) Vt=7 sep=1 V_q=[0] V_q^nine=[0] хвост0: a0 не квадрат хвост∞ ok=True
  q=563: N=(0,4) Vt=13 sep=1 V_q=[-2, -1] V_q^nine=[-1] хвост0: a0 не квадрат хвост∞ ok=True
  |Ω^nine| = 1; совпадений ω: 0
Ω^nine за 7.3 с
тег точки ∞: (0, -4/3, 0, 0, -1, 0, 0, -4/3, 0, -1) — индекс ω: 0
несертифицированные классы перечисления: {}
DISC (1 : 1 : 0) Q = (1 + O(13^20) : 1 + O(13^20) : 0) rho[0] = 9*13 + 11*13^2 + 5*13^3 + 12*13^4 + 9*13^6 + 9*13^7 + 9*13^8 + 8*13^9 + 2*13^10 + 5*13^11 + 3*13^12 + 7*13^13 + 11*13^14 + 9*13^15 + 8*13^16 + 12*13^17 + 5*13^18 + O(13^19)
CERT 0 0 17 2 True ok: F = t^2 S, S(0) единица, остальные коэффициенты S — в pZ_p ⇒ v(S(t)) = 0 на Z_p, других корней нет
DISC (0 : 3 : 1) Q = (0 : 3 + 3*13 + 13^2 + 13^3 + 13^4 + 5*13^5 + 2*13^6 + 9*13^7 + 10*13^8 + 6*13^9 + 9*13^10 + 9*13^11 + 12*13^12 + 10*13^13 + 4*13^14 + 8*13^15 + 2*13^16 + 9*13^17 + 6*13^18 + 5*13^19 + O(13^20) : 1 + O(13^20)) rho[0] = 10*13 + 4*13^2 + 10*13^3 + 13^4 + 10*13^5 + 11*13^6 + 2*13^7 + 13^8 + 12*13^9 + 9*13^10 + 12*13^11 + 10*13^12 + 4*13^13 + 12*13^14 + 3*13^15 + 12*13^16 + 7*13^17 + O(13^18)
CERT 1 0 15 0 True ok
DISC (1 : 0 : 1) Q = (1 + 3*13 + 11*13^2 + 12*13^3 + 12*13^4 + 12*13^5 + 12*13^6 + 12*13^7 + 12*13^8 + 12*13^9 + 12*13^10 + 12*13^11 + 12*13^12 + 12*13^13 + 12*13^14 + 12*13^15 + 12*13^16 + 12*13^17 + 12*13^18 + 12*13^19 + O(13^20) : 0 : 1 + O(13^20)) rho[0] = 11*13 + 4*13^2 + 8*13^3 + 10*13^4 + 13^5 + 9*13^6 + 8*13^7 + 5*13^8 + 12*13^10 + 11*13^11 + 9*13^12 + 3*13^13 + 3*13^14 + 7*13^15 + 9*13^17 + 6*13^18 + 10*13^19 + O(13^20)
CERT 2 0 15 0 True ok
DISC (3 : 2 : 1) Q = (3 + O(13^20) : 2 + 13 + 7*13^2 + 6*13^3 + 10*13^4 + 10*13^5 + 6*13^6 + 11*13^7 + 2*13^8 + 13^9 + 3*13^10 + 2*13^11 + 7*13^12 + 9*13^13 + 3*13^14 + 8*13^16 + 8*13^17 + 12*13^18 + 9*13^19 + O(13^20) : 1 + O(13^20)) rho[0] = 10*13 + 4*13^2 + 2*13^3 + 11*13^4 + 6*13^5 + 10*13^6 + 2*13^7 + 2*13^8 + 12*13^9 + 3*13^10 + 4*13^11 + 2*13^12 + 10*13^13 + 12*13^14 + 9*13^15 + 11*13^16 + 7*13^17 + O(13^18)
CERT 3 0 16 0 True ok
DISC (4 : 0 : 1) Q = (4 + 4*13 + 3*13^2 + O(13^20) : 0 : 1 + O(13^20)) rho[0] = 6*13 + 13^2 + 2*13^3 + 13^4 + 3*13^5 + 3*13^6 + 3*13^7 + 10*13^8 + 12*13^9 + 8*13^10 + 9*13^11 + 7*13^12 + 6*13^13 + 11*13^14 + 8*13^15 + 8*13^16 + 3*13^17 + 2*13^18 + 9*13^19 + O(13^20)
CERT 4 0 15 0 True ok
DISC (5 : 4 : 1) Q = (5 + O(13^20) : 4 + 9*13 + 3*13^2 + 7*13^3 + 3*13^4 + 10*13^5 + 2*13^6 + 8*13^7 + 4*13^9 + 12*13^10 + 5*13^11 + 10*13^12 + 6*13^13 + 9*13^15 + 11*13^16 + 7*13^17 + 5*13^18 + 7*13^19 + O(13^20) : 1 + O(13^20)) rho[0] = 2*13 + 2*13^2 + 7*13^3 + 7*13^4 + 10*13^5 + 4*13^7 + 10*13^8 + 3*13^9 + 11*13^10 + 5*13^11 + 3*13^13 + 12*13^14 + 7*13^15 + 8*13^16 + 4*13^17 + O(13^18)
CERT 5 0 16 0 True ok
DISC (6 : 0 : 1) Q = (6 + 10*13 + 12*13^2 + 12*13^3 + 12*13^4 + 12*13^5 + 12*13^6 + 12*13^7 + 12*13^8 + 12*13^9 + 12*13^10 + 12*13^11 + 12*13^12 + 12*13^13 + 12*13^14 + 12*13^15 + 12*13^16 + 12*13^17 + 12*13^18 + 12*13^19 + O(13^20) : 0 : 1 + O(13^20)) rho[0] = 6*13 + 7*13^2 + 3*13^3 + 12*13^4 + 11*13^5 + 5*13^7 + 3*13^8 + 2*13^9 + 4*13^10 + 13^11 + 12*13^12 + 10*13^13 + 13^14 + 7*13^15 + 4*13^16 + 9*13^17 + 7*13^18 + 8*13^19 + O(13^20)
CERT 6 0 15 0 True ok
QC за 0.5 с
рациональных (по Ω): 2  нераспознанных: 0  выживших локально при p: 0
рациональные: ['inf']
выжившие теги (все наборы): []
Сертификат корней: (диск,ω)-пар 7, сертифицировано 7, несертифицировано 0: []
ИТОГ: корней ρ−ω в дисках нет, кроме двух точек на бесконечности (z=0, вырожденный квадрат)
