C: w^2 = x^6 - 160118*x^4 + 6409443481*x^2 - 6791288120100;  p = 13, n = 20, cells = [33, 265, 298, 563]
  q=2: N=(0,4) Vt=14 sep=3 V_q=[-2, -1] V_q^nine=[-2] хвост0: a0 не квадрат хвост∞ ok=True
  q=3: N=(2,6) Vt=15 sep=2 V_q=[-2, -4/3, -1] V_q^nine=[-4/3] хвост0: a0 не квадрат хвост∞ ok=True
  q=5: N=(2,6) Vt=15 sep=1 V_q=[-2, -4/3, -1] V_q^nine=[-4/3] хвост0 ok=True nine0=False хвост∞ ok=True
  q=11: N=(2,6) Vt=15 sep=1 V_q=[-2, -4/3, -1] V_q^nine=[-4/3] хвост0: a0 не квадрат хвост∞ ok=True
  q=29: N=(2,2) Vt=7 sep=1 V_q=[0] V_q^nine=[0] хвост0 ok=True nine0=False хвост∞ ok=True
  q=53: N=(2,6) Vt=15 sep=1 V_q=[-2, -4/3, -1] V_q^nine=[-4/3] хвост0 ok=True nine0=False хвост∞ ok=True
  q=149: N=(2,6) Vt=15 sep=1 V_q=[-2, -4/3, -1] V_q^nine=[-4/3] хвост0 ok=True nine0=False хвост∞ ok=True
  q=331: N=(2,2) Vt=7 sep=1 V_q=[0] V_q^nine=[0] хвост0: a0 не квадрат хвост∞ ok=True
  q=563: N=(2,2) Vt=8 sep=1 V_q=[0] V_q^nine=[0] хвост0: a0 не квадрат хвост∞ ok=True
  |Ω^nine| = 1; совпадений ω: 0
Ω^nine за 2.4 с
тег точки ∞: (-2, -4/3, -4/3, -4/3, 0, -4/3, -4/3, 0, 0) — индекс ω: 0
несертифицированные классы перечисления: {}
DISC (1 : 1 : 0) Q = (1 + O(13^20) : 1 + O(13^20) : 0) rho[0] = 5*13 + 12*13^2 + 2*13^3 + 11*13^5 + 8*13^8 + 5*13^10 + 10*13^11 + 12*13^12 + 2*13^13 + 12*13^14 + 2*13^15 + 2*13^16 + 10*13^17 + 8*13^18 + 13^19 + O(13^20)
CERT 0 0 17 2 True ok: F = t^2 S, S(0) единица, остальные коэффициенты S — в pZ_p ⇒ v(S(t)) = 0 на Z_p, других корней нет
DISC (0 : 6 : 1) Q = (0 : 6 + 7*13 + 12*13^2 + 9*13^3 + 12*13^4 + 6*13^5 + 2*13^8 + 4*13^9 + 5*13^11 + 11*13^12 + 4*13^13 + 10*13^15 + 12*13^16 + 6*13^17 + 9*13^19 + O(13^20) : 1 + O(13^20)) rho[0] = 12*13 + 7*13^2 + 2*13^3 + 9*13^4 + 13^5 + 2*13^6 + 11*13^7 + 12*13^8 + 4*13^9 + 5*13^10 + 9*13^11 + 4*13^12 + 2*13^13 + 7*13^14 + 13^15 + 11*13^16 + 2*13^17 + O(13^19)
CERT 1 0 15 0 True ok
DISC (1 : 0 : 1) Q = (1 + 3*13 + 11*13^2 + 12*13^3 + 12*13^4 + 12*13^5 + 12*13^6 + 12*13^7 + 12*13^8 + 12*13^9 + 12*13^10 + 12*13^11 + 12*13^12 + 12*13^13 + 12*13^14 + 12*13^15 + 12*13^16 + 12*13^17 + 12*13^18 + 12*13^19 + O(13^20) : 0 : 1 + O(13^20)) rho[0] = 9*13 + 10*13^2 + 3*13^3 + 11*13^4 + 5*13^5 + 6*13^6 + 4*13^7 + 10*13^9 + 12*13^10 + 12*13^12 + 3*13^13 + 8*13^14 + 3*13^15 + 5*13^16 + 13^17 + 9*13^18 + 4*13^19 + O(13^20)
CERT 2 0 15 0 True ok
DISC (2 : 1 : 1) Q = (2 + O(13^20) : 1 + 8*13 + 5*13^2 + 12*13^3 + 2*13^4 + 4*13^5 + 11*13^6 + 13^7 + 6*13^8 + 11*13^9 + 7*13^10 + 2*13^11 + 13^12 + 8*13^13 + 2*13^14 + 2*13^15 + 3*13^16 + 2*13^17 + 6*13^18 + 4*13^19 + O(13^20) : 1 + O(13^20)) rho[0] = 9*13 + 9*13^2 + 9*13^3 + 4*13^4 + 6*13^5 + 10*13^6 + 13^7 + 2*13^8 + 13^9 + 11*13^10 + 2*13^11 + 6*13^12 + 13^13 + 12*13^14 + 12*13^15 + 7*13^16 + 7*13^17 + 12*13^18 + O(13^19)
CERT 3 0 16 0 True ok
DISC (4 : 3 : 1) Q = (4 + O(13^20) : 3 + 3*13 + 7*13^3 + 10*13^4 + 11*13^5 + 6*13^6 + 6*13^7 + 10*13^8 + 5*13^9 + 13^10 + 6*13^11 + 6*13^12 + 6*13^13 + 8*13^14 + 9*13^15 + 12*13^16 + 5*13^17 + 4*13^18 + 12*13^19 + O(13^20) : 1 + O(13^20)) rho[0] = 9*13 + 10*13^2 + 10*13^3 + 11*13^4 + 9*13^5 + 13^6 + 10*13^7 + 10*13^8 + 11*13^9 + 2*13^10 + 3*13^11 + 11*13^13 + 8*13^14 + 5*13^15 + 11*13^16 + 4*13^17 + O(13^18)
CERT 4 0 16 0 True ok
DISC (5 : 0 : 1) Q = (5 + 7*13 + 13^2 + O(13^20) : 0 : 1 + O(13^20)) rho[0] = 9*13 + 6*13^2 + 5*13^3 + 7*13^4 + 8*13^5 + 8*13^6 + 10*13^7 + 6*13^8 + 2*13^10 + 8*13^11 + 10*13^12 + 5*13^13 + 13^14 + 11*13^15 + 3*13^16 + 8*13^17 + 9*13^18 + 2*13^19 + O(13^20)
CERT 5 0 15 0 True ok
DISC (6 : 0 : 1) Q = (6 + 10*13 + 12*13^2 + 12*13^3 + 12*13^4 + 12*13^5 + 12*13^6 + 12*13^7 + 12*13^8 + 12*13^9 + 12*13^10 + 12*13^11 + 12*13^12 + 12*13^13 + 12*13^14 + 12*13^15 + 12*13^16 + 12*13^17 + 12*13^18 + 12*13^19 + O(13^20) : 0 : 1 + O(13^20)) rho[0] = 4*13 + 12*13^3 + 12*13^4 + 2*13^5 + 11*13^6 + 11*13^8 + 11*13^9 + 4*13^10 + 3*13^11 + 13^12 + 11*13^13 + 6*13^14 + 3*13^15 + 9*13^16 + 13^17 + 10*13^18 + 2*13^19 + O(13^20)
CERT 5 0 15 0 True ok
QC за 0.6 с
рациональных (по Ω): 2  нераспознанных: 8  выживших локально при p: 0
рациональные: ['inf']
выжившие теги (все наборы): []
Сертификат корней: (диск,ω)-пар 7, сертифицировано 7, несертифицировано 0: []
ИТОГ: корней ρ−ω в дисках нет, кроме 2 рациональных и 8 нераспознанных
