C: w^2 = x^6 - 406862*x^4 + 28590001873*x^2 - 30653297317764;  p = 17, n = 20, cells = [33, 298, 563, 265]
  q=2: N=(10,2) Vt=20 sep=3 V_q=[0, 1] V_q^nine=[0] хвост0: a0 не квадрат хвост∞ ok=True
  q=3: N=(2,6) Vt=15 sep=2 V_q=[-2, -4/3, -1] V_q^nine=[-4/3] хвост0: a0 не квадрат хвост∞ ok=True
  q=5: N=(6,6) Vt=12 sep=1 V_q=[0] V_q^nine=[0] хвост0 ok=True nine0=False хвост∞ ok=True
  q=7: N=(2,2) Vt=7 sep=1 V_q=[0] V_q^nine=[0] хвост0: a0 не квадрат хвост∞ ok=True
  q=11: N=(0,4) Vt=13 sep=1 V_q=[-2, -1] V_q^nine=[-1] хвост0: a0 не квадрат хвост∞ ok=True
  q=41: N=(2,2) Vt=7 sep=1 V_q=[0] V_q^nine=[0] хвост0 ok=True nine0=False хвост∞ ok=True
  q=53: N=(6,6) Vt=12 sep=1 V_q=[0] V_q^nine=[0] хвост0 ok=True nine0=False хвост∞ ok=True
  q=149: N=(2,6) Vt=15 sep=1 V_q=[-2, -4/3, -1] V_q^nine=[-4/3] хвост0 ok=True nine0=False хвост∞ ok=True
  q=331: N=(2,2) Vt=7 sep=1 V_q=[0] V_q^nine=[0] хвост0: a0 не квадрат хвост∞ ok=True
  q=563: N=(0,4) Vt=13 sep=1 V_q=[-2, -1] V_q^nine=[-1] хвост0: a0 не квадрат хвост∞ ok=True
  |Ω^nine| = 1; совпадений ω: 0
Ω^nine за 7.2 с
тег точки ∞: (0, -4/3, 0, 0, -1, 0, 0, -4/3, 0, -1) — индекс ω: 0
несертифицированные классы перечисления: {}
DISC (1 : 1 : 0) Q = (1 + O(17^20) : 1 + O(17^20) : 0) rho[0] = 14*17 + 12*17^2 + 4*17^3 + 7*17^4 + 9*17^5 + 2*17^7 + 17^8 + 12*17^9 + 13*17^10 + 9*17^11 + 5*17^12 + 2*17^13 + 16*17^14 + 5*17^15 + 3*17^16 + 8*17^17 + 10*17^18 + O(17^19)
CERT 0 0 17 2 True ok: F = t^2 S, S(0) единица, остальные коэффициенты S — в pZ_p ⇒ v(S(t)) = 0 на Z_p, других корней нет
DISC (0 : 4 : 1) Q = (0 : 4 + 13*17 + 12*17^2 + 7*17^3 + 7*17^4 + 12*17^5 + 6*17^6 + 8*17^7 + 6*17^8 + 9*17^9 + 3*17^10 + 2*17^11 + 16*17^12 + 11*17^13 + 7*17^14 + 16*17^15 + 6*17^16 + 14*17^17 + 9*17^18 + 16*17^19 + O(17^20) : 1 + O(17^20)) rho[0] = 6*17 + 5*17^2 + 6*17^3 + 7*17^4 + 13*17^5 + 13*17^6 + 17^7 + 8*17^8 + 16*17^9 + 17^10 + 8*17^11 + 2*17^12 + 6*17^13 + 11*17^14 + 5*17^15 + 9*17^16 + 7*17^17 + 13*17^18 + O(17^19)
CERT 1 0 15 0 True ok
DISC (1 : 0 : 1) Q = (1 + 15*17 + 16*17^2 + 16*17^3 + 16*17^4 + 16*17^5 + 16*17^6 + 16*17^7 + 16*17^8 + 16*17^9 + 16*17^10 + 16*17^11 + 16*17^12 + 16*17^13 + 16*17^14 + 16*17^15 + 16*17^16 + 16*17^17 + 16*17^18 + 16*17^19 + O(17^20) : 0 : 1 + O(17^20)) rho[0] = 3*17 + 12*17^2 + 10*17^3 + 10*17^4 + 7*17^5 + 10*17^6 + 13*17^7 + 8*17^8 + 13*17^9 + 5*17^10 + 9*17^11 + 2*17^12 + 17^13 + 13*17^14 + 3*17^15 + 6*17^16 + 17^17 + 9*17^18 + 16*17^19 + O(17^20)
CERT 2 0 15 0 True ok
DISC (2 : 0 : 1) Q = (2 + 16*17 + 17^2 + O(17^20) : 0 : 1 + O(17^20)) rho[0] = 6*17 + 9*17^2 + 2*17^3 + 6*17^4 + 7*17^5 + 17^6 + 9*17^7 + 3*17^8 + 7*17^9 + 15*17^10 + 16*17^11 + 5*17^12 + 9*17^13 + 3*17^14 + 17^15 + 4*17^17 + 4*17^18 + 6*17^19 + O(17^20)
CERT 3 0 15 0 True ok
DISC (4 : 8 : 1) Q = (4 + O(17^20) : 8 + 11*17 + 8*17^2 + 7*17^3 + 2*17^4 + 7*17^5 + 12*17^6 + 7*17^8 + 17^9 + 14*17^10 + 7*17^11 + 12*17^12 + 7*17^13 + 10*17^15 + 8*17^16 + 9*17^17 + 15*17^18 + 13*17^19 + O(17^20) : 1 + O(17^20)) rho[0] = 10*17 + 6*17^2 + 12*17^3 + 9*17^4 + 5*17^5 + 7*17^6 + 15*17^7 + 10*17^8 + 13*17^9 + 8*17^10 + 3*17^11 + 12*17^12 + 4*17^13 + 16*17^14 + 11*17^15 + 13*17^16 + 9*17^17 + 14*17^18 + O(17^19)
CERT 4 0 16 0 True ok
DISC (5 : 8 : 1) Q = (5 + O(17^20) : 8 + 14*17 + 17^2 + 12*17^3 + 2*17^4 + 7*17^5 + 3*17^6 + 14*17^7 + 6*17^8 + 11*17^9 + 14*17^10 + 2*17^12 + 10*17^13 + 8*17^14 + 10*17^15 + 7*17^16 + 13*17^17 + 10*17^18 + 6*17^19 + O(17^20) : 1 + O(17^20)) rho[0] = 13*17 + 10*17^2 + 6*17^3 + 10*17^4 + 9*17^5 + 7*17^6 + 11*17^7 + 16*17^8 + 16*17^9 + 9*17^10 + 3*17^11 + 10*17^12 + 15*17^13 + 10*17^14 + 5*17^15 + 15*17^16 + 13*17^17 + 6*17^18 + O(17^19)
CERT 5 0 16 0 True ok
DISC (7 : 6 : 1) Q = (7 + O(17^20) : 6 + 12*17 + 15*17^2 + 12*17^3 + 8*17^4 + 10*17^5 + 10*17^6 + 8*17^7 + 12*17^8 + 12*17^9 + 5*17^10 + 6*17^11 + 14*17^12 + 9*17^13 + 5*17^14 + 15*17^16 + 6*17^17 + 11*17^18 + 15*17^19 + O(17^20) : 1 + O(17^20)) rho[0] = 16*17 + 10*17^2 + 11*17^3 + 15*17^4 + 16*17^5 + 15*17^6 + 11*17^7 + 12*17^8 + 6*17^9 + 14*17^10 + 9*17^11 + 10*17^12 + 2*17^13 + 15*17^14 + 7*17^15 + 15*17^16 + 12*17^17 + O(17^18)
CERT 6 0 16 0 True ok
DISC (8 : 0 : 1) Q = (8 + 16*17 + 15*17^2 + 16*17^3 + 16*17^4 + 16*17^5 + 16*17^6 + 16*17^7 + 16*17^8 + 16*17^9 + 16*17^10 + 16*17^11 + 16*17^12 + 16*17^13 + 16*17^14 + 16*17^15 + 16*17^16 + 16*17^17 + 16*17^18 + 16*17^19 + O(17^20) : 0 : 1 + O(17^20)) rho[0] = 4*17 + 6*17^2 + 14*17^3 + 2*17^4 + 8*17^5 + 3*17^6 + 8*17^7 + 5*17^8 + 3*17^9 + 8*17^10 + 9*17^11 + 3*17^12 + 17^13 + 4*17^14 + 15*17^15 + 3*17^16 + 4*17^17 + 16*17^18 + 16*17^19 + O(17^20)
CERT 7 0 15 0 True ok
QC за 0.6 с
рациональных (по Ω): 2  нераспознанных: 20  выживших локально при p: 0
рациональные: ['inf']
выжившие теги (все наборы): []
Сертификат корней: (диск,ω)-пар 8, сертифицировано 8, несертифицировано 0: []
ИТОГ: корней ρ−ω в дисках нет, кроме 2 рациональных и 20 нераспознанных
