C: w^2 = x^6 - 160118*x^4 + 6409443481*x^2 - 6791288120100;  p = 19, n = 20, cells = [33, 265, 298, 563]
  q=2: N=(0,4) Vt=14 sep=3 V_q=[-2, -1] V_q^nine=[-2] хвост0: a0 не квадрат хвост∞ ok=True
  q=3: N=(2,6) Vt=15 sep=2 V_q=[-2, -4/3, -1] V_q^nine=[-4/3] хвост0: a0 не квадрат хвост∞ ok=True
  q=5: N=(2,6) Vt=15 sep=1 V_q=[-2, -4/3, -1] V_q^nine=[-4/3] хвост0 ok=True nine0=False хвост∞ ok=True
  q=11: N=(2,6) Vt=15 sep=1 V_q=[-2, -4/3, -1] V_q^nine=[-4/3] хвост0: a0 не квадрат хвост∞ ok=True
  q=29: N=(2,2) Vt=7 sep=1 V_q=[0] V_q^nine=[0] хвост0 ok=True nine0=False хвост∞ ok=True
  q=53: N=(2,6) Vt=15 sep=1 V_q=[-2, -4/3, -1] V_q^nine=[-4/3] хвост0 ok=True nine0=False хвост∞ ok=True
  q=149: N=(2,6) Vt=15 sep=1 V_q=[-2, -4/3, -1] V_q^nine=[-4/3] хвост0 ok=True nine0=False хвост∞ ok=True
  q=331: N=(2,2) Vt=7 sep=1 V_q=[0] V_q^nine=[0] хвост0: a0 не квадрат хвост∞ ok=True
  q=563: N=(2,2) Vt=8 sep=1 V_q=[0] V_q^nine=[0] хвост0: a0 не квадрат хвост∞ ok=True
  |Ω^nine| = 1; совпадений ω: 0
Ω^nine за 2.3 с
тег точки ∞: (-2, -4/3, -4/3, -4/3, 0, -4/3, -4/3, 0, 0) — индекс ω: 0
несертифицированные классы перечисления: {}
DISC (1 : 1 : 0) Q = (1 + O(19^20) : 1 + O(19^20) : 0) rho[0] = 5*19 + 15*19^2 + 4*19^3 + 13*19^4 + 15*19^5 + 8*19^6 + 2*19^7 + 6*19^8 + 14*19^9 + 2*19^10 + 9*19^11 + 5*19^12 + 15*19^13 + 12*19^14 + 2*19^15 + 8*19^17 + 19^18 + 3*19^19 + O(19^20)
CERT 0 0 17 2 True ok: F = t^2 S, S(0) единица, остальные коэффициенты S — в pZ_p ⇒ v(S(t)) = 0 на Z_p, других корней нет
DISC (1 : 0 : 1) Q = (1 + 5*19 + 18*19^2 + 18*19^3 + 18*19^4 + 18*19^5 + 18*19^6 + 18*19^7 + 18*19^8 + 18*19^9 + 18*19^10 + 18*19^11 + 18*19^12 + 18*19^13 + 18*19^14 + 18*19^15 + 18*19^16 + 18*19^17 + 18*19^18 + 18*19^19 + O(19^20) : 0 : 1 + O(19^20)) rho[0] = 2*19 + 9*19^2 + 8*19^3 + 14*19^4 + 3*19^5 + 13*19^6 + 9*19^8 + 14*19^9 + 4*19^10 + 8*19^11 + 5*19^12 + 2*19^13 + 4*19^14 + 14*19^16 + 16*19^17 + 14*19^18 + 14*19^19 + O(19^20)
CERT 1 0 16 0 True ok
DISC (3 : 6 : 1) Q = (3 + O(19^20) : 6 + 2*19 + 2*19^2 + 7*19^3 + 19^4 + 15*19^5 + 18*19^6 + 3*19^7 + 8*19^8 + 19^9 + 16*19^10 + 2*19^11 + 9*19^12 + 19^13 + 9*19^14 + 6*19^15 + 9*19^16 + 12*19^17 + 16*19^18 + 19^19 + O(19^20) : 1 + O(19^20)) rho[0] = 9*19 + 6*19^2 + 17*19^3 + 17*19^4 + 16*19^5 + 12*19^6 + 3*19^7 + 11*19^8 + 5*19^9 + 11*19^10 + 12*19^11 + 8*19^12 + 4*19^13 + 2*19^14 + 14*19^15 + 13*19^16 + 4*19^17 + 3*19^18 + O(19^19)
CERT 2 0 16 0 True ok
DISC (5 : 0 : 1) Q = (5 + 17*19 + 18*19^2 + 18*19^3 + 18*19^4 + 18*19^5 + 18*19^6 + 18*19^7 + 18*19^8 + 18*19^9 + 18*19^10 + 18*19^11 + 18*19^12 + 18*19^13 + 18*19^14 + 18*19^15 + 18*19^16 + 18*19^17 + 18*19^18 + 18*19^19 + O(19^20) : 0 : 1 + O(19^20)) rho[0] = 8*19 + 15*19^2 + 18*19^3 + 4*19^4 + 10*19^5 + 6*19^6 + 15*19^7 + 12*19^8 + 11*19^9 + 10*19^10 + 15*19^11 + 14*19^12 + 19^13 + 4*19^14 + 6*19^15 + 10*19^16 + 3*19^17 + 2*19^18 + 17*19^19 + O(19^20)
CERT 3 0 16 0 True ok
DISC (6 : 0 : 1) Q = (6 + 3*19 + 18*19^2 + 18*19^3 + 18*19^4 + 18*19^5 + 18*19^6 + 18*19^7 + 18*19^8 + 18*19^9 + 18*19^10 + 18*19^11 + 18*19^12 + 18*19^13 + 18*19^14 + 18*19^15 + 18*19^16 + 18*19^17 + 18*19^18 + 18*19^19 + O(19^20) : 0 : 1 + O(19^20)) rho[0] = 18*19 + 15*19^2 + 6*19^3 + 11*19^4 + 6*19^5 + 10*19^6 + 9*19^7 + 9*19^8 + 8*19^9 + 19^10 + 13*19^11 + 15*19^12 + 19^13 + 14*19^14 + 4*19^15 + 14*19^16 + 12*19^17 + 17*19^18 + 12*19^19 + O(19^20)
CERT 4 0 16 0 True ok
DISC (7 : 2 : 1) Q = (7 + O(19^20) : 2 + 16*19 + 16*19^2 + 11*19^3 + 3*19^5 + 18*19^6 + 16*19^7 + 10*19^8 + 9*19^9 + 6*19^10 + 12*19^11 + 3*19^12 + 4*19^13 + 16*19^14 + 7*19^15 + 14*19^16 + 11*19^17 + 17*19^18 + 12*19^19 + O(19^20) : 1 + O(19^20)) rho[0] = 5*19 + 13*19^2 + 3*19^3 + 6*19^4 + 3*19^5 + 9*19^6 + 14*19^7 + 16*19^8 + 5*19^9 + 15*19^10 + 14*19^12 + 19^13 + 12*19^14 + 11*19^15 + 16*19^16 + 5*19^17 + 18*19^18 + O(19^19)
CERT 5 0 16 0 True ok
DISC (8 : 4 : 1) Q = (8 + O(19^20) : 4 + 3*19 + 13*19^2 + 2*19^3 + 5*19^4 + 9*19^5 + 10*19^6 + 7*19^7 + 12*19^8 + 19^9 + 12*19^10 + 8*19^11 + 3*19^12 + 10*19^13 + 13*19^14 + 12*19^15 + 6*19^16 + 10*19^17 + 11*19^18 + 18*19^19 + O(19^20) : 1 + O(19^20)) rho[0] = 5*19 + 5*19^2 + 10*19^3 + 12*19^4 + 14*19^5 + 10*19^6 + 19^7 + 18*19^8 + 15*19^9 + 12*19^10 + 2*19^11 + 5*19^12 + 17*19^14 + 8*19^15 + 3*19^16 + 7*19^17 + 15*19^18 + O(19^19)
CERT 6 0 16 0 True ok
QC за 0.7 с
рациональных (по Ω): 2  нераспознанных: 20  выживших локально при p: 0
рациональные: ['inf']
выжившие теги (все наборы): []
Сертификат корней: (диск,ω)-пар 7, сертифицировано 7, несертифицировано 0: []
ИТОГ: корней ρ−ω в дисках нет, кроме 2 рациональных и 20 нераспознанных
