C: w^2 = x^6 - 406862*x^4 + 28590001873*x^2 - 30653297317764;  p = 29, n = 20, cells = [33, 298, 563, 265]
  q=2: N=(10,2) Vt=20 sep=3 V_q=[0, 1] V_q^nine=[0] хвост0: a0 не квадрат хвост∞ ok=True
  q=3: N=(2,6) Vt=15 sep=2 V_q=[-2, -4/3, -1] V_q^nine=[-4/3] хвост0: a0 не квадрат хвост∞ ok=True
  q=5: N=(6,6) Vt=12 sep=1 V_q=[0] V_q^nine=[0] хвост0 ok=True nine0=False хвост∞ ok=True
  q=7: N=(2,2) Vt=7 sep=1 V_q=[0] V_q^nine=[0] хвост0: a0 не квадрат хвост∞ ok=True
  q=11: N=(0,4) Vt=13 sep=1 V_q=[-2, -1] V_q^nine=[-1] хвост0: a0 не квадрат хвост∞ ok=True
  q=41: N=(2,2) Vt=7 sep=1 V_q=[0] V_q^nine=[0] хвост0 ok=True nine0=False хвост∞ ok=True
  q=53: N=(6,6) Vt=12 sep=1 V_q=[0] V_q^nine=[0] хвост0 ok=True nine0=False хвост∞ ok=True
  q=149: N=(2,6) Vt=15 sep=1 V_q=[-2, -4/3, -1] V_q^nine=[-4/3] хвост0 ok=True nine0=False хвост∞ ok=True
  q=331: N=(2,2) Vt=7 sep=1 V_q=[0] V_q^nine=[0] хвост0: a0 не квадрат хвост∞ ok=True
  q=563: N=(0,4) Vt=13 sep=1 V_q=[-2, -1] V_q^nine=[-1] хвост0: a0 не квадрат хвост∞ ok=True
  |Ω^nine| = 1; совпадений ω: 0
Ω^nine за 7.3 с
тег точки ∞: (0, -4/3, 0, 0, -1, 0, 0, -4/3, 0, -1) — индекс ω: 0
несертифицированные классы перечисления: {}
DISC (1 : 1 : 0) Q = (1 + O(29^20) : 1 + O(29^20) : 0) rho[0] = 28*29 + 27*29^2 + 14*29^3 + 22*29^4 + 28*29^5 + 15*29^6 + 20*29^7 + 17*29^8 + 29^9 + 18*29^10 + 29^11 + 12*29^12 + 27*29^13 + 8*29^14 + 26*29^15 + 4*29^16 + 4*29^17 + 28*29^18 + O(29^19)
CERT 0 0 19 2 True ok: F = t^2 S, S(0) единица, остальные коэффициенты S — в pZ_p ⇒ v(S(t)) = 0 на Z_p, других корней нет
DISC (0 : 3 : 1) Q = (0 : 3 + 10*29 + 20*29^2 + 11*29^3 + 5*29^4 + 20*29^5 + 16*29^6 + 16*29^7 + 20*29^8 + 20*29^9 + 10*29^10 + 15*29^11 + 5*29^12 + 21*29^13 + 25*29^14 + 21*29^15 + 3*29^16 + 14*29^17 + 8*29^18 + 23*29^19 + O(29^20) : 1 + O(29^20)) rho[0] = 14*29 + 10*29^3 + 17*29^4 + 13*29^5 + 6*29^6 + 12*29^7 + 25*29^8 + 23*29^9 + 25*29^10 + 13*29^11 + 12*29^13 + 12*29^14 + 15*29^15 + 16*29^16 + 3*29^17 + 10*29^18 + O(29^19)
CERT 1 0 17 0 True ok
DISC (1 : 11 : 1) Q = (1 + O(29^20) : 11 + 16*29 + 10*29^2 + 6*29^3 + 24*29^4 + 29^6 + 8*29^7 + 17*29^8 + 29^9 + 3*29^10 + 27*29^12 + 25*29^13 + 10*29^14 + 17*29^15 + 15*29^16 + 29^17 + 29^18 + 2*29^19 + O(29^20) : 1 + O(29^20)) rho[0] = 26*29 + 11*29^2 + 27*29^3 + 6*29^4 + 20*29^5 + 5*29^6 + 11*29^7 + 21*29^8 + 11*29^9 + 8*29^10 + 15*29^11 + 6*29^12 + 12*29^13 + 21*29^14 + 15*29^15 + 18*29^16 + 22*29^17 + 7*29^18 + O(29^19)
CERT 2 0 18 0 True ok
DISC (2 : 2 : 1) Q = (2 + O(29^20) : 2 + 4*29 + 19*29^2 + 3*29^3 + 5*29^4 + 4*29^6 + 4*29^7 + 26*29^8 + 24*29^9 + 11*29^10 + 16*29^11 + 29^12 + 21*29^13 + 13*29^14 + 11*29^15 + 25*29^16 + 8*29^17 + 15*29^18 + 24*29^19 + O(29^20) : 1 + O(29^20)) rho[0] = 22*29 + 10*29^2 + 17*29^3 + 14*29^4 + 7*29^5 + 4*29^7 + 29^8 + 7*29^9 + 2*29^10 + 15*29^11 + 21*29^12 + 7*29^13 + 17*29^14 + 19*29^15 + 29^16 + 23*29^17 + 10*29^18 + O(29^19)
CERT 3 0 18 0 True ok
DISC (3 : 14 : 1) Q = (3 + O(29^20) : 14 + 26*29 + 12*29^3 + 20*29^4 + 6*29^5 + 9*29^6 + 10*29^7 + 8*29^8 + 21*29^9 + 11*29^10 + 10*29^11 + 6*29^12 + 13*29^13 + 11*29^14 + 7*29^15 + 20*29^16 + 16*29^17 + 20*29^18 + 2*29^19 + O(29^20) : 1 + O(29^20)) rho[0] = 9*29 + 25*29^2 + 25*29^3 + 22*29^4 + 2*29^5 + 11*29^6 + 29^7 + 20*29^8 + 4*29^10 + 17*29^11 + 18*29^12 + 27*29^13 + 2*29^14 + 28*29^15 + 27*29^16 + 13*29^17 + 24*29^18 + O(29^19)
CERT 4 0 18 0 True ok
DISC (4 : 0 : 1) Q = (4 + 29 + O(29^20) : 0 : 1 + O(29^20)) rho[0] = 9*29 + 29^2 + 14*29^3 + 18*29^4 + 28*29^5 + 22*29^6 + 25*29^8 + 5*29^9 + 11*29^10 + 22*29^11 + 3*29^12 + 29^13 + 8*29^14 + 22*29^15 + 5*29^16 + 8*29^17 + 10*29^18 + 26*29^19 + O(29^20)
CERT 5 0 17 0 True ok
DISC (5 : 3 : 1) Q = (5 + O(29^20) : 3 + 17*29 + 26*29^2 + 5*29^3 + 29^4 + 22*29^5 + 2*29^6 + 6*29^8 + 29^9 + 14*29^10 + 27*29^11 + 16*29^12 + 13*29^13 + 12*29^14 + 18*29^15 + 25*29^16 + 17*29^17 + 19*29^18 + 22*29^19 + O(29^20) : 1 + O(29^20)) rho[0] = 20*29 + 6*29^2 + 4*29^3 + 28*29^4 + 3*29^5 + 20*29^6 + 12*29^7 + 25*29^8 + 2*29^9 + 27*29^10 + 13*29^11 + 22*29^12 + 25*29^13 + 17*29^15 + 28*29^16 + 24*29^17 + 14*29^18 + O(29^19)
CERT 6 0 18 0 True ok
DISC (7 : 4 : 1) Q = (7 + O(29^20) : 4 + 21*29 + 23*29^2 + 12*29^3 + 5*29^4 + 9*29^5 + 26*29^6 + 29^7 + 25*29^9 + 15*29^11 + 20*29^12 + 29^13 + 13*29^14 + 28*29^15 + 28*29^16 + 9*29^17 + 18*29^18 + 29^19 + O(29^20) : 1 + O(29^20)) rho[0] = 9*29 + 25*29^3 + 7*29^4 + 9*29^5 + 9*29^6 + 15*29^7 + 21*29^8 + 8*29^9 + 25*29^10 + 4*29^11 + 13*29^12 + 11*29^13 + 8*29^14 + 3*29^15 + 17*29^16 + 15*29^17 + O(29^19)
CERT 7 0 18 0 True ok
DISC (8 : 0 : 1) Q = (8 + 10*29 + O(29^20) : 0 : 1 + O(29^20)) rho[0] = 9*29 + 7*29^2 + 24*29^3 + 15*29^4 + 28*29^5 + 8*29^6 + 9*29^7 + 29^8 + 5*29^9 + 18*29^10 + 25*29^11 + 11*29^12 + 13*29^13 + 10*29^14 + 22*29^15 + 29^16 + 13*29^17 + 4*29^18 + 5*29^19 + O(29^20)
CERT 8 0 17 0 True ok
DISC (10 : 5 : 1) Q = (10 + O(29^20) : 5 + 28*29 + 16*29^2 + 12*29^3 + 3*29^4 + 26*29^5 + 18*29^7 + 12*29^8 + 4*29^9 + 3*29^10 + 5*29^12 + 24*29^14 + 6*29^15 + 7*29^16 + 12*29^17 + 6*29^19 + O(29^20) : 1 + O(29^20)) rho[0] = 8*29 + 21*29^3 + 10*29^4 + 11*29^5 + 13*29^6 + 19*29^8 + 29^9 + 10*29^10 + 29^11 + 11*29^12 + 8*29^13 + 18*29^14 + 15*29^15 + 25*29^16 + 6*29^17 + 3*29^18 + O(29^19)
CERT 9 0 18 0 True ok
DISC (12 : 0 : 1) Q = (12 + 19*29 + O(29^20) : 0 : 1 + O(29^20)) rho[0] = 13*29 + 26*29^2 + 7*29^3 + 27*29^4 + 23*29^5 + 29^6 + 11*29^7 + 21*29^8 + 15*29^10 + 7*29^11 + 19*29^12 + 11*29^13 + 17*29^14 + 13*29^15 + 4*29^16 + 9*29^17 + 15*29^18 + 7*29^19 + O(29^20)
CERT 10 0 17 0 True ok
DISC (13 : 2 : 1) Q = (13 + O(29^20) : 2 + 5*29 + 23*29^2 + 4*29^3 + 6*29^4 + 6*29^5 + 14*29^6 + 28*29^7 + 20*29^8 + 7*29^9 + 22*29^10 + 4*29^11 + 12*29^12 + 21*29^13 + 16*29^14 + 19*29^15 + 11*29^16 + 19*29^17 + 23*29^18 + 2*29^19 + O(29^20) : 1 + O(29^20)) rho[0] = 7*29 + 4*29^2 + 9*29^3 + 13*29^4 + 5*29^5 + 15*29^6 + 8*29^7 + 6*29^8 + 8*29^9 + 12*29^10 + 23*29^11 + 21*29^12 + 9*29^13 + 6*29^14 + 7*29^15 + 5*29^16 + 15*29^17 + 9*29^18 + O(29^19)
CERT 11 0 18 0 True ok
DISC (14 : 2 : 1) Q = (14 + O(29^20) : 2 + 5*29 + 9*29^2 + 9*29^3 + 23*29^5 + 21*29^6 + 21*29^7 + 28*29^8 + 28*29^9 + 2*29^10 + 23*29^11 + 10*29^12 + 18*29^13 + 27*29^14 + 3*29^15 + 15*29^16 + 23*29^17 + 21*29^18 + 21*29^19 + O(29^20) : 1 + O(29^20)) rho[0] = 7*29 + 20*29^2 + 4*29^3 + 20*29^4 + 28*29^5 + 12*29^6 + 7*29^7 + 13*29^8 + 20*29^9 + 12*29^10 + 29^11 + 15*29^12 + 28*29^13 + 16*29^14 + 12*29^15 + 23*29^16 + 26*29^17 + 24*29^18 + O(29^19)
CERT 12 0 18 0 True ok
QC за 1.3 с
рациональных (по Ω): 2  нераспознанных: 32  выживших локально при p: 0
рациональные: ['inf']
выжившие теги (все наборы): []
Сертификат корней: (диск,ω)-пар 13, сертифицировано 13, несертифицировано 0: []
ИТОГ: корней ρ−ω в дисках нет, кроме 2 рациональных и 32 нераспознанных
