C: w^2 = x^6 - 1526*x^4 + 582169*x^2 - 37675044;  p = 17, n = 20, cells = [9, 22, 31, 53]
  q=2: N=(0,4) Vt=14 sep=3 V_q=[-2, -1] V_q^nine=[-2] хвост0: a0 не квадрат хвост∞ ok=True
  q=3: N=(4,12) Vt=25 sep=2 V_q=[-4, -11/3, -8/3, -13/6, -2] V_q^nine=[-8/3] хвост0: a0 не квадрат хвост∞ ok=True
  q=5: N=(2,2) Vt=7 sep=2 V_q=[0] V_q^nine=[0] хвост0 ok=True nine0=False хвост∞ ok=True
  q=11: N=(2,6) Vt=15 sep=1 V_q=[-2, -4/3, -1] V_q^nine=[-4/3] хвост0: a0 не квадрат хвост∞ ok=True
  q=13: N=(2,2) Vt=7 sep=1 V_q=[0] V_q^nine=[0] хвост0 ok=True nine0=False хвост∞ ok=True
  q=31: N=(2,6) Vt=15 sep=1 V_q=[-2, -4/3, -1] V_q^nine=[-4/3] хвост0: a0 не квадрат хвост∞ ok=True
  q=53: N=(2,2) Vt=8 sep=1 V_q=[0] V_q^nine=[0] хвост0 ok=True nine0=False хвост∞ ok=True
  |Ω^nine| = 1; совпадений ω: 0
Ω^nine за 0.4 с
тег точки ∞: (-2, -8/3, 0, -4/3, 0, -4/3, 0) — индекс ω: 0
несертифицированные классы перечисления: {}
DISC (1 : 1 : 0) Q = (1 + O(17^20) : 1 + O(17^20) : 0) rho[0] = 9*17 + 6*17^2 + 9*17^3 + 11*17^4 + 14*17^5 + 13*17^6 + 3*17^7 + 5*17^8 + 10*17^9 + 13*17^10 + 15*17^11 + 7*17^12 + 3*17^14 + 6*17^15 + 6*17^16 + 15*17^18 + 16*17^19 + O(17^20)
CERT 0 0 17 2 True ok: F = t^2 S, S(0) единица, остальные коэффициенты S — в pZ_p ⇒ v(S(t)) = 0 на Z_p, других корней нет
DISC (0 : 4 : 1) Q = (0 : 4 + 17 + 17^2 + 8*17^3 + 9*17^4 + 13*17^5 + 15*17^6 + 3*17^7 + 15*17^8 + 3*17^9 + 7*17^10 + 17^11 + 2*17^12 + 9*17^13 + 13*17^14 + 9*17^15 + 12*17^16 + 7*17^17 + 17^18 + 13*17^19 + O(17^20) : 1 + O(17^20)) rho[0] = 5*17^-3 + 3*17^-2 + 5*17^-1 + 17 + 9*17^2 + 14*17^3 + 14*17^4 + 7*17^5 + 16*17^6 + 6*17^7 + 16*17^8 + 9*17^9 + 16*17^11 + 11*17^12 + 2*17^13 + O(17^14)
CERT 1 0 15 0 True ok
DISC (1 : 5 : 1) Q = (1 + O(17^20) : 5 + 17 + 13*17^2 + 10*17^3 + 9*17^4 + 7*17^5 + 2*17^6 + 7*17^7 + 6*17^8 + 6*17^9 + 4*17^10 + 13*17^11 + 10*17^12 + 14*17^13 + 16*17^14 + 7*17^15 + 12*17^16 + 17^17 + 8*17^18 + 11*17^19 + O(17^20) : 1 + O(17^20)) rho[0] = 7*17^-3 + 16*17^-2 + 9*17^-1 + 10 + 13*17^2 + 12*17^3 + 7*17^4 + 11*17^5 + 6*17^6 + 10*17^7 + 8*17^8 + 4*17^9 + 14*17^10 + 5*17^11 + 4*17^12 + 7*17^13 + O(17^14)
CERT 2 0 16 0 True ok
DISC (3 : 0 : 1) Q = (3 + 15*17 + 16*17^2 + 16*17^3 + 16*17^4 + 16*17^5 + 16*17^6 + 16*17^7 + 16*17^8 + 16*17^9 + 16*17^10 + 16*17^11 + 16*17^12 + 16*17^13 + 16*17^14 + 16*17^15 + 16*17^16 + 16*17^17 + 16*17^18 + 16*17^19 + O(17^20) : 0 : 1 + O(17^20)) rho[0] = 17 + 4*17^2 + 10*17^3 + 15*17^4 + 15*17^5 + 6*17^6 + 15*17^7 + 6*17^8 + 4*17^9 + 9*17^10 + 9*17^11 + 13*17^12 + 14*17^13 + 9*17^14 + 11*17^15 + 2*17^16 + 13*17^17 + 14*17^18 + 13*17^19 + O(17^20)
CERT 3 0 15 0 True ok
DISC (4 : 7 : 1) Q = (4 + O(17^20) : 7 + 8*17 + 2*17^2 + 8*17^3 + 3*17^4 + 3*17^5 + 16*17^6 + 16*17^7 + 12*17^8 + 17^9 + 8*17^11 + 7*17^12 + 9*17^13 + 10*17^14 + 2*17^15 + 2*17^16 + 16*17^17 + 13*17^18 + 8*17^19 + O(17^20) : 1 + O(17^20)) rho[0] = 3*17^-3 + 3*17^-2 + 16*17^-1 + 1 + 14*17 + 6*17^2 + 4*17^3 + 14*17^6 + 6*17^7 + 10*17^8 + 10*17^9 + 2*17^10 + 11*17^11 + 5*17^12 + 16*17^13 + O(17^14)
CERT 4 0 16 0 True ok
DISC (5 : 0 : 1) Q = (5 + 17 + O(17^20) : 0 : 1 + O(17^20)) rho[0] = 17 + 9*17^2 + 6*17^3 + 12*17^6 + 7*17^7 + 12*17^8 + 6*17^9 + 11*17^10 + 17^11 + 7*17^12 + 6*17^13 + 12*17^14 + 6*17^15 + 7*17^16 + 8*17^17 + 4*17^18 + 9*17^19 + O(17^20)
CERT 5 0 15 0 True ok
DISC (7 : 4 : 1) Q = (7 + O(17^20) : 4 + 17 + 2*17^2 + 10*17^3 + 5*17^4 + 7*17^5 + 10*17^6 + 16*17^7 + 15*17^8 + 7*17^9 + 16*17^10 + 8*17^11 + 16*17^12 + 13*17^13 + 17^14 + 10*17^15 + 15*17^16 + 10*17^17 + 15*17^18 + 12*17^19 + O(17^20) : 1 + O(17^20)) rho[0] = 6*17^-3 + 13*17^-1 + 8*17 + 14*17^2 + 17^3 + 16*17^4 + 4*17^5 + 10*17^6 + 13*17^7 + 8*17^8 + 12*17^9 + 14*17^10 + 16*17^11 + 11*17^12 + 11*17^13 + O(17^14)
CERT 6 0 16 0 True ok
DISC (8 : 0 : 1) Q = (8 + 16*17 + 16*17^2 + 16*17^3 + 16*17^4 + 16*17^5 + 16*17^6 + 16*17^7 + 16*17^8 + 16*17^9 + 16*17^10 + 16*17^11 + 16*17^12 + 16*17^13 + 16*17^14 + 16*17^15 + 16*17^16 + 16*17^17 + 16*17^18 + 16*17^19 + O(17^20) : 0 : 1 + O(17^20)) rho[0] = 16*17 + 17^2 + 4*17^3 + 2*17^4 + 11*17^5 + 11*17^6 + 2*17^7 + 3*17^8 + 3*17^9 + 16*17^10 + 14*17^11 + 2*17^12 + 2*17^13 + 10*17^14 + 8*17^15 + 10*17^17 + 12*17^18 + 3*17^19 + O(17^20)
CERT 7 0 15 0 True ok
QC за 2.2 с
рациональных (по Ω): 2  нераспознанных: 20  выживших локально при p: 0
рациональные: ['inf']
выжившие теги (все наборы): []
Сертификат корней: (диск,ω)-пар 8, сертифицировано 8, несертифицировано 0: []
ИТОГ: корней ρ−ω в дисках нет, кроме 2 рациональных и 20 нераспознанных
