C: w^2 = x^6 - 1526*x^4 + 582169*x^2 - 37675044;  p = 7, n = 20, cells = [9, 22, 31, 53]
  q=2: N=(0,4) Vt=14 sep=3 V_q=[-2, -1] V_q^nine=[-2] хвост0: a0 не квадрат хвост∞ ok=True
  q=3: N=(4,12) Vt=25 sep=2 V_q=[-4, -11/3, -8/3, -13/6, -2] V_q^nine=[-8/3] хвост0: a0 не квадрат хвост∞ ok=True
  q=5: N=(2,2) Vt=7 sep=2 V_q=[0] V_q^nine=[0] хвост0 ok=True nine0=False хвост∞ ok=True
  q=11: N=(2,6) Vt=15 sep=1 V_q=[-2, -4/3, -1] V_q^nine=[-4/3] хвост0: a0 не квадрат хвост∞ ok=True
  q=13: N=(2,2) Vt=7 sep=1 V_q=[0] V_q^nine=[0] хвост0 ok=True nine0=False хвост∞ ok=True
  q=31: N=(2,6) Vt=15 sep=1 V_q=[-2, -4/3, -1] V_q^nine=[-4/3] хвост0: a0 не квадрат хвост∞ ok=True
  q=53: N=(2,2) Vt=8 sep=1 V_q=[0] V_q^nine=[0] хвост0 ok=True nine0=False хвост∞ ok=True
  |Ω^nine| = 1; совпадений ω: 0
Ω^nine за 0.4 с
тег точки ∞: (-2, -8/3, 0, -4/3, 0, -4/3, 0) — индекс ω: 0
несертифицированные классы перечисления: {}
DISC (1 : 1 : 0) Q = (1 + O(7^20) : 1 + O(7^20) : 0) rho[0] = 4*7 + 2*7^2 + 5*7^3 + 5*7^4 + 6*7^5 + 2*7^6 + 2*7^7 + 7^8 + 3*7^9 + 5*7^10 + 7^11 + 7^12 + 3*7^13 + 6*7^14 + 4*7^17 + 3*7^18 + 7^19 + O(7^20)
CERT 0 0 17 2 True ok: F = t^2 S, S(0) единица, остальные коэффициенты S — в pZ_p ⇒ v(S(t)) = 0 на Z_p, других корней нет
DISC (1 : 0 : 1) Q = (1 + 3*7 + O(7^20) : 0 : 1 + O(7^20)) rho[0] = 6*7 + 7^2 + 2*7^3 + 6*7^4 + 4*7^5 + 3*7^6 + 5*7^7 + 7^9 + 6*7^10 + 5*7^11 + 7^12 + 6*7^13 + 5*7^14 + 4*7^15 + 5*7^16 + 6*7^17 + 4*7^18 + 3*7^19 + O(7^20)
CERT 1 0 15 0 True ok
DISC (2 : 0 : 1) Q = (2 + 7 + O(7^20) : 0 : 1 + O(7^20)) rho[0] = 2*7^3 + 4*7^4 + 5*7^5 + 2*7^6 + 2*7^7 + 6*7^8 + 7^9 + 5*7^10 + 4*7^11 + 5*7^12 + 7^14 + 5*7^15 + 3*7^16 + 6*7^17 + 7^18 + 3*7^19 + O(7^20)
CERT 1 0 15 0 True ok
DISC (3 : 0 : 1) Q = (3 + 4*7 + O(7^20) : 0 : 1 + O(7^20)) rho[0] = 2*7 + 3*7^2 + 3*7^3 + 7^4 + 2*7^5 + 4*7^6 + 2*7^7 + 5*7^9 + 5*7^10 + 5*7^11 + 6*7^12 + 5*7^13 + 7^14 + 4*7^15 + 4*7^16 + 2*7^17 + 5*7^18 + O(7^20)
CERT 3 0 15 0 True ok
QC за 1.6 с
рациональных (по Ω): 2  нераспознанных: 8  выживших локально при p: 0
рациональные: ['inf']
выжившие теги (все наборы): []
Сертификат корней: (диск,ω)-пар 4, сертифицировано 4, несертифицировано 0: []
ИТОГ: корней ρ−ω в дисках нет, кроме 2 рациональных и 8 нераспознанных
