C: w^2 = x^6 - 406862*x^4 + 28590001873*x^2 - 30653297317764;  p = 19, n = 20, cells = [33, 298, 563, 265]
  q=2: N=(10,2) Vt=20 sep=3 V_q=[0, 1] V_q^nine=[0] хвост0: a0 не квадрат хвост∞ ok=True
  q=3: N=(2,6) Vt=15 sep=2 V_q=[-2, -4/3, -1] V_q^nine=[-4/3] хвост0: a0 не квадрат хвост∞ ok=True
  q=5: N=(6,6) Vt=12 sep=1 V_q=[0] V_q^nine=[0] хвост0 ok=True nine0=False хвост∞ ok=True
  q=7: N=(2,2) Vt=7 sep=1 V_q=[0] V_q^nine=[0] хвост0: a0 не квадрат хвост∞ ok=True
  q=11: N=(0,4) Vt=13 sep=1 V_q=[-2, -1] V_q^nine=[-1] хвост0: a0 не квадрат хвост∞ ok=True
  q=41: N=(2,2) Vt=7 sep=1 V_q=[0] V_q^nine=[0] хвост0 ok=True nine0=False хвост∞ ok=True
  q=53: N=(6,6) Vt=12 sep=1 V_q=[0] V_q^nine=[0] хвост0 ok=True nine0=False хвост∞ ok=True
  q=149: N=(2,6) Vt=15 sep=1 V_q=[-2, -4/3, -1] V_q^nine=[-4/3] хвост0 ok=True nine0=False хвост∞ ok=True
  q=331: N=(2,2) Vt=7 sep=1 V_q=[0] V_q^nine=[0] хвост0: a0 не квадрат хвост∞ ok=True
  q=563: N=(0,4) Vt=13 sep=1 V_q=[-2, -1] V_q^nine=[-1] хвост0: a0 не квадрат хвост∞ ok=True
  |Ω^nine| = 1; совпадений ω: 0
Ω^nine за 7.3 с
тег точки ∞: (0, -4/3, 0, 0, -1, 0, 0, -4/3, 0, -1) — индекс ω: 0
несертифицированные классы перечисления: {}
DISC (1 : 1 : 0) Q = (1 + O(19^20) : 1 + O(19^20) : 0) rho[0] = 6*19 + 2*19^2 + 8*19^3 + 10*19^4 + 13*19^5 + 12*19^6 + 17*19^7 + 10*19^8 + 6*19^9 + 8*19^10 + 13*19^11 + 9*19^12 + 13*19^13 + 6*19^14 + 7*19^15 + 7*19^16 + 16*19^17 + 15*19^18 + O(19^19)
CERT 0 0 17 2 True ok: F = t^2 S, S(0) единица, остальные коэффициенты S — в pZ_p ⇒ v(S(t)) = 0 на Z_p, других корней нет
DISC (1 : 6 : 1) Q = (1 + O(19^20) : 6 + 10*19 + 11*19^2 + 7*19^3 + 8*19^4 + 18*19^5 + 11*19^6 + 7*19^7 + 12*19^9 + 15*19^10 + 19^11 + 11*19^12 + 13*19^14 + 6*19^15 + 15*19^16 + 14*19^17 + 18*19^18 + 19^19 + O(19^20) : 1 + O(19^20)) rho[0] = 19 + 6*19^2 + 11*19^3 + 12*19^4 + 16*19^5 + 12*19^6 + 17*19^7 + 17*19^8 + 2*19^10 + 19^11 + 15*19^12 + 2*19^13 + 4*19^14 + 16*19^15 + 7*19^16 + 19^17 + O(19^18)
CERT 1 0 16 0 True ok
DISC (4 : 8 : 1) Q = (4 + O(19^20) : 8 + 17*19 + 2*19^2 + 7*19^3 + 17*19^4 + 13*19^5 + 18*19^6 + 12*19^7 + 5*19^8 + 6*19^9 + 6*19^10 + 3*19^11 + 13*19^12 + 14*19^13 + 9*19^14 + 14*19^16 + 12*19^17 + 17*19^18 + 18*19^19 + O(19^20) : 1 + O(19^20)) rho[0] = 6*19 + 15*19^2 + 2*19^3 + 12*19^4 + 12*19^5 + 4*19^6 + 15*19^7 + 14*19^8 + 18*19^9 + 18*19^10 + 13*19^11 + 7*19^12 + 2*19^13 + 9*19^14 + 16*19^15 + 16*19^16 + 10*19^18 + O(19^19)
CERT 2 0 16 0 True ok
DISC (5 : 0 : 1) Q = (5 + 17*19 + 18*19^2 + 18*19^3 + 18*19^4 + 18*19^5 + 18*19^6 + 18*19^7 + 18*19^8 + 18*19^9 + 18*19^10 + 18*19^11 + 18*19^12 + 18*19^13 + 18*19^14 + 18*19^15 + 18*19^16 + 18*19^17 + 18*19^18 + 18*19^19 + O(19^20) : 0 : 1 + O(19^20)) rho[0] = 8*19 + 7*19^2 + 15*19^3 + 10*19^4 + 9*19^5 + 11*19^6 + 12*19^7 + 4*19^8 + 3*19^9 + 11*19^10 + 2*19^11 + 7*19^12 + 11*19^13 + 12*19^14 + 4*19^15 + 4*19^16 + 4*19^17 + 8*19^18 + 15*19^19 + O(19^20)
CERT 3 0 16 0 True ok
DISC (6 : 0 : 1) Q = (6 + 3*19 + 18*19^2 + 18*19^3 + 18*19^4 + 18*19^5 + 18*19^6 + 18*19^7 + 18*19^8 + 18*19^9 + 18*19^10 + 18*19^11 + 18*19^12 + 18*19^13 + 18*19^14 + 18*19^15 + 18*19^16 + 18*19^17 + 18*19^18 + 18*19^19 + O(19^20) : 0 : 1 + O(19^20)) rho[0] = 18*19 + 7*19^2 + 3*19^3 + 17*19^4 + 5*19^5 + 15*19^6 + 6*19^7 + 19^8 + 2*19^10 + 8*19^12 + 11*19^13 + 3*19^14 + 3*19^15 + 8*19^16 + 13*19^17 + 4*19^18 + 11*19^19 + O(19^20)
CERT 4 0 16 0 True ok
DISC (7 : 0 : 1) Q = (7 + 8*19 + 17*19^2 + 18*19^3 + 18*19^4 + 18*19^5 + 18*19^6 + 18*19^7 + 18*19^8 + 18*19^9 + 18*19^10 + 18*19^11 + 18*19^12 + 18*19^13 + 18*19^14 + 18*19^15 + 18*19^16 + 18*19^17 + 18*19^18 + 18*19^19 + O(19^20) : 0 : 1 + O(19^20)) rho[0] = 8*19 + 17*19^2 + 16*19^4 + 9*19^5 + 15*19^7 + 17*19^8 + 5*19^9 + 16*19^10 + 10*19^11 + 8*19^12 + 4*19^13 + 18*19^14 + 12*19^15 + 19^16 + 9*19^17 + 15*19^18 + 13*19^19 + O(19^20)
CERT 5 0 16 0 True ok
DISC (9 : 2 : 1) Q = (9 + O(19^20) : 2 + 5*19 + 17*19^2 + 6*19^3 + 15*19^4 + 18*19^5 + 17*19^6 + 2*19^7 + 8*19^8 + 11*19^9 + 13*19^10 + 11*19^11 + 12*19^12 + 18*19^13 + 10*19^14 + 11*19^15 + 10*19^16 + 4*19^18 + 13*19^19 + O(19^20) : 1 + O(19^20)) rho[0] = 7*19 + 16*19^2 + 8*19^3 + 7*19^4 + 14*19^5 + 7*19^6 + 13*19^8 + 5*19^9 + 16*19^11 + 8*19^12 + 9*19^13 + 15*19^14 + 12*19^15 + 12*19^16 + 8*19^17 + O(19^19)
CERT 6 0 16 0 True ok
QC за 0.6 с
рациональных (по Ω): 2  нераспознанных: 20  выживших локально при p: 0
рациональные: ['inf']
выжившие теги (все наборы): []
Сертификат корней: (диск,ω)-пар 7, сертифицировано 7, несертифицировано 0: []
ИТОГ: корней ρ−ω в дисках нет, кроме 2 рациональных и 20 нераспознанных
