C: w^2 = x^6 - 160118*x^4 + 6409443481*x^2 - 6791288120100;  p = 17, n = 20, cells = [33, 265, 298, 563]
  q=2: N=(0,4) Vt=14 sep=3 V_q=[-2, -1] V_q^nine=[-2] хвост0: a0 не квадрат хвост∞ ok=True
  q=3: N=(2,6) Vt=15 sep=2 V_q=[-2, -4/3, -1] V_q^nine=[-4/3] хвост0: a0 не квадрат хвост∞ ok=True
  q=5: N=(2,6) Vt=15 sep=1 V_q=[-2, -4/3, -1] V_q^nine=[-4/3] хвост0 ok=True nine0=False хвост∞ ok=True
  q=11: N=(2,6) Vt=15 sep=1 V_q=[-2, -4/3, -1] V_q^nine=[-4/3] хвост0: a0 не квадрат хвост∞ ok=True
  q=29: N=(2,2) Vt=7 sep=1 V_q=[0] V_q^nine=[0] хвост0 ok=True nine0=False хвост∞ ok=True
  q=53: N=(2,6) Vt=15 sep=1 V_q=[-2, -4/3, -1] V_q^nine=[-4/3] хвост0 ok=True nine0=False хвост∞ ok=True
  q=149: N=(2,6) Vt=15 sep=1 V_q=[-2, -4/3, -1] V_q^nine=[-4/3] хвост0 ok=True nine0=False хвост∞ ok=True
  q=331: N=(2,2) Vt=7 sep=1 V_q=[0] V_q^nine=[0] хвост0: a0 не квадрат хвост∞ ok=True
  q=563: N=(2,2) Vt=8 sep=1 V_q=[0] V_q^nine=[0] хвост0: a0 не квадрат хвост∞ ok=True
  |Ω^nine| = 1; совпадений ω: 0
Ω^nine за 2.3 с
тег точки ∞: (-2, -4/3, -4/3, -4/3, 0, -4/3, -4/3, 0, 0) — индекс ω: 0
несертифицированные классы перечисления: {}
DISC (1 : 1 : 0) Q = (1 + O(17^20) : 1 + O(17^20) : 0) rho[0] = 7*17 + 2*17^2 + 17^3 + 5*17^4 + 10*17^5 + 7*17^6 + 7*17^7 + 9*17^8 + 8*17^9 + 3*17^10 + 17^11 + 4*17^12 + 10*17^13 + 13*17^14 + 14*17^15 + 2*17^16 + 8*17^17 + 15*17^18 + 4*17^19 + O(17^20)
CERT 0 0 17 2 True ok: F = t^2 S, S(0) единица, остальные коэффициенты S — в pZ_p ⇒ v(S(t)) = 0 на Z_p, других корней нет
DISC (0 : 3 : 1) Q = (0 : 3 + 4*17 + 9*17^2 + 7*17^3 + 13*17^4 + 6*17^5 + 6*17^6 + 12*17^7 + 17^8 + 16*17^9 + 5*17^11 + 5*17^12 + 8*17^13 + 16*17^14 + 3*17^15 + 16*17^16 + 14*17^18 + 9*17^19 + O(17^20) : 1 + O(17^20)) rho[0] = 13*17 + 2*17^2 + 10*17^3 + 6*17^4 + 8*17^5 + 3*17^6 + 9*17^7 + 4*17^8 + 13*17^9 + 12*17^10 + 3*17^11 + 9*17^12 + 6*17^13 + 4*17^14 + 12*17^15 + 15*17^16 + 14*17^17 + 14*17^18 + O(17^19)
CERT 1 0 15 0 True ok
DISC (1 : 0 : 1) Q = (1 + 15*17 + 16*17^2 + 16*17^3 + 16*17^4 + 16*17^5 + 16*17^6 + 16*17^7 + 16*17^8 + 16*17^9 + 16*17^10 + 16*17^11 + 16*17^12 + 16*17^13 + 16*17^14 + 16*17^15 + 16*17^16 + 16*17^17 + 16*17^18 + 16*17^19 + O(17^20) : 0 : 1 + O(17^20)) rho[0] = 5*17 + 11*17^2 + 4*17^3 + 5*17^4 + 5*17^5 + 12*17^6 + 15*17^7 + 2*17^8 + 17^9 + 17^10 + 14*17^11 + 6*17^12 + 14*17^13 + 13*17^14 + 9*17^15 + 17^16 + 5*17^17 + 13*17^18 + 17^19 + O(17^20)
CERT 2 0 15 0 True ok
DISC (2 : 5 : 1) Q = (2 + O(17^20) : 5 + 16*17 + 9*17^2 + 7*17^3 + 17^4 + 11*17^6 + 5*17^7 + 4*17^8 + 9*17^9 + 6*17^10 + 16*17^11 + 16*17^12 + 3*17^13 + 12*17^14 + 6*17^16 + 3*17^17 + 8*17^18 + 2*17^19 + O(17^20) : 1 + O(17^20)) rho[0] = 4*17 + 9*17^2 + 5*17^3 + 9*17^4 + 12*17^5 + 14*17^6 + 12*17^7 + 6*17^8 + 9*17^9 + 2*17^10 + 4*17^11 + 5*17^12 + 13*17^13 + 7*17^14 + 2*17^15 + O(17^17)
3
hmm, interesting loss of precision 17 1
CERT 3 0 14 0 True ok
DISC (7 : 0 : 1) Q = (7 + 17 + 16*17^2 + 16*17^3 + 16*17^4 + 16*17^5 + 16*17^6 + 16*17^7 + 16*17^8 + 16*17^9 + 16*17^10 + 16*17^11 + 16*17^12 + 16*17^13 + 16*17^14 + 16*17^15 + 16*17^16 + 16*17^17 + 16*17^18 + 16*17^19 + O(17^20) : 0 : 1 + O(17^20)) rho[0] = 17 + 3*17^2 + 13*17^4 + 2*17^5 + 11*17^6 + 10*17^7 + 15*17^8 + 16*17^9 + 17^10 + 5*17^11 + 14*17^12 + 6*17^13 + 11*17^14 + 4*17^15 + 16*17^16 + 7*17^17 + 16*17^18 + 3*17^19 + O(17^20)
CERT 4 0 15 0 True ok
DISC (8 : 0 : 1) Q = (8 + 16*17 + 15*17^2 + 16*17^3 + 16*17^4 + 16*17^5 + 16*17^6 + 16*17^7 + 16*17^8 + 16*17^9 + 16*17^10 + 16*17^11 + 16*17^12 + 16*17^13 + 16*17^14 + 16*17^15 + 16*17^16 + 16*17^17 + 16*17^18 + 16*17^19 + O(17^20) : 0 : 1 + O(17^20)) rho[0] = 6*17 + 5*17^2 + 8*17^3 + 14*17^4 + 5*17^5 + 5*17^6 + 10*17^7 + 16*17^8 + 7*17^9 + 3*17^10 + 14*17^11 + 7*17^12 + 14*17^13 + 4*17^14 + 4*17^15 + 16*17^16 + 7*17^17 + 3*17^18 + 2*17^19 + O(17^20)
CERT 5 0 15 0 True ok
QC за 0.6 с
рациональных (по Ω): 2  нераспознанных: 8  выживших локально при p: 0
рациональные: ['inf']
выжившие теги (все наборы): []
Сертификат корней: (диск,ω)-пар 6, сертифицировано 6, несертифицировано 0: []
ИТОГ: корней ρ−ω в дисках нет, кроме 2 рациональных и 8 нераспознанных
