Program mwrank: uses 2-descent (via 2-isogeny if possible) to
determine the rank of an elliptic curve E over Q, and list a
set of points that generate E(Q) modulo 2E(Q).
and finally saturate to obtain generating points on the curve.
For more details see the mwrank documentation.
For details of algorithms see the author's book.

Please acknowledge use of this program in published work, 
and send problems to [адрес автора программы убран из публикации].

eclib version 20250627, using NTL bigints and NTL real and complex multiprecision floating point
Using multiprecision floating point with 50 bits precision.
Enter curve: Curve [0,0,0,-1269386570673900,17388781634016192078000] :	
1 points of order 2:
[21119910:0:1]

Using 2-isogenous curve [0,-126719460,0,3739394487471300,0] (minimal model [0,0,0,-1613212693425900,7222574158576522830000])
-------------------------------------------------------
First step, determining 1st descent Selmer groups
-------------------------------------------------------
After first local descent, rank bound = 3
rk(S^{phi}(E'))=	2
rk(S^{phi'}(E))=	3

-------------------------------------------------------
Second step, determining 2nd descent Selmer groups
-------------------------------------------------------
After second local descent, rank bound = 1
rk(phi'(S^{2}(E)))=	0
rk(phi(S^{2}(E')))=	3
rk(S^{2}(E))=	2
rk(S^{2}(E'))=	5

Third step, determining E(Q)/phi(E'(Q)) and E'(Q)/phi'(E(Q))
-------------------------------------------------------
1. E(Q)/phi(E'(Q))
-------------------------------------------------------
(c,d)  =(63359730,68765224550400)
(c',d')=(-126719460,3739394487471300)
This component of the rank is 0
-------------------------------------------------------
2. E'(Q)/phi'(E(Q))
-------------------------------------------------------
First stage (no second descent yet)...
(2,0,-126719460,0,1869697243735650):  no rational point found (hlim=8)
(1234,0,-126719460,0,3030303474450):  no rational point found (hlim=8)
(105,0,-126719460,0,35613280833060):  no rational point found (hlim=8)
(64785,0,-126719460,0,57720066180):  no rational point found (hlim=8)
(210,0,-126719460,0,17806640416530):  (x:y:z) = (617:0:1)
	Curve E' 	Point [79944690:0:1], height = 0
	Curve E 	Point [0:0:1], height = 0
After first global descent, this component of the rank
	has lower bound 1
	and upper bound 2
	(difference =   1)
Second descent will attempt to reduce this
Second stage (using second descent)...
d1=2: 
Second descent inconclusive for d1=2: ELS descendents exist but no rational point found

d1=1234: 
Second descent inconclusive for d1=1234: ELS descendents exist but no rational point found

d1=105: 
Second descent inconclusive for d1=105: ELS descendents exist but no rational point found

d1=64785: 
Second descent inconclusive for d1=64785: ELS descendents exist but no rational point found

After second global descent, this component of the rank
	has lower bound 1
	and upper bound 2
	(difference =   1)

-------------------------------------------------------
Summary of results:
-------------------------------------------------------
	0 <= rank(E) <= 1
	#E(Q)/2E(Q) >= 2

Information on III(E/Q):
	#III(E/Q)[phi']    <= 2
	#III(E/Q)[2]       <= 2

Information on III(E'/Q):
	#phi'(III(E/Q)[2]) = 1
	#III(E'/Q)[phi]    = 4
	#III(E'/Q)[2]      is between 4 and 8


Used descent via 2-isogeny with isogenous curve E' = [0,0,0,-1613212693425900,7222574158576522830000]
0 <= rank <= 1
Searching for points (bound = 8)...done:
  found points which generate a subgroup of rank 0
  and regulator 1
Processing points found during 2-descent...done:
  now regulator = 1


Regulator = 1

The rank has not been completely determined, 
only a lower bound of 0 and an upper bound of 1.

 (96.3591 seconds)
Enter curve: 
