клетки: [[16129, 2116, 3364], [4, 12769, 8836], [5476, 6724, 9409]]
строки [21609, 21609, 21609] столбцы [21609, 21609, 21609] диаг 38307 антидиаг 21609
S = 21609 = 147^2: True ; центр 113^2, S/3 = 7203 квадрат? False
центральная симметрия: 127^2+97^2 = 25538  2*113^2 = 25538
знаковых конформных вариантов: 32
[127  46  58]
[  2 113 -94]
[ 74 -82 -97]
A A^T = [21609, 21609, 21609] det = -3176523 S^(3/2) = 3176523
lambda = 8349  a = 4420  магическая часть: [[7780, 2116, 3364], [4, 4420, 8836], [5476, 6724, 1060]]
b = -3360  c = 1056  проверка Лукаса: True
  пара диаг (b) : середина 12769  полуразность -3360
  пара антидиаг (c) : середина 4420  полуразность 1056
  пара столбец (b+c) : середина 4420  полуразность 2304
  пара строка (b-c) : середина 4420  полуразность 4416
E_210: y^2=x^3-210^2 x, ранг (PARI, точно?) 2  кручение 4
точка на E_3360 с x = 113^2: (12769 : -1392047 : 1)  порядок: +Infinity
  2P: x = 30393375970715521/7751179400836 = (174336961/2784094)^2 ; новый 7-линейный квадрат из 9 квадратов, различных: True
     корни: [[237565441/2784094, 46, 58], [2, 174336961/2784094, 94], [74, 82, 65950081/2784094]]
  3P: x = 17714469181366963414434524603190575329/4703413061866180537911414234965769 = (4208856041891545073/68581433798559363)^2 ; новый 7-линейный квадрат из 9 квадратов, различных: True
     корни: [[5789467770809103487/68581433798559363, 46, 58], [2, 4208856041891545073/68581433798559363, 94], [74, 82, 1382389703917313183/68581433798559363]]
OK s1
s1 exit 0
