u(t) = (4) * (t - 1) * t * (t + 1) * (t^2 + 1)^-2 ; = 1-alpha^2 = beta^2-1: True
X^2+Y^2 = 1 ; X = (-2) * t * (t^2 + 1)^-1 ; Y = (-1) * (t - 1) * (t + 1) * (t^2 + 1)^-1 ; 4*площадь = 2XY = (4) * (t - 1) * t * (t + 1) * (t^2 + 1)^-2 == u: True
u(n/m) = (-4) * n * (m - n) * m * (m + n) * (m^2 + n^2)^-2
  t->-t: u ->  -u
  t->1/t: u ->  -u
  t->-1/t: u ->  u
  t->(1-t)/(1+t): u ->  u
  t->(t-1)/(t+1): u ->  -u
u=1 при alpha=0: t^2-2t-1=0 -> t=1±sqrt2 (иррационально) — клетка 0 не достигается рациональной точкой окружности с центром 1; 
  но в проективной записи (клетка 0 при противоположной 2) точка есть: (alpha,beta)=(0,sqrt2) не рациональна! Проверка: 0 и 2 — 2 не квадрат.
  Перепись говорит о точках с клеткой 0 и противоположной 2c: при c=1 требует 2=квадрат. Над Q такие точки на V соответствуют центру c с 2c квадратом, т.е. c=2k^2: масштабирование клеток на 2 не сохраняет квадратность. => это точки V, у которых x22=... проверим ниже прямым перебором.
уравнения V в (P^1)^4: числители степеней (0, 4, 4, 4, 0) (0, 4, 4, 0, 4)
вещественная точка: u = [3/10, 1/10, 2/5, 1/5]  клетки [1, 7/10, 9/10, 3/5, 4/5, 13/10, 11/10, 7/5, 6/5]  все >0 и различны: True
Б–С: a = 180625  b = 41496  c = -138600 ; u/a: [41496/180625, -5544/7225, -336/625, 180096/180625]
   пара b: 139129 □, 222121 ✗
   пара c: 319225 □, 42025 □
   пара b+c: 277729 □, 83521 □
   пара b-c: 529 □, 360721 ✗
OK s3
s3 exit 0
