20:01:36 старт ['93/331', '177/331', '95/349', '73/362', '327/374', '53/383', '38/385', '189/386', '325/394', '238/397', '62/413', '2/425', '390/427', '251/433', '225/437']
20:01:36 наклон 93/331: T из dem_93_331.json: [[-424, -331, -238], [-424, -331, -93], [-424, -331, 93]]
20:01:36   93/331 T=[-424, -331, -238] ...
20:01:37     ранг [1, 1], tors 4 (gcd 4), eclib ok=True idx=1, моё насыщ. pmax=1 непров.=[]
20:01:37     B_bez=34.39 (Sage Silverman 17.27, CPS 13.19), c1=16.29, ĥ(P0)∈[3.00862,3.01156] (Sage 3.01074), C=101.37, M0=17, точек A=140, канд.=71, B-тожд.0=False, F_p-сверок B=8736, невырожд.=[], закрывает=True, 0.7 с
20:01:37     контроль констант: ĥ−h(x) ∈ [-10.51,0.28] при [−34.39, 13.80]; |h(x)−h(z)| ≤ 13.65 при c1=16.29; прошло=True; Безу на случайных x: True; Y-точек до |n|≤44: 0, все в кандидатах: True
20:01:37   93/331 T=[-424, -331, -93] ...
20:01:38     ранг [1, 1], tors 8 (gcd 8), eclib ok=True idx=1, моё насыщ. pmax=6 непров.=[]
20:01:38     B_bez=36.42 (Sage Silverman 21.35, CPS 16.42), c1=16.64, ĥ(P0)∈[24.57418,24.57730] (Sage 24.57639), C=106.10, M0=2, точек A=40, канд.=21, B-тожд.0=False, F_p-сверок B=21244, невырожд.=[], закрывает=True, 0.9 с
20:01:38     контроль констант: ĥ−h(x) ∈ [-13.97,0.01] при [−36.42, 14.69]; |h(x)−h(z)| ≤ 16.40 при c1=16.64; прошло=True; Безу на случайных x: True; Y-точек до |n|≤14: 0, все в кандидатах: True
20:01:38   93/331 T=[-424, -331, 93] ...
20:01:39     ранг [1, 1], tors 8 (gcd 8), eclib ok=True idx=1, моё насыщ. pmax=5 непров.=[]
20:01:39     B_bez=34.03 (Sage Silverman 20.73, CPS 15.84), c1=15.57, ĥ(P0)∈[19.96271,19.96561] (Sage 19.96476), C=99.20, M0=2, точек A=40, канд.=21, B-тожд.0=False, F_p-сверок B=21804, невырожд.=[], закрывает=True, 1.0 с
20:01:39     контроль констант: ĥ−h(x) ∈ [-12.36,0.69] при [−34.03, 13.52]; |h(x)−h(z)| ≤ 11.77 при c1=15.57; прошло=True; Безу на случайных x: True; Y-точек до |n|≤14: 0, все в кандидатах: True
20:01:39 ИТОГ 93/331: закрыт строго = True; ALERT = []; 2.7 с
20:01:39 наклон 177/331: T из dem_177_331.json: [[-508, -331, 331], [-508, -177, 331], [-508, 154, 177]]
20:01:39   177/331 T=[-508, -331, 331] ...
20:01:39     ранг [1, 1], tors 4 (gcd 4), eclib ok=True idx=1, моё насыщ. pmax=1 непров.=[]
20:01:39     B_bez=39.85 (Sage Silverman 20.19, CPS 15.22), c1=17.44, ĥ(P0)∈[2.97282,2.97623] (Sage 2.97525), C=114.57, M0=19, точек A=156, канд.=79, B-тожд.0=False, F_p-сверок B=8856, невырожд.=[], закрывает=True, 0.6 с
20:01:39     контроль констант: ĥ−h(x) ∈ [-12.23,0.08] при [−39.85, 16.13]; |h(x)−h(z)| ≤ 12.69 при c1=17.44; прошло=True; Безу на случайных x: True; Y-точек до |n|≤48: 2, все в кандидатах: True
20:01:39   177/331 T=[-508, -177, 331] ...
20:01:40     ранг [1, 1], tors 8 (gcd 8), eclib ok=True idx=1, моё насыщ. pmax=4 непров.=[]
20:01:40     B_bez=35.42 (Sage Silverman 21.10, CPS 16.60), c1=14.36, ĥ(P0)∈[12.36287,12.36588] (Sage 12.36504), C=99.55, M0=4, точек A=72, канд.=37, B-тожд.0=False, F_p-сверок B=21412, невырожд.=[], закрывает=True, 0.9 с
20:01:40     контроль констант: ĥ−h(x) ∈ [-16.23,0.24] при [−35.42, 13.85]; |h(x)−h(z)| ≤ 11.53 при c1=14.36; прошло=True; Безу на случайных x: True; Y-точек до |n|≤18: 0, все в кандидатах: True
20:01:40   177/331 T=[-508, 154, 177] ...
20:01:41     ранг [1, 1], tors 4 (gcd 4), eclib ok=True idx=1, моё насыщ. pmax=1 непров.=[]
20:01:41     B_bez=36.51 (Sage Silverman 21.44, CPS 16.15), c1=17.46, ĥ(P0)∈[3.23066,3.23379] (Sage 3.23289), C=107.94, M0=17, точек A=140, канд.=71, B-тожд.0=False, F_p-сверок B=9120, невырожд.=[], закрывает=True, 0.6 с
20:01:41     контроль констант: ĥ−h(x) ∈ [-11.42,0.02] при [−36.51, 14.77]; |h(x)−h(z)| ≤ 13.01 при c1=17.46; прошло=True; Безу на случайных x: True; Y-точек до |n|≤44: 0, все в кандидатах: True
20:01:41 ИТОГ 177/331: закрыт строго = True; ALERT = []; 2.1 с
20:01:41 наклон 95/349: T из dem_95_349.json: [[-444, -349, -95], [-444, -95, 349], [-444, 95, 254]]
20:01:41   95/349 T=[-444, -349, -95] ...
20:01:42     ранг [1, 1], tors 8 (gcd 8), eclib ok=True idx=1, моё насыщ. pmax=5 непров.=[]
20:01:42     B_bez=36.79 (Sage Silverman 21.63, CPS 16.59), c1=16.78, ĥ(P0)∈[17.27518,17.27833] (Sage 17.27743), C=107.15, M0=3, точек A=56, канд.=29, B-тожд.0=False, F_p-сверок B=21020, невырожд.=[], закрывает=True, 0.9 с
20:01:42     контроль констант: ĥ−h(x) ∈ [-16.31,0.00] при [−36.79, 14.83]; |h(x)−h(z)| ≤ 11.75 при c1=16.78; прошло=True; Безу на случайных x: True; Y-точек до |n|≤16: 0, все в кандидатах: True
20:01:42   95/349 T=[-444, -95, 349] ...
20:01:43     ранг [1, 1], tors 8 (gcd 8), eclib ok=True idx=1, моё насыщ. pmax=7 непров.=[]
20:01:43     B_bez=34.50 (Sage Silverman 20.70, CPS 16.18), c1=14.39, ĥ(P0)∈[34.55091,34.55384] (Sage 34.55302), C=97.79, M0=1, точек A=24, канд.=13, B-тожд.0=False, F_p-сверок B=20964, невырожд.=[], закрывает=True, 1.1 с
20:01:43     контроль констант: ĥ−h(x) ∈ [-13.24,0.37] при [−34.50, 13.50]; |h(x)−h(z)| ≤ 14.37 при c1=14.39; прошло=True; Безу на случайных x: True; Y-точек до |n|≤12: 0, все в кандидатах: True
20:01:43   95/349 T=[-444, 95, 254] ...
20:01:43     ранг [1, 1], tors 4 (gcd 4), eclib ok=True idx=1, моё насыщ. pmax=2 непров.=[]
20:01:43     B_bez=37.48 (Sage Silverman 21.53, CPS 16.70), c1=17.23, ĥ(P0)∈[2.99151,2.99470] (Sage 2.99381), C=109.42, M0=18, точек A=148, канд.=75, B-тожд.0=False, F_p-сверок B=9000, невырожд.=[], закрывает=True, 0.6 с
20:01:43     контроль констант: ĥ−h(x) ∈ [-12.14,0.34] при [−37.48, 14.85]; |h(x)−h(z)| ≤ 12.84 при c1=17.23; прошло=True; Безу на случайных x: True; Y-точек до |n|≤46: 0, все в кандидатах: True
20:01:43 ИТОГ 95/349: закрыт строго = True; ALERT = []; 2.6 с
20:01:43 наклон 73/362: T из dem_73_362.json: [[-435, -362, -73], [-435, -362, 289], [-435, -289, -73]]
20:01:43   73/362 T=[-435, -362, -73] ...
20:01:44     ранг [1, 1], tors 8 (gcd 8), eclib ok=True idx=1, моё насыщ. pmax=4 непров.=[]
20:01:44     B_bez=37.16 (Sage Silverman 21.88, CPS 16.95), c1=16.80, ĥ(P0)∈[13.23667,13.23985] (Sage 13.23893), C=107.92, M0=4, точек A=72, канд.=37, B-тожд.0=False, F_p-сверок B=21524, невырожд.=[], закрывает=True, 0.9 с
20:01:44     контроль констант: ĥ−h(x) ∈ [-12.67,0.00] при [−37.16, 14.95]; |h(x)−h(z)| ≤ 11.33 при c1=16.80; прошло=True; Безу на случайных x: True; Y-точек до |n|≤18: 0, все в кандидатах: True
20:01:44   73/362 T=[-435, -362, 289] ...
20:01:45     ранг [1, 1], tors 4 (gcd 4), eclib ok=True idx=1, моё насыщ. pmax=1 непров.=[]
20:01:45     B_bez=39.60 (Sage Silverman 22.89, CPS 17.86), c1=17.37, ĥ(P0)∈[1.28444,1.28783] (Sage 1.28686), C=113.95, M0=44, точек A=356, канд.=179, B-тожд.0=False, F_p-сверок B=8928, невырожд.=[], закрывает=True, 1.1 с
20:01:45     контроль констант: ĥ−h(x) ∈ [-15.55,-0.04] при [−39.60, 15.96]; |h(x)−h(z)| ≤ 13.08 при c1=17.37; прошло=True; Безу на случайных x: True; Y-точек до |n|≤98: 3, все в кандидатах: True
20:01:45   73/362 T=[-435, -289, -73] ...
20:01:46     ранг [1, 1], tors 4 (gcd 4), eclib ok=True idx=1, моё насыщ. pmax=3 непров.=[]
20:01:46     B_bez=36.12 (Sage Silverman 21.15, CPS 15.98), c1=16.64, ĥ(P0)∈[1.47673,1.47983] (Sage 1.47893), C=105.52, M0=36, точек A=292, канд.=147, B-тожд.0=False, F_p-сверок B=8676, невырожд.=[], закрывает=True, 0.8 с
20:01:46     контроль констант: ĥ−h(x) ∈ [-15.03,-0.01] при [−36.12, 14.61]; |h(x)−h(z)| ≤ 16.63 при c1=16.64; прошло=True; Безу на случайных x: True; Y-точек до |n|≤82: 3, все в кандидатах: True
20:01:46 ИТОГ 73/362: закрыт строго = True; ALERT = []; 2.8 с
20:01:46 наклон 327/374: T из dem_327_374.json: [[-701, -374, -327], [-701, -374, -47], [-701, -374, 374]]
20:01:46   327/374 T=[-701, -374, -327] ...
20:01:47     ранг [1, 1], tors 8 (gcd 8), eclib ok=True idx=1, моё насыщ. pmax=6 непров.=[]
20:01:47     B_bez=37.28 (Sage Silverman 21.86, CPS 17.09), c1=17.87, ĥ(P0)∈[34.16674,34.16993] (Sage 34.16902), C=110.31, M0=2, точек A=40, канд.=21, B-тожд.0=False, F_p-сверок B=21300, невырожд.=[], закрывает=True, 1.1 с
20:01:47     контроль констант: ĥ−h(x) ∈ [-16.74,0.25] при [−37.28, 14.93]; |h(x)−h(z)| ≤ 17.87 при c1=17.87; прошло=True; Безу на случайных x: True; Y-точек до |n|≤14: 0, все в кандидатах: True
20:01:47   327/374 T=[-701, -374, -47] ...
20:01:48     ранг [1, 1], tors 4 (gcd 4), eclib ok=True idx=1, моё насыщ. pmax=1 непров.=[]
20:01:48     B_bez=38.80 (Sage Silverman 19.21, CPS 14.93), c1=17.93, ĥ(P0)∈[2.67088,2.67421] (Sage 2.67325), C=113.45, M0=21, точек A=172, канд.=87, B-тожд.0=False, F_p-сверок B=9144, невырожд.=[], закрывает=True, 0.6 с
20:01:48     контроль констант: ĥ−h(x) ∈ [-12.10,0.00] при [−38.80, 15.77]; |h(x)−h(z)| ≤ 17.93 при c1=17.93; прошло=True; Безу на случайных x: True; Y-точек до |n|≤52: 0, все в кандидатах: True
20:01:48   327/374 T=[-701, -374, 374] ...
20:01:48     ранг [1, 1], tors 4 (gcd 4), eclib ok=True idx=1, моё насыщ. pmax=1 непров.=[]
20:01:48     B_bez=41.68 (Sage Silverman 20.99, CPS 15.93), c1=18.00, ĥ(P0)∈[3.45516,3.45873] (Sage 3.45771), C=119.36, M0=17, точек A=140, канд.=71, B-тожд.0=False, F_p-сверок B=8928, невырожд.=[], закрывает=True, 0.6 с
20:01:48     контроль констант: ĥ−h(x) ∈ [-12.64,0.16] при [−41.68, 16.70]; |h(x)−h(z)| ≤ 13.12 при c1=18.00; прошло=True; Безу на случайных x: True; Y-точек до |n|≤44: 2, все в кандидатах: True
20:01:48 ИТОГ 327/374: закрыт строго = True; ALERT = []; 2.4 с
20:01:48 наклон 53/383: T из dem_53_383.json: [[-436, -383, -330], [-436, -383, -53], [-436, -383, 53]]
20:01:48   53/383 T=[-436, -383, -330] ...
20:01:49     ранг [1, 1], tors 4 (gcd 4), eclib ok=True idx=1, моё насыщ. pmax=1 непров.=[]
20:01:49     B_bez=33.41 (Sage Silverman 17.72, CPS 12.88), c1=15.95, ĥ(P0)∈[3.03037,3.03321] (Sage 3.03242), C=98.73, M0=16, точек A=132, канд.=67, B-тожд.0=False, F_p-сверок B=9096, невырожд.=[], закрывает=True, 0.7 с
20:01:49     контроль констант: ĥ−h(x) ∈ [-10.18,0.31] при [−33.41, 13.23]; |h(x)−h(z)| ≤ 12.77 при c1=15.95; прошло=True; Безу на случайных x: True; Y-точек до |n|≤42: 0, все в кандидатах: True
20:01:49   53/383 T=[-436, -383, -53] ...
20:01:50     ранг [1, 1], tors 8 (gcd 8), eclib ok=True idx=1, моё насыщ. pmax=3 непров.=[]
20:01:50     B_bez=37.59 (Sage Silverman 21.95, CPS 17.05), c1=16.90, ĥ(P0)∈[7.39042,7.39364] (Sage 7.39270), C=108.97, M0=7, точек A=120, канд.=61, B-тожд.0=False, F_p-сверок B=20348, невырожд.=[], закрывает=True, 0.8 с
20:01:50     контроль констант: ĥ−h(x) ∈ [-13.95,-0.02] при [−37.59, 15.12]; |h(x)−h(z)| ≤ 16.89 при c1=16.90; прошло=True; Безу на случайных x: True; Y-точек до |n|≤24: 0, все в кандидатах: True
20:01:50   53/383 T=[-436, -383, 53] ...
20:01:51     ранг [1, 1], tors 8 (gcd 8), eclib ok=True idx=1, моё насыщ. pmax=3 непров.=[]
20:01:51     B_bez=34.30 (Sage Silverman 20.84, CPS 16.10), c1=15.72, ĥ(P0)∈[6.55760,6.56053] (Sage 6.55969), C=100.05, M0=8, точек A=136, канд.=69, B-тожд.0=False, F_p-сверок B=21020, невырожд.=[], закрывает=True, 0.8 с
20:01:51     контроль констант: ĥ−h(x) ∈ [-15.45,-0.36] при [−34.30, 13.62]; |h(x)−h(z)| ≤ 12.77 при c1=15.72; прошло=True; Безу на случайных x: True; Y-точек до |n|≤26: 0, все в кандидатах: True
20:01:51 ИТОГ 53/383: закрыт строго = True; ALERT = []; 2.3 с
20:01:51 наклон 38/385: T из dem_38_385.json: [[-423, -385, 38], [-423, -385, 423], [-423, -38, 38]]
20:01:51   38/385 T=[-423, -385, 38] ...
20:01:52     ранг [1, 1], tors 8 (gcd 8), eclib ok=True idx=1, моё насыщ. pmax=6 непров.=[]
20:01:52     B_bez=38.27 (Sage Silverman 22.37, CPS 17.66), c1=17.03, ĥ(P0)∈[5.87241,5.87568] (Sage 5.87474), C=110.61, M0=9, точек A=152, канд.=77, B-тожд.0=False, F_p-сверок B=20852, невырожд.=[], закрывает=True, 0.9 с
20:01:52     контроль констант: ĥ−h(x) ∈ [-14.69,-0.09] при [−38.27, 15.39]; |h(x)−h(z)| ≤ 17.02 при c1=17.03; прошло=True; Безу на случайных x: True; Y-точек до |n|≤28: 0, все в кандидатах: True
20:01:52   38/385 T=[-423, -385, 423] ...
20:01:52     ранг [1, 1], tors 4 (gcd 4), eclib ok=True idx=1, моё насыщ. pmax=1 непров.=[]
20:01:52     B_bez=33.01 (Sage Silverman 17.05, CPS 12.63), c1=15.40, ĥ(P0)∈[3.27958,3.28240] (Sage 3.28159), C=96.82, M0=15, точек A=124, канд.=63, B-тожд.0=False, F_p-сверок B=8916, невырожд.=[], закрывает=True, 0.6 с
20:01:52     контроль констант: ĥ−h(x) ∈ [-10.87,-0.00] при [−33.01, 13.30]; |h(x)−h(z)| ≤ 11.75 при c1=15.40; прошло=True; Безу на случайных x: True; Y-точек до |n|≤40: 2, все в кандидатах: True
20:01:52   38/385 T=[-423, -38, 38] ...
20:01:53     ранг [1, 1], tors 4 (gcd 4), eclib ok=True idx=1, моё насыщ. pmax=1 непров.=[]
20:01:53     B_bez=32.64 (Sage Silverman 17.88, CPS 13.05), c1=13.28, ĥ(P0)∈[3.06064,3.06342] (Sage 3.06265), C=91.85, M0=15, точек A=124, канд.=63, B-тожд.0=False, F_p-сверок B=9156, невырожд.=[], закрывает=True, 0.6 с
20:01:53     контроль констант: ĥ−h(x) ∈ [-9.98,0.32] при [−32.64, 12.92]; |h(x)−h(z)| ≤ 12.15 при c1=13.28; прошло=True; Безу на случайных x: True; Y-точек до |n|≤40: 2, все в кандидатах: True
20:01:53 ИТОГ 38/385: закрыт строго = True; ALERT = []; 2.0 с
20:01:53 наклон 189/386: T из dem_189_386.json: [[-575, -386, -189], [-575, -197, 386], [-575, -189, 189]]
20:01:53   189/386 T=[-575, -386, -189] ...
20:01:53     ранг [1, 1], tors 8 (gcd 8), eclib ok=True idx=1, моё насыщ. pmax=10 непров.=[]
20:01:53     B_bez=37.51 (Sage Silverman 21.95, CPS 17.19), c1=17.39, ĥ(P0)∈[8.51968,8.52289] (Sage 8.52198), C=109.78, M0=6, точек A=104, канд.=53, B-тожд.0=False, F_p-сверок B=21300, невырожд.=[], закрывает=True, 0.8 с
20:01:53     контроль констант: ĥ−h(x) ∈ [-14.50,0.17] при [−37.51, 15.02]; |h(x)−h(z)| ≤ 17.38 при c1=17.39; прошло=True; Безу на случайных x: True; Y-точек до |n|≤22: 0, все в кандидатах: True
20:01:53   189/386 T=[-575, -197, 386] ...
20:01:54     ранг [1, 1], tors 4 (gcd 4), eclib ok=True idx=1, моё насыщ. pmax=1 непров.=[]
20:01:54     B_bez=40.45 (Sage Silverman 23.10, CPS 18.56), c1=15.98, ĥ(P0)∈[2.90092,2.90437] (Sage 2.90339), C=112.86, M0=19, точек A=156, канд.=79, B-тожд.0=False, F_p-сверок B=8856, невырожд.=[], закрывает=True, 0.7 с
20:01:54     контроль констант: ĥ−h(x) ∈ [-12.07,0.00] при [−40.45, 16.04]; |h(x)−h(z)| ≤ 12.85 при c1=15.98; прошло=True; Безу на случайных x: True; Y-точек до |n|≤48: 0, все в кандидатах: True
20:01:54   189/386 T=[-575, -189, 189] ...
20:01:55     ранг [1, 1], tors 4 (gcd 4), eclib ok=True idx=1, моё насыщ. pmax=2 непров.=[]
20:01:55     B_bez=31.25 (Sage Silverman 16.73, CPS 12.52), c1=16.46, ĥ(P0)∈[3.30031,3.30298] (Sage 3.30223), C=95.41, M0=14, точек A=116, канд.=59, B-тожд.0=False, F_p-сверок B=8952, невырожд.=[], закрывает=True, 0.5 с
20:01:55     контроль констант: ĥ−h(x) ∈ [-9.54,0.26] при [−31.25, 12.56]; |h(x)−h(z)| ≤ 12.86 при c1=16.46; прошло=True; Безу на случайных x: True; Y-точек до |n|≤38: 2, все в кандидатах: True
20:01:55 ИТОГ 189/386: закрыт строго = True; ALERT = []; 2.0 с
20:01:55 наклон 325/394: T из dem_325_394.json: [[-719, -394, -325], [-719, -394, -69], [-719, -394, 719]]
20:01:55   325/394 T=[-719, -394, -325] ...
20:01:55     ранг [1, 1], tors 8 (gcd 8), eclib ok=True idx=1, моё насыщ. pmax=6 непров.=[]
20:01:55     B_bez=37.80 (Sage Silverman 21.98, CPS 17.34), c1=17.95, ĥ(P0)∈[8.01182,8.01505] (Sage 8.01413), C=111.51, M0=7, точек A=120, канд.=61, B-тожд.0=False, F_p-сверок B=21860, невырожд.=[], закрывает=True, 0.8 с
20:01:55     контроль констант: ĥ−h(x) ∈ [-15.13,0.26] при [−37.80, 15.04]; |h(x)−h(z)| ≤ 17.95 при c1=17.95; прошло=True; Безу на случайных x: True; Y-точек до |n|≤24: 0, все в кандидатах: True
20:01:55   325/394 T=[-719, -394, -69] ...
20:01:56     ранг [1, 1], tors 4 (gcd 4), eclib ok=True idx=1, моё насыщ. pmax=2 непров.=[]
20:01:56     B_bez=28.47 (Sage Silverman 16.74, CPS 11.75), c1=14.80, ĥ(P0)∈[2.69628,2.69873] (Sage 2.69802), C=86.55, M0=16, точек A=132, канд.=67, B-тожд.0=False, F_p-сверок B=9108, невырожд.=[], закрывает=True, 0.7 с
20:01:56     контроль констант: ĥ−h(x) ∈ [-9.11,0.01] при [−28.47, 11.52]; |h(x)−h(z)| ≤ 14.01 при c1=14.80; прошло=True; Безу на случайных x: True; Y-точек до |n|≤42: 0, все в кандидатах: True
20:01:56   325/394 T=[-719, -394, 719] ...
20:01:57     ранг [1, 1], tors 4 (gcd 4), eclib ok=True idx=1, моё насыщ. pmax=1 непров.=[]
20:01:57     B_bez=43.23 (Sage Silverman 21.16, CPS 16.49), c1=18.20, ĥ(P0)∈[3.09166,3.09535] (Sage 3.09430), C=122.86, M0=20, точек A=164, канд.=83, B-тожд.0=False, F_p-сверок B=9276, невырожд.=[], закрывает=True, 0.7 с
20:01:57     контроль констант: ĥ−h(x) ∈ [-13.65,0.22] при [−43.23, 17.24]; |h(x)−h(z)| ≤ 13.44 при c1=18.20; прошло=True; Безу на случайных x: True; Y-точек до |n|≤50: 2, все в кандидатах: True
20:01:57 ИТОГ 325/394: закрыт строго = True; ALERT = []; 2.1 с
20:01:57 наклон 238/397: T из dem_238_397.json: [[-635, -397, -238], [-635, -238, -159], [-635, -238, 635]]
20:01:57   238/397 T=[-635, -397, -238] ...
20:01:58     ранг [1, 1], tors 8 (gcd 8), eclib ok=True idx=1, моё насыщ. pmax=5 непров.=[]
20:01:58     B_bez=37.89 (Sage Silverman 21.99, CPS 17.39), c1=17.63, ĥ(P0)∈[21.52561,21.52884] (Sage 21.52794), C=111.05, M0=3, точек A=56, канд.=29, B-тожд.0=False, F_p-сверок B=20516, невырожд.=[], закрывает=True, 0.9 с
20:01:58     контроль констант: ĥ−h(x) ∈ [-16.01,0.26] при [−37.89, 15.05]; |h(x)−h(z)| ≤ 17.63 при c1=17.63; прошло=True; Безу на случайных x: True; Y-точек до |n|≤16: 0, все в кандидатах: True
20:01:58   238/397 T=[-635, -238, -159] ...
20:01:59     ранг [1, 1], tors 4 (gcd 4), eclib ok=True idx=1, моё насыщ. pmax=1 непров.=[]
20:01:59     B_bez=36.84 (Sage Silverman 21.36, CPS 16.76), c1=17.44, ĥ(P0)∈[1.67865,1.68179] (Sage 1.68090), C=108.56, M0=32, точек A=260, канд.=131, B-тожд.0=False, F_p-сверок B=8964, невырожд.=[], закрывает=True, 0.8 с
20:01:59     контроль констант: ĥ−h(x) ∈ [-15.25,0.36] при [−36.84, 14.60]; |h(x)−h(z)| ≤ 15.04 при c1=17.44; прошло=True; Безу на случайных x: True; Y-точек до |n|≤74: 3, все в кандидатах: True
20:01:59   238/397 T=[-635, -238, 635] ...
20:01:59     ранг [1, 1], tors 4 (gcd 4), eclib ok=True idx=1, моё насыщ. pmax=1 непров.=[]
20:01:59     B_bez=42.14 (Sage Silverman 20.63, CPS 16.09), c1=16.23, ĥ(P0)∈[3.04167,3.04526] (Sage 3.04424), C=116.72, M0=19, точек A=156, канд.=79, B-тожд.0=False, F_p-сверок B=9360, невырожд.=[], закрывает=True, 0.6 с
20:01:59     контроль констант: ĥ−h(x) ∈ [-13.51,0.28] при [−42.14, 16.71]; |h(x)−h(z)| ≤ 13.19 при c1=16.23; прошло=True; Безу на случайных x: True; Y-точек до |n|≤48: 2, все в кандидатах: True
20:01:59 ИТОГ 238/397: закрыт строго = True; ALERT = []; 2.3 с
20:01:59 наклон 62/413: T из dem_62_413.json: [[-475, -413, -62], [-475, -413, 62], [-475, -413, 413]]
20:01:59   62/413 T=[-475, -413, -62] ...
20:02:00     ранг [1, 1], tors 8 (gcd 8), eclib ok=True idx=1, моё насыщ. pmax=2 непров.=[]
20:02:00     B_bez=38.08 (Sage Silverman 22.29, CPS 17.43), c1=17.14, ĥ(P0)∈[3.62220,3.62546] (Sage 3.62447), C=110.44, M0=15, точек A=248, канд.=125, B-тожд.0=False, F_p-сверок B=21636, невырожд.=[], закрывает=True, 0.9 с
20:02:00     контроль констант: ĥ−h(x) ∈ [-16.25,-0.07] при [−38.08, 15.32]; |h(x)−h(z)| ≤ 17.14 при c1=17.14; прошло=True; Безу на случайных x: True; Y-точек до |n|≤40: 0, все в кандидатах: True
20:02:00   62/413 T=[-475, -413, 62] ...
20:02:01     ранг [1, 1], tors 8 (gcd 8), eclib ok=True idx=1, моё насыщ. pmax=5 непров.=[]
20:02:01     B_bez=39.03 (Sage Silverman 22.71, CPS 17.89), c1=17.36, ĥ(P0)∈[5.58550,5.58884] (Sage 5.58784), C=112.78, M0=10, точек A=168, канд.=85, B-тожд.0=False, F_p-сверок B=20572, невырожд.=[], закрывает=True, 0.9 с
20:02:01     контроль констант: ĥ−h(x) ∈ [-13.66,-0.00] при [−39.03, 15.69]; |h(x)−h(z)| ≤ 14.37 при c1=17.36; прошло=True; Безу на случайных x: True; Y-точек до |n|≤30: 0, все в кандидатах: True
20:02:01   62/413 T=[-475, -413, 413] ...
20:02:02     ранг [1, 1], tors 4 (gcd 4), eclib ok=True idx=1, моё насыщ. pmax=2 непров.=[]
20:02:02     B_bez=40.73 (Sage Silverman 20.15, CPS 15.00), c1=17.81, ĥ(P0)∈[3.31021,3.31370] (Sage 3.31270), C=117.07, M0=18, точек A=148, канд.=75, B-тожд.0=False, F_p-сверок B=9264, невырожд.=[], закрывает=True, 0.6 с
20:02:02     контроль констант: ĥ−h(x) ∈ [-12.55,0.00] при [−40.73, 16.40]; |h(x)−h(z)| ≤ 12.07 при c1=17.81; прошло=True; Безу на случайных x: True; Y-точек до |n|≤46: 2, все в кандидатах: True
20:02:02 ИТОГ 62/413: закрыт строго = True; ALERT = []; 2.4 с
20:02:02 наклон 2/425: T из dem_2_425.json: [[-427, -425, -423], [-427, -425, -2], [-427, -425, 2]]
20:02:02   2/425 T=[-427, -425, -423] ...
20:02:02     ранг [1, 1], tors 4 (gcd 4), eclib ok=True idx=1, моё насыщ. pmax=2 непров.=[]
20:02:02     B_bez=22.85 (Sage Silverman 14.94, CPS 10.12), c1=12.80, ĥ(P0)∈[3.02678,3.02872] (Sage 3.02819), C=71.31, M0=12, точек A=100, канд.=51, B-тожд.0=False, F_p-сверок B=9288, невырожд.=[], закрывает=True, 0.5 с
20:02:02     контроль констант: ĥ−h(x) ∈ [-9.08,3.03] при [−22.85, 8.99]; |h(x)−h(z)| ≤ 12.11 при c1=12.80; прошло=True; Безу на случайных x: True; Y-точек до |n|≤34: 0, все в кандидатах: True
20:02:02   2/425 T=[-427, -425, -2] ...
20:02:03     ранг [1, 1], tors 8 (gcd 8), eclib ok=True idx=1, моё насыщ. pmax=7 непров.=[]
20:02:03     B_bez=38.32 (Sage Silverman 22.39, CPS 18.65), c1=17.06, ĥ(P0)∈[4.58332,4.58660] (Sage 4.58557), C=110.77, M0=12, точек A=200, канд.=101, B-тожд.0=False, F_p-сверок B=21412, невырожд.=[], закрывает=True, 0.8 с
20:02:03     контроль констант: ĥ−h(x) ∈ [-16.22,-0.84] при [−38.32, 15.41]; |h(x)−h(z)| ≤ 17.06 при c1=17.06; прошло=True; Безу на случайных x: True; Y-точек до |n|≤34: 0, все в кандидатах: True
20:02:03   2/425 T=[-427, -425, 2] ...
20:02:04     ранг [1, 1], tors 8 (gcd 8), eclib ok=True idx=1, моё насыщ. pmax=3 непров.=[]
20:02:04     B_bez=38.35 (Sage Silverman 22.40, CPS 18.67), c1=17.07, ĥ(P0)∈[4.70757,4.71085] (Sage 4.70970), C=110.85, M0=12, точек A=200, канд.=101, B-тожд.0=False, F_p-сверок B=21020, невырожд.=[], закрывает=True, 0.9 с
20:02:04     контроль констант: ĥ−h(x) ∈ [-16.35,-1.54] при [−38.35, 15.42]; |h(x)−h(z)| ≤ 16.38 при c1=17.07; прошло=True; Безу на случайных x: True; Y-точек до |n|≤34: 0, все в кандидатах: True
20:02:04 ИТОГ 2/425: закрыт строго = True; ALERT = []; 2.3 с
20:02:04 наклон 390/427: T из dem_390_427.json: [[-817, -427, 390], [-817, -427, 427], [-817, -390, 427]]
20:02:04   390/427 T=[-817, -427, 390] ...
20:02:05     ранг [1, 1], tors 8 (gcd 8), eclib ok=True idx=1, моё насыщ. pmax=2 непров.=[]
20:02:05     B_bez=42.46 (Sage Silverman 24.20, CPS 19.42), c1=18.42, ĥ(P0)∈[3.85284,3.85647] (Sage 3.85544), C=121.76, M0=16, точек A=264, канд.=133, B-тожд.0=False, F_p-сверок B=20292, невырожд.=[], закрывает=True, 0.9 с
20:02:05     контроль констант: ĥ−h(x) ∈ [-15.69,0.14] при [−42.46, 17.02]; |h(x)−h(z)| ≤ 15.77 при c1=18.42; прошло=True; Безу на случайных x: True; Y-точек до |n|≤42: 0, все в кандидатах: True
20:02:05   390/427 T=[-817, -427, 427] ...
20:02:05     ранг [1, 1], tors 4 (gcd 4), eclib ok=True idx=1, моё насыщ. pmax=1 непров.=[]
20:02:05     B_bez=42.65 (Sage Silverman 21.01, CPS 15.96), c1=18.42, ĥ(P0)∈[3.52906,3.53270] (Sage 3.53167), C=122.14, M0=17, точек A=140, канд.=71, B-тожд.0=False, F_p-сверок B=8964, невырожд.=[], закрывает=True, 0.6 с
20:02:05     контроль констант: ĥ−h(x) ∈ [-12.92,0.17] при [−42.65, 17.07]; |h(x)−h(z)| ≤ 13.39 при c1=18.42; прошло=True; Безу на случайных x: True; Y-точек до |n|≤44: 2, все в кандидатах: True
20:02:05   390/427 T=[-817, -390, 427] ...
20:02:06     ранг [1, 1], tors 8 (gcd 8), eclib ok=True idx=1, моё насыщ. pmax=3 непров.=[]
20:02:06     B_bez=42.59 (Sage Silverman 24.07, CPS 19.31), c1=18.24, ĥ(P0)∈[7.30449,7.30813] (Sage 7.30710), C=121.65, M0=8, точек A=136, канд.=69, B-тожд.0=False, F_p-сверок B=21188, невырожд.=[], закрывает=True, 0.9 с
20:02:06     контроль констант: ĥ−h(x) ∈ [-16.76,0.21] при [−42.59, 17.00]; |h(x)−h(z)| ≤ 14.12 при c1=18.24; прошло=True; Безу на случайных x: True; Y-точек до |n|≤26: 0, все в кандидатах: True
20:02:06 ИТОГ 390/427: закрыт строго = True; ALERT = []; 2.4 с
20:02:06 наклон 251/433: T из dem_251_433.json: [[-684, -433, 182], [-684, -433, 251], [-684, -433, 433]]
20:02:06   251/433 T=[-684, -433, 182] ...
20:02:07     ранг [1, 1], tors 4 (gcd 4), eclib ok=True idx=1, моё насыщ. pmax=4 непров.=[]
20:02:07     B_bez=40.70 (Sage Silverman 23.35, CPS 18.06), c1=18.14, ĥ(P0)∈[1.42300,1.42649] (Sage 1.42539), C=117.68, M0=41, точек A=332, канд.=167, B-тожд.0=False, F_p-сверок B=9216, невырожд.=[], закрывает=True, 1.0 с
20:02:07     контроль констант: ĥ−h(x) ∈ [-17.90,0.03] при [−40.70, 16.47]; |h(x)−h(z)| ≤ 13.41 при c1=18.14; прошло=True; Безу на случайных x: True; Y-точек до |n|≤92: 3, все в кандидатах: True
20:02:07   251/433 T=[-684, -433, 251] ...
20:02:08     ранг [1, 1], tors 8 (gcd 8), eclib ok=True idx=1, моё насыщ. pmax=10 непров.=[]
20:02:08     B_bez=36.49 (Sage Silverman 22.11, CPS 17.16), c1=16.79, ĥ(P0)∈[19.01482,19.01794] (Sage 19.01704), C=106.57, M0=3, точек A=56, канд.=29, B-тожд.0=False, F_p-сверок B=21412, невырожд.=[], закрывает=True, 0.9 с
20:02:08     контроль констант: ĥ−h(x) ∈ [-14.48,0.04] при [−36.49, 14.74]; |h(x)−h(z)| ≤ 14.39 при c1=16.79; прошло=True; Безу на случайных x: True; Y-точек до |n|≤16: 0, все в кандидатах: True
20:02:08   251/433 T=[-684, -433, 433] ...
20:02:09     ранг [1, 1], tors 4 (gcd 4), eclib ok=True idx=1, моё насыщ. pmax=1 непров.=[]
20:02:09     B_bez=41.83 (Sage Silverman 20.90, CPS 15.95), c1=18.27, ĥ(P0)∈[3.11789,3.12147] (Sage 3.12045), C=120.19, M0=19, точек A=156, канд.=79, B-тожд.0=False, F_p-сверок B=8916, невырожд.=[], закрывает=True, 0.7 с
20:02:09     контроль констант: ĥ−h(x) ∈ [-12.79,0.09] при [−41.83, 16.88]; |h(x)−h(z)| ≤ 13.31 при c1=18.27; прошло=True; Безу на случайных x: True; Y-точек до |n|≤48: 2, все в кандидатах: True
20:02:09 ИТОГ 251/433: закрыт строго = True; ALERT = []; 2.7 с
20:02:09 наклон 225/437: T из dem_225_437.json: [[-662, -437, 225], [-662, -437, 662], [-662, -225, 437]]
20:02:09   225/437 T=[-662, -437, 225] ...
20:02:10     ранг [1, 1], tors 8 (gcd 8), eclib ok=True idx=1, моё насыщ. pmax=8 непров.=[]
20:02:10     B_bez=40.77 (Sage Silverman 23.64, CPS 18.64), c1=18.13, ĥ(P0)∈[13.01863,13.02213] (Sage 13.02112), C=117.80, M0=5, точек A=88, канд.=45, B-тожд.0=False, F_p-сверок B=20796, невырожд.=[], закрывает=True, 0.9 с
20:02:10     контроль констант: ĥ−h(x) ∈ [-18.10,0.00] при [−40.77, 16.52]; |h(x)−h(z)| ≤ 15.29 при c1=18.13; прошло=True; Безу на случайных x: True; Y-точек до |n|≤20: 0, все в кандидатах: True
20:02:10   225/437 T=[-662, -437, 662] ...
20:02:10     ранг [1, 1], tors 4 (gcd 4), eclib ok=True idx=1, моё насыщ. pmax=1 непров.=[]
20:02:10     B_bez=42.65 (Sage Silverman 21.21, CPS 16.09), c1=18.37, ĥ(P0)∈[3.55829,3.56194] (Sage 3.56090), C=122.05, M0=17, точек A=140, канд.=71, B-тожд.0=False, F_p-сверок B=9180, невырожд.=[], закрывает=True, 0.6 с
20:02:10     контроль констант: ĥ−h(x) ∈ [-12.98,0.12] при [−42.65, 17.15]; |h(x)−h(z)| ≤ 13.26 при c1=18.37; прошло=True; Безу на случайных x: True; Y-точек до |n|≤44: 2, все в кандидатах: True
20:02:10   225/437 T=[-662, -225, 437] ...
20:02:11     ранг [1, 1], tors 8 (gcd 8), eclib ok=True idx=1, моё насыщ. pmax=2 непров.=[]
20:02:11     B_bez=41.35 (Sage Silverman 23.51, CPS 18.96), c1=16.37, ĥ(P0)∈[5.48500,5.48852] (Sage 5.48752), C=115.44, M0=11, точек A=184, канд.=93, B-тожд.0=False, F_p-сверок B=20908, невырожд.=[], закрывает=True, 0.9 с
20:02:11     контроль констант: ĥ−h(x) ∈ [-14.87,0.25] при [−41.35, 16.40]; |h(x)−h(z)| ≤ 13.17 при c1=16.37; прошло=True; Безу на случайных x: True; Y-точек до |n|≤32: 0, все в кандидатах: True
20:02:11 ИТОГ 225/437: закрыт строго = True; ALERT = []; 2.4 с
20:02:11 готово
