20:04:11 93/331 [-424, -331, -238] модель+сертификат ок; точное нер-во M0: True (2249385 цифр) B: функц.поле ⊆ основной: True лишние = z(кручения): True нетрив. B (функц.поле): [] перебор A: 139 невырожд.: [] закрывает: True
20:04:11 93/331 [-424, -331, -93] модель+сертификат ок; точное нер-во M0: True (2623094 цифр) B: функц.поле ⊆ основной: True лишние = z(кручения): True нетрив. B (функц.поле): [] перебор A: 39 невырожд.: [] закрывает: True
20:04:11 93/331 [-424, -331, 93] модель+сертификат ок; точное нер-во M0: True (2130886 цифр) B: функц.поле ⊆ основной: True лишние = z(кручения): True нетрив. B (функц.поле): [] перебор A: 39 невырожд.: [] закрывает: True
20:04:11 ИТОГ 93/331 закрыт (перепроверка): True
20:04:11 177/331 [-508, -331, 331] модель+сертификат ок; точное нер-во M0: True (2476928 цифр) B: функц.поле ⊆ основной: True лишние = z(кручения): True нетрив. B (функц.поле): ['-1/331', '1/331'] перебор A: 155 невырожд.: [] закрывает: True
20:04:11 177/331 [-508, -177, 331] модель+сертификат ок; точное нер-во M0: True (2375546 цифр) B: функц.поле ⊆ основной: True лишние = z(кручения): True нетрив. B (функц.поле): [] перебор A: 71 невырожд.: [] закрывает: True
20:04:11 177/331 [-508, 154, 177] модель+сертификат ок; точное нер-во M0: True (2415372 цифр) B: функц.поле ⊆ основной: True лишние = z(кручения): True нетрив. B (функц.поле): [] перебор A: 139 невырожд.: [] закрывает: True
20:04:11 ИТОГ 177/331 закрыт (перепроверка): True
20:04:11 95/349 [-444, -349, -95] модель+сертификат ок; точное нер-во M0: True (2581682 цифр) B: функц.поле ⊆ основной: True лишние = z(кручения): True нетрив. B (функц.поле): [] перебор A: 55 невырожд.: [] закрывает: True
20:04:12 95/349 [-444, -95, 349] модель+сертификат ок; точное нер-во M0: True (2212753 цифр) B: функц.поле ⊆ основной: True лишние = z(кручения): True нетрив. B (функц.поле): [] перебор A: 23 невырожд.: [] закрывает: True
20:04:12 95/349 [-444, 95, 254] модель+сертификат ок; точное нер-во M0: True (2364555 цифр) B: функц.поле ⊆ основной: True лишние = z(кручения): True нетрив. B (функц.поле): [] перебор A: 147 невырожд.: [] закрывает: True
20:04:12 ИТОГ 95/349 закрыт (перепроверка): True
20:04:12 73/362 [-435, -362, -73] модель+сертификат ок; точное нер-во M0: True (2543438 цифр) B: функц.поле ⊆ основной: True лишние = z(кручения): True нетрив. B (функц.поле): [] перебор A: 71 невырожд.: [] закрывает: True
20:04:12 73/362 [-435, -362, 289] модель+сертификат ок; точное нер-во M0: True (2444819 цифр) B: функц.поле ⊆ основной: True лишние = z(кручения): True нетрив. B (функц.поле): [] перебор A: 355 невырожд.: [] закрывает: True
20:04:12 73/362 [-435, -289, -73] модель+сертификат ок; точное нер-во M0: True (2304612 цифр) B: функц.поле ⊆ основной: True лишние = z(кручения): True нетрив. B (функц.поле): [] перебор A: 291 невырожд.: [] закрывает: True
20:04:12 ИТОГ 73/362 закрыт (перепроверка): True
20:04:12 327/374 [-701, -374, -327] модель+сертификат ок; точное нер-во M0: True (3646935 цифр) B: функц.поле ⊆ основной: True лишние = z(кручения): True нетрив. B (функц.поле): [] перебор A: 39 невырожд.: [] закрывает: True
20:04:12 327/374 [-701, -374, -47] модель+сертификат ок; точное нер-во M0: True (2453769 цифр) B: функц.поле ⊆ основной: True лишние = z(кручения): True нетрив. B (функц.поле): [] перебор A: 171 невырожд.: [] закрывает: True
20:04:12 327/374 [-701, -374, 374] модель+сертификат ок; точное нер-во M0: True (2583342 цифр) B: функц.поле ⊆ основной: True лишние = z(кручения): True нетрив. B (функц.поле): ['-1/374', '1/374'] перебор A: 139 невырожд.: [] закрывает: True
20:04:12 ИТОГ 327/374 закрыт (перепроверка): True
20:04:12 53/383 [-436, -383, -330] модель+сертификат ок; точное нер-во M0: True (2136126 цифр) B: функц.поле ⊆ основной: True лишние = z(кручения): True нетрив. B (функц.поле): [] перебор A: 131 невырожд.: [] закрывает: True
20:04:13 53/383 [-436, -383, -53] модель+сертификат ок; точное нер-во M0: True (2367122 цифр) B: функц.поле ⊆ основной: True лишние = z(кручения): True нетрив. B (функц.поле): [] перебор A: 119 невырожд.: [] закрывает: True
20:04:13 53/383 [-436, -383, 53] модель+сертификат ок; точное нер-во M0: True (2380446 цифр) B: функц.поле ⊆ основной: True лишние = z(кручения): True нетрив. B (функц.поле): [] перебор A: 135 невырожд.: [] закрывает: True
20:04:13 ИТОГ 53/383 закрыт (перепроверка): True
20:04:13 38/385 [-423, -385, 38] модель+сертификат ок; точное нер-во M0: True (2382694 цифр) B: функц.поле ⊆ основной: True лишние = z(кручения): True нетрив. B (функц.поле): [] перебор A: 151 невырожд.: [] закрывает: True
20:04:13 38/385 [-423, -385, 423] модель+сертификат ок; точное нер-во M0: True (2171559 цифр) B: функц.поле ⊆ основной: True лишние = z(кручения): True нетрив. B (функц.поле): ['-1/423'] перебор A: 123 невырожд.: [] закрывает: True
20:04:13 38/385 [-423, -38, 38] модель+сертификат ок; точное нер-во M0: True (2026668 цифр) B: функц.поле ⊆ основной: True лишние = z(кручения): True нетрив. B (функц.поле): ['-1/38', '1/38'] перебор A: 123 невырожд.: [] закрывает: True
20:04:13 ИТОГ 38/385 закрыт (перепроверка): True
20:04:13 189/386 [-575, -386, -189] модель+сертификат ок; точное нер-во M0: True (2364880 цифр) B: функц.поле ⊆ основной: True лишние = z(кручения): True нетрив. B (функц.поле): [] перебор A: 103 невырожд.: [] закрывает: True
20:04:13 189/386 [-575, -197, 386] модель+сертификат ок; точное нер-во M0: True (2417104 цифр) B: функц.поле ⊆ основной: True лишние = z(кручения): True нетрив. B (функц.поле): [] перебор A: 155 невырожд.: [] закрывает: True
20:04:13 189/386 [-575, -189, 189] модель+сертификат ок; точное нер-во M0: True (2044228 цифр) B: функц.поле ⊆ основной: True лишние = z(кручения): True нетрив. B (функц.поле): ['-1/189', '1/189'] перебор A: 115 невырожд.: [] закрывает: True
20:04:13 ИТОГ 189/386 закрыт (перепроверка): True
20:04:13 325/394 [-719, -394, -325] модель+сертификат ок; точное нер-во M0: True (2566098 цифр) B: функц.поле ⊆ основной: True лишние = z(кручения): True нетрив. B (функц.поле): [] перебор A: 119 невырожд.: [] закрывает: True
20:04:13 325/394 [-719, -394, -69] модель+сертификат ок; точное нер-во M0: True (1900575 цифр) B: функц.поле ⊆ основной: True лишние = z(кручения): True нетрив. B (функц.поле): [] перебор A: 131 невырожд.: [] закрывает: True
20:04:13 325/394 [-719, -394, 719] модель+сертификат ок; точное нер-во M0: True (2708144 цифр) B: функц.поле ⊆ основной: True лишние = z(кручения): True нетрив. B (функц.поле): ['-1/719'] перебор A: 163 невырожд.: [] закрывает: True
20:04:13 ИТОГ 325/394 закрыт (перепроверка): True
20:04:13 238/397 [-635, -397, -238] модель+сертификат ок; точное нер-во M0: True (3216813 цифр) B: функц.поле ⊆ основной: True лишние = z(кручения): True нетрив. B (функц.поле): [] перебор A: 55 невырожд.: [] закрывает: True
20:04:14 238/397 [-635, -238, -159] модель+сертификат ок; точное нер-во M0: True (2332279 цифр) B: функц.поле ⊆ основной: True лишние = z(кручения): True нетрив. B (функц.поле): [] перебор A: 259 невырожд.: [] закрывает: True
20:04:14 238/397 [-635, -238, 635] модель+сертификат ок; точное нер-во M0: True (2534366 цифр) B: функц.поле ⊆ основной: True лишние = z(кручения): True нетрив. B (функц.поле): ['-1/635'] перебор A: 155 невырожд.: [] закрывает: True
20:04:14 ИТОГ 238/397 закрыт (перепроверка): True
20:04:14 62/413 [-475, -413, -62] модель+сертификат ок; точное нер-во M0: True (2398491 цифр) B: функц.поле ⊆ основной: True лишние = z(кручения): True нетрив. B (функц.поле): [] перебор A: 247 невырожд.: [] закрывает: True
20:04:14 62/413 [-475, -413, 62] модель+сертификат ок; точное нер-во M0: True (2504910 цифр) B: функц.поле ⊆ основной: True лишние = z(кручения): True нетрив. B (функц.поле): [] перебор A: 167 невырожд.: [] закрывает: True
20:04:14 62/413 [-475, -413, 413] модель+сертификат ок; точное нер-во M0: True (2616430 цифр) B: функц.поле ⊆ основной: True лишние = z(кручения): True нетрив. B (функц.поле): ['-1/413', '1/413'] перебор A: 147 невырожд.: [] закрывает: True
20:04:14 ИТОГ 62/413 закрыт (перепроверка): True
20:04:14 2/425 [-427, -425, -423] модель+сертификат ок; точное нер-во M0: True (1616018 цифр) B: функц.поле ⊆ основной: True лишние = z(кручения): True нетрив. B (функц.поле): [] перебор A: 99 невырожд.: [] закрывает: True
20:04:14 2/425 [-427, -425, -2] модель+сертификат ок; точное нер-во M0: True (2447186 цифр) B: функц.поле ⊆ основной: True лишние = z(кручения): True нетрив. B (функц.поле): [] перебор A: 199 невырожд.: [] закрывает: True
20:04:14 2/425 [-427, -425, 2] модель+сертификат ок; точное нер-во M0: True (2513494 цифр) B: функц.поле ⊆ основной: True лишние = z(кручения): True нетрив. B (функц.поле): [] перебор A: 199 невырожд.: [] закрывает: True
20:04:14 ИТОГ 2/425 закрыт (перепроверка): True
20:04:14 390/427 [-817, -427, 390] модель+сертификат ок; точное нер-во M0: True (2715891 цифр) B: функц.поле ⊆ основной: True лишние = z(кручения): True нетрив. B (функц.поле): [] перебор A: 263 невырожд.: [] закрывает: True
20:04:14 390/427 [-817, -427, 427] модель+сертификат ок; точное нер-во M0: True (2638594 цифр) B: функц.поле ⊆ основной: True лишние = z(кручения): True нетрив. B (функц.поле): ['-1/427', '1/427'] перебор A: 139 невырожд.: [] закрывает: True
20:04:14 390/427 [-817, -390, 427] модель+сертификат ок; точное нер-во M0: True (2651668 цифр) B: функц.поле ⊆ основной: True лишние = z(кручения): True нетрив. B (функц.поле): [] перебор A: 135 невырожд.: [] закрывает: True
20:04:14 ИТОГ 390/427 закрыт (перепроверка): True
20:04:14 251/433 [-684, -433, 182] модель+сертификат ок; точное нер-во M0: True (2525605 цифр) B: функц.поле ⊆ основной: True лишние = z(кручения): True нетрив. B (функц.поле): [] перебор A: 331 невырожд.: [] закрывает: True
20:04:15 251/433 [-684, -433, 251] модель+сертификат ок; точное нер-во M0: True (2841624 цифр) B: функц.поле ⊆ основной: True лишние = z(кручения): True нетрив. B (функц.поле): [] перебор A: 55 невырожд.: [] закрывает: True
20:04:15 251/433 [-684, -433, 433] модель+сертификат ок; точное нер-во M0: True (2597805 цифр) B: функц.поле ⊆ основной: True лишние = z(кручения): True нетрив. B (функц.поле): ['-1/433', '1/433'] перебор A: 155 невырожд.: [] закрывает: True
20:04:15 ИТОГ 251/433 закрыт (перепроверка): True
20:04:15 225/437 [-662, -437, 225] модель+сертификат ок; точное нер-во M0: True (3057501 цифр) B: функц.поле ⊆ основной: True лишние = z(кручения): True нетрив. B (функц.поле): [] перебор A: 87 невырожд.: [] закрывает: True
20:04:15 225/437 [-662, -437, 662] модель+сертификат ок; точное нер-во M0: True (2660437 цифр) B: функц.поле ⊆ основной: True лишние = z(кручения): True нетрив. B (функц.поле): ['-1/662'] перебор A: 139 невырожд.: [] закрывает: True
20:04:15 225/437 [-662, -225, 437] модель+сертификат ок; точное нер-во M0: True (2694198 цифр) B: функц.поле ⊆ основной: True лишние = z(кручения): True нетрив. B (функц.поле): [] перебор A: 183 невырожд.: [] закрывает: True
20:04:15 ИТОГ 225/437 закрыт (перепроверка): True
