=== 23,7,17 d3=-34
ORDER: 0
NPTS: 8
TVALS: [ 409/169, 9/25, inf, 169/409, 0, 1, 9/25, -1 ]
=== 31,17,25 d3=-6
An error occurred. See the output for details.
ORDER: 0
Chabauty(
    ptJ: (x - 1/3, -4216/9, 1)
)
In file "/magma/package/Geometry/CrvG2/chabauty-MWS.m", line 1711, column 13:
&gt;&gt;             assert Points(C : Bound := 1000) subset result; // sanity check
               ^
Runtime error in assert: Assertion failed
=== 41,1,29 d3=-609

=== 41,1,29 d3=-145
ORDER: 0
NPTS: 8
TVALS: [ 9/49, 421/1261, 0, 1261/421, -1, 9/49, inf, 1 ]
=== 47,23,37 d3=-1295
ORDER: 0
NPTS: 8
TVALS: [ 1/36, 949/1789, 1/36, 0, -1, 1789/949, inf, 1 ]
=== 47,23,37 d3=-111
ORDER: 0
NPTS: 8
TVALS: [ 25/49, 949/1789, 0, -1, 1789/949, inf, 1, 25/49 ]
=== 47,23,37 d3=111
ORDER: 0
NPTS: 8
TVALS: [ 949/1789, 49/25, 0, -1, 49/25, inf, 1789/949, 1 ]
=== 49,31,41 d3=-410
ORDER: 0
NPTS: 8
TVALS: [ 1321/2041, 2041/1321, inf, 1/81, 0, 1, -1, 1/81 ]
=== 49,31,41 d3=-41
ORDER: 0
NPTS: 8
TVALS: [ 16/25, 1321/2041, 2041/1321, inf, 0, 16/25, 1, -1 ]
=== 49,31,41 d3=410
ORDER: 0
NPTS: 8
TVALS: [ 81, 0, -1, inf, 1321/2041, 2041/1321, 81, 1 ]
=== 73,17,53 d3=-371
ORDER: 0
NPTS: 8
TVALS: [ 4069/1549, 25/81, 1549/4069, inf, 0, 1, 25/81, -1 ]
=== 73,17,53 d3=-265
ORDER: 0
NPTS: 8
TVALS: [ 4/49, 0, -1, 1549/4069, inf, 4069/1549, 4/49, 1 ]
=== 73,17,53 d3=371
ORDER: 0
NPTS: 8
TVALS: [ 81/25, 0, 1549/4069, -1, 4069/1549, inf, 81/25, 1 ]
=== 71,49,61 d3=-915
ORDER: 0
NPTS: 8
TVALS: [ 3061/4381, 1/121, inf, 0, 1, 4381/3061, -1, 1/121 ]
=== 71,49,61 d3=-671
ORDER: 0
NPTS: 8
TVALS: [ 25/36, 3061/4381, 25/36, 0, -1, inf, 4381/3061, 1 ]
=== 71,49,61 d3=671
ORDER: 0
NPTS: 8
TVALS: [ 36/25, 3061/4381, 36/25, 0, -1, inf, 4381/3061, 1 ]
=== 71,49,61 d3=915
ORDER: 0
NPTS: 8
TVALS: [ 3061/4381, 121, 0, -1, inf, 121, 4381/3061, 1 ]
=== 89,23,65 d3=-2145
ORDER: 0
NPTS: 8
TVALS: [ 6073/2377, 16/49, inf, 16/49, 0, 1, 2377/6073, -1 ]
=== 89,23,65 d3=-910
ORDER: 0
NPTS: 8
TVALS: [ 6073/2377, 9/121, inf, 0, 1, 2377/6073, -1, 9/121 ]
=== 89,23,65 d3=910
ORDER: 0
NPTS: 8
TVALS: [ 121/9, 0, -1, 2377/6073, inf, 6073/2377, 1, 121/9 ]
=== 79,47,65 d3=-455
ORDER: 0
NPTS: 8
TVALS: [ 5233/3217, 1/64, 3217/5233, 0, -1, inf, 1/64, 1 ]
=== 79,47,65 d3=-65
ORDER: 0
NPTS: 8
TVALS: [ 5233/3217, 3217/5233, 49/81, 0, -1, inf, 49/81, 1 ]
=== 79,47,65 d3=65
ORDER: 0
NPTS: 8
TVALS: [ 5233/3217, 81/49, 0, 3217/5233, 81/49, -1, inf, 1 ]
=== 41,1,29 d3=-609
ORDER: 0
NPTS: 8
TVALS: [ 421/1261, 4/25, 0, 1261/421, -1, inf, 1, 4/25 ]
