=== 79/110 79 31 189
RANKBOUND: 1
SEARCH: [ inf, 0, 0, -1/31, 1/31, -1/79, -1/189, 1/189 ]
CHAB: [ 1/31, 1/189, 0, -1/31, -1/79, inf, 0, -1/189 ]
=== 79/110 79 110 189
RANKBOUND: 1
SEARCH: [ inf, 0, 0, -1/79, -1/110, 1/110, -1/189, 1/189 ]
CHAB: [ 0, -1/110, -1/189, 1/110, -1/79, inf, 0, 1/189 ]
=== 11/142 131 142 153
RANKBOUND: 1
SEARCH: [ inf, 0, 0, -1/131, -1/142, 1/142, -1/153, 1/153 ]
CHAB: [ 0, inf, 1/153, 0, -1/131, -1/153, -1/142, 1/142 ]
=== 11/142 142 11 153
RANKBOUND: 1
SEARCH: [ inf, 0, 0, -1/11, 1/11, -1/142, -1/153, 1/153 ]
CHAB: [ 1/11, 0, -1/11, 1/153, inf, 0, -1/153, -1/142 ]
=== 11/142 153 11 142
RANKBOUND: 1
SEARCH: [ inf, 0, 0, -1/11, 1/11, -1/142, 1/142, -1/153 ]
CHAB: [ 1/11, 0, -1/11, inf, 0, -1/153, -1/142, 1/142 ]
=== 48/163 115 48 163
RANKBOUND: 3
SEARCH: [ inf, 0, 0, -1/48, 1/48, -1/115, -1/163, 1/163 ]
