6 [163, 211] [48, 115] The computation exceeded the time limit and so was terminated prematurely.
6 [163, -211] [48, 115] The computation exceeded the time limit and so was terminated prematurely.
6 [115, 211] [48, 163] The computation exceeded the time limit and so was terminated prematurely.
6 [115, -211] [48, 163] The computation exceeded the time limit and so was terminated prematurely.
6 [115, 163] [48, 211] PROVEN: true | ZVALS: [ 1/211, 0, -1/115, 0, -1/163, -1/211, 1/48, -1/48 ]
6 [115, -163] [48, 211] The computation exceeded the time limit and so was terminated prematurely.
6 [48, 211] [115, 163] The computation exceeded the memory limit and so was terminated prematurely. | An error occurred. See the output for detai
6 [48, -211] [115, 163] The computation exceeded the time limit and so was terminated prematurely.
6 [48, 163] [115, 211] PROVEN: true | ZVALS: [ 1/115, 1/211, 0, -1/115, 0, -1/163, -1/211, -1/48 ]
6 [48, -163] [115, 211] PROVEN: false | ZVALS: [ 0, 0, -1/48, -1/115, 1/115, 1/127, 1/127, 1/163, -1/211, 1/211 ]
6 [48, 115] [163, 211] PROVEN: true | ZVALS: [ 1/163, 1/211, 0, -1/115, -1/163, 0, -1/211, -1/48 ]
6 [48, -115] [163, 211] The computation exceeded the time limit and so was terminated prematurely.
5 [48] [115, 163] The computation exceeded the time limit and so was terminated prematurely.
5 [48] [115, 211] The computation exceeded the time limit and so was terminated prematurely.
5 [48] [163, 211] The computation exceeded the time limit and so was terminated prematurely.
5 [115] [48, 211] The computation exceeded the time limit and so was terminated prematurely.
5 [163] [48, 115] The computation exceeded the time limit and so was terminated prematurely.
5 [163] [48, 211] The computation exceeded the time limit and so was terminated prematurely.
5 [163] [115, 211] The computation exceeded the time limit and so was terminated prematurely.
5 [211] [48, 115] The computation exceeded the time limit and so was terminated prematurely.
5 [211] [48, 163] PROVEN: true | ZVALS: [ -1/163, 0, -1/211, -1/48, inf, 0, 1/48, 1/163 ]
5 [211] [115, 163] The computation exceeded the time limit and so was terminated prematurely.
5 [115] [163, 211] The computation exceeded the memory limit and so was terminated prematurely. | An error occurred. See the output for detai
