=== 23,7,17 d3=-34
PTS: [ inf, -1, 0, 1, 9/25, 9/25, 409/169, 169/409 ]
RANKBOUND: 5
=== 31,17,25 d3=-6
PTS: [ inf, -1, 0, 1, 1/3, 1/3, 1/49, 1/49, 793/457, 457/793 ]
RANKBOUND: 4
=== 41,1,29 d3=-609
PTS: [ inf, -1, 0, 1, 4/25, 4/25, 1261/421, 421/1261 ]
RANKBOUND: 2
=== 41,1,29 d3=-145
PTS: [ inf, -1, 0, 1, 9/49, 9/49, 1261/421, 421/1261 ]
RANKBOUND: 2
=== 47,23,37 d3=-1295
PTS: [ inf, -1, 0, 1, 1/36, 1/36, 1789/949, 949/1789 ]
RANKBOUND: 2
=== 47,23,37 d3=-111
PTS: [ inf, -1, 0, 1, 25/49, 25/49, 1789/949, 949/1789 ]
RANKBOUND: 2
=== 47,23,37 d3=111
PTS: [ inf, -1, 0, 1, 49/25, 49/25, 1789/949, 949/1789 ]
RANKBOUND: 2
=== 49,31,41 d3=-410
PTS: [ inf, -1, 0, 1, 1/81, 1/81 ]
RANKBOUND: 6
=== 49,31,41 d3=-41
PTS: [ inf, -1, 0, 1, 16/25, 16/25 ]
RANKBOUND: 6
=== 49,31,41 d3=410
PTS: [ inf, -1, 0, 1, 81, 81 ]
RANKBOUND: 6
=== 73,17,53 d3=-371
PTS: [ inf, -1, 0, 1, 25/81, 25/81 ]
RANKBOUND: 2
=== 73,17,53 d3=-265
PTS: [ inf, -1, 0, 1, 4/49, 4/49 ]
RANKBOUND: 2
=== 73,17,53 d3=371
PTS: [ inf, -1, 0, 1, 81/25, 81/25 ]
RANKBOUND: 2
=== 71,49,61 d3=-915
PTS: [ inf, -1, 0, 1, 1/121, 1/121 ]
RANKBOUND: 1
=== 71,49,61 d3=-671
PTS: [ inf, -1, 0, 1, 25/36, 25/36 ]
RANKBOUND: 1
=== 71,49,61 d3=671
PTS: [ inf, -1, 0, 1, 36/25, 36/25 ]
RANKBOUND: 1
=== 71,49,61 d3=915
PTS: [ inf, -1, 0, 1, 121, 121 ]
RANKBOUND: 1
=== 89,23,65 d3=-2145
PTS: [ inf, -1, 0, 1, 16/49, 16/49 ]
RANKBOUND: 5
=== 89,23,65 d3=-910
PTS: [ inf, -1, 0, 1, 9/121, 9/121 ]
RANKBOUND: 5
=== 89,23,65 d3=910
PTS: [ inf, -1, 0, 1, 121/9, 121/9 ]
RANKBOUND: 5
=== 79,47,65 d3=-455
PTS: [ inf, -1, 0, 1, 1/64, 1/64 ]
RANKBOUND: 5
=== 79,47,65 d3=-65
PTS: [ inf, -1, 0, 1, 49/81, 49/81 ]
RANKBOUND: 5
=== 79,47,65 d3=65
PTS: [ inf, -1, 0, 1, 81/49, 81/49 ]
RANKBOUND: 5
