=== 23,7,17 d3=-255
PTS: [ inf, -1, 0, 1, 1/16, 1/16, 409/169, 169/409 ]
RANKBOUND: 5
=== 23,7,17 d3=34
PTS: [ inf, -1, 0, 1, 25/9, 25/9, 409/169, 169/409 ]
RANKBOUND: 5
=== 23,7,17 d3=255
PTS: [ inf, -1, 0, 1, 16, 16, 409/169, 169/409 ]
RANKBOUND: 5
=== 41,1,29 d3=145
PTS: [ inf, -1, 0, 1, 49/9, 49/9, 1261/421, 421/1261 ]
RANKBOUND: 2
=== 41,1,29 d3=609
PTS: [ inf, -1, 0, 1, 25/4, 25/4, 1261/421, 421/1261 ]
RANKBOUND: 2
=== 47,23,37 d3=1295
PTS: [ inf, -1, 0, 1, 36, 36, 1789/949, 949/1789 ]
RANKBOUND: 2
=== 49,31,41 d3=41
PTS: [ inf, -1, 0, 1, 25/16, 25/16 ]
RANKBOUND: 6
=== 73,17,53 d3=265
PTS: [ inf, -1, 0, 1, 49/4, 49/4 ]
RANKBOUND: 2
=== 89,23,65 d3=2145
PTS: [ inf, -1, 0, 1, 49/16, 49/16 ]
RANKBOUND: 5
=== 79,47,65 d3=455
PTS: [ inf, -1, 0, 1, 64, 64 ]
RANKBOUND: 5
