265/298 265 33 298 RB: 4 
265/298 265 33 563 RB: 4 
265/298 265 298 563 RB: 4 
265/298 33 265 298 RB: 4 
лимит — пауза 1800 с
265/298 33 265 563 RB: 2 
265/298 33 298 563 RB: 2 
265/298 298 265 33 RB: 2 
265/298 298 265 563 RB: 2 
265/298 298 33 563 RB: 3 
лимит — пауза 1800 с
265/298 563 265 33 RB: 2 
265/298 563 265 298 RB: 4 
265/298 563 33 298 RB: 2 
73/362 73 289 362 RB: 2 
73/362 73 289 435 RB: 3 
лимит — пауза 1800 с
73/362 73 362 435 RB: 3 
73/362 289 73 362 RB: 2 
73/362 289 73 435 RB: 4 
73/362 289 362 435 RB: 3 
73/362 362 73 289 RB: 3 
73/362 362 73 435 RB: 6 
73/362 362 289 435 RB: 6 
лимит — пауза 1800 с
73/362 435 73 289 RB: 5 
лимит — пауза 1800 с
лимит — пауза 1800 с
