17/43 17 26 43 RB 2 - 2.5
17/43 17 26 60 RB 1 ЗАКРЫТ 3.2
26/51 26 25 51 RB None - 150.0
26/51 26 25 77 RB 3 - 2.6
26/51 26 51 77 RB 1 ЗАКРЫТ 3.4
47/54 47 7 54 RB 3 - 2.4
47/54 47 7 101 RB 3 - 2.6
47/54 47 54 101 RB 5 - 2.6
47/54 7 47 54 RB 3 - 2.1
47/54 7 47 101 RB 3 - 2.4
47/54 7 54 101 RB None - 150.0
47/54 54 47 7 RB 2 - 2.6
47/54 54 47 101 RB 4 - 2.5
47/54 54 7 101 RB 2 - 19.2
47/54 101 47 7 RB 3 - 2.3
47/54 101 47 54 RB 4 - 2.6
47/54 101 7 54 RB 3 - 2.7
9/61 9 52 61 RB 2 - 2.8
9/61 9 52 70 RB 3 - 2.8
9/61 9 61 70 RB 2 - 19.1
9/61 52 9 61 RB 3 - 3.0
9/61 52 9 70 RB 2 - 19.0
9/61 52 61 70 RB 4 - 2.9
9/61 61 9 52 RB 3 - 2.8
9/61 61 9 70 RB 2 - 2.6
9/61 61 52 70 RB 5 - 2.8
9/61 70 9 52 RB 3 - 18.9
9/61 70 9 61 RB 3 - 2.6
9/61 70 52 61 RB 5 - 2.5
31/66 31 35 66 RB 3 - 2.9
31/66 31 35 97 RB 3 - 2.6
31/66 31 66 97 RB 5 - 2.9
31/66 35 31 66 RB 3 - 2.7
31/66 35 31 97 RB 4 - 2.9
31/66 35 66 97 RB 5 - 3.0
31/66 66 31 35 RB 1 ЗАКРЫТ 4.0
31/76 31 45 76 RB 2 - 2.5
31/76 31 45 107 RB 3 - 2.6
31/76 31 76 107 RB 1 ЗАКРЫТ 4.1
45/76 45 31 76 RB 2 - 3.0
45/76 45 31 121 RB 2 - 2.8
45/76 45 76 121 RB 3 - 2.8
45/76 31 45 76 RB 2 - 2.6
45/76 31 45 121 RB 3 - 2.9
45/76 31 76 121 RB 2 - 19.2
45/76 76 45 31 RB 4 - 3.0
45/76 76 45 121 RB 3 - 2.8
45/76 76 31 121 RB 4 - 2.8
45/76 121 45 31 RB 1 ЗАКРЫТ 3.8
9/80 9 71 80 RB 3 - 2.7
9/80 9 71 89 RB 3 - 2.6
9/80 9 80 89 RB 2 - 2.4
9/80 71 9 80 RB 5 - 2.6
9/80 71 9 89 RB 4 - 2.6
9/80 71 80 89 RB 4 - 2.7
9/80 80 9 71 RB 5 - 2.2
9/80 80 9 89 RB 5 - 2.3
9/80 80 71 89 RB 4 - 2.6
9/80 89 9 71 RB 5 - 2.6
9/80 89 9 80 RB 4 - 2.6
9/80 89 71 80 RB 4 - 2.3
16/89 16 73 89 RB 5 - 2.8
16/89 16 73 105 RB 3 - 2.9
16/89 16 89 105 RB 2 - 2.9
16/89 73 16 89 RB 4 - 2.5
16/89 73 16 105 RB 1 ЗАКРЫТ 3.7
42/89 42 47 89 RB 4 - 19.1
42/89 42 47 131 RB 4 - 2.5
42/89 42 89 131 RB 4 - 3.1
42/89 47 42 89 RB 2 - 3.5
42/89 47 42 131 RB 1 ЗАКРЫТ 3.8
80/89 80 9 89 RB 5 - 2.3
80/89 80 9 169 RB 5 - 2.8
80/89 80 89 169 RB 5 - 2.3
80/89 9 80 89 RB 2 - 2.7
80/89 9 80 169 RB 5 - 2.3
80/89 9 89 169 RB 5 - 19.0
80/89 89 80 9 RB 4 - 2.4
80/89 89 80 169 RB 4 - 2.5
80/89 89 9 169 RB 4 - 2.7
80/89 169 80 9 RB 5 - 2.2
80/89 169 80 89 RB 3 - 2.3
80/89 169 9 89 RB 3 - 2.6
11/91 11 80 91 RB 2 - 2.8
11/91 11 80 102 RB 3 - 3.1
11/91 11 91 102 RB 1 ЗАКРЫТ 3.9
26/93 26 67 93 RB 4 - 3.2
26/93 26 67 119 RB 3 - 3.5
26/93 26 93 119 RB 4 - 3.6
26/93 67 26 93 RB 1 ЗАКРЫТ 20.2
21/92 21 71 92 RB 4 - 2.7
21/92 21 71 113 RB 3 - 2.6
21/92 21 92 113 RB 3 - 3.2
21/92 71 21 92 RB 2 - 18.8
21/92 71 21 113 RB 3 - 2.7
21/92 71 92 113 RB 3 - 3.2
21/92 92 21 71 RB 2 - 2.6
21/92 92 21 113 RB 3 - 19.1
21/92 92 71 113 RB 2 - 3.0
21/92 113 21 71 RB 2 - 2.9
21/92 113 21 92 RB 3 - 2.9
21/92 113 71 92 RB 1 ЗАКРЫТ 4.1
82/93 82 11 93 RB 2 - 2.8
82/93 82 11 175 RB 3 - 3.1
82/93 82 93 175 RB 1 ЗАКРЫТ 3.9
41/89 41 48 89 RB 3 - 2.8
41/89 41 48 130 RB 2 - 2.7
41/89 41 89 130 RB 4 - 2.8
41/89 48 41 89 RB 6 - 3.0
41/89 48 41 130 RB 4 - 2.8
41/89 48 89 130 RB 5 - 2.8
41/89 89 41 48 RB 3 - 2.4
41/89 89 41 130 RB 3 - 2.8
41/89 89 48 130 RB 4 - 35.2
41/89 130 41 48 RB 4 - 2.9
41/89 130 41 89 RB 4 - 2.8
41/89 130 48 89 RB 6 - 2.6
68/91 68 23 91 RB 3 - 3.2
68/91 68 23 159 RB 3 - 2.7
68/91 68 91 159 RB 3 - 3.1
68/91 23 68 91 RB 1 ЗАКРЫТ 5.0
66/95 66 29 95 RB 1 ЗАКРЫТ 4.5
80/93 80 13 93 RB 3 - 2.3
80/93 80 13 173 RB 3 - 3.1
80/93 80 93 173 RB 4 - 3.3
80/93 13 80 93 RB 2 - 2.6
80/93 13 80 173 RB None - 150.0
80/93 13 93 173 RB 1 ЗАКРЫТ 4.0
66/97 66 31 97 RB 5 - 2.8
66/97 66 31 163 RB 6 - 3.1
66/97 66 97 163 RB 5 - 3.3
66/97 31 66 97 RB 5 - 18.8
66/97 31 66 163 RB 4 - 19.5
66/97 31 97 163 RB 5 - 2.7
66/97 97 66 31 RB 3 - 2.6
66/97 97 66 163 RB None - 150.0
66/97 97 31 163 RB 4 - 3.3
66/97 163 66 31 RB 4 - 3.1
66/97 163 66 97 RB 4 - 2.8
66/97 163 31 97 RB 5 - 3.2
71/98 71 27 98 RB 1 ЗАКРЫТ 3.8
47/101 47 54 101 RB 5 - 2.4
47/101 47 54 148 RB 5 - 2.7
47/101 47 101 148 RB 4 - 2.8
47/101 54 47 101 RB 4 - 19.1
47/101 54 47 148 RB 3 - 2.6
47/101 54 101 148 RB 4 - 2.9
47/101 101 47 54 RB None - 1.7
47/101 101 47 148 RB None - 1.3
47/101 101 54 148 RB None - 1.3
47/101 148 47 54 RB None - 1.3
47/101 148 47 101 RB None - 1.6
47/101 148 54 101 RB None - 1.3
11/109 11 98 109 RB None - 1.6
11/109 11 98 120 RB None - 1.3
11/109 11 109 120 RB None - 1.6
11/109 98 11 109 RB None - 1.2
11/109 98 11 120 RB None - 1.5
11/109 98 109 120 RB None - 1.2
11/109 109 11 98 RB None - 1.5
11/109 109 11 120 RB None - 1.2
11/109 109 98 120 RB None - 1.5
11/109 120 11 98 RB None - 1.2
11/109 120 11 109 RB None - 1.2
11/109 120 98 109 RB None - 1.5
52/107 52 55 107 RB None - 1.5
52/107 52 55 159 RB None - 17.6
52/107 52 107 159 RB None - 1.3
52/107 55 52 107 RB None - 1.2
52/107 55 52 159 RB None - 1.5
52/107 55 107 159 RB None - 1.3
52/107 107 52 55 RB None - 1.3
52/107 107 52 159 RB None - 18.1
52/107 107 55 159 RB None - 1.6
52/107 159 52 55 RB None - 1.4
52/107 159 52 107 RB None - 1.6
52/107 159 55 107 RB None - 1.3
94/105 94 11 105 RB None - 1.3
94/105 94 11 199 RB None - 1.3
94/105 94 105 199 RB None - 1.6
94/105 11 94 105 RB None - 1.4
94/105 11 94 199 RB None - 1.3
94/105 11 105 199 RB None - 1.7
94/105 105 94 11 RB None - 1.5
94/105 105 94 199 RB None - 17.8
94/105 105 11 199 RB None - 1.2
94/105 199 94 11 RB None - 1.3
94/105 199 94 105 RB None - 1.2
94/105 199 11 105 RB None - 1.7
81/110 81 29 110 RB None - 1.3
81/110 81 29 191 RB None - 1.4
81/110 81 110 191 RB None - 1.4
81/110 29 81 110 RB None - 1.1
81/110 29 81 191 RB None - 1.1
81/110 29 110 191 RB None - 1.3
81/110 110 81 29 RB None - 150.0
81/110 110 81 191 RB None - 1.6
81/110 110 29 191 RB None - 1.8
81/110 191 81 29 RB None - 1.3
81/110 191 81 110 RB None - 1.3
81/110 191 29 110 RB None - 1.2
34/111 34 77 111 RB None - 1.6
34/111 34 77 145 RB None - 1.5
34/111 34 111 145 RB None - 17.8
34/111 77 34 111 RB None - 1.3
34/111 77 34 145 RB None - 1.6
34/111 77 111 145 RB None - 1.6
34/111 111 34 77 RB None - 1.2
34/111 111 34 145 RB None - 1.2
34/111 111 77 145 RB None - 1.3
34/111 145 34 77 RB None - 1.5
34/111 145 34 111 RB None - 1.3
34/111 145 77 111 RB None - 1.3
29/110 29 81 110 RB None - 1.6
29/110 29 81 139 RB None - 1.4
29/110 29 110 139 RB None - 1.6
29/110 81 29 110 RB None - 2.3
29/110 81 29 139 RB None - 1.5
29/110 81 110 139 RB None - 1.6
29/110 110 29 81 RB None - 1.5
29/110 110 29 139 RB None - 1.3
29/110 110 81 139 RB None - 1.3
29/110 139 29 81 RB None - 1.3
29/110 139 29 110 RB None - 1.3
29/110 139 81 110 RB None - 1.6
52/115 52 63 115 RB None - 2.3
52/115 52 63 167 RB None - 1.2
52/115 52 115 167 RB None - 18.1
52/115 63 52 115 RB None - 1.4
52/115 63 52 167 RB None - 34.5
52/115 63 115 167 RB None - 1.4
52/115 115 52 63 RB None - 1.6
52/115 115 52 167 RB None - 1.8
52/115 115 63 167 RB None - 1.3
52/115 167 52 63 RB None - 1.3
52/115 167 52 115 RB None - 1.4
52/115 167 63 115 RB None - 1.3
12/119 12 107 119 RB None - 1.3
12/119 12 107 131 RB None - 1.5
12/119 12 119 131 RB None - 17.6
12/119 107 12 119 RB None - 17.6
12/119 107 12 131 RB None - 1.3
12/119 107 119 131 RB None - 1.3
12/119 119 12 107 RB None - 1.3
12/119 119 12 131 RB None - 1.7
12/119 119 107 131 RB None - 1.3
12/119 131 12 107 RB None - 1.2
12/119 131 12 119 RB None - 1.4
12/119 131 107 119 RB None - 1.4
13/119 13 106 119 RB None - 1.3
13/119 13 106 132 RB None - 2.6
13/119 13 119 132 RB None - 1.3
13/119 106 13 119 RB None - 1.6
13/119 106 13 132 RB None - 1.3
13/119 106 119 132 RB None - 1.7
13/119 119 13 106 RB None - 1.4
13/119 119 13 132 RB None - 1.3
13/119 119 106 132 RB None - 1.4
13/119 132 13 106 RB None - 1.4
13/119 132 13 119 RB None - 1.6
13/119 132 106 119 RB None - 1.3
106/119 106 13 119 RB None - 1.7
106/119 106 13 225 RB None - 1.3
106/119 106 119 225 RB None - 1.5
106/119 13 106 119 RB None - 1.6
106/119 13 106 225 RB None - 17.7
106/119 13 119 225 RB None - 1.4
106/119 119 106 13 RB None - 1.3
106/119 119 106 225 RB None - 17.9
106/119 119 13 225 RB None - 1.6
106/119 225 106 13 RB None - 1.3
106/119 225 106 119 RB None - 1.3
106/119 225 13 119 RB None - 1.6
35/114 35 79 114 RB None - 1.6
35/114 35 79 149 RB None - 1.7
35/114 35 114 149 RB None - 1.3
35/114 79 35 114 RB None - 1.4
35/114 79 35 149 RB None - 1.3
35/114 79 114 149 RB None - 1.6
35/114 114 35 79 RB None - 1.4
35/114 114 35 149 RB None - 1.8
35/114 114 79 149 RB None - 1.7
35/114 149 35 79 RB None - 1.3
35/114 149 35 114 RB None - 1.3
35/114 149 79 114 RB None - 1.4
11/120 11 109 120 RB None - 1.4
11/120 11 109 131 RB None - 1.5
11/120 11 120 131 RB None - 1.6
11/120 109 11 120 RB None - 1.3
11/120 109 11 131 RB None - 1.5
11/120 109 120 131 RB None - 1.3
11/120 120 11 109 RB None - 1.4
11/120 120 11 131 RB None - 1.3
11/120 120 109 131 RB None - 1.5
11/120 131 11 109 RB None - 1.6
11/120 131 11 120 RB None - 1.4
11/120 131 109 120 RB None - 1.2
103/110 103 7 110 RB None - 1.2
103/110 103 7 213 RB None - 1.6
103/110 103 110 213 RB None - 1.5
103/110 7 103 110 RB None - 1.6
103/110 7 103 213 RB None - 1.3
103/110 7 110 213 RB None - 1.6
103/110 110 103 7 RB None - 2.1
103/110 110 103 213 RB None - 17.7
103/110 110 7 213 RB None - 2.7
103/110 213 103 7 RB None - 1.6
103/110 213 103 110 RB None - 1.3
103/110 213 7 110 RB None - 1.5
89/120 89 31 120 RB None - 1.3
89/120 89 31 209 RB None - 1.6
89/120 89 120 209 RB None - 1.3
89/120 31 89 120 RB None - 1.6
89/120 31 89 209 RB None - 1.2
89/120 31 120 209 RB None - 17.6
89/120 120 89 31 RB None - 1.7
89/120 120 89 209 RB None - 1.2
89/120 120 31 209 RB None - 1.2
89/120 209 89 31 RB None - 1.5
89/120 209 89 120 RB None - 1.3
89/120 209 31 120 RB None - 1.4
21/121 21 100 121 RB None - 1.7
21/121 21 100 142 RB None - 1.4
21/121 21 121 142 RB None - 1.3
21/121 100 21 121 RB None - 1.3
21/121 100 21 142 RB None - 17.6
21/121 100 121 142 RB None - 1.3
21/121 121 21 100 RB None - 1.4
21/121 121 21 142 RB None - 1.5
21/121 121 100 142 RB None - 1.6
21/121 142 21 100 RB None - 1.3
21/121 142 21 121 RB None - 1.3
21/121 142 100 121 RB None - 1.3
20/123 20 103 123 RB None - 1.6
20/123 20 103 143 RB None - 18.2
20/123 20 123 143 RB None - 1.8
20/123 103 20 123 RB None - 1.6
20/123 103 20 143 RB None - 1.2
20/123 103 123 143 RB None - 1.3
20/123 123 20 103 RB None - 1.3
20/123 123 20 143 RB None - 1.5
20/123 123 103 143 RB None - 1.6
20/123 143 20 103 RB None - 1.3
20/123 143 20 123 RB None - 1.3
20/123 143 103 123 RB None - 1.2
117/122 117 5 122 RB None - 1.3
117/122 117 5 239 RB None - 1.4
117/122 117 122 239 RB None - 1.6
117/122 5 117 122 RB None - 18.0
117/122 5 117 239 RB None - 17.6
117/122 5 122 239 RB None - 1.1
117/122 122 117 5 RB None - 1.1
117/122 122 117 239 RB None - 1.1
117/122 122 5 239 RB None - 1.5
117/122 239 117 5 RB None - 1.1
117/122 239 117 122 RB None - 1.2
117/122 239 5 122 RB None - 1.2
5/123 5 118 123 RB None - 1.4
5/123 5 118 128 RB None - 17.7
5/123 5 123 128 RB None - 1.4
5/123 118 5 123 RB None - 1.1
5/123 118 5 128 RB None - 1.1
5/123 118 123 128 RB None - 150.0
5/123 123 5 118 RB None - 1.6
5/123 123 5 128 RB None - 1.7
5/123 123 118 128 RB None - 1.4
5/123 128 5 118 RB None - 1.6
5/123 128 5 123 RB None - 1.4
5/123 128 118 123 RB None - 1.4
113/120 113 7 120 RB None - 1.6
113/120 113 7 233 RB None - 1.3
113/120 113 120 233 RB None - 1.6
113/120 7 113 120 RB None - 1.3
113/120 7 113 233 RB None - 1.3
113/120 7 120 233 RB None - 1.5
113/120 120 113 7 RB None - 1.5
113/120 120 113 233 RB None - 1.3
113/120 120 7 233 RB None - 1.3
113/120 233 113 7 RB None - 1.3
113/120 233 113 120 RB None - 1.3
113/120 233 7 120 RB None - 1.3
33/124 33 91 124 RB None - 1.3
33/124 33 91 157 RB None - 1.3
33/124 33 124 157 RB None - 1.3
33/124 91 33 124 RB None - 1.3
33/124 91 33 157 RB None - 2.4
33/124 91 124 157 RB None - 1.6
33/124 124 33 91 RB None - 1.4
33/124 124 33 157 RB None - 2.1
33/124 124 91 157 RB None - 1.8
33/124 157 33 91 RB None - 1.6
33/124 157 33 124 RB None - 1.3
33/124 157 91 124 RB None - 1.3
55/126 55 71 126 RB None - 1.6
55/126 55 71 181 RB None - 1.4
55/126 55 126 181 RB None - 17.7
55/126 71 55 126 RB None - 1.3
55/126 71 55 181 RB None - 1.5
55/126 71 126 181 RB None - 1.2
55/126 126 55 71 RB None - 1.2
55/126 126 55 181 RB None - 1.2
55/126 126 71 181 RB None - 1.2
55/126 181 55 71 RB None - 1.6
55/126 181 55 126 RB None - 1.2
55/126 181 71 126 RB None - 1.2
32/129 32 97 129 RB None - 1.6
32/129 32 97 161 RB None - 1.3
32/129 32 129 161 RB None - 1.3
32/129 97 32 129 RB None - 1.3
32/129 97 32 161 RB None - 1.5
32/129 97 129 161 RB None - 1.3
32/129 129 32 97 RB None - 1.3
32/129 129 32 161 RB None - 1.2
32/129 129 97 161 RB None - 1.5
32/129 161 32 97 RB None - 1.3
32/129 161 32 129 RB None - 1.4
32/129 161 97 129 RB None - 17.7
79/126 79 47 126 RB None - 1.7
79/126 79 47 205 RB None - 17.9
79/126 79 126 205 RB None - 1.6
79/126 47 79 126 RB None - 1.5
79/126 47 79 205 RB None - 1.6
79/126 47 126 205 RB None - 1.3
79/126 126 79 47 RB None - 1.5
79/126 126 79 205 RB None - 17.5
79/126 126 47 205 RB None - 1.6
79/126 205 79 47 RB None - 1.3
79/126 205 79 126 RB None - 1.3
79/126 205 47 126 RB None - 1.3
26/129 26 103 129 RB None - 1.3
26/129 26 103 155 RB None - 18.0
26/129 26 129 155 RB None - 1.3
26/129 103 26 129 RB None - 1.3
26/129 103 26 155 RB None - 1.7
26/129 103 129 155 RB None - 1.4
26/129 129 26 103 RB None - 1.4
26/129 129 26 155 RB None - 1.4
26/129 129 103 155 RB None - 1.3
26/129 155 26 103 RB None - 1.3
26/129 155 26 129 RB None - 1.6
26/129 155 103 129 RB None - 1.2
23/130 23 107 130 RB None - 1.6
23/130 23 107 153 RB None - 1.3
23/130 23 130 153 RB None - 1.3
23/130 107 23 130 RB None - 1.4
23/130 107 23 153 RB None - 1.5
23/130 107 130 153 RB None - 1.4
23/130 130 23 107 RB None - 1.3
23/130 130 23 153 RB None - 17.9
23/130 130 107 153 RB None - 1.4
23/130 153 23 107 RB None - 1.4
23/130 153 23 130 RB None - 1.2
23/130 153 107 130 RB None - 1.3
69/130 69 61 130 RB None - 1.4
69/130 69 61 199 RB None - 1.7
69/130 69 130 199 RB None - 1.6
69/130 61 69 130 RB None - 18.0
69/130 61 69 199 RB None - 1.5
69/130 61 130 199 RB None - 1.7
69/130 130 69 61 RB None - 1.3
69/130 130 69 199 RB None - 1.7
69/130 130 61 199 RB None - 2.5
69/130 199 69 61 RB None - 1.6
69/130 199 69 130 RB None - 1.7
69/130 199 61 130 RB None - 1.3
4/131 4 127 131 RB None - 1.7
4/131 4 127 135 RB None - 1.2
4/131 4 131 135 RB None - 1.4
4/131 127 4 131 RB None - 1.6
4/131 127 4 135 RB None - 1.6
4/131 127 131 135 RB None - 1.3
4/131 131 4 127 RB None - 1.3
4/131 131 4 135 RB None - 1.2
4/131 131 127 135 RB None - 1.3
4/131 135 4 127 RB None - 1.3
4/131 135 4 131 RB None - 1.5
4/131 135 127 131 RB None - 1.4
49/131 49 82 131 RB None - 1.3
49/131 49 82 180 RB None - 1.6
49/131 49 131 180 RB None - 1.4
49/131 82 49 131 RB None - 1.8
49/131 82 49 180 RB None - 1.7
49/131 82 131 180 RB None - 1.6
49/131 131 49 82 RB None - 1.4
49/131 131 49 180 RB None - 1.3
49/131 131 82 180 RB None - 1.4
49/131 180 49 82 RB None - 1.7
49/131 180 49 131 RB None - 1.3
49/131 180 82 131 RB None - 1.5
86/131 86 45 131 RB None - 1.3
86/131 86 45 217 RB None - 1.4
86/131 86 131 217 RB None - 1.5
86/131 45 86 131 RB None - 17.7
86/131 45 86 217 RB None - 18.0
86/131 45 131 217 RB None - 1.3
86/131 131 86 45 RB None - 1.6
86/131 131 86 217 RB None - 1.3
86/131 131 45 217 RB None - 1.3
86/131 217 86 45 RB None - 17.9
86/131 217 86 131 RB None - 17.9
86/131 217 45 131 RB None - 1.6
5/131 5 126 131 RB None - 1.4
5/131 5 126 136 RB None - 1.5
5/131 5 131 136 RB None - 1.5
5/131 126 5 131 RB None - 1.4
5/131 126 5 136 RB None - 17.5
5/131 126 131 136 RB None - 1.3
5/131 131 5 126 RB None - 1.7
5/131 131 5 136 RB None - 1.3
5/131 131 126 136 RB None - 1.3
5/131 136 5 126 RB None - 1.5
5/131 136 5 131 RB None - 17.6
5/131 136 126 131 RB None - 1.8
87/131 87 44 131 RB None - 1.4
87/131 87 44 218 RB None - 17.6
87/131 87 131 218 RB None - 18.0
87/131 44 87 131 RB None - 1.4
87/131 44 87 218 RB None - 1.3
87/131 44 131 218 RB None - 1.1
87/131 131 87 44 RB None - 150.0
87/131 131 87 218 RB None - 1.6
87/131 131 44 218 RB None - 1.4
87/131 218 87 44 RB None - 1.7
87/131 218 87 131 RB None - 1.3
87/131 218 44 131 RB None - 1.6
93/134 93 41 134 RB None - 1.4
93/134 93 41 227 RB None - 1.4
93/134 93 134 227 RB None - 1.2
93/134 41 93 134 RB None - 1.4
93/134 41 93 227 RB None - 1.4
93/134 41 134 227 RB None - 1.6
93/134 134 93 41 RB None - 1.6
93/134 134 93 227 RB None - 1.5
93/134 134 41 227 RB None - 1.3
93/134 227 93 41 RB None - 1.3
93/134 227 93 134 RB None - 1.7
93/134 227 41 134 RB None - 1.3
119/134 119 15 134 RB None - 1.3
119/134 119 15 253 RB None - 1.4
119/134 119 134 253 RB None - 1.6
119/134 15 119 134 RB None - 1.2
119/134 15 119 253 RB None - 1.3
119/134 15 134 253 RB None - 1.6
119/134 134 119 15 RB None - 1.5
119/134 134 119 253 RB None - 1.7
119/134 134 15 253 RB None - 1.3
119/134 253 119 15 RB None - 1.3
119/134 253 119 134 RB None - 1.5
119/134 253 15 134 RB None - 1.3
5/132 5 127 132 RB None - 1.4
5/132 5 127 137 RB None - 1.3
5/132 5 132 137 RB None - 1.4
5/132 127 5 132 RB None - 17.5
5/132 127 5 137 RB None - 1.6
5/132 127 132 137 RB None - 17.6
5/132 132 5 127 RB None - 17.7
5/132 132 5 137 RB None - 1.4
5/132 132 127 137 RB None - 1.4
5/132 137 5 127 RB None - 1.5
5/132 137 5 132 RB None - 1.3
5/132 137 127 132 RB None - 1.6
5/137 5 132 137 RB None - 17.9
лимит/пусто — пауза 600 с
лимит/пусто — пауза 600 с
лимит/пусто — пауза 600 с
лимит/пусто — пауза 1800 с
