контроль 1 (f_k против арифметики на E_5, k<=12): ok
контроль 2 (поиск корня t0=7/3 степени 100 ): ok
контроль 3 (формула удвоения): ok
3 [1, 2, 3] mid 1 deg 48 rat.roots [] ok 0.0s
3 [1, 2, 3] mid 2 deg 48 rat.roots [] ok 0.0s
3 [1, 2, 3] mid 3 deg 48 rat.roots [] ok 0.0s
4 [1, 2, 4] mid 1 deg 64 rat.roots [] ok 0.0s
4 [1, 2, 4] mid 2 deg 64 rat.roots [] ok 0.0s
4 [1, 2, 4] mid 4 deg 64 rat.roots [] ok 0.0s
4 [1, 3, 4] mid 1 deg 96 rat.roots [] ok 0.0s
4 [1, 3, 4] mid 3 deg 96 rat.roots [] ok 0.0s
4 [1, 3, 4] mid 4 deg 96 rat.roots [] ok 0.0s
4 [2, 3, 4] mid 2 deg 96 rat.roots [] ok 0.0s
4 [2, 3, 4] mid 3 deg 96 rat.roots [] ok 0.0s
4 [2, 3, 4] mid 4 deg 96 rat.roots [] ok 0.0s
5 [1, 2, 5] mid 1 deg 112 rat.roots [] ok 0.1s
5 [1, 2, 5] mid 2 deg 112 rat.roots [] ok 0.1s
5 [1, 2, 5] mid 5 deg 112 rat.roots [] ok 0.1s
5 [1, 3, 5] mid 1 deg 132 rat.roots [] ok 0.1s
5 [1, 3, 5] mid 3 deg 132 rat.roots [] ok 0.1s
5 [1, 3, 5] mid 5 deg 132 rat.roots [] ok 0.1s
5 [1, 4, 5] mid 1 deg 160 rat.roots [] ok 0.1s
5 [1, 4, 5] mid 4 deg 160 rat.roots [] ok 0.1s
5 [1, 4, 5] mid 5 deg 160 rat.roots [] ok 0.1s
5 [2, 3, 5] mid 2 deg 144 rat.roots [] ok 0.1s
5 [2, 3, 5] mid 3 deg 144 rat.roots [] ok 0.1s
5 [2, 3, 5] mid 5 deg 144 rat.roots [] ok 0.1s
5 [2, 4, 5] mid 2 deg 160 rat.roots [] ok 0.2s
5 [2, 4, 5] mid 4 deg 160 rat.roots [] ok 0.2s
5 [2, 4, 5] mid 5 deg 160 rat.roots [] ok 0.2s
5 [3, 4, 5] mid 3 deg 192 rat.roots [] ok 0.2s
5 [3, 4, 5] mid 4 deg 192 rat.roots [] ok 0.2s
5 [3, 4, 5] mid 5 deg 192 rat.roots [] ok 0.2s
6 [1, 2, 6] mid 1 deg 144 rat.roots [] ok 0.3s
6 [1, 2, 6] mid 2 deg 144 rat.roots [] ok 0.3s
6 [1, 2, 6] mid 6 deg 144 rat.roots [] ok 0.3s
6 [1, 3, 6] mid 1 deg 144 rat.roots [] ok 0.3s
6 [1, 3, 6] mid 3 deg 144 rat.roots [] ok 0.3s
6 [1, 3, 6] mid 6 deg 144 rat.roots [] ok 0.3s
6 [1, 4, 6] mid 1 deg 192 rat.roots [] ok 0.3s
6 [1, 4, 6] mid 4 deg 192 rat.roots [] ok 0.3s
6 [1, 4, 6] mid 6 deg 192 rat.roots [] ok 0.3s
6 [1, 5, 6] mid 1 deg 240 rat.roots [] ok 0.4s
6 [1, 5, 6] mid 5 deg 240 rat.roots [] ok 0.4s
6 [1, 5, 6] mid 6 deg 240 rat.roots [] ok 0.4s
6 [2, 3, 6] mid 2 deg 144 rat.roots [] ok 0.5s
6 [2, 3, 6] mid 3 deg 144 rat.roots [] ok 0.5s
6 [2, 3, 6] mid 6 deg 144 rat.roots [] ok 0.5s
6 [2, 4, 6] mid 2 deg 192 rat.roots [] ok 0.5s
6 [2, 4, 6] mid 4 deg 192 rat.roots [] ok 0.5s
6 [2, 4, 6] mid 6 deg 192 rat.roots [] ok 0.5s
6 [2, 5, 6] mid 2 deg 240 rat.roots [] ok 0.6s
6 [2, 5, 6] mid 5 deg 240 rat.roots [] ok 0.6s
6 [2, 5, 6] mid 6 deg 240 rat.roots [] ok 0.6s
6 [3, 4, 6] mid 3 deg 192 rat.roots [] ok 0.7s
6 [3, 4, 6] mid 4 deg 192 rat.roots [] ok 0.7s
6 [3, 4, 6] mid 6 deg 192 rat.roots [] ok 0.7s
6 [3, 5, 6] mid 3 deg 240 rat.roots [] ok 0.7s
6 [3, 5, 6] mid 5 deg 240 rat.roots [] ok 0.8s
6 [3, 5, 6] mid 6 deg 240 rat.roots [] ok 0.8s
6 [4, 5, 6] mid 4 deg 288 rat.roots [] ok 0.8s
6 [4, 5, 6] mid 5 deg 288 rat.roots [] ok 0.9s
6 [4, 5, 6] mid 6 deg 288 rat.roots [] ok 0.9s
7 [1, 2, 7] mid 1 deg 208 rat.roots [] ok 0.9s
7 [1, 2, 7] mid 2 deg 208 rat.roots [] ok 1.0s
7 [1, 2, 7] mid 7 deg 208 rat.roots [] ok 1.0s
7 [1, 3, 7] mid 1 deg 228 rat.roots [] ok 1.0s
7 [1, 3, 7] mid 3 deg 228 rat.roots [] ok 1.0s
7 [1, 3, 7] mid 7 deg 228 rat.roots [] ok 1.0s
7 [1, 4, 7] mid 1 deg 256 rat.roots [] ok 1.1s
7 [1, 4, 7] mid 4 deg 256 rat.roots [] ok 1.1s
7 [1, 4, 7] mid 7 deg 256 rat.roots [] ok 1.1s
7 [1, 5, 7] mid 1 deg 292 rat.roots [] ok 1.2s
7 [1, 5, 7] mid 5 deg 292 rat.roots [] ok 1.2s
7 [1, 5, 7] mid 7 deg 292 rat.roots [] ok 1.2s
7 [1, 6, 7] mid 1 deg 336 rat.roots [] ok 1.3s
7 [1, 6, 7] mid 6 deg 336 rat.roots [] ok 1.3s
7 [1, 6, 7] mid 7 deg 336 rat.roots [] ok 1.4s
7 [2, 3, 7] mid 2 deg 240 rat.roots [] ok 1.4s
7 [2, 3, 7] mid 3 deg 240 rat.roots [] ok 1.4s
7 [2, 3, 7] mid 7 deg 240 rat.roots [] ok 1.5s
7 [2, 4, 7] mid 2 deg 256 rat.roots [] ok 1.5s
7 [2, 4, 7] mid 4 deg 256 rat.roots [] ok 1.5s
7 [2, 4, 7] mid 7 deg 256 rat.roots [] ok 1.6s
7 [2, 5, 7] mid 2 deg 304 rat.roots [] ok 1.6s
7 [2, 5, 7] mid 5 deg 304 rat.roots [] ok 1.7s
7 [2, 5, 7] mid 7 deg 304 rat.roots [] ok 1.7s
7 [2, 6, 7] mid 2 deg 336 rat.roots [] ok 1.8s
7 [2, 6, 7] mid 6 deg 336 rat.roots [] ok 1.8s
7 [2, 6, 7] mid 7 deg 336 rat.roots [] ok 1.9s
7 [3, 4, 7] mid 3 deg 288 rat.roots [] ok 2.0s
7 [3, 4, 7] mid 4 deg 288 rat.roots [] ok 2.0s
7 [3, 4, 7] mid 7 deg 288 rat.roots [] ok 2.1s
7 [3, 5, 7] mid 3 deg 324 rat.roots [] ok 2.1s
7 [3, 5, 7] mid 5 deg 324 rat.roots [] ok 2.2s
7 [3, 5, 7] mid 7 deg 324 rat.roots [] ok 2.2s
7 [3, 6, 7] mid 3 deg 336 rat.roots [] ok 2.2s
7 [3, 6, 7] mid 6 deg 336 rat.roots [] ok 2.3s
7 [3, 6, 7] mid 7 deg 336 rat.roots [] ok 2.4s
7 [4, 5, 7] mid 4 deg 352 rat.roots [] ok 2.4s
7 [4, 5, 7] mid 5 deg 352 rat.roots [] ok 2.5s
7 [4, 5, 7] mid 7 deg 352 rat.roots [] ok 2.6s
7 [4, 6, 7] mid 4 deg 384 rat.roots [] ok 2.6s
7 [4, 6, 7] mid 6 deg 384 rat.roots [] ok 2.7s
7 [4, 6, 7] mid 7 deg 384 rat.roots [] ok 2.8s
7 [5, 6, 7] mid 5 deg 432 rat.roots [] ok 2.9s
7 [5, 6, 7] mid 6 deg 432 rat.roots [] ok 3.0s
7 [5, 6, 7] mid 7 deg 432 rat.roots [] ok 3.1s
8 [1, 2, 8] mid 1 deg 256 rat.roots [] ok 3.2s
8 [1, 2, 8] mid 2 deg 256 rat.roots [] ok 3.2s
8 [1, 2, 8] mid 8 deg 256 rat.roots [] ok 3.2s
8 [1, 3, 8] mid 1 deg 288 rat.roots [] ok 3.3s
8 [1, 3, 8] mid 3 deg 288 rat.roots [] ok 3.3s
8 [1, 3, 8] mid 8 deg 288 rat.roots [] ok 3.4s
8 [1, 4, 8] mid 1 deg 256 rat.roots [] ok 3.4s
8 [1, 4, 8] mid 4 deg 256 rat.roots [] ok 3.4s
8 [1, 4, 8] mid 8 deg 256 rat.roots [] ok 3.5s
8 [1, 5, 8] mid 1 deg 352 rat.roots [] ok 3.5s
8 [1, 5, 8] mid 5 deg 352 rat.roots [] ok 3.6s
8 [1, 5, 8] mid 8 deg 352 rat.roots [] ok 3.7s
8 [1, 6, 8] mid 1 deg 384 rat.roots [] ok 3.7s
8 [1, 6, 8] mid 6 deg 384 rat.roots [] ok 3.8s
8 [1, 6, 8] mid 8 deg 384 rat.roots [] ok 3.8s
8 [1, 7, 8] mid 1 deg 448 rat.roots [] ok 4.0s
8 [1, 7, 8] mid 7 deg 448 rat.roots [] ok 4.1s
8 [1, 7, 8] mid 8 deg 448 rat.roots [] ok 4.2s
8 [2, 3, 8] mid 2 deg 288 rat.roots [] ok 4.2s
8 [2, 3, 8] mid 3 deg 288 rat.roots [] ok 4.3s
8 [2, 3, 8] mid 8 deg 288 rat.roots [] ok 4.3s
8 [2, 4, 8] mid 2 deg 256 rat.roots [] ok 4.3s
8 [2, 4, 8] mid 4 deg 256 rat.roots [] ok 4.4s
8 [2, 4, 8] mid 8 deg 256 rat.roots [] ok 4.4s
8 [2, 5, 8] mid 2 deg 352 rat.roots [] ok 4.5s
8 [2, 5, 8] mid 5 deg 352 rat.roots [] ok 4.5s
8 [2, 5, 8] mid 8 deg 352 rat.roots [] ok 4.6s
8 [2, 6, 8] mid 2 deg 384 rat.roots [] ok 4.7s
8 [2, 6, 8] mid 6 deg 384 rat.roots [] ok 4.8s
8 [2, 6, 8] mid 8 deg 384 rat.roots [] ok 4.8s
8 [2, 7, 8] mid 2 deg 448 rat.roots [] ok 4.9s
8 [2, 7, 8] mid 7 deg 448 rat.roots [] ok 5.0s
8 [2, 7, 8] mid 8 deg 448 rat.roots [] ok 5.1s
8 [3, 4, 8] mid 3 deg 288 rat.roots [] ok 5.2s
8 [3, 4, 8] mid 4 deg 288 rat.roots [] ok 5.2s
8 [3, 4, 8] mid 8 deg 288 rat.roots [] ok 5.2s
8 [3, 5, 8] mid 3 deg 384 rat.roots [] ok 5.3s
8 [3, 5, 8] mid 5 deg 384 rat.roots [] ok 5.4s
8 [3, 5, 8] mid 8 deg 384 rat.roots [] ok 5.5s
8 [3, 6, 8] mid 3 deg 384 rat.roots [] ok 5.6s
8 [3, 6, 8] mid 6 deg 384 rat.roots [] ok 5.7s
8 [3, 6, 8] mid 8 deg 384 rat.roots [] ok 5.7s
8 [3, 7, 8] mid 3 deg 480 rat.roots [] ok 5.9s
8 [3, 7, 8] mid 7 deg 480 rat.roots [] ok 6.0s
8 [3, 7, 8] mid 8 deg 480 rat.roots [] ok 6.1s
8 [4, 5, 8] mid 4 deg 352 rat.roots [] ok 6.1s
8 [4, 5, 8] mid 5 deg 352 rat.roots [] ok 6.2s
8 [4, 5, 8] mid 8 deg 352 rat.roots [] ok 6.3s
8 [4, 6, 8] mid 4 deg 384 rat.roots [] ok 6.3s
8 [4, 6, 8] mid 6 deg 384 rat.roots [] ok 6.4s
8 [4, 6, 8] mid 8 deg 384 rat.roots [] ok 6.5s
8 [4, 7, 8] mid 4 deg 448 rat.roots [] ok 6.6s
8 [4, 7, 8] mid 7 deg 448 rat.roots [] ok 6.7s
8 [4, 7, 8] mid 8 deg 448 rat.roots [] ok 6.8s
8 [5, 6, 8] mid 5 deg 480 rat.roots [] ok 7.0s
8 [5, 6, 8] mid 6 deg 480 rat.roots [] ok 7.1s
8 [5, 6, 8] mid 8 deg 480 rat.roots [] ok 7.2s
8 [5, 7, 8] mid 5 deg 544 rat.roots [] ok 7.5s
8 [5, 7, 8] mid 7 deg 544 rat.roots [] ok 7.7s
8 [5, 7, 8] mid 8 deg 544 rat.roots [] ok 7.9s
8 [6, 7, 8] mid 6 deg 576 rat.roots [] ok 8.1s
8 [6, 7, 8] mid 7 deg 576 rat.roots [] ok 8.3s
8 [6, 7, 8] mid 8 deg 576 rat.roots [] ok 8.6s
9 [1, 2, 9] mid 1 deg 336 rat.roots [] ok 8.6s
9 [1, 2, 9] mid 2 deg 336 rat.roots [] ok 8.7s
9 [1, 2, 9] mid 9 deg 336 rat.roots [] ok 8.7s
9 [1, 3, 9] mid 1 deg 324 rat.roots [] ok 8.8s
9 [1, 3, 9] mid 3 deg 324 rat.roots [] ok 8.8s
9 [1, 3, 9] mid 9 deg 324 rat.roots [] ok 8.8s
9 [1, 4, 9] mid 1 deg 384 rat.roots [] ok 8.9s
9 [1, 4, 9] mid 4 deg 384 rat.roots [] ok 9.0s
9 [1, 4, 9] mid 9 deg 384 rat.roots [] ok 9.0s
9 [1, 5, 9] mid 1 deg 420 rat.roots [] ok 9.1s
9 [1, 5, 9] mid 5 deg 420 rat.roots [] ok 9.2s
9 [1, 5, 9] mid 9 deg 420 rat.roots [] ok 9.3s
9 [1, 6, 9] mid 1 deg 432 rat.roots [] ok 9.4s
9 [1, 6, 9] mid 6 deg 432 rat.roots [] ok 9.4s
9 [1, 6, 9] mid 9 deg 432 rat.roots [] ok 9.5s
9 [1, 7, 9] mid 1 deg 516 rat.roots [] ok 9.5s
9 [1, 7, 9] mid 7 deg 516 rat.roots [] ok 9.6s
9 [1, 7, 9] mid 9 deg 516 rat.roots [] ok 9.7s
9 [1, 8, 9] mid 1 deg 576 rat.roots [] ok 10.0s
9 [1, 8, 9] mid 8 deg 576 rat.roots [] ok 10.2s
9 [1, 8, 9] mid 9 deg 576 rat.roots [] ok 10.4s
9 [2, 3, 9] mid 2 deg 336 rat.roots [] ok 10.4s
9 [2, 3, 9] mid 3 deg 336 rat.roots [] ok 10.5s
9 [2, 3, 9] mid 9 deg 336 rat.roots [] ok 10.6s
9 [2, 4, 9] mid 2 deg 384 rat.roots [] ok 10.6s
9 [2, 4, 9] mid 4 deg 384 rat.roots [] ok 10.7s
9 [2, 4, 9] mid 9 deg 384 rat.roots [] ok 10.7s
9 [2, 5, 9] mid 2 deg 432 rat.roots [] ok 10.7s
9 [2, 5, 9] mid 5 deg 432 rat.roots [] ok 10.8s
9 [2, 5, 9] mid 9 deg 432 rat.roots [] ok 10.9s
9 [2, 6, 9] mid 2 deg 432 rat.roots [] ok 11.0s
9 [2, 6, 9] mid 6 deg 432 rat.roots [] ok 11.1s
9 [2, 6, 9] mid 9 deg 432 rat.roots [] ok 11.2s
9 [2, 7, 9] mid 2 deg 528 rat.roots [] ok 11.3s
9 [2, 7, 9] mid 7 deg 528 rat.roots [] ok 11.4s
9 [2, 7, 9] mid 9 deg 528 rat.roots [] ok 11.6s
9 [2, 8, 9] mid 2 deg 576 rat.roots [] ok 11.7s
9 [2, 8, 9] mid 8 deg 576 rat.roots [] ok 12.0s
9 [2, 8, 9] mid 9 deg 576 rat.roots [] ok 12.2s
9 [3, 4, 9] mid 3 deg 384 rat.roots [] ok 12.3s
9 [3, 4, 9] mid 4 deg 384 rat.roots [] ok 12.4s
9 [3, 4, 9] mid 9 deg 384 rat.roots [] ok 12.4s
9 [3, 5, 9] mid 3 deg 420 rat.roots [] ok 12.5s
9 [3, 5, 9] mid 5 deg 420 rat.roots [] ok 12.6s
9 [3, 5, 9] mid 9 deg 420 rat.roots [] ok 12.7s
9 [3, 6, 9] mid 3 deg 432 rat.roots [] ok 12.8s
9 [3, 6, 9] mid 6 deg 432 rat.roots [] ok 13.0s
9 [3, 6, 9] mid 9 deg 432 rat.roots [] ok 13.0s
9 [3, 7, 9] mid 3 deg 516 rat.roots [] ok 13.2s
9 [3, 7, 9] mid 7 deg 516 rat.roots [] ok 13.3s
9 [3, 7, 9] mid 9 deg 516 rat.roots [] ok 13.5s
9 [3, 8, 9] mid 3 deg 576 rat.roots [] ok 13.7s
9 [3, 8, 9] mid 8 deg 576 rat.roots [] ok 13.9s
9 [3, 8, 9] mid 9 deg 576 rat.roots [] ok 14.2s
9 [4, 5, 9] mid 4 deg 480 rat.roots [] ok 14.3s
9 [4, 5, 9] mid 5 deg 480 rat.roots [] ok 14.4s
9 [4, 5, 9] mid 9 deg 480 rat.roots [] ok 14.6s
9 [4, 6, 9] mid 4 deg 480 rat.roots [] ok 14.7s
9 [4, 6, 9] mid 6 deg 480 rat.roots [] ok 14.9s
9 [4, 6, 9] mid 9 deg 480 rat.roots [] ok 15.0s
9 [4, 7, 9] mid 4 deg 576 rat.roots [] ok 15.1s
9 [4, 7, 9] mid 7 deg 576 rat.roots [] ok 15.3s
9 [4, 7, 9] mid 9 deg 576 rat.roots [] ok 15.5s
9 [4, 8, 9] mid 4 deg 576 rat.roots [] ok 15.7s
9 [4, 8, 9] mid 8 deg 576 rat.roots [] ok 15.9s
9 [4, 8, 9] mid 9 deg 576 rat.roots [] ok 16.2s
9 [5, 6, 9] mid 5 deg 528 rat.roots [] ok 16.4s
9 [5, 6, 9] mid 6 deg 528 rat.roots [] ok 16.6s
9 [5, 6, 9] mid 9 deg 528 rat.roots [] ok 16.8s
9 [5, 7, 9] mid 5 deg 612 rat.roots [] ok 17.0s
9 [5, 7, 9] mid 7 deg 612 rat.roots [] ok 17.2s
9 [5, 7, 9] mid 9 deg 612 rat.roots [] ok 17.4s
9 [5, 8, 9] mid 5 deg 672 rat.roots [] ok 17.7s
9 [5, 8, 9] mid 8 deg 672 rat.roots [] ok 18.1s
9 [5, 8, 9] mid 9 deg 672 rat.roots [] ok 18.4s
9 [6, 7, 9] mid 6 deg 624 rat.roots [] ok 18.5s
9 [6, 7, 9] mid 7 deg 624 rat.roots [] ok 18.8s
9 [6, 7, 9] mid 9 deg 624 rat.roots [] ok 19.0s
9 [6, 8, 9] mid 6 deg 672 rat.roots [] ok 19.2s
9 [6, 8, 9] mid 8 deg 672 rat.roots [] ok 19.3s
9 [6, 8, 9] mid 9 deg 672 rat.roots [] ok 19.7s
9 [7, 8, 9] mid 7 deg 768 rat.roots [] ok 20.1s
9 [7, 8, 9] mid 8 deg 768 rat.roots [] ok 20.5s
9 [7, 8, 9] mid 9 deg 768 rat.roots [] ok 20.9s
10 [1, 2, 10] mid 1 deg 400 rat.roots [] ok 21.0s
10 [1, 2, 10] mid 2 deg 400 rat.roots [] ok 21.1s
10 [1, 2, 10] mid 10 deg 400 rat.roots [] ok 21.2s
10 [1, 3, 10] mid 1 deg 432 rat.roots [] ok 21.3s
10 [1, 3, 10] mid 3 deg 432 rat.roots [] ok 21.4s
10 [1, 3, 10] mid 10 deg 432 rat.roots [] ok 21.5s
10 [1, 4, 10] mid 1 deg 448 rat.roots [] ok 21.6s
10 [1, 4, 10] mid 4 deg 448 rat.roots [] ok 21.8s
10 [1, 4, 10] mid 10 deg 448 rat.roots [] ok 21.9s
10 [1, 5, 10] mid 1 deg 400 rat.roots [] ok 21.9s
10 [1, 5, 10] mid 5 deg 400 rat.roots [] ok 22.0s
10 [1, 5, 10] mid 10 deg 400 rat.roots [] ok 22.1s
10 [1, 6, 10] mid 1 deg 528 rat.roots [] ok 22.3s
10 [1, 6, 10] mid 6 deg 528 rat.roots [] ok 22.5s
10 [1, 6, 10] mid 10 deg 528 rat.roots [] ok 22.7s
10 [1, 7, 10] mid 1 deg 592 rat.roots [] ok 22.9s
10 [1, 7, 10] mid 7 deg 592 rat.roots [] ok 23.1s
10 [1, 7, 10] mid 10 deg 592 rat.roots [] ok 23.4s
10 [1, 8, 10] mid 1 deg 640 rat.roots [] ok 23.4s
10 [1, 8, 10] mid 8 deg 640 rat.roots [] ok 23.6s
10 [1, 8, 10] mid 10 deg 640 rat.roots [] ok 23.8s
10 [1, 9, 10] mid 1 deg 720 rat.roots [] ok 24.0s
10 [1, 9, 10] mid 9 deg 720 rat.roots [] ok 24.4s
10 [1, 9, 10] mid 10 deg 720 rat.roots [] ok 24.5s
10 [2, 3, 10] mid 2 deg 432 rat.roots [] ok 24.7s
10 [2, 3, 10] mid 3 deg 432 rat.roots [] ok 24.8s
10 [2, 3, 10] mid 10 deg 432 rat.roots [] ok 24.9s
10 [2, 4, 10] mid 2 deg 448 rat.roots [] ok 25.0s
10 [2, 4, 10] mid 4 deg 448 rat.roots [] ok 25.1s
10 [2, 4, 10] mid 10 deg 448 rat.roots [] ok 25.2s
10 [2, 5, 10] mid 2 deg 400 rat.roots [] ok 25.3s
10 [2, 5, 10] mid 5 deg 400 rat.roots [] ok 25.3s
10 [2, 5, 10] mid 10 deg 400 rat.roots [] ok 25.4s
10 [2, 6, 10] mid 2 deg 528 rat.roots [] ok 25.4s
10 [2, 6, 10] mid 6 deg 528 rat.roots [] ok 25.6s
10 [2, 6, 10] mid 10 deg 528 rat.roots [] ok 25.6s
10 [2, 7, 10] mid 2 deg 592 rat.roots [] ok 25.9s
10 [2, 7, 10] mid 7 deg 592 rat.roots [] ok 26.1s
10 [2, 7, 10] mid 10 deg 592 rat.roots [] ok 26.4s
10 [2, 8, 10] mid 2 deg 640 rat.roots [] ok 26.6s
10 [2, 8, 10] mid 8 deg 640 rat.roots [] ok 26.8s
10 [2, 8, 10] mid 10 deg 640 rat.roots [] ok 27.1s
10 [2, 9, 10] mid 2 deg 720 rat.roots [] ok 27.4s
10 [2, 9, 10] mid 9 deg 720 rat.roots [] ok 27.8s
10 [2, 9, 10] mid 10 deg 720 rat.roots [] ok 28.0s
10 [3, 4, 10] mid 3 deg 480 rat.roots [] ok 28.1s
10 [3, 4, 10] mid 4 deg 480 rat.roots [] ok 28.2s
10 [3, 4, 10] mid 10 deg 480 rat.roots [] ok 28.3s
10 [3, 5, 10] mid 3 deg 432 rat.roots [] ok 28.4s
10 [3, 5, 10] mid 5 deg 432 rat.roots [] ok 28.5s
10 [3, 5, 10] mid 10 deg 432 rat.roots [] ok 28.7s
10 [3, 6, 10] mid 3 deg 528 rat.roots [] ok 28.8s
10 [3, 6, 10] mid 6 deg 528 rat.roots [] ok 29.0s
10 [3, 6, 10] mid 10 deg 528 rat.roots [] ok 29.1s
10 [3, 7, 10] mid 3 deg 624 rat.roots [] ok 29.4s
10 [3, 7, 10] mid 7 deg 624 rat.roots [] ok 29.7s
10 [3, 7, 10] mid 10 deg 624 rat.roots [] ok 30.0s
10 [3, 8, 10] mid 3 deg 672 rat.roots [] ok 30.3s
10 [3, 8, 10] mid 8 deg 672 rat.roots [] ok 30.4s
10 [3, 8, 10] mid 10 deg 672 rat.roots [] ok 30.6s
10 [3, 9, 10] mid 3 deg 720 rat.roots [] ok 30.9s
10 [3, 9, 10] mid 9 deg 720 rat.roots [] ok 31.3s
10 [3, 9, 10] mid 10 deg 720 rat.roots [] ok 31.7s
10 [4, 5, 10] mid 4 deg 448 rat.roots [] ok 31.8s
10 [4, 5, 10] mid 5 deg 448 rat.roots [] ok 31.9s
10 [4, 5, 10] mid 10 deg 448 rat.roots [] ok 32.1s
10 [4, 6, 10] mid 4 deg 576 rat.roots [] ok 32.3s
10 [4, 6, 10] mid 6 deg 576 rat.roots [] ok 32.5s
10 [4, 6, 10] mid 10 deg 576 rat.roots [] ok 32.7s
10 [4, 7, 10] mid 4 deg 640 rat.roots [] ok 33.0s
10 [4, 7, 10] mid 7 deg 640 rat.roots [] ok 33.2s
10 [4, 7, 10] mid 10 deg 640 rat.roots [] ok 33.5s
10 [4, 8, 10] mid 4 deg 640 rat.roots [] ok 33.7s
10 [4, 8, 10] mid 8 deg 640 rat.roots [] ok 33.9s
10 [4, 8, 10] mid 10 deg 640 rat.roots [] ok 34.1s
10 [4, 9, 10] mid 4 deg 768 rat.roots [] ok 34.5s
10 [4, 9, 10] mid 9 deg 768 rat.roots [] ok 34.9s
10 [4, 9, 10] mid 10 deg 768 rat.roots [] ok 35.4s
10 [5, 6, 10] mid 5 deg 528 rat.roots [] ok 35.6s
10 [5, 6, 10] mid 6 deg 528 rat.roots [] ok 35.7s
10 [5, 6, 10] mid 10 deg 528 rat.roots [] ok 35.9s
10 [5, 7, 10] mid 5 deg 592 rat.roots [] ok 36.0s
10 [5, 7, 10] mid 7 deg 592 rat.roots [] ok 36.3s
10 [5, 7, 10] mid 10 deg 592 rat.roots [] ok 36.5s
10 [5, 8, 10] mid 5 deg 640 rat.roots [] ok 36.7s
10 [5, 8, 10] mid 8 deg 640 rat.roots [] ok 36.9s
10 [5, 8, 10] mid 10 deg 640 rat.roots [] ok 37.2s
10 [5, 9, 10] mid 5 deg 720 rat.roots [] ok 37.6s
10 [5, 9, 10] mid 9 deg 720 rat.roots [] ok 37.9s
10 [5, 9, 10] mid 10 deg 720 rat.roots [] ok 38.3s
10 [6, 7, 10] mid 6 deg 720 rat.roots [] ok 38.6s
10 [6, 7, 10] mid 7 deg 720 rat.roots [] ok 39.0s
10 [6, 7, 10] mid 10 deg 720 rat.roots [] ok 39.3s
10 [6, 8, 10] mid 6 deg 768 rat.roots [] ok 39.7s
10 [6, 8, 10] mid 8 deg 768 rat.roots [] ok 40.1s
10 [6, 8, 10] mid 10 deg 768 rat.roots [] ok 40.6s
10 [6, 9, 10] mid 6 deg 816 rat.roots [] ok 41.1s
10 [6, 9, 10] mid 9 deg 816 rat.roots [] ok 41.6s
10 [6, 9, 10] mid 10 deg 816 rat.roots [] ok 42.0s
10 [7, 8, 10] mid 7 deg 832 rat.roots [] ok 42.5s
10 [7, 8, 10] mid 8 deg 832 rat.roots [] ok 43.0s
10 [7, 8, 10] mid 10 deg 832 rat.roots [] ok 43.5s
10 [7, 9, 10] mid 7 deg 912 rat.roots [] ok 44.1s
10 [7, 9, 10] mid 9 deg 912 rat.roots [] ok 44.7s
10 [7, 9, 10] mid 10 deg 912 rat.roots [] ok 45.3s
10 [8, 9, 10] mid 8 deg 960 rat.roots [] ok 46.0s
10 [8, 9, 10] mid 9 deg 960 rat.roots [] ok 46.7s
10 [8, 9, 10] mid 10 deg 960 rat.roots [] ok 47.4s
всего шаблонов: 360 контрпримеров: 0
